[0.013s][info][gc] Using G1
[7.236s][info][gc] GC(0) Pause Young (Normal) (G1 Evacuation Pause) 4M->2M(12M) 2.856ms
[7.258s][info][gc] GC(1) Pause Young (Normal) (G1 Evacuation Pause) 3M->2M(12M) 2.398ms
[7.268s][info][gc] GC(2) Pause Young (Normal) (G1 Evacuation Pause) 3M->2M(12M) 0.824ms
[7.315s][info][gc] GC(3) Pause Young (Normal) (G1 Evacuation Pause) 4M->3M(12M) 1.250ms
[7.357s][info][gc] GC(4) Pause Young (Normal) (G1 Evacuation Pause) 5M->3M(12M) 1.894ms
[7.378s][info][gc] GC(5) Pause Young (Normal) (G1 Evacuation Pause) 5M->4M(12M) 2.085ms
[7.392s][info][gc] GC(6) Pause Young (Normal) (G1 Evacuation Pause) 5M->4M(12M) 1.634ms
[7.399s][info][gc] GC(7) Pause Young (Concurrent Start) (G1 Evacuation Pause) 5M->5M(12M) 1.533ms
[7.400s][info][gc] GC(8) Concurrent Mark Cycle
[7.411s][info][gc] GC(8) Pause Remark 6M->6M(12M) 1.567ms
[7.413s][info][gc] GC(9) Pause Young (Normal) (G1 Evacuation Pause) 6M->4M(12M) 0.791ms
[7.415s][info][gc] GC(8) Pause Cleanup 4M->4M(12M) 0.045ms
[7.415s][info][gc] GC(8) Concurrent Mark Cycle 15.520ms
[7.518s][info][gc] GC(10) Pause Young (Prepare Mixed) (G1 Evacuation Pause) 5M->4M(12M) 1.234ms
[7.568s][info][gc] GC(11) Pause Young (Mixed) (G1 Evacuation Pause) 5M->4M(12M) 2.380ms
[7.608s][info][gc] GC(12) Pause Young (Concurrent Start) (G1 Evacuation Pause) 5M->5M(12M) 1.830ms
[7.608s][info][gc] GC(13) Concurrent Mark Cycle
[7.615s][info][gc] GC(13) Pause Remark 5M->5M(12M) 1.261ms
[7.618s][info][gc] GC(13) Pause Cleanup 5M->5M(12M) 0.046ms
[7.619s][info][gc] GC(13) Concurrent Mark Cycle 10.596ms
[7.859s][info][gc] GC(14) Pause Young (Prepare Mixed) (G1 Evacuation Pause) 6M->5M(12M) 1.695ms
[7.892s][info][gc] GC(15) Pause Young (Mixed) (G1 Evacuation Pause) 6M->4M(12M) 2.160ms
[7.919s][info][gc] GC(16) Pause Young (Concurrent Start) (G1 Evacuation Pause) 5M->5M(12M) 1.521ms
[7.919s][info][gc] GC(17) Concurrent Mark Cycle
[7.929s][info][gc] GC(17) Pause Remark 5M->5M(12M) 1.427ms
[7.932s][info][gc] GC(17) Pause Cleanup 5M->5M(12M) 0.023ms
[7.932s][info][gc] GC(17) Concurrent Mark Cycle 13.008ms
[8.952s][info][gc] GC(18) Pause Young (Normal) (G1 Evacuation Pause) 6M->5M(12M) 1.359ms
[13.958s][info][gc] GC(19) Pause Young (Concurrent Start) (G1 Evacuation Pause) 6M->5M(12M) 1.427ms
[13.958s][info][gc] GC(20) Concurrent Mark Cycle
[13.970s][info][gc] GC(20) Pause Remark 5M->5M(12M) 3.220ms
[13.973s][info][gc] GC(20) Pause Cleanup 5M->5M(12M) 0.024ms
[13.974s][info][gc] GC(20) Concurrent Mark Cycle 15.768ms
[19.963s][info][gc] GC(21) Pause Young (Prepare Mixed) (G1 Evacuation Pause) 6M->5M(12M) 1.206ms
[28.077s][info][gc] GC(22) Pause Young (Mixed) (G1 Evacuation Pause) 6M->4M(12M) 4.325ms
[35.166s][info][gc] GC(23) Pause Young (Concurrent Start) (G1 Humongous Allocation) 5M->4M(12M) 1.277ms
[35.166s][info][gc] GC(24) Concurrent Mark Cycle
[35.182s][info][gc] GC(24) Pause Remark 5M->5M(12M) 5.638ms
[35.185s][info][gc] GC(24) Pause Cleanup 5M->5M(12M) 0.028ms
[35.185s][info][gc] GC(24) Concurrent Mark Cycle 18.591ms
[53.450s][info][gc] GC(25) Pause Young (Normal) (G1 Evacuation Pause) 7M->5M(12M) 1.533ms
[54.577s][info][gc] GC(26) Pause Young (Concurrent Start) (G1 Humongous Allocation) 5M->5M(12M) 1.843ms
[54.577s][info][gc] GC(27) Concurrent Mark Cycle
[54.582s][info][gc] GC(28) Pause Young (Normal) (G1 Evacuation Pause) 7M->6M(12M) 1.281ms
[54.585s][info][gc] GC(29) Pause Young (Normal) (G1 Evacuation Pause) 7M->6M(12M) 1.175ms
[54.590s][info][gc] GC(27) Pause Remark 6M->6M(12M) 2.998ms
[54.594s][info][gc] GC(27) Pause Cleanup 7M->7M(12M) 0.022ms
[54.594s][info][gc] GC(27) Concurrent Mark Cycle 17.483ms
[54.598s][info][gc] GC(30) Pause Young (Normal) (G1 Evacuation Pause) 7M->6M(12M) 1.532ms
[54.608s][info][gc] GC(31) Pause Young (Concurrent Start) (G1 Evacuation Pause) 7M->6M(12M) 1.299ms
[54.608s][info][gc] GC(32) Concurrent Mark Cycle
[54.615s][info][gc] GC(33) Pause Young (Normal) (G1 Evacuation Pause) 7M->6M(12M) 1.282ms
[54.618s][info][gc] GC(34) Pause Young (Normal) (G1 Evacuation Pause) 7M->6M(12M) 1.157ms
[54.620s][info][gc] GC(32) Pause Remark 7M->7M(12M) 1.975ms
[54.623s][info][gc] GC(35) Pause Young (Normal) (G1 Evacuation Pause) 7M->6M(12M) 1.370ms
[54.626s][info][gc] GC(36) Pause Young (Normal) (G1 Evacuation Pause) 7M->6M(12M) 1.027ms
[54.626s][info][gc] GC(32) Pause Cleanup 7M->7M(12M) 0.031ms
[54.626s][info][gc] GC(32) Concurrent Mark Cycle 18.194ms
[54.628s][info][gc] GC(37) Pause Young (Normal) (G1 Evacuation Pause) 7M->7M(12M) 1.004ms
[54.630s][info][gc] GC(38) Pause Young (Concurrent Start) (G1 Evacuation Pause) 8M->7M(12M) 0.906ms
[54.630s][info][gc] GC(39) Concurrent Mark Cycle
[54.632s][info][gc] GC(40) Pause Young (Normal) (G1 Evacuation Pause) 8M->7M(12M) 0.632ms
[54.634s][info][gc] GC(41) Pause Young (Normal) (G1 Evacuation Pause) 8M->7M(12M) 0.609ms
[54.636s][info][gc] GC(42) Pause Young (Normal) (G1 Evacuation Pause) 8M->7M(12M) 0.489ms
[54.638s][info][gc] GC(43) Pause Young (Normal) (G1 Evacuation Pause) 8M->7M(12M) 0.508ms
[54.640s][info][gc] GC(44) Pause Young (Normal) (G1 Evacuation Pause) 8M->7M(12M) 0.617ms
[54.645s][info][gc] GC(39) Pause Remark 8M->8M(12M) 3.288ms
[54.646s][info][gc] GC(45) Pause Young (Normal) (G1 Preventive Collection) 8M->7M(12M) 0.382ms
[54.648s][info][gc] GC(46) Pause Young (Normal) (G1 Preventive Collection) 8M->7M(12M) 0.336ms
[54.649s][info][gc] GC(47) Pause Young (Normal) (G1 Preventive Collection) 8M->7M(12M) 0.472ms
[54.650s][info][gc] GC(39) Pause Cleanup 7M->7M(12M) 0.027ms
[54.650s][info][gc] GC(39) Concurrent Mark Cycle 19.497ms
[54.651s][info][gc] GC(48) Pause Young (Normal) (G1 Preventive Collection) 8M->7M(12M) 0.402ms
[54.653s][info][gc] GC(49) Pause Young (Concurrent Start) (G1 Preventive Collection) 8M->7M(12M) 0.729ms
[54.653s][info][gc] GC(50) Concurrent Mark Cycle
[54.655s][info][gc] GC(51) Pause Young (Normal) (G1 Preventive Collection) 8M->7M(12M) 0.477ms
[54.657s][info][gc] GC(52) Pause Young (Normal) (G1 Preventive Collection) 8M->7M(12M) 0.362ms
[54.659s][info][gc] GC(53) Pause Young (Normal) (G1 Preventive Collection) 8M->7M(12M) 0.462ms
[54.661s][info][gc] GC(54) Pause Young (Normal) (G1 Preventive Collection) 8M->7M(12M) 0.396ms
[54.662s][info][gc] GC(55) Pause Young (Normal) (G1 Preventive Collection) 8M->7M(12M) 0.461ms
[54.664s][info][gc] GC(56) Pause Young (Normal) (G1 Preventive Collection) 8M->7M(12M) 0.362ms
[54.667s][info][gc] GC(50) Pause Remark 8M->8M(12M) 2.889ms
[54.670s][info][gc] GC(57) Pause Young (Normal) (G1 Preventive Collection) 8M->7M(12M) 0.512ms
[54.672s][info][gc] GC(50) Pause Cleanup 8M->8M(12M) 0.043ms
[54.672s][info][gc] GC(50) Concurrent Mark Cycle 18.208ms
[54.672s][info][gc] GC(58) Pause Young (Prepare Mixed) (G1 Preventive Collection) 8M->6M(12M) 0.451ms
[64.661s][info][gc] GC(59) Pause Young (Mixed) (G1 Evacuation Pause) 7M->6M(12M) 2.590ms
[73.874s][info][gc] GC(60) Pause Young (Concurrent Start) (G1 Evacuation Pause) 7M->6M(12M) 0.771ms
[73.874s][info][gc] GC(61) Concurrent Mark Cycle
[73.885s][info][gc] GC(61) Pause Remark 6M->6M(12M) 3.127ms
[73.889s][info][gc] GC(61) Pause Cleanup 6M->6M(12M) 0.047ms
[73.889s][info][gc] GC(61) Concurrent Mark Cycle 15.425ms
[82.355s][info][gc] GC(62) Pause Young (Prepare Mixed) (G1 Preventive Collection) 8M->7M(12M) 0.530ms
[92.978s][info][gc] GC(63) Pause Young (Mixed) (G1 Preventive Collection) 8M->6M(12M) 1.674ms
[103.497s][info][gc] GC(64) Pause Young (Concurrent Start) (G1 Evacuation Pause) 7M->6M(12M) 0.821ms
[103.498s][info][gc] GC(65) Concurrent Mark Cycle
[103.507s][info][gc] GC(65) Pause Remark 6M->6M(12M) 2.812ms
[103.511s][info][gc] GC(65) Pause Cleanup 6M->6M(12M) 0.036ms
[103.511s][info][gc] GC(65) Concurrent Mark Cycle 13.301ms
[112.895s][info][gc] GC(66) Pause Young (Normal) (G1 Evacuation Pause) 7M->6M(12M) 0.796ms
[123.342s][info][gc] GC(67) Pause Young (Concurrent Start) (G1 Evacuation Pause) 7M->6M(12M) 0.808ms
[123.342s][info][gc] GC(68) Concurrent Mark Cycle
[123.353s][info][gc] GC(68) Pause Remark 6M->6M(12M) 3.525ms
[123.358s][info][gc] GC(68) Pause Cleanup 6M->6M(12M) 0.031ms
[123.358s][info][gc] GC(68) Concurrent Mark Cycle 16.230ms
[128.973s][info][gc] GC(69) Pause Young (Normal) (G1 Evacuation Pause) 7M->6M(12M) 0.865ms
[139.510s][info][gc] GC(70) Pause Young (Concurrent Start) (G1 Evacuation Pause) 7M->6M(12M) 0.856ms
[139.510s][info][gc] GC(71) Concurrent Mark Cycle
[139.520s][info][gc] GC(71) Pause Remark 6M->6M(12M) 1.977ms
[139.523s][info][gc] GC(71) Pause Cleanup 6M->6M(12M) 0.056ms
[139.523s][info][gc] GC(71) Concurrent Mark Cycle 13.014ms
[148.669s][info][gc] GC(72) Pause Young (Normal) (G1 Evacuation Pause) 7M->6M(12M) 0.828ms
[159.252s][info][gc] GC(73) Pause Young (Concurrent Start) (G1 Evacuation Pause) 7M->6M(12M) 0.811ms
[159.252s][info][gc] GC(74) Concurrent Mark Cycle
[159.262s][info][gc] GC(74) Pause Remark 6M->6M(12M) 2.237ms
[159.266s][info][gc] GC(74) Pause Cleanup 6M->6M(12M) 0.020ms
[159.266s][info][gc] GC(74) Concurrent Mark Cycle 13.626ms
[169.736s][info][gc] GC(75) Pause Young (Normal) (G1 Evacuation Pause) 7M->6M(12M) 0.748ms
[180.831s][info][gc] GC(76) Pause Young (Concurrent Start) (G1 Evacuation Pause) 7M->6M(12M) 0.860ms
[180.831s][info][gc] GC(77) Concurrent Mark Cycle
[180.841s][info][gc] GC(77) Pause Remark 6M->6M(12M) 2.103ms
[180.844s][info][gc] GC(77) Pause Cleanup 6M->6M(12M) 0.023ms
[180.844s][info][gc] GC(77) Concurrent Mark Cycle 12.577ms
[191.355s][info][gc] GC(78) Pause Young (Normal) (G1 Evacuation Pause) 7M->5M(12M) 0.774ms
[199.086s][info][gc] GC(79) Pause Young (Concurrent Start) (G1 Humongous Allocation) 6M->5M(12M) 0.769ms
[199.086s][info][gc] GC(80) Concurrent Mark Cycle
[199.098s][info][gc] GC(80) Pause Remark 6M->6M(12M) 3.434ms
[199.102s][info][gc] GC(80) Pause Cleanup 6M->6M(12M) 0.040ms
[199.102s][info][gc] GC(80) Concurrent Mark Cycle 15.982ms
[209.407s][info][gc] GC(81) Pause Young (Normal) (G1 Evacuation Pause) 7M->6M(12M) 0.804ms
[220.002s][info][gc] GC(82) Pause Young (Concurrent Start) (G1 Evacuation Pause) 7M->5M(12M) 0.893ms
[220.002s][info][gc] GC(83) Concurrent Mark Cycle
[220.012s][info][gc] GC(83) Pause Remark 5M->5M(12M) 2.132ms
[220.016s][info][gc] GC(83) Pause Cleanup 5M->5M(12M) 0.030ms
[220.016s][info][gc] GC(83) Concurrent Mark Cycle 13.236ms
