[0.010s][info][gc] Using The Z Garbage Collector
[0.208s][info][gc] GC(0) Garbage Collection (Warmup) 2M(14%)->4M(29%)
[0.289s][info][gc] GC(1) Garbage Collection (Warmup) 4M(29%)->4M(29%)
[6.288s][info][gc] GC(2) Garbage Collection (Warmup) 6M(43%)->6M(43%)
[10.189s][info][gc] GC(3) Garbage Collection (Allocation Rate) 10M(71%)->12M(86%)
[10.218s][info][gc] Allocation Stall (main) 6.628ms
[10.218s][info][gc] GC(4) Garbage Collection (Allocation Stall) 14M(100%)->10M(71%)
[10.231s][info][gc] Allocation Stall (main) 5.929ms
[10.232s][info][gc] GC(5) Garbage Collection (Allocation Stall) 14M(100%)->12M(86%)
[10.243s][info][gc] Allocation Stall (main) 5.852ms
[10.244s][info][gc] GC(6) Garbage Collection (Allocation Stall) 14M(100%)->12M(86%)
[10.253s][info][gc] Allocation Stall (main) 5.558ms
[10.254s][info][gc] GC(7) Garbage Collection (Allocation Stall) 14M(100%)->12M(86%)
[10.264s][info][gc] Allocation Stall (main) 6.327ms
[10.265s][info][gc] GC(8) Garbage Collection (Allocation Stall) 14M(100%)->12M(86%)
[10.272s][info][gc] Allocation Stall (main) 5.421ms
[10.273s][info][gc] GC(9) Garbage Collection (Allocation Stall) 14M(100%)->14M(100%)
[10.280s][info][gc] Allocation Stall (main) 5.426ms
[10.281s][info][gc] GC(10) Garbage Collection (Allocation Stall) 14M(100%)->8M(57%)
[10.387s][info][gc] GC(11) Garbage Collection (Allocation Rate) 8M(57%)->6M(43%)
[10.487s][info][gc] GC(12) Garbage Collection (Allocation Rate) 6M(43%)->6M(43%)
[10.588s][info][gc] GC(13) Garbage Collection (Allocation Rate) 6M(43%)->6M(43%)
[10.684s][info][gc] GC(14) Garbage Collection (Allocation Rate) 6M(43%)->6M(43%)
[10.788s][info][gc] GC(15) Garbage Collection (Allocation Rate) 6M(43%)->6M(43%)
[10.885s][info][gc] GC(16) Garbage Collection (Allocation Rate) 6M(43%)->6M(43%)
[10.988s][info][gc] GC(17) Garbage Collection (Allocation Rate) 6M(43%)->6M(43%)
[11.084s][info][gc] GC(18) Garbage Collection (Allocation Rate) 6M(43%)->6M(43%)
[11.283s][info][gc] GC(19) Garbage Collection (Allocation Rate) 6M(43%)->6M(43%)
[11.388s][info][gc] GC(20) Garbage Collection (Allocation Rate) 6M(43%)->6M(43%)
[11.485s][info][gc] GC(21) Garbage Collection (Allocation Rate) 6M(43%)->6M(43%)
[11.584s][info][gc] GC(22) Garbage Collection (Allocation Rate) 6M(43%)->6M(43%)
[11.684s][info][gc] GC(23) Garbage Collection (Allocation Rate) 6M(43%)->6M(43%)
[11.788s][info][gc] GC(24) Garbage Collection (Allocation Rate) 6M(43%)->6M(43%)
[11.889s][info][gc] GC(25) Garbage Collection (Allocation Rate) 6M(43%)->6M(43%)
[11.988s][info][gc] GC(26) Garbage Collection (Allocation Rate) 6M(43%)->6M(43%)
[12.085s][info][gc] GC(27) Garbage Collection (Allocation Rate) 6M(43%)->6M(43%)
[12.285s][info][gc] GC(28) Garbage Collection (Allocation Rate) 10M(71%)->8M(57%)
[72.200s][info][gc] GC(29) Garbage Collection (Proactive) 10M(71%)->10M(71%)
[72.295s][info][gc] Relocation Stall (Attach Listener) 0.987ms
[72.295s][info][gc] Allocation Stall (Attach Listener) 17.186ms
[72.296s][info][gc] GC(30) Garbage Collection (Allocation Rate) 14M(100%)->10M(71%)
[72.397s][info][gc] Relocation Stall (Attach Listener) 1.462ms
[72.397s][info][gc] GC(31) Garbage Collection (Allocation Stall) 14M(100%)->10M(71%)
[72.398s][info][gc] Allocation Stall (Attach Listener) 15.143ms
[72.460s][info][gc] Relocation Stall (Attach Listener) 1.077ms
[72.460s][info][gc] GC(32) Garbage Collection (Allocation Stall) 14M(100%)->12M(86%)
[72.460s][info][gc] Allocation Stall (Attach Listener) 15.405ms
[72.496s][info][gc] GC(33) Garbage Collection (Allocation Rate) 12M(86%)->12M(86%)
[72.590s][info][gc] GC(34) Garbage Collection (Allocation Rate) 12M(86%)->12M(86%)
[72.695s][info][gc] Relocation Stall (Attach Listener) 0.594ms
[72.696s][info][gc] GC(35) Garbage Collection (Allocation Rate) 14M(100%)->14M(100%)
[72.696s][info][gc] Allocation Stall (JFR Periodic Tasks) 8.922ms
[72.696s][info][gc] Allocation Stall (Attach Listener) 14.384ms
[72.801s][info][gc] Relocation Stall (RMI TCP Connection(1)-127.0.0.1) 1.348ms
[72.801s][info][gc] GC(36) Garbage Collection (Allocation Stall) 14M(100%)->14M(100%)
[72.801s][info][gc] Allocation Stall (JFR Periodic Tasks) 13.090ms
[72.801s][info][gc] Allocation Stall (RMI TCP Connection(1)-127.0.0.1) 19.921ms
[72.902s][info][gc] Relocation Stall (RMI TCP Connection(1)-127.0.0.1) 2.076ms
[72.902s][info][gc] GC(37) Garbage Collection (Allocation Stall) 14M(100%)->14M(100%)
[72.903s][info][gc] Allocation Stall (JFR Periodic Tasks) 14.078ms
[72.903s][info][gc] Allocation Stall (RMI TCP Connection(1)-127.0.0.1) 20.987ms
[72.998s][info][gc] GC(38) Garbage Collection (Allocation Stall) 14M(100%)->14M(100%)
[72.998s][info][gc] Allocation Stall (JFR Periodic Tasks) 9.162ms
[73.097s][info][gc] Allocation Stall (JFR Periodic Tasks) 2.738ms
[73.097s][info][gc] GC(39) Garbage Collection (Allocation Stall) 14M(100%)->14M(100%)
[73.196s][info][gc] Allocation Stall (JFR Periodic Tasks) 8.071ms
[73.197s][info][gc] GC(40) Garbage Collection (Allocation Stall) 14M(100%)->14M(100%)
[73.293s][info][gc] Allocation Stall (JFR Periodic Tasks) 8.013ms
[73.293s][info][gc] GC(41) Garbage Collection (Allocation Stall) 14M(100%)->14M(100%)
[73.391s][info][gc] Allocation Stall (JFR Periodic Tasks) 9.969ms
[73.391s][info][gc] GC(42) Garbage Collection (Allocation Stall) 14M(100%)->14M(100%)
[73.493s][info][gc] Allocation Stall (JFR Periodic Tasks) 5.409ms
[73.493s][info][gc] GC(43) Garbage Collection (Allocation Stall) 14M(100%)->14M(100%)
[73.592s][info][gc] GC(44) Garbage Collection (Allocation Stall) 14M(100%)->14M(100%)
[73.593s][info][gc] Allocation Stall (JFR Periodic Tasks) 11.052ms
[73.693s][info][gc] Allocation Stall (JFR Periodic Tasks) 5.761ms
[73.693s][info][gc] GC(45) Garbage Collection (Allocation Stall) 14M(100%)->14M(100%)
[73.797s][info][gc] Allocation Stall (JFR Periodic Tasks) 5.720ms
[73.797s][info][gc] GC(46) Garbage Collection (Allocation Stall) 14M(100%)->14M(100%)
[73.894s][info][gc] Allocation Stall (JFR Periodic Tasks) 12.469ms
[73.894s][info][gc] GC(47) Garbage Collection (Allocation Stall) 14M(100%)->14M(100%)
[74.002s][info][gc] Allocation Stall (RMI TCP Connection(1)-127.0.0.1) 20.494ms
[74.003s][info][gc] GC(48) Garbage Collection (Allocation Stall) 14M(100%)->14M(100%)
[74.022s][info][gc] Allocation Stall (JFR Periodic Tasks) 28.309ms
[74.022s][info][gc] GC(49) Garbage Collection (Allocation Stall) 14M(100%)->14M(100%)
[74.037s][info][gc] Allocation Stall (RMI TCP Connection(1)-127.0.0.1) 32.448ms
[74.037s][info][gc] GC(50) Garbage Collection (Allocation Stall) 14M(100%)->14M(100%)
[74.053s][info][gc] Allocation Stall (JFR Periodic Tasks) 20.860ms
[74.054s][info][gc] GC(51) Garbage Collection (Allocation Stall) 14M(100%)->14M(100%)
[74.071s][info][gc] Allocation Stall (RMI TCP Connection(1)-127.0.0.1) 32.837ms
[74.071s][info][gc] GC(52) Garbage Collection (Allocation Stall) 14M(100%)->14M(100%)
[74.088s][info][gc] Allocation Stall (JFR Periodic Tasks) 22.951ms
[74.088s][info][gc] GC(53) Garbage Collection (Allocation Stall) 14M(100%)->14M(100%)
[74.103s][info][gc] Allocation Stall (RMI TCP Connection(1)-127.0.0.1) 32.139ms
[74.103s][info][gc] GC(54) Garbage Collection (Allocation Stall) 14M(100%)->14M(100%)
[74.119s][info][gc] Allocation Stall (JFR Periodic Tasks) 20.392ms
[74.119s][info][gc] GC(55) Garbage Collection (Allocation Stall) 14M(100%)->14M(100%)
[74.134s][info][gc] Allocation Stall (RMI TCP Connection(1)-127.0.0.1) 30.026ms
[74.134s][info][gc] GC(56) Garbage Collection (Allocation Stall) 14M(100%)->14M(100%)
[74.149s][info][gc] Allocation Stall (JFR Periodic Tasks) 19.876ms
[74.149s][info][gc] GC(57) Garbage Collection (Allocation Stall) 14M(100%)->14M(100%)
[74.164s][info][gc] Allocation Stall (RMI TCP Connection(1)-127.0.0.1) 30.347ms
[74.165s][info][gc] GC(58) Garbage Collection (Allocation Stall) 14M(100%)->14M(100%)
[74.180s][info][gc] Allocation Stall (JFR Periodic Tasks) 20.480ms
[74.180s][info][gc] GC(59) Garbage Collection (Allocation Stall) 14M(100%)->14M(100%)
[74.195s][info][gc] Allocation Stall (RMI TCP Connection(1)-127.0.0.1) 29.959ms
[74.195s][info][gc] GC(60) Garbage Collection (Allocation Stall) 14M(100%)->14M(100%)
[74.210s][info][gc] Allocation Stall (JFR Periodic Tasks) 19.912ms
[74.210s][info][gc] GC(61) Garbage Collection (Allocation Stall) 14M(100%)->14M(100%)
[74.225s][info][gc] Allocation Stall (RMI TCP Connection(1)-127.0.0.1) 29.571ms
[74.225s][info][gc] GC(62) Garbage Collection (Allocation Stall) 14M(100%)->14M(100%)
[74.239s][info][gc] Allocation Stall (JFR Periodic Tasks) 16.086ms
[74.239s][info][gc] GC(63) Garbage Collection (Allocation Stall) 14M(100%)->14M(100%)
[74.253s][info][gc] Allocation Stall (RMI TCP Connection(1)-127.0.0.1) 27.302ms
[74.253s][info][gc] GC(64) Garbage Collection (Allocation Stall) 14M(100%)->14M(100%)
[74.267s][info][gc] Allocation Stall (JFR Periodic Tasks) 15.017ms
[74.267s][info][gc] GC(65) Garbage Collection (Allocation Stall) 14M(100%)->14M(100%)
[74.281s][info][gc] Allocation Stall (RMI TCP Connection(1)-127.0.0.1) 27.721ms
[74.281s][info][gc] GC(66) Garbage Collection (Allocation Stall) 14M(100%)->14M(100%)
[74.302s][info][gc] Allocation Stall (JFR Periodic Tasks) 22.525ms
[74.302s][info][gc] GC(67) Garbage Collection (Allocation Stall) 14M(100%)->14M(100%)
[74.317s][info][gc] Allocation Stall (RMI TCP Connection(1)-127.0.0.1) 35.393ms
[74.330s][info][gc] GC(68) Garbage Collection (Allocation Stall) 14M(100%)->14M(100%)
[74.353s][info][gc] Allocation Stall (JFR Periodic Tasks) 39.913ms
[74.353s][info][gc] GC(69) Garbage Collection (Allocation Stall) 14M(100%)->14M(100%)
[74.374s][info][gc] Allocation Stall (RMI TCP Connection(1)-127.0.0.1) 37.720ms
[74.380s][info][gc] GC(70) Garbage Collection (Allocation Stall) 14M(100%)->14M(100%)
[74.398s][info][gc] Allocation Stall (JFR Periodic Tasks) 33.941ms
[74.398s][info][gc] GC(71) Garbage Collection (Allocation Stall) 14M(100%)->14M(100%)
[74.413s][info][gc] Allocation Stall (RMI TCP Connection(1)-127.0.0.1) 30.824ms
[74.413s][info][gc] GC(72) Garbage Collection (Allocation Stall) 14M(100%)->14M(100%)
[74.429s][info][gc] Allocation Stall (JFR Periodic Tasks) 20.667ms
[74.429s][info][gc] GC(73) Garbage Collection (Allocation Stall) 14M(100%)->14M(100%)
[74.445s][info][gc] Allocation Stall (RMI TCP Connection(1)-127.0.0.1) 31.113ms
[74.445s][info][gc] GC(74) Garbage Collection (Allocation Stall) 14M(100%)->14M(100%)
[74.461s][info][gc] Allocation Stall (JFR Periodic Tasks) 21.878ms
[74.461s][info][gc] GC(75) Garbage Collection (Allocation Stall) 14M(100%)->14M(100%)
[74.476s][info][gc] Allocation Stall (RMI TCP Connection(1)-127.0.0.1) 30.877ms
[74.476s][info][gc] GC(76) Garbage Collection (Allocation Stall) 14M(100%)->14M(100%)
[74.490s][info][gc] Allocation Stall (JFR Periodic Tasks) 18.547ms
[74.490s][info][gc] GC(77) Garbage Collection (Allocation Stall) 14M(100%)->14M(100%)
[74.503s][info][gc] Allocation Stall (RMI TCP Connection(1)-127.0.0.1) 26.111ms
[74.503s][info][gc] GC(78) Garbage Collection (Allocation Stall) 14M(100%)->14M(100%)
[74.516s][info][gc] Allocation Stall (JFR Periodic Tasks) 15.245ms
[74.516s][info][gc] GC(79) Garbage Collection (Allocation Stall) 14M(100%)->14M(100%)
[74.529s][info][gc] Allocation Stall (RMI TCP Connection(1)-127.0.0.1) 26.327ms
[74.530s][info][gc] GC(80) Garbage Collection (Allocation Stall) 14M(100%)->14M(100%)
[74.543s][info][gc] Allocation Stall (JFR Periodic Tasks) 15.004ms
[74.543s][info][gc] GC(81) Garbage Collection (Allocation Stall) 14M(100%)->14M(100%)
[74.556s][info][gc] Allocation Stall (RMI TCP Connection(1)-127.0.0.1) 25.824ms
[74.556s][info][gc] GC(82) Garbage Collection (Allocation Stall) 14M(100%)->14M(100%)
[74.569s][info][gc] Allocation Stall (JFR Periodic Tasks) 15.132ms
[74.569s][info][gc] GC(83) Garbage Collection (Allocation Stall) 14M(100%)->14M(100%)
[74.582s][info][gc] Allocation Stall (RMI TCP Connection(1)-127.0.0.1) 25.809ms
[74.582s][info][gc] GC(84) Garbage Collection (Allocation Stall) 14M(100%)->14M(100%)
[74.595s][info][gc] Allocation Stall (JFR Periodic Tasks) 14.766ms
[74.596s][info][gc] GC(85) Garbage Collection (Allocation Stall) 14M(100%)->14M(100%)
[74.609s][info][gc] Allocation Stall (RMI TCP Connection(1)-127.0.0.1) 25.798ms
[74.609s][info][gc] GC(86) Garbage Collection (Allocation Stall) 14M(100%)->14M(100%)
[74.622s][info][gc] Allocation Stall (JFR Periodic Tasks) 15.574ms
[74.622s][info][gc] GC(87) Garbage Collection (Allocation Stall) 14M(100%)->14M(100%)
[74.636s][info][gc] Allocation Stall (RMI TCP Connection(1)-127.0.0.1) 26.436ms
[74.636s][info][gc] GC(88) Garbage Collection (Allocation Stall) 14M(100%)->14M(100%)
[74.649s][info][gc] Allocation Stall (JFR Periodic Tasks) 15.114ms
[74.649s][info][gc] GC(89) Garbage Collection (Allocation Stall) 14M(100%)->14M(100%)
[74.662s][info][gc] Allocation Stall (RMI TCP Connection(1)-127.0.0.1) 26.184ms
[74.662s][info][gc] GC(90) Garbage Collection (Allocation Stall) 14M(100%)->14M(100%)
[74.676s][info][gc] Allocation Stall (JFR Periodic Tasks) 15.004ms
[74.676s][info][gc] GC(91) Garbage Collection (Allocation Stall) 14M(100%)->14M(100%)
[74.689s][info][gc] Allocation Stall (RMI TCP Connection(1)-127.0.0.1) 26.765ms
[74.690s][info][gc] GC(92) Garbage Collection (Allocation Stall) 14M(100%)->14M(100%)
[74.703s][info][gc] Allocation Stall (JFR Periodic Tasks) 16.442ms
[74.703s][info][gc] GC(93) Garbage Collection (Allocation Stall) 14M(100%)->14M(100%)
[74.718s][info][gc] Allocation Stall (RMI TCP Connection(1)-127.0.0.1) 27.654ms
[74.718s][info][gc] GC(94) Garbage Collection (Allocation Stall) 14M(100%)->14M(100%)
[74.732s][info][gc] Allocation Stall (JFR Periodic Tasks) 16.213ms
[74.732s][info][gc] GC(95) Garbage Collection (Allocation Stall) 14M(100%)->14M(100%)
[74.746s][info][gc] Allocation Stall (RMI TCP Connection(1)-127.0.0.1) 27.578ms
[74.746s][info][gc] GC(96) Garbage Collection (Allocation Stall) 14M(100%)->14M(100%)
[74.759s][info][gc] GC(97) Garbage Collection (Allocation Stall) 14M(100%)->14M(100%)
[74.759s][info][gc] Allocation Stall (JFR Periodic Tasks) 14.678ms
[74.774s][info][gc] Allocation Stall (RMI TCP Connection(1)-127.0.0.1) 28.057ms
[74.774s][info][gc] GC(98) Garbage Collection (Allocation Stall) 14M(100%)->14M(100%)
[74.790s][info][gc] Allocation Stall (JFR Periodic Tasks) 17.478ms
[74.790s][info][gc] GC(99) Garbage Collection (Allocation Stall) 14M(100%)->14M(100%)
[74.805s][info][gc] Allocation Stall (RMI TCP Connection(1)-127.0.0.1) 30.253ms
[74.805s][info][gc] GC(100) Garbage Collection (Allocation Stall) 14M(100%)->14M(100%)
[74.820s][info][gc] Allocation Stall (JFR Periodic Tasks) 20.305ms
[74.820s][info][gc] GC(101) Garbage Collection (Allocation Stall) 14M(100%)->14M(100%)
[74.836s][info][gc] Allocation Stall (RMI TCP Connection(1)-127.0.0.1) 30.313ms
[74.836s][info][gc] GC(102) Garbage Collection (Allocation Stall) 14M(100%)->14M(100%)
[74.851s][info][gc] Allocation Stall (JFR Periodic Tasks) 20.489ms
[74.851s][info][gc] GC(103) Garbage Collection (Allocation Stall) 14M(100%)->14M(100%)
[74.866s][info][gc] Allocation Stall (RMI TCP Connection(1)-127.0.0.1) 29.594ms
[74.866s][info][gc] GC(104) Garbage Collection (Allocation Stall) 14M(100%)->14M(100%)
[74.881s][info][gc] Allocation Stall (JFR Periodic Tasks) 18.160ms
[74.881s][info][gc] GC(105) Garbage Collection (Allocation Stall) 14M(100%)->14M(100%)
[74.896s][info][gc] Allocation Stall (RMI TCP Connection(1)-127.0.0.1) 29.930ms
[74.896s][info][gc] GC(106) Garbage Collection (Allocation Stall) 14M(100%)->14M(100%)
[74.911s][info][gc] Allocation Stall (JFR Periodic Tasks) 19.821ms
[74.911s][info][gc] GC(107) Garbage Collection (Allocation Stall) 14M(100%)->14M(100%)
[74.926s][info][gc] Allocation Stall (RMI TCP Connection(1)-127.0.0.1) 29.289ms
[74.926s][info][gc] GC(108) Garbage Collection (Allocation Stall) 14M(100%)->14M(100%)
[74.942s][info][gc] Allocation Stall (JFR Periodic Tasks) 19.832ms
[74.942s][info][gc] GC(109) Garbage Collection (Allocation Stall) 14M(100%)->14M(100%)
[74.957s][info][gc] Allocation Stall (RMI TCP Connection(1)-127.0.0.1) 30.239ms
[74.957s][info][gc] GC(110) Garbage Collection (Allocation Stall) 14M(100%)->14M(100%)
[74.972s][info][gc] Allocation Stall (JFR Periodic Tasks) 19.211ms
[74.972s][info][gc] GC(111) Garbage Collection (Allocation Stall) 14M(100%)->14M(100%)
[74.972s][info][gc] Allocation Stall (RMI TCP Connection(2)-127.0.0.1) 15.988ms
[74.987s][info][gc] GC(112) Garbage Collection (Allocation Stall) 14M(100%)->14M(100%)
[74.987s][info][gc] Allocation Stall (RMI TCP Connection(1)-127.0.0.1) 29.873ms
[75.002s][info][gc] GC(113) Garbage Collection (Allocation Stall) 14M(100%)->14M(100%)
[75.002s][info][gc] Allocation Stall (RMI TCP Connection(2)-127.0.0.1) 30.187ms
[75.002s][info][gc] Allocation Stall (JFR Periodic Tasks) 17.923ms
[75.017s][info][gc] Allocation Stall (RMI TCP Connection(1)-127.0.0.1) 30.082ms
[75.017s][info][gc] GC(114) Garbage Collection (Allocation Stall) 14M(100%)->14M(100%)
[75.033s][info][gc] GC(115) Garbage Collection (Allocation Stall) 14M(100%)->14M(100%)
[75.033s][info][gc] Allocation Stall (JFR Periodic Tasks) 20.057ms
[75.033s][info][gc] Allocation Stall (RMI TCP Connection(2)-127.0.0.1) 29.833ms
[75.049s][info][gc] GC(116) Garbage Collection (Allocation Stall) 14M(100%)->14M(100%)
[75.049s][info][gc] Allocation Stall (JFR Periodic Tasks) 15.781ms
[75.049s][info][gc] Out Of Memory (JFR Periodic Tasks)
[75.049s][info][gc] Allocation Stall (RMI TCP Connection(1)-127.0.0.1) 30.756ms
[75.064s][info][gc] Allocation Stall (RMI TCP Connection(2)-127.0.0.1) 31.059ms
[75.064s][info][gc] GC(117) Garbage Collection (Allocation Stall) 14M(100%)->14M(100%)
[75.080s][info][gc] Allocation Stall (JFR Periodic Tasks) 30.826ms
[75.080s][info][gc] GC(118) Garbage Collection (Allocation Stall) 14M(100%)->14M(100%)
[75.080s][info][gc] Allocation Stall (RMI TCP Connection(1)-127.0.0.1) 30.946ms
[75.095s][info][gc] GC(119) Garbage Collection (Allocation Stall) 14M(100%)->14M(100%)
[75.096s][info][gc] Allocation Stall (RMI TCP Connection(2)-127.0.0.1) 31.117ms
[75.111s][info][gc] Allocation Stall (JFR Periodic Tasks) 30.690ms
[75.111s][info][gc] GC(120) Garbage Collection (Allocation Stall) 14M(100%)->14M(100%)
[75.111s][info][gc] Allocation Stall (RMI TCP Connection(1)-127.0.0.1) 30.775ms
[75.128s][info][gc] GC(121) Garbage Collection (Allocation Stall) 14M(100%)->14M(100%)
[75.128s][info][gc] Allocation Stall (RMI TCP Connection(2)-127.0.0.1) 32.565ms
[75.145s][info][gc] GC(122) Garbage Collection (Allocation Stall) 14M(100%)->14M(100%)
[75.145s][info][gc] Allocation Stall (JFR Periodic Tasks) 33.445ms
[75.145s][info][gc] Allocation Stall (RMI TCP Connection(1)-127.0.0.1) 33.482ms
[75.160s][info][gc] GC(123) Garbage Collection (Allocation Stall) 14M(100%)->14M(100%)
[75.160s][info][gc] Allocation Stall (RMI TCP Connection(2)-127.0.0.1) 31.501ms
[75.160s][info][gc] Allocation Stall (JFR Periodic Tasks) 15.541ms
[75.160s][info][gc] Out Of Memory (JFR Periodic Tasks)
[75.176s][info][gc] GC(124) Garbage Collection (Allocation Stall) 14M(100%)->14M(100%)
[75.176s][info][gc] Allocation Stall (RMI TCP Connection(1)-127.0.0.1) 31.297ms
[75.192s][info][gc] GC(125) Garbage Collection (Allocation Stall) 14M(100%)->14M(100%)
[75.192s][info][gc] Allocation Stall (RMI TCP Connection(2)-127.0.0.1) 31.568ms
[75.208s][info][gc] GC(126) Garbage Collection (Allocation Stall) 14M(100%)->14M(100%)
[75.208s][info][gc] Allocation Stall (RMI TCP Connection(1)-127.0.0.1) 31.864ms
[75.224s][info][gc] GC(127) Garbage Collection (Allocation Stall) 14M(100%)->14M(100%)
[75.224s][info][gc] Allocation Stall (RMI TCP Connection(2)-127.0.0.1) 31.868ms
[75.240s][info][gc] Allocation Stall (RMI TCP Connection(1)-127.0.0.1) 31.715ms
[75.240s][info][gc] GC(128) Garbage Collection (Allocation Stall) 14M(100%)->14M(100%)
[75.261s][info][gc] Allocation Stall (RMI TCP Connection(2)-127.0.0.1) 36.083ms
[75.261s][info][gc] GC(129) Garbage Collection (Allocation Stall) 14M(100%)->14M(100%)
[75.276s][info][gc] GC(130) Garbage Collection (Allocation Stall) 14M(100%)->14M(100%)
[75.276s][info][gc] Allocation Stall (RMI TCP Connection(1)-127.0.0.1) 35.352ms
[75.294s][info][gc] Allocation Stall (RMI TCP Connection(2)-127.0.0.1) 32.446ms
[75.294s][info][gc] GC(131) Garbage Collection (Allocation Stall) 14M(100%)->14M(100%)
[75.313s][info][gc] Allocation Stall (RMI TCP Connection(1)-127.0.0.1) 36.764ms
[75.313s][info][gc] GC(132) Garbage Collection (Allocation Stall) 14M(100%)->14M(100%)
[75.332s][info][gc] GC(133) Garbage Collection (Allocation Stall) 14M(100%)->14M(100%)
[75.332s][info][gc] Allocation Stall (RMI TCP Connection(2)-127.0.0.1) 37.825ms
[75.348s][info][gc] GC(134) Garbage Collection (Allocation Stall) 14M(100%)->14M(100%)
[75.348s][info][gc] Allocation Stall (RMI TCP Connection(1)-127.0.0.1) 34.735ms
[75.366s][info][gc] Allocation Stall (RMI TCP Connection(2)-127.0.0.1) 33.759ms
[75.366s][info][gc] GC(135) Garbage Collection (Allocation Stall) 14M(100%)->14M(100%)
[75.382s][info][gc] Allocation Stall (RMI TCP Connection(1)-127.0.0.1) 31.566ms
[75.382s][info][gc] GC(136) Garbage Collection (Allocation Stall) 14M(100%)->14M(100%)
[75.400s][info][gc] GC(137) Garbage Collection (Allocation Stall) 14M(100%)->14M(100%)
[75.400s][info][gc] Allocation Stall (RMI TCP Connection(2)-127.0.0.1) 33.971ms
[75.417s][info][gc] Allocation Stall (RMI TCP Connection(1)-127.0.0.1) 34.230ms
[75.417s][info][gc] GC(138) Garbage Collection (Allocation Stall) 14M(100%)->14M(100%)
[75.434s][info][gc] GC(139) Garbage Collection (Allocation Stall) 14M(100%)->14M(100%)
[75.434s][info][gc] Allocation Stall (RMI TCP Connection(2)-127.0.0.1) 32.995ms
[75.450s][info][gc] Allocation Stall (RMI TCP Connection(1)-127.0.0.1) 32.626ms
[75.450s][info][gc] GC(140) Garbage Collection (Allocation Stall) 14M(100%)->14M(100%)
[75.466s][info][gc] Allocation Stall (RMI TCP Connection(2)-127.0.0.1) 32.410ms
[75.466s][info][gc] GC(141) Garbage Collection (Allocation Stall) 14M(100%)->14M(100%)
[75.482s][info][gc] GC(142) Garbage Collection (Allocation Stall) 14M(100%)->14M(100%)
[75.482s][info][gc] Allocation Stall (RMI TCP Connection(1)-127.0.0.1) 32.075ms
[75.499s][info][gc] GC(143) Garbage Collection (Allocation Stall) 14M(100%)->14M(100%)
[75.499s][info][gc] Allocation Stall (RMI TCP Connection(2)-127.0.0.1) 31.795ms
[75.514s][info][gc] Allocation Stall (RMI TCP Connection(1)-127.0.0.1) 31.402ms
[75.514s][info][gc] GC(144) Garbage Collection (Allocation Stall) 14M(100%)->14M(100%)
[75.530s][info][gc] GC(145) Garbage Collection (Allocation Stall) 14M(100%)->14M(100%)
[75.531s][info][gc] Allocation Stall (RMI TCP Connection(2)-127.0.0.1) 31.590ms
[75.546s][info][gc] GC(146) Garbage Collection (Allocation Stall) 14M(100%)->14M(100%)
[75.546s][info][gc] Allocation Stall (RMI TCP Connection(1)-127.0.0.1) 31.546ms
[75.562s][info][gc] GC(147) Garbage Collection (Allocation Stall) 14M(100%)->14M(100%)
[75.562s][info][gc] Allocation Stall (RMI TCP Connection(2)-127.0.0.1) 31.292ms
[75.578s][info][gc] Allocation Stall (RMI TCP Connection(1)-127.0.0.1) 31.139ms
[75.578s][info][gc] GC(148) Garbage Collection (Allocation Stall) 14M(100%)->14M(100%)
[75.593s][info][gc] Allocation Stall (RMI TCP Connection(2)-127.0.0.1) 30.225ms
[75.593s][info][gc] GC(149) Garbage Collection (Allocation Stall) 14M(100%)->14M(100%)
[75.608s][info][gc] GC(150) Garbage Collection (Allocation Stall) 14M(100%)->14M(100%)
[75.608s][info][gc] Allocation Stall (RMI TCP Connection(1)-127.0.0.1) 29.515ms
[75.622s][info][gc] GC(151) Garbage Collection (Allocation Stall) 14M(100%)->14M(100%)
[75.622s][info][gc] Allocation Stall (RMI TCP Connection(2)-127.0.0.1) 29.000ms
[75.637s][info][gc] Allocation Stall (RMI TCP Connection(1)-127.0.0.1) 29.423ms
[75.637s][info][gc] GC(152) Garbage Collection (Allocation Stall) 14M(100%)->14M(100%)
[75.654s][info][gc] GC(153) Garbage Collection (Allocation Stall) 14M(100%)->14M(100%)
[75.654s][info][gc] Allocation Stall (RMI TCP Connection(2)-127.0.0.1) 31.310ms
[75.669s][info][gc] Allocation Stall (RMI TCP Connection(1)-127.0.0.1) 31.016ms
[75.669s][info][gc] GC(154) Garbage Collection (Allocation Stall) 14M(100%)->14M(100%)
[75.685s][info][gc] GC(155) Garbage Collection (Allocation Stall) 14M(100%)->14M(100%)
[75.685s][info][gc] Allocation Stall (RMI TCP Connection(2)-127.0.0.1) 30.560ms
[75.700s][info][gc] Allocation Stall (RMI TCP Connection(1)-127.0.0.1) 30.378ms
[75.700s][info][gc] GC(156) Garbage Collection (Allocation Stall) 14M(100%)->14M(100%)
[75.715s][info][gc] GC(157) Garbage Collection (Allocation Stall) 14M(100%)->14M(100%)
[75.715s][info][gc] Allocation Stall (RMI TCP Connection(2)-127.0.0.1) 30.526ms
[75.731s][info][gc] GC(158) Garbage Collection (Allocation Stall) 14M(100%)->14M(100%)
[75.731s][info][gc] Allocation Stall (RMI TCP Connection(1)-127.0.0.1) 30.643ms
[75.747s][info][gc] GC(159) Garbage Collection (Allocation Stall) 14M(100%)->14M(100%)
[75.747s][info][gc] Allocation Stall (RMI TCP Connection(2)-127.0.0.1) 31.092ms
[75.763s][info][gc] GC(160) Garbage Collection (Allocation Stall) 14M(100%)->14M(100%)
[75.763s][info][gc] Allocation Stall (RMI TCP Connection(1)-127.0.0.1) 31.373ms
[75.778s][info][gc] GC(161) Garbage Collection (Allocation Stall) 14M(100%)->14M(100%)
[75.778s][info][gc] Allocation Stall (RMI TCP Connection(2)-127.0.0.1) 31.162ms
[75.794s][info][gc] GC(162) Garbage Collection (Allocation Stall) 14M(100%)->14M(100%)
[75.794s][info][gc] Allocation Stall (RMI TCP Connection(1)-127.0.0.1) 31.158ms
[75.809s][info][gc] GC(163) Garbage Collection (Allocation Stall) 14M(100%)->14M(100%)
[75.809s][info][gc] Allocation Stall (RMI TCP Connection(2)-127.0.0.1) 30.744ms
[75.825s][info][gc] GC(164) Garbage Collection (Allocation Stall) 14M(100%)->14M(100%)
[75.825s][info][gc] Allocation Stall (RMI TCP Connection(1)-127.0.0.1) 30.599ms
[75.840s][info][gc] GC(165) Garbage Collection (Allocation Stall) 14M(100%)->14M(100%)
[75.840s][info][gc] Allocation Stall (RMI TCP Connection(2)-127.0.0.1) 30.660ms
[75.856s][info][gc] GC(166) Garbage Collection (Allocation Stall) 14M(100%)->14M(100%)
[75.856s][info][gc] Allocation Stall (RMI TCP Connection(1)-127.0.0.1) 30.748ms
[75.871s][info][gc] GC(167) Garbage Collection (Allocation Stall) 14M(100%)->14M(100%)
[75.871s][info][gc] Allocation Stall (RMI TCP Connection(2)-127.0.0.1) 30.378ms
[75.887s][info][gc] GC(168) Garbage Collection (Allocation Stall) 14M(100%)->14M(100%)
[75.887s][info][gc] Allocation Stall (RMI TCP Connection(1)-127.0.0.1) 30.413ms
[75.902s][info][gc] GC(169) Garbage Collection (Allocation Stall) 14M(100%)->14M(100%)
[75.902s][info][gc] Allocation Stall (RMI TCP Connection(2)-127.0.0.1) 30.366ms
[75.917s][info][gc] Allocation Stall (RMI TCP Connection(1)-127.0.0.1) 30.043ms
[75.917s][info][gc] GC(170) Garbage Collection (Allocation Stall) 14M(100%)->14M(100%)
[75.933s][info][gc] GC(171) Garbage Collection (Allocation Stall) 14M(100%)->14M(100%)
[75.933s][info][gc] Allocation Stall (RMI TCP Connection(2)-127.0.0.1) 30.544ms
[75.948s][info][gc] GC(172) Garbage Collection (Allocation Stall) 14M(100%)->14M(100%)
[75.948s][info][gc] Allocation Stall (RMI TCP Connection(1)-127.0.0.1) 30.629ms
[75.964s][info][gc] Allocation Stall (RMI TCP Connection(2)-127.0.0.1) 30.423ms
[75.964s][info][gc] GC(173) Garbage Collection (Allocation Stall) 14M(100%)->14M(100%)
[75.979s][info][gc] Allocation Stall (RMI TCP Connection(1)-127.0.0.1) 30.784ms
[75.979s][info][gc] GC(174) Garbage Collection (Allocation Stall) 14M(100%)->14M(100%)
[75.995s][info][gc] Allocation Stall (RMI TCP Connection(2)-127.0.0.1) 30.750ms
[75.995s][info][gc] GC(175) Garbage Collection (Allocation Stall) 14M(100%)->14M(100%)
[76.010s][info][gc] GC(176) Garbage Collection (Allocation Stall) 14M(100%)->14M(100%)
[76.010s][info][gc] Allocation Stall (RMI TCP Connection(1)-127.0.0.1) 30.854ms
[76.026s][info][gc] GC(177) Garbage Collection (Allocation Stall) 14M(100%)->14M(100%)
[76.026s][info][gc] Allocation Stall (RMI TCP Connection(2)-127.0.0.1) 30.847ms
[76.041s][info][gc] Allocation Stall (RMI TCP Connection(1)-127.0.0.1) 30.348ms
[76.041s][info][gc] GC(178) Garbage Collection (Allocation Stall) 14M(100%)->14M(100%)
[76.057s][info][gc] GC(179) Garbage Collection (Allocation Stall) 14M(100%)->14M(100%)
[76.057s][info][gc] Allocation Stall (RMI TCP Connection(2)-127.0.0.1) 30.648ms
[76.072s][info][gc] GC(180) Garbage Collection (Allocation Stall) 14M(100%)->14M(100%)
[76.073s][info][gc] Allocation Stall (RMI TCP Connection(1)-127.0.0.1) 30.924ms
[76.089s][info][gc] Allocation Stall (RMI TCP Connection(2)-127.0.0.1) 32.314ms
[76.089s][info][gc] GC(181) Garbage Collection (Allocation Stall) 14M(100%)->14M(100%)
[76.111s][info][gc] GC(182) Garbage Collection (Allocation Stall) 14M(100%)->14M(100%)
[76.111s][info][gc] Allocation Stall (RMI TCP Connection(1)-127.0.0.1) 38.624ms
[76.127s][info][gc] GC(183) Garbage Collection (Allocation Stall) 14M(100%)->14M(100%)
[76.127s][info][gc] Allocation Stall (RMI TCP Connection(2)-127.0.0.1) 33.319ms
[76.149s][info][gc] Allocation Stall (RMI TCP Connection(1)-127.0.0.1) 37.511ms
[76.149s][info][gc] GC(184) Garbage Collection (Allocation Stall) 14M(100%)->14M(100%)
[76.166s][info][gc] Allocation Stall (RMI TCP Connection(2)-127.0.0.1) 38.750ms
[76.166s][info][gc] GC(185) Garbage Collection (Allocation Stall) 14M(100%)->14M(100%)
[76.182s][info][gc] Allocation Stall (RMI TCP Connection(1)-127.0.0.1) 32.279ms
[76.182s][info][gc] GC(186) Garbage Collection (Allocation Stall) 14M(100%)->14M(100%)
[76.197s][info][gc] GC(187) Garbage Collection (Allocation Stall) 14M(100%)->14M(100%)
[76.197s][info][gc] Allocation Stall (RMI TCP Connection(2)-127.0.0.1) 30.870ms
[76.213s][info][gc] Allocation Stall (RMI TCP Connection(1)-127.0.0.1) 31.171ms
[76.213s][info][gc] GC(188) Garbage Collection (Allocation Stall) 14M(100%)->14M(100%)
[76.229s][info][gc] Allocation Stall (RMI TCP Connection(2)-127.0.0.1) 30.873ms
[76.229s][info][gc] GC(189) Garbage Collection (Allocation Stall) 14M(100%)->14M(100%)
[76.244s][info][gc] Allocation Stall (RMI TCP Connection(1)-127.0.0.1) 30.156ms
[76.244s][info][gc] GC(190) Garbage Collection (Allocation Stall) 14M(100%)->14M(100%)
[76.260s][info][gc] GC(191) Garbage Collection (Allocation Stall) 14M(100%)->14M(100%)
[76.260s][info][gc] Allocation Stall (RMI TCP Connection(2)-127.0.0.1) 30.826ms
[76.275s][info][gc] GC(192) Garbage Collection (Allocation Stall) 14M(100%)->14M(100%)
[76.275s][info][gc] Allocation Stall (RMI TCP Connection(1)-127.0.0.1) 30.854ms
[76.291s][info][gc] Allocation Stall (RMI TCP Connection(2)-127.0.0.1) 30.377ms
[76.291s][info][gc] GC(193) Garbage Collection (Allocation Stall) 14M(100%)->14M(100%)
[76.311s][info][gc] Allocation Stall (RMI TCP Connection(1)-127.0.0.1) 35.852ms
[76.312s][info][gc] GC(194) Garbage Collection (Allocation Stall) 14M(100%)->14M(100%)
[76.327s][info][gc] GC(195) Garbage Collection (Allocation Stall) 14M(100%)->14M(100%)
[76.327s][info][gc] Allocation Stall (RMI TCP Connection(2)-127.0.0.1) 36.245ms
[76.327s][info][gc] Allocation Stall (JMX server connection timeout 22) 36.177ms
[76.350s][info][gc] Allocation Stall (RMI TCP Connection(1)-127.0.0.1) 38.571ms
[76.351s][info][gc] GC(196) Garbage Collection (Allocation Stall) 14M(100%)->14M(100%)
[76.373s][info][gc] GC(197) Garbage Collection (Allocation Stall) 14M(100%)->14M(100%)
[76.373s][info][gc] Allocation Stall (RMI TCP Connection(2)-127.0.0.1) 45.621ms
[76.373s][info][gc] Allocation Stall (JMX server connection timeout 22) 45.760ms
[76.390s][info][gc] GC(198) Garbage Collection (Allocation Stall) 14M(100%)->14M(100%)
[76.390s][info][gc] Allocation Stall (RMI TCP Connection(1)-127.0.0.1) 38.568ms
[76.409s][info][gc] Allocation Stall (RMI TCP Connection(2)-127.0.0.1) 34.188ms
[76.409s][info][gc] GC(199) Garbage Collection (Allocation Stall) 14M(100%)->14M(100%)
[76.424s][info][gc] GC(200) Garbage Collection (Allocation Stall) 14M(100%)->14M(100%)
[76.424s][info][gc] Allocation Stall (RMI TCP Connection(1)-127.0.0.1) 31.848ms
[76.439s][info][gc] Allocation Stall (RMI TCP Connection(2)-127.0.0.1) 30.077ms
[76.439s][info][gc] GC(201) Garbage Collection (Allocation Stall) 14M(100%)->14M(100%)
[76.455s][info][gc] Allocation Stall (RMI TCP Connection(1)-127.0.0.1) 30.115ms
[76.455s][info][gc] GC(202) Garbage Collection (Allocation Stall) 14M(100%)->14M(100%)
[76.469s][info][gc] Allocation Stall (RMI TCP Connection(2)-127.0.0.1) 29.723ms
[76.470s][info][gc] GC(203) Garbage Collection (Allocation Stall) 14M(100%)->14M(100%)
[76.484s][info][gc] GC(204) Garbage Collection (Allocation Stall) 14M(100%)->14M(100%)
[76.484s][info][gc] Allocation Stall (RMI TCP Connection(1)-127.0.0.1) 29.237ms
[76.499s][info][gc] Allocation Stall (RMI TCP Connection(2)-127.0.0.1) 28.929ms
[76.499s][info][gc] GC(205) Garbage Collection (Allocation Stall) 14M(100%)->14M(100%)
[76.513s][info][gc] GC(206) Garbage Collection (Allocation Stall) 14M(100%)->14M(100%)
[76.513s][info][gc] Allocation Stall (RMI TCP Connection(1)-127.0.0.1) 28.793ms
[76.528s][info][gc] Allocation Stall (RMI TCP Connection(2)-127.0.0.1) 28.872ms
[76.528s][info][gc] GC(207) Garbage Collection (Allocation Stall) 14M(100%)->14M(100%)
[76.544s][info][gc] Allocation Stall (RMI TCP Connection(1)-127.0.0.1) 30.568ms
[76.544s][info][gc] GC(208) Garbage Collection (Allocation Stall) 14M(100%)->14M(100%)
[76.559s][info][gc] Allocation Stall (RMI TCP Connection(2)-127.0.0.1) 30.133ms
[76.559s][info][gc] GC(209) Garbage Collection (Allocation Stall) 14M(100%)->14M(100%)
[76.573s][info][gc] GC(210) Garbage Collection (Allocation Stall) 14M(100%)->14M(100%)
[76.573s][info][gc] Allocation Stall (RMI TCP Connection(1)-127.0.0.1) 28.646ms
[76.587s][info][gc] GC(211) Garbage Collection (Allocation Stall) 14M(100%)->14M(100%)
[76.587s][info][gc] Allocation Stall (RMI TCP Connection(2)-127.0.0.1) 28.204ms
[76.601s][info][gc] Allocation Stall (RMI TCP Connection(1)-127.0.0.1) 27.840ms
[76.601s][info][gc] GC(212) Garbage Collection (Allocation Stall) 14M(100%)->14M(100%)
[76.615s][info][gc] Allocation Stall (RMI TCP Connection(2)-127.0.0.1) 27.655ms
[76.615s][info][gc] GC(213) Garbage Collection (Allocation Stall) 14M(100%)->14M(100%)
[76.629s][info][gc] Allocation Stall (RMI TCP Connection(1)-127.0.0.1) 27.627ms
[76.629s][info][gc] GC(214) Garbage Collection (Allocation Stall) 14M(100%)->14M(100%)
[76.644s][info][gc] Allocation Stall (RMI TCP Connection(2)-127.0.0.1) 28.972ms
[76.644s][info][gc] GC(215) Garbage Collection (Allocation Stall) 14M(100%)->14M(100%)
[76.659s][info][gc] Allocation Stall (RMI TCP Connection(1)-127.0.0.1) 29.244ms
[76.659s][info][gc] GC(216) Garbage Collection (Allocation Stall) 14M(100%)->14M(100%)
[76.673s][info][gc] GC(217) Garbage Collection (Allocation Stall) 14M(100%)->14M(100%)
[76.673s][info][gc] Allocation Stall (RMI TCP Connection(2)-127.0.0.1) 28.800ms
[76.688s][info][gc] Allocation Stall (RMI TCP Connection(1)-127.0.0.1) 28.516ms
[76.688s][info][gc] GC(218) Garbage Collection (Allocation Stall) 14M(100%)->14M(100%)
[76.703s][info][gc] GC(219) Garbage Collection (Allocation Stall) 14M(100%)->14M(100%)
[76.703s][info][gc] Allocation Stall (RMI TCP Connection(2)-127.0.0.1) 29.042ms
[76.718s][info][gc] GC(220) Garbage Collection (Allocation Stall) 14M(100%)->14M(100%)
[76.718s][info][gc] Allocation Stall (RMI TCP Connection(1)-127.0.0.1) 29.542ms
[76.733s][info][gc] Allocation Stall (RMI TCP Connection(2)-127.0.0.1) 29.588ms
[76.733s][info][gc] GC(221) Garbage Collection (Allocation Stall) 14M(100%)->14M(100%)
[76.751s][info][gc] GC(222) Garbage Collection (Allocation Stall) 14M(100%)->14M(100%)
[76.751s][info][gc] Allocation Stall (RMI TCP Connection(1)-127.0.0.1) 33.006ms
[76.766s][info][gc] GC(223) Garbage Collection (Allocation Stall) 14M(100%)->14M(100%)
[76.766s][info][gc] Allocation Stall (RMI TCP Connection(2)-127.0.0.1) 31.408ms
[76.781s][info][gc] GC(224) Garbage Collection (Allocation Stall) 14M(100%)->14M(100%)
[76.781s][info][gc] Allocation Stall (RMI TCP Connection(1)-127.0.0.1) 29.528ms
[76.795s][info][gc] GC(225) Garbage Collection (Allocation Stall) 14M(100%)->14M(100%)
[76.795s][info][gc] Allocation Stall (RMI TCP Connection(2)-127.0.0.1) 28.979ms
[76.810s][info][gc] Allocation Stall (RMI TCP Connection(1)-127.0.0.1) 28.802ms
[76.810s][info][gc] GC(226) Garbage Collection (Allocation Stall) 14M(100%)->14M(100%)
[76.825s][info][gc] Allocation Stall (RMI TCP Connection(2)-127.0.0.1) 29.102ms
[76.825s][info][gc] GC(227) Garbage Collection (Allocation Stall) 14M(100%)->14M(100%)
[76.839s][info][gc] GC(228) Garbage Collection (Allocation Stall) 14M(100%)->14M(100%)
[76.840s][info][gc] Allocation Stall (RMI TCP Connection(1)-127.0.0.1) 29.054ms
[76.855s][info][gc] GC(229) Garbage Collection (Allocation Stall) 14M(100%)->14M(100%)
[76.855s][info][gc] Allocation Stall (RMI TCP Connection(2)-127.0.0.1) 29.918ms
[76.870s][info][gc] Allocation Stall (RMI TCP Connection(1)-127.0.0.1) 30.279ms
[76.870s][info][gc] GC(230) Garbage Collection (Allocation Stall) 14M(100%)->14M(100%)
[76.885s][info][gc] GC(231) Garbage Collection (Allocation Stall) 14M(100%)->14M(100%)
[76.885s][info][gc] Allocation Stall (RMI TCP Connection(2)-127.0.0.1) 29.203ms
[76.899s][info][gc] Allocation Stall (RMI TCP Connection(1)-127.0.0.1) 28.846ms
[76.899s][info][gc] GC(232) Garbage Collection (Allocation Stall) 14M(100%)->14M(100%)
[76.914s][info][gc] GC(233) Garbage Collection (Allocation Stall) 14M(100%)->14M(100%)
[76.914s][info][gc] Allocation Stall (RMI TCP Connection(2)-127.0.0.1) 29.260ms
[76.929s][info][gc] GC(234) Garbage Collection (Allocation Stall) 14M(100%)->14M(100%)
[76.929s][info][gc] Allocation Stall (RMI TCP Connection(1)-127.0.0.1) 29.463ms
[76.944s][info][gc] GC(235) Garbage Collection (Allocation Stall) 14M(100%)->14M(100%)
[76.944s][info][gc] Allocation Stall (RMI TCP Connection(2)-127.0.0.1) 29.755ms
[76.959s][info][gc] Allocation Stall (RMI TCP Connection(1)-127.0.0.1) 29.483ms
[76.959s][info][gc] GC(236) Garbage Collection (Allocation Stall) 14M(100%)->14M(100%)
[76.974s][info][gc] GC(237) Garbage Collection (Allocation Stall) 14M(100%)->14M(100%)
[76.974s][info][gc] Allocation Stall (RMI TCP Connection(2)-127.0.0.1) 29.719ms
[76.989s][info][gc] Allocation Stall (RMI TCP Connection(1)-127.0.0.1) 29.495ms
[76.989s][info][gc] GC(238) Garbage Collection (Allocation Stall) 14M(100%)->14M(100%)
[77.019s][info][gc] GC(239) Garbage Collection (Allocation Stall) 14M(100%)->14M(100%)
[77.019s][info][gc] Allocation Stall (RMI TCP Connection(2)-127.0.0.1) 44.194ms
[77.035s][info][gc] Allocation Stall (RMI TCP Connection(1)-127.0.0.1) 45.375ms
[77.035s][info][gc] GC(240) Garbage Collection (Allocation Stall) 14M(100%)->14M(100%)
[77.052s][info][gc] Allocation Stall (RMI TCP Connection(2)-127.0.0.1) 32.966ms
[77.052s][info][gc] GC(241) Garbage Collection (Allocation Stall) 14M(100%)->14M(100%)
[77.070s][info][gc] GC(242) Garbage Collection (Allocation Stall) 14M(100%)->14M(100%)
[77.070s][info][gc] Allocation Stall (RMI TCP Connection(1)-127.0.0.1) 34.812ms
[77.086s][info][gc] GC(243) Garbage Collection (Allocation Stall) 14M(100%)->14M(100%)
[77.086s][info][gc] Allocation Stall (RMI TCP Connection(2)-127.0.0.1) 33.108ms
[77.101s][info][gc] GC(244) Garbage Collection (Allocation Stall) 14M(100%)->14M(100%)
[77.101s][info][gc] Allocation Stall (RMI TCP Connection(1)-127.0.0.1) 30.509ms
[77.116s][info][gc] GC(245) Garbage Collection (Allocation Stall) 14M(100%)->14M(100%)
[77.116s][info][gc] Allocation Stall (RMI TCP Connection(2)-127.0.0.1) 29.906ms
[77.132s][info][gc] Allocation Stall (RMI TCP Connection(1)-127.0.0.1) 30.467ms
[77.132s][info][gc] GC(246) Garbage Collection (Allocation Stall) 14M(100%)->14M(100%)
[77.146s][info][gc] GC(247) Garbage Collection (Allocation Stall) 14M(100%)->14M(100%)
[77.146s][info][gc] Allocation Stall (RMI TCP Connection(2)-127.0.0.1) 30.017ms
[77.161s][info][gc] Allocation Stall (RMI TCP Connection(1)-127.0.0.1) 29.272ms
[77.161s][info][gc] GC(248) Garbage Collection (Allocation Stall) 14M(100%)->14M(100%)
[77.176s][info][gc] Allocation Stall (RMI TCP Connection(2)-127.0.0.1) 29.809ms
[77.176s][info][gc] GC(249) Garbage Collection (Allocation Stall) 14M(100%)->14M(100%)
[77.191s][info][gc] Allocation Stall (RMI TCP Connection(1)-127.0.0.1) 30.012ms
[77.191s][info][gc] GC(250) Garbage Collection (Allocation Stall) 14M(100%)->14M(100%)
[77.206s][info][gc] GC(251) Garbage Collection (Allocation Stall) 14M(100%)->14M(100%)
[77.206s][info][gc] Allocation Stall (RMI TCP Connection(2)-127.0.0.1) 29.679ms
[77.221s][info][gc] GC(252) Garbage Collection (Allocation Stall) 14M(100%)->14M(100%)
[77.221s][info][gc] Allocation Stall (RMI TCP Connection(1)-127.0.0.1) 29.400ms
[77.236s][info][gc] GC(253) Garbage Collection (Allocation Stall) 14M(100%)->14M(100%)
[77.237s][info][gc] Allocation Stall (RMI TCP Connection(2)-127.0.0.1) 30.051ms
[77.251s][info][gc] Allocation Stall (RMI TCP Connection(1)-127.0.0.1) 29.671ms
[77.251s][info][gc] GC(254) Garbage Collection (Allocation Stall) 14M(100%)->14M(100%)
[77.266s][info][gc] GC(255) Garbage Collection (Allocation Stall) 14M(100%)->14M(100%)
[77.266s][info][gc] Allocation Stall (RMI TCP Connection(2)-127.0.0.1) 29.678ms
[77.284s][info][gc] GC(256) Garbage Collection (Allocation Stall) 14M(100%)->14M(100%)
[77.284s][info][gc] Allocation Stall (RMI TCP Connection(1)-127.0.0.1) 32.626ms
[77.300s][info][gc] GC(257) Garbage Collection (Allocation Stall) 14M(100%)->14M(100%)
[77.300s][info][gc] Allocation Stall (RMI TCP Connection(2)-127.0.0.1) 33.200ms
[77.317s][info][gc] GC(258) Garbage Collection (Allocation Stall) 14M(100%)->14M(100%)
[77.317s][info][gc] Allocation Stall (RMI TCP Connection(1)-127.0.0.1) 32.828ms
[77.333s][info][gc] GC(259) Garbage Collection (Allocation Stall) 14M(100%)->14M(100%)
[77.333s][info][gc] Allocation Stall (RMI TCP Connection(2)-127.0.0.1) 32.659ms
[77.347s][info][gc] GC(260) Garbage Collection (Allocation Stall) 14M(100%)->14M(100%)
[77.347s][info][gc] Allocation Stall (RMI TCP Connection(1)-127.0.0.1) 29.638ms
[77.362s][info][gc] Allocation Stall (RMI TCP Connection(2)-127.0.0.1) 29.320ms
[77.363s][info][gc] GC(261) Garbage Collection (Allocation Stall) 14M(100%)->14M(100%)
[77.377s][info][gc] GC(262) Garbage Collection (Allocation Stall) 14M(100%)->14M(100%)
[77.377s][info][gc] Allocation Stall (RMI TCP Connection(1)-127.0.0.1) 28.438ms
[77.392s][info][gc] GC(263) Garbage Collection (Allocation Stall) 14M(100%)->14M(100%)
[77.392s][info][gc] Allocation Stall (RMI TCP Connection(2)-127.0.0.1) 28.821ms
[77.406s][info][gc] GC(264) Garbage Collection (Allocation Stall) 14M(100%)->14M(100%)
[77.406s][info][gc] Allocation Stall (RMI TCP Connection(1)-127.0.0.1) 28.624ms
[77.421s][info][gc] GC(265) Garbage Collection (Allocation Stall) 14M(100%)->14M(100%)
[77.421s][info][gc] Allocation Stall (RMI TCP Connection(2)-127.0.0.1) 28.672ms
[77.434s][info][gc] Allocation Stall (RMI TCP Connection(1)-127.0.0.1) 27.885ms
[77.434s][info][gc] GC(266) Garbage Collection (Allocation Stall) 14M(100%)->14M(100%)
[77.448s][info][gc] Allocation Stall (RMI TCP Connection(2)-127.0.0.1) 26.856ms
[77.448s][info][gc] GC(267) Garbage Collection (Allocation Stall) 14M(100%)->14M(100%)
[77.461s][info][gc] Allocation Stall (JMX server connection timeout 22) 26.426ms
[77.461s][info][gc] GC(268) Garbage Collection (Allocation Stall) 14M(100%)->14M(100%)
[77.461s][info][gc] Allocation Stall (RMI TCP Connection(1)-127.0.0.1) 26.612ms
[77.475s][info][gc] GC(269) Garbage Collection (Allocation Stall) 14M(100%)->14M(100%)
[77.476s][info][gc] Allocation Stall (RMI TCP Connection(2)-127.0.0.1) 27.250ms
[77.489s][info][gc] GC(270) Garbage Collection (Allocation Stall) 14M(100%)->14M(100%)
[77.489s][info][gc] Allocation Stall (RMI TCP Connection(1)-127.0.0.1) 27.558ms
[77.504s][info][gc] GC(271) Garbage Collection (Allocation Stall) 14M(100%)->14M(100%)
[77.504s][info][gc] Allocation Stall (RMI TCP Connection(2)-127.0.0.1) 28.257ms
[77.518s][info][gc] Allocation Stall (RMI TCP Connection(1)-127.0.0.1) 28.446ms
[77.518s][info][gc] GC(272) Garbage Collection (Allocation Stall) 14M(100%)->14M(100%)
[77.532s][info][gc] GC(273) Garbage Collection (Allocation Stall) 14M(100%)->14M(100%)
[77.533s][info][gc] Allocation Stall (RMI TCP Connection(2)-127.0.0.1) 28.095ms
[77.546s][info][gc] GC(274) Garbage Collection (Allocation Stall) 14M(100%)->14M(100%)
[77.546s][info][gc] Allocation Stall (RMI TCP Connection(1)-127.0.0.1) 27.489ms
[77.560s][info][gc] GC(275) Garbage Collection (Allocation Stall) 14M(100%)->14M(100%)
[77.560s][info][gc] Allocation Stall (RMI TCP Connection(2)-127.0.0.1) 27.644ms
[77.574s][info][gc] Allocation Stall (RMI TCP Connection(1)-127.0.0.1) 27.238ms
[77.574s][info][gc] GC(276) Garbage Collection (Allocation Stall) 14M(100%)->14M(100%)
[77.588s][info][gc] GC(277) Garbage Collection (Allocation Stall) 14M(100%)->14M(100%)
[77.588s][info][gc] Allocation Stall (RMI TCP Connection(2)-127.0.0.1) 27.670ms
[77.604s][info][gc] Allocation Stall (RMI TCP Connection(1)-127.0.0.1) 29.884ms
[77.604s][info][gc] GC(278) Garbage Collection (Allocation Stall) 14M(100%)->14M(100%)
[77.619s][info][gc] GC(279) Garbage Collection (Allocation Stall) 14M(100%)->14M(100%)
[77.619s][info][gc] Allocation Stall (RMI TCP Connection(2)-127.0.0.1) 30.636ms
[77.634s][info][gc] GC(280) Garbage Collection (Allocation Stall) 14M(100%)->14M(100%)
[77.634s][info][gc] Allocation Stall (RMI TCP Connection(1)-127.0.0.1) 29.238ms
[77.649s][info][gc] GC(281) Garbage Collection (Allocation Stall) 14M(100%)->14M(100%)
[77.649s][info][gc] Allocation Stall (RMI TCP Connection(2)-127.0.0.1) 28.660ms
[77.663s][info][gc] GC(282) Garbage Collection (Allocation Stall) 14M(100%)->14M(100%)
[77.663s][info][gc] Allocation Stall (RMI TCP Connection(1)-127.0.0.1) 29.104ms
[77.678s][info][gc] Allocation Stall (RMI TCP Connection(2)-127.0.0.1) 28.849ms
[77.678s][info][gc] GC(283) Garbage Collection (Allocation Stall) 14M(100%)->14M(100%)
[77.693s][info][gc] GC(284) Garbage Collection (Allocation Stall) 14M(100%)->14M(100%)
[77.693s][info][gc] Allocation Stall (RMI TCP Connection(1)-127.0.0.1) 29.183ms
[77.708s][info][gc] GC(285) Garbage Collection (Allocation Stall) 14M(100%)->14M(100%)
[77.708s][info][gc] Allocation Stall (RMI TCP Connection(2)-127.0.0.1) 29.612ms
[77.723s][info][gc] GC(286) Garbage Collection (Allocation Stall) 14M(100%)->14M(100%)
[77.723s][info][gc] Allocation Stall (RMI TCP Connection(1)-127.0.0.1) 29.662ms
[77.737s][info][gc] GC(287) Garbage Collection (Allocation Stall) 14M(100%)->14M(100%)
[77.737s][info][gc] Allocation Stall (RMI TCP Connection(2)-127.0.0.1) 29.131ms
[77.752s][info][gc] Allocation Stall (RMI TCP Connection(1)-127.0.0.1) 28.525ms
[77.752s][info][gc] GC(288) Garbage Collection (Allocation Stall) 14M(100%)->14M(100%)
[77.767s][info][gc] Allocation Stall (JMX server connection timeout 22) 28.913ms
[77.767s][info][gc] GC(289) Garbage Collection (Allocation Stall) 14M(100%)->14M(100%)
[77.767s][info][gc] Allocation Stall (RMI TCP Connection(2)-127.0.0.1) 29.077ms
[77.781s][info][gc] GC(290) Garbage Collection (Allocation Stall) 14M(100%)->14M(100%)
[77.781s][info][gc] Allocation Stall (RMI TCP Connection(1)-127.0.0.1) 28.810ms
[77.795s][info][gc] Allocation Stall (RMI TCP Connection(2)-127.0.0.1) 28.214ms
[77.795s][info][gc] GC(291) Garbage Collection (Allocation Stall) 14M(100%)->14M(100%)
[77.795s][info][gc] Allocation Stall (JMX server connection timeout 22) 28.290ms
[77.810s][info][gc] GC(292) Garbage Collection (Allocation Stall) 14M(100%)->14M(100%)
[77.810s][info][gc] Allocation Stall (RMI TCP Connection(1)-127.0.0.1) 28.853ms
[77.825s][info][gc] Allocation Stall (JMX server connection timeout 22) 29.324ms
[77.825s][info][gc] GC(293) Garbage Collection (Allocation Stall) 14M(100%)->14M(100%)
[77.825s][info][gc] Allocation Stall (RMI TCP Connection(2)-127.0.0.1) 29.445ms
[77.840s][info][gc] Allocation Stall (RMI TCP Connection(1)-127.0.0.1) 29.215ms
[77.840s][info][gc] GC(294) Garbage Collection (Allocation Stall) 14M(100%)->14M(100%)
[77.854s][info][gc] GC(295) Garbage Collection (Allocation Stall) 14M(100%)->14M(100%)
[77.854s][info][gc] Allocation Stall (RMI TCP Connection(2)-127.0.0.1) 28.319ms
[77.867s][info][gc] Allocation Stall (RMI TCP Connection(1)-127.0.0.1) 27.443ms
[77.867s][info][gc] GC(296) Garbage Collection (Allocation Stall) 14M(100%)->14M(100%)
[77.882s][info][gc] Allocation Stall (RMI TCP Connection(2)-127.0.0.1) 28.408ms
[77.882s][info][gc] GC(297) Garbage Collection (Allocation Stall) 14M(100%)->14M(100%)
[77.896s][info][gc] GC(298) Garbage Collection (Allocation Stall) 14M(100%)->14M(100%)
[77.896s][info][gc] Allocation Stall (RMI TCP Connection(1)-127.0.0.1) 28.521ms
[77.911s][info][gc] GC(299) Garbage Collection (Allocation Stall) 14M(100%)->14M(100%)
[77.911s][info][gc] Allocation Stall (RMI TCP Connection(2)-127.0.0.1) 27.896ms
[77.925s][info][gc] Allocation Stall (RMI TCP Connection(1)-127.0.0.1) 28.397ms
[77.925s][info][gc] GC(300) Garbage Collection (Allocation Stall) 14M(100%)->14M(100%)
[77.939s][info][gc] Allocation Stall (RMI TCP Connection(2)-127.0.0.1) 28.711ms
[77.940s][info][gc] GC(301) Garbage Collection (Allocation Stall) 14M(100%)->14M(100%)
[77.954s][info][gc] Allocation Stall (RMI TCP Connection(1)-127.0.0.1) 28.137ms
[77.954s][info][gc] GC(302) Garbage Collection (Allocation Stall) 14M(100%)->14M(100%)
[77.967s][info][gc] Allocation Stall (RMI TCP Connection(2)-127.0.0.1) 27.341ms
[77.967s][info][gc] GC(303) Garbage Collection (Allocation Stall) 14M(100%)->14M(100%)
[77.981s][info][gc] GC(304) Garbage Collection (Allocation Stall) 14M(100%)->14M(100%)
[77.981s][info][gc] Allocation Stall (RMI TCP Connection(1)-127.0.0.1) 27.134ms
[77.995s][info][gc] Allocation Stall (RMI TCP Connection(2)-127.0.0.1) 27.080ms
[77.995s][info][gc] GC(305) Garbage Collection (Allocation Stall) 14M(100%)->14M(100%)
[78.008s][info][gc] GC(306) Garbage Collection (Allocation Stall) 14M(100%)->14M(100%)
[78.008s][info][gc] Allocation Stall (RMI TCP Connection(1)-127.0.0.1) 27.046ms
[78.025s][info][gc] GC(307) Garbage Collection (Allocation Stall) 14M(100%)->14M(100%)
[78.025s][info][gc] Allocation Stall (RMI TCP Connection(2)-127.0.0.1) 29.763ms
[78.040s][info][gc] Allocation Stall (RMI TCP Connection(1)-127.0.0.1) 30.773ms
[78.040s][info][gc] GC(308) Garbage Collection (Allocation Stall) 14M(100%)->14M(100%)
[78.054s][info][gc] Allocation Stall (RMI TCP Connection(2)-127.0.0.1) 28.540ms
[78.054s][info][gc] GC(309) Garbage Collection (Allocation Stall) 14M(100%)->14M(100%)
[78.067s][info][gc] Allocation Stall (RMI TCP Connection(1)-127.0.0.1) 27.095ms
[78.067s][info][gc] GC(310) Garbage Collection (Allocation Stall) 14M(100%)->14M(100%)
[78.081s][info][gc] GC(311) Garbage Collection (Allocation Stall) 14M(100%)->14M(100%)
[78.081s][info][gc] Allocation Stall (RMI TCP Connection(2)-127.0.0.1) 27.274ms
[78.095s][info][gc] GC(312) Garbage Collection (Allocation Stall) 14M(100%)->14M(100%)
[78.095s][info][gc] Allocation Stall (RMI TCP Connection(1)-127.0.0.1) 27.157ms
[78.109s][info][gc] GC(313) Garbage Collection (Allocation Stall) 14M(100%)->14M(100%)
[78.109s][info][gc] Allocation Stall (RMI TCP Connection(2)-127.0.0.1) 27.097ms
[78.123s][info][gc] GC(314) Garbage Collection (Allocation Stall) 14M(100%)->14M(100%)
[78.123s][info][gc] Allocation Stall (RMI TCP Connection(1)-127.0.0.1) 27.269ms
[78.137s][info][gc] GC(315) Garbage Collection (Allocation Stall) 14M(100%)->14M(100%)
[78.137s][info][gc] Allocation Stall (RMI TCP Connection(2)-127.0.0.1) 27.749ms
[78.151s][info][gc] GC(316) Garbage Collection (Allocation Stall) 14M(100%)->14M(100%)
[78.151s][info][gc] Allocation Stall (RMI TCP Connection(1)-127.0.0.1) 27.733ms
[78.165s][info][gc] GC(317) Garbage Collection (Allocation Stall) 14M(100%)->14M(100%)
[78.165s][info][gc] Allocation Stall (RMI TCP Connection(2)-127.0.0.1) 27.617ms
[78.179s][info][gc] GC(318) Garbage Collection (Allocation Stall) 14M(100%)->14M(100%)
[78.179s][info][gc] Allocation Stall (RMI TCP Connection(1)-127.0.0.1) 27.456ms
[78.193s][info][gc] GC(319) Garbage Collection (Allocation Stall) 14M(100%)->14M(100%)
[78.193s][info][gc] Allocation Stall (RMI TCP Connection(2)-127.0.0.1) 28.051ms
[78.207s][info][gc] GC(320) Garbage Collection (Allocation Stall) 14M(100%)->14M(100%)
[78.207s][info][gc] Allocation Stall (RMI TCP Connection(1)-127.0.0.1) 28.159ms
[78.222s][info][gc] GC(321) Garbage Collection (Allocation Stall) 14M(100%)->14M(100%)
[78.222s][info][gc] Allocation Stall (RMI TCP Connection(2)-127.0.0.1) 28.158ms
[78.236s][info][gc] Allocation Stall (RMI TCP Connection(1)-127.0.0.1) 28.043ms
[78.236s][info][gc] GC(322) Garbage Collection (Allocation Stall) 14M(100%)->14M(100%)
[78.250s][info][gc] GC(323) Garbage Collection (Allocation Stall) 14M(100%)->14M(100%)
[78.250s][info][gc] Allocation Stall (RMI TCP Connection(2)-127.0.0.1) 28.307ms
[78.265s][info][gc] GC(324) Garbage Collection (Allocation Stall) 14M(100%)->14M(100%)
[78.265s][info][gc] Allocation Stall (RMI TCP Connection(1)-127.0.0.1) 28.468ms
[78.279s][info][gc] GC(325) Garbage Collection (Allocation Stall) 14M(100%)->14M(100%)
[78.279s][info][gc] Allocation Stall (RMI TCP Connection(2)-127.0.0.1) 28.050ms
[78.293s][info][gc] GC(326) Garbage Collection (Allocation Stall) 14M(100%)->14M(100%)
[78.293s][info][gc] Allocation Stall (RMI TCP Connection(1)-127.0.0.1) 28.033ms
[78.307s][info][gc] GC(327) Garbage Collection (Allocation Stall) 14M(100%)->14M(100%)
[78.307s][info][gc] Allocation Stall (RMI TCP Connection(2)-127.0.0.1) 28.279ms
[78.321s][info][gc] GC(328) Garbage Collection (Allocation Stall) 14M(100%)->14M(100%)
[78.321s][info][gc] Allocation Stall (RMI TCP Connection(1)-127.0.0.1) 27.774ms
[78.336s][info][gc] GC(329) Garbage Collection (Allocation Stall) 14M(100%)->14M(100%)
[78.336s][info][gc] Allocation Stall (RMI TCP Connection(2)-127.0.0.1) 28.354ms
[78.350s][info][gc] Allocation Stall (RMI TCP Connection(1)-127.0.0.1) 28.883ms
[78.350s][info][gc] GC(330) Garbage Collection (Allocation Stall) 14M(100%)->14M(100%)
[78.364s][info][gc] Allocation Stall (RMI TCP Connection(2)-127.0.0.1) 28.145ms
[78.365s][info][gc] GC(331) Garbage Collection (Allocation Stall) 14M(100%)->14M(100%)
[78.379s][info][gc] Allocation Stall (RMI TCP Connection(1)-127.0.0.1) 27.832ms
[78.379s][info][gc] GC(332) Garbage Collection (Allocation Stall) 14M(100%)->14M(100%)
[78.394s][info][gc] Allocation Stall (RMI TCP Connection(2)-127.0.0.1) 28.764ms
[78.394s][info][gc] GC(333) Garbage Collection (Allocation Stall) 14M(100%)->14M(100%)
[78.408s][info][gc] GC(334) Garbage Collection (Allocation Stall) 14M(100%)->14M(100%)
[78.408s][info][gc] Allocation Stall (RMI TCP Connection(1)-127.0.0.1) 29.053ms
[78.422s][info][gc] GC(335) Garbage Collection (Allocation Stall) 14M(100%)->14M(100%)
[78.422s][info][gc] Allocation Stall (RMI TCP Connection(2)-127.0.0.1) 28.351ms
[78.436s][info][gc] Allocation Stall (RMI TCP Connection(1)-127.0.0.1) 28.167ms
[78.437s][info][gc] GC(336) Garbage Collection (Allocation Stall) 14M(100%)->14M(100%)
[78.451s][info][gc] GC(337) Garbage Collection (Allocation Stall) 14M(100%)->14M(100%)
[78.451s][info][gc] Allocation Stall (RMI TCP Connection(2)-127.0.0.1) 28.902ms
[78.466s][info][gc] GC(338) Garbage Collection (Allocation Stall) 14M(100%)->14M(100%)
[78.466s][info][gc] Allocation Stall (RMI TCP Connection(1)-127.0.0.1) 29.020ms
[78.480s][info][gc] Allocation Stall (RMI TCP Connection(2)-127.0.0.1) 28.564ms
[78.480s][info][gc] GC(339) Garbage Collection (Allocation Stall) 14M(100%)->14M(100%)
[78.495s][info][gc] GC(340) Garbage Collection (Allocation Stall) 14M(100%)->14M(100%)
[78.495s][info][gc] Allocation Stall (RMI TCP Connection(1)-127.0.0.1) 29.149ms
[78.509s][info][gc] Allocation Stall (RMI TCP Connection(2)-127.0.0.1) 28.114ms
[78.509s][info][gc] GC(341) Garbage Collection (Allocation Stall) 14M(100%)->14M(100%)
[78.523s][info][gc] GC(342) Garbage Collection (Allocation Stall) 14M(100%)->14M(100%)
[78.523s][info][gc] Allocation Stall (RMI TCP Connection(1)-127.0.0.1) 27.582ms
[78.537s][info][gc] Allocation Stall (RMI TCP Connection(2)-127.0.0.1) 27.337ms
[78.537s][info][gc] GC(343) Garbage Collection (Allocation Stall) 14M(100%)->14M(100%)
[78.551s][info][gc] GC(344) Garbage Collection (Allocation Stall) 14M(100%)->14M(100%)
[78.551s][info][gc] Allocation Stall (RMI TCP Connection(1)-127.0.0.1) 27.983ms
[78.565s][info][gc] Allocation Stall (RMI TCP Connection(2)-127.0.0.1) 27.855ms
[78.565s][info][gc] GC(345) Garbage Collection (Allocation Stall) 14M(100%)->14M(100%)
[78.579s][info][gc] GC(346) Garbage Collection (Allocation Stall) 14M(100%)->14M(100%)
[78.579s][info][gc] Allocation Stall (RMI TCP Connection(1)-127.0.0.1) 27.420ms
[78.593s][info][gc] Allocation Stall (RMI TCP Connection(2)-127.0.0.1) 27.207ms
[78.593s][info][gc] GC(347) Garbage Collection (Allocation Stall) 14M(100%)->14M(100%)
[78.607s][info][gc] GC(348) Garbage Collection (Allocation Stall) 14M(100%)->14M(100%)
[78.607s][info][gc] Allocation Stall (RMI TCP Connection(1)-127.0.0.1) 27.535ms
[78.621s][info][gc] GC(349) Garbage Collection (Allocation Stall) 14M(100%)->14M(100%)
[78.621s][info][gc] Allocation Stall (RMI TCP Connection(2)-127.0.0.1) 27.426ms
[78.635s][info][gc] GC(350) Garbage Collection (Allocation Stall) 14M(100%)->14M(100%)
[78.635s][info][gc] Allocation Stall (RMI TCP Connection(1)-127.0.0.1) 27.254ms
[78.648s][info][gc] Allocation Stall (RMI TCP Connection(2)-127.0.0.1) 27.381ms
[78.648s][info][gc] GC(351) Garbage Collection (Allocation Stall) 14M(100%)->14M(100%)
[78.663s][info][gc] GC(352) Garbage Collection (Allocation Stall) 14M(100%)->14M(100%)
[78.663s][info][gc] Allocation Stall (RMI TCP Connection(1)-127.0.0.1) 28.171ms
[78.677s][info][gc] Allocation Stall (RMI TCP Connection(2)-127.0.0.1) 27.893ms
[78.677s][info][gc] GC(353) Garbage Collection (Allocation Stall) 14M(100%)->14M(100%)
[78.691s][info][gc] Allocation Stall (RMI TCP Connection(1)-127.0.0.1) 25.986ms
[78.691s][info][gc] GC(354) Garbage Collection (Allocation Stall) 14M(100%)->14M(100%)
[78.705s][info][gc] Allocation Stall (RMI TCP Connection(2)-127.0.0.1) 27.471ms
[78.705s][info][gc] GC(355) Garbage Collection (Allocation Stall) 14M(100%)->14M(100%)
[78.718s][info][gc] Allocation Stall (RMI TCP Connection(1)-127.0.0.1) 26.942ms
[78.718s][info][gc] GC(356) Garbage Collection (Allocation Stall) 14M(100%)->14M(100%)
[78.732s][info][gc] Allocation Stall (RMI TCP Connection(2)-127.0.0.1) 26.945ms
[78.732s][info][gc] GC(357) Garbage Collection (Allocation Stall) 14M(100%)->14M(100%)
[78.746s][info][gc] GC(358) Garbage Collection (Allocation Stall) 14M(100%)->14M(100%)
[78.746s][info][gc] Allocation Stall (RMI TCP Connection(1)-127.0.0.1) 27.365ms
[78.760s][info][gc] GC(359) Garbage Collection (Allocation Stall) 14M(100%)->14M(100%)
[78.760s][info][gc] Allocation Stall (RMI TCP Connection(2)-127.0.0.1) 27.397ms
[78.774s][info][gc] Allocation Stall (RMI TCP Connection(1)-127.0.0.1) 27.431ms
[78.774s][info][gc] GC(360) Garbage Collection (Allocation Stall) 14M(100%)->14M(100%)
[78.788s][info][gc] GC(361) Garbage Collection (Allocation Stall) 14M(100%)->14M(100%)
[78.788s][info][gc] Allocation Stall (RMI TCP Connection(2)-127.0.0.1) 27.641ms
[78.802s][info][gc] Allocation Stall (RMI TCP Connection(1)-127.0.0.1) 27.576ms
[78.802s][info][gc] GC(362) Garbage Collection (Allocation Stall) 14M(100%)->14M(100%)
[78.815s][info][gc] GC(363) Garbage Collection (Allocation Stall) 14M(100%)->14M(100%)
[78.815s][info][gc] Allocation Stall (RMI TCP Connection(2)-127.0.0.1) 27.444ms
[78.829s][info][gc] GC(364) Garbage Collection (Allocation Stall) 14M(100%)->14M(100%)
[78.829s][info][gc] Allocation Stall (RMI TCP Connection(1)-127.0.0.1) 27.192ms
[78.843s][info][gc] Allocation Stall (RMI TCP Connection(2)-127.0.0.1) 27.388ms
[78.843s][info][gc] GC(365) Garbage Collection (Allocation Stall) 14M(100%)->14M(100%)
[78.857s][info][gc] GC(366) Garbage Collection (Allocation Stall) 14M(100%)->14M(100%)
[78.857s][info][gc] Allocation Stall (RMI TCP Connection(1)-127.0.0.1) 27.360ms
[78.872s][info][gc] Allocation Stall (RMI TCP Connection(2)-127.0.0.1) 28.600ms
[78.872s][info][gc] GC(367) Garbage Collection (Allocation Stall) 14M(100%)->14M(100%)
[78.886s][info][gc] GC(368) Garbage Collection (Allocation Stall) 14M(100%)->14M(100%)
[78.886s][info][gc] Allocation Stall (RMI TCP Connection(1)-127.0.0.1) 28.966ms
[78.901s][info][gc] GC(369) Garbage Collection (Allocation Stall) 14M(100%)->14M(100%)
[78.901s][info][gc] Allocation Stall (RMI TCP Connection(2)-127.0.0.1) 28.086ms
[78.915s][info][gc] Allocation Stall (RMI TCP Connection(1)-127.0.0.1) 28.571ms
[78.915s][info][gc] GC(370) Garbage Collection (Allocation Stall) 14M(100%)->14M(100%)
[78.929s][info][gc] Allocation Stall (RMI TCP Connection(2)-127.0.0.1) 28.540ms
[78.929s][info][gc] GC(371) Garbage Collection (Allocation Stall) 14M(100%)->14M(100%)
[78.943s][info][gc] Allocation Stall (RMI TCP Connection(1)-127.0.0.1) 27.889ms
[78.943s][info][gc] GC(372) Garbage Collection (Allocation Stall) 14M(100%)->14M(100%)
[78.958s][info][gc] GC(373) Garbage Collection (Allocation Stall) 14M(100%)->14M(100%)
[78.958s][info][gc] Allocation Stall (RMI TCP Connection(2)-127.0.0.1) 28.187ms
[78.972s][info][gc] GC(374) Garbage Collection (Allocation Stall) 14M(100%)->14M(100%)
[78.972s][info][gc] Allocation Stall (RMI TCP Connection(1)-127.0.0.1) 28.293ms
[78.986s][info][gc] GC(375) Garbage Collection (Allocation Stall) 14M(100%)->14M(100%)
[78.986s][info][gc] Allocation Stall (RMI TCP Connection(2)-127.0.0.1) 27.546ms
[79.000s][info][gc] Allocation Stall (RMI TCP Connection(1)-127.0.0.1) 27.243ms
[79.000s][info][gc] GC(376) Garbage Collection (Allocation Stall) 14M(100%)->14M(100%)
[79.013s][info][gc] Allocation Stall (RMI TCP Connection(2)-127.0.0.1) 27.153ms
[79.013s][info][gc] GC(377) Garbage Collection (Allocation Stall) 14M(100%)->14M(100%)
[79.027s][info][gc] Allocation Stall (RMI TCP Connection(1)-127.0.0.1) 27.223ms
[79.027s][info][gc] GC(378) Garbage Collection (Allocation Stall) 14M(100%)->14M(100%)
[79.041s][info][gc] GC(379) Garbage Collection (Allocation Stall) 14M(100%)->14M(100%)
[79.041s][info][gc] Allocation Stall (RMI TCP Connection(2)-127.0.0.1) 27.235ms
[79.055s][info][gc] GC(380) Garbage Collection (Allocation Stall) 14M(100%)->14M(100%)
[79.055s][info][gc] Allocation Stall (RMI TCP Connection(1)-127.0.0.1) 27.101ms
[79.068s][info][gc] Allocation Stall (RMI TCP Connection(2)-127.0.0.1) 26.816ms
[79.068s][info][gc] GC(381) Garbage Collection (Allocation Stall) 14M(100%)->14M(100%)
[79.083s][info][gc] Allocation Stall (RMI TCP Connection(1)-127.0.0.1) 28.140ms
[79.083s][info][gc] GC(382) Garbage Collection (Allocation Stall) 14M(100%)->14M(100%)
[79.099s][info][gc] Allocation Stall (RMI TCP Connection(2)-127.0.0.1) 30.312ms
[79.099s][info][gc] GC(383) Garbage Collection (Allocation Stall) 14M(100%)->14M(100%)
[79.114s][info][gc] Allocation Stall (RMI TCP Connection(1)-127.0.0.1) 31.162ms
[79.114s][info][gc] GC(384) Garbage Collection (Allocation Stall) 14M(100%)->14M(100%)
[79.129s][info][gc] GC(385) Garbage Collection (Allocation Stall) 14M(100%)->14M(100%)
[79.129s][info][gc] Allocation Stall (RMI TCP Connection(2)-127.0.0.1) 29.862ms
[79.143s][info][gc] Allocation Stall (RMI TCP Connection(1)-127.0.0.1) 28.568ms
[79.143s][info][gc] GC(386) Garbage Collection (Allocation Stall) 14M(100%)->14M(100%)
[79.158s][info][gc] GC(387) Garbage Collection (Allocation Stall) 14M(100%)->14M(100%)
[79.158s][info][gc] Allocation Stall (RMI TCP Connection(2)-127.0.0.1) 28.623ms
[79.173s][info][gc] GC(388) Garbage Collection (Allocation Stall) 14M(100%)->14M(100%)
[79.173s][info][gc] Allocation Stall (RMI TCP Connection(1)-127.0.0.1) 29.302ms
[79.195s][info][gc] Allocation Stall (RMI TCP Connection(2)-127.0.0.1) 36.800ms
[79.195s][info][gc] GC(389) Garbage Collection (Allocation Stall) 14M(100%)->14M(100%)
[79.212s][info][gc] Allocation Stall (RMI TCP Connection(1)-127.0.0.1) 38.463ms
[79.212s][info][gc] GC(390) Garbage Collection (Allocation Stall) 14M(100%)->14M(100%)
[79.233s][info][gc] Allocation Stall (RMI TCP Connection(2)-127.0.0.1) 37.006ms
[79.233s][info][gc] GC(391) Garbage Collection (Allocation Stall) 14M(100%)->14M(100%)
[79.249s][info][gc] GC(392) Garbage Collection (Allocation Stall) 14M(100%)->14M(100%)
[79.249s][info][gc] Allocation Stall (RMI TCP Connection(1)-127.0.0.1) 34.880ms
[79.265s][info][gc] GC(393) Garbage Collection (Allocation Stall) 14M(100%)->14M(100%)
[79.265s][info][gc] Allocation Stall (RMI TCP Connection(2)-127.0.0.1) 31.886ms
[79.281s][info][gc] Allocation Stall (RMI TCP Connection(1)-127.0.0.1) 31.312ms
[79.281s][info][gc] GC(394) Garbage Collection (Allocation Stall) 14M(100%)->14M(100%)
[79.296s][info][gc] Allocation Stall (RMI TCP Connection(2)-127.0.0.1) 31.417ms
[79.297s][info][gc] GC(395) Garbage Collection (Allocation Stall) 14M(100%)->14M(100%)
[79.312s][info][gc] GC(396) Garbage Collection (Allocation Stall) 14M(100%)->14M(100%)
[79.312s][info][gc] Allocation Stall (RMI TCP Connection(1)-127.0.0.1) 31.190ms
[79.328s][info][gc] Allocation Stall (RMI TCP Connection(2)-127.0.0.1) 30.886ms
[79.328s][info][gc] GC(397) Garbage Collection (Allocation Stall) 14M(100%)->14M(100%)
[79.343s][info][gc] GC(398) Garbage Collection (Allocation Stall) 14M(100%)->14M(100%)
[79.343s][info][gc] Allocation Stall (RMI TCP Connection(1)-127.0.0.1) 30.588ms
[79.358s][info][gc] GC(399) Garbage Collection (Allocation Stall) 14M(100%)->14M(100%)
[79.358s][info][gc] Allocation Stall (RMI TCP Connection(2)-127.0.0.1) 30.336ms
[79.374s][info][gc] GC(400) Garbage Collection (Allocation Stall) 14M(100%)->14M(100%)
[79.374s][info][gc] Allocation Stall (RMI TCP Connection(1)-127.0.0.1) 30.948ms
[79.390s][info][gc] GC(401) Garbage Collection (Allocation Stall) 14M(100%)->14M(100%)
[79.390s][info][gc] Allocation Stall (RMI TCP Connection(2)-127.0.0.1) 30.817ms
[79.409s][info][gc] GC(402) Garbage Collection (Allocation Stall) 14M(100%)->14M(100%)
[79.409s][info][gc] Allocation Stall (RMI TCP Connection(1)-127.0.0.1) 34.498ms
[79.425s][info][gc] GC(403) Garbage Collection (Allocation Stall) 14M(100%)->14M(100%)
[79.425s][info][gc] Allocation Stall (RMI TCP Connection(2)-127.0.0.1) 35.372ms
[79.441s][info][gc] Allocation Stall (RMI TCP Connection(1)-127.0.0.1) 31.617ms
[79.441s][info][gc] GC(404) Garbage Collection (Allocation Stall) 14M(100%)->14M(100%)
[79.456s][info][gc] Allocation Stall (RMI TCP Connection(2)-127.0.0.1) 30.390ms
[79.456s][info][gc] GC(405) Garbage Collection (Allocation Stall) 14M(100%)->14M(100%)
[79.471s][info][gc] GC(406) Garbage Collection (Allocation Stall) 14M(100%)->14M(100%)
[79.472s][info][gc] Allocation Stall (RMI TCP Connection(1)-127.0.0.1) 30.365ms
[79.487s][info][gc] Allocation Stall (RMI TCP Connection(2)-127.0.0.1) 30.364ms
[79.487s][info][gc] GC(407) Garbage Collection (Allocation Stall) 14M(100%)->14M(100%)
[79.502s][info][gc] GC(408) Garbage Collection (Allocation Stall) 14M(100%)->14M(100%)
[79.502s][info][gc] Allocation Stall (RMI TCP Connection(1)-127.0.0.1) 29.951ms
[79.517s][info][gc] GC(409) Garbage Collection (Allocation Stall) 14M(100%)->14M(100%)
[79.517s][info][gc] Allocation Stall (RMI TCP Connection(2)-127.0.0.1) 30.166ms
[79.532s][info][gc] GC(410) Garbage Collection (Allocation Stall) 14M(100%)->14M(100%)
[79.532s][info][gc] Allocation Stall (RMI TCP Connection(1)-127.0.0.1) 29.704ms
[79.546s][info][gc] GC(411) Garbage Collection (Allocation Stall) 14M(100%)->14M(100%)
[79.546s][info][gc] Allocation Stall (RMI TCP Connection(2)-127.0.0.1) 27.854ms
[79.561s][info][gc] GC(412) Garbage Collection (Allocation Stall) 14M(100%)->14M(100%)
[79.561s][info][gc] Allocation Stall (RMI TCP Connection(1)-127.0.0.1) 28.605ms
[79.574s][info][gc] Allocation Stall (RMI TCP Connection(2)-127.0.0.1) 28.298ms
[79.574s][info][gc] GC(413) Garbage Collection (Allocation Stall) 14M(100%)->14M(100%)
[79.590s][info][gc] GC(414) Garbage Collection (Allocation Stall) 14M(100%)->14M(100%)
[79.590s][info][gc] Allocation Stall (RMI TCP Connection(1)-127.0.0.1) 29.286ms
[79.606s][info][gc] Allocation Stall (RMI TCP Connection(2)-127.0.0.1) 30.791ms
[79.606s][info][gc] GC(415) Garbage Collection (Allocation Stall) 14M(100%)->14M(100%)
[79.622s][info][gc] GC(416) Garbage Collection (Allocation Stall) 14M(100%)->14M(100%)
[79.622s][info][gc] Allocation Stall (RMI TCP Connection(1)-127.0.0.1) 31.160ms
[79.637s][info][gc] GC(417) Garbage Collection (Allocation Stall) 14M(100%)->14M(100%)
[79.637s][info][gc] Allocation Stall (RMI TCP Connection(2)-127.0.0.1) 31.024ms
[79.652s][info][gc] GC(418) Garbage Collection (Allocation Stall) 14M(100%)->14M(100%)
[79.652s][info][gc] Allocation Stall (RMI TCP Connection(1)-127.0.0.1) 30.239ms
[79.668s][info][gc] GC(419) Garbage Collection (Allocation Stall) 14M(100%)->14M(100%)
[79.668s][info][gc] Allocation Stall (RMI TCP Connection(2)-127.0.0.1) 30.222ms
[79.683s][info][gc] GC(420) Garbage Collection (Allocation Stall) 14M(100%)->14M(100%)
[79.683s][info][gc] Allocation Stall (RMI TCP Connection(1)-127.0.0.1) 30.696ms
[79.698s][info][gc] GC(421) Garbage Collection (Allocation Stall) 14M(100%)->14M(100%)
[79.698s][info][gc] Allocation Stall (RMI TCP Connection(2)-127.0.0.1) 30.395ms
[79.714s][info][gc] GC(422) Garbage Collection (Allocation Stall) 14M(100%)->14M(100%)
[79.714s][info][gc] Allocation Stall (RMI TCP Connection(1)-127.0.0.1) 30.293ms
[79.729s][info][gc] GC(423) Garbage Collection (Allocation Stall) 14M(100%)->14M(100%)
[79.729s][info][gc] Allocation Stall (RMI TCP Connection(2)-127.0.0.1) 30.534ms
[79.745s][info][gc] GC(424) Garbage Collection (Allocation Stall) 14M(100%)->14M(100%)
[79.745s][info][gc] Allocation Stall (RMI TCP Connection(1)-127.0.0.1) 30.546ms
[79.761s][info][gc] Allocation Stall (RMI TCP Connection(2)-127.0.0.1) 31.721ms
[79.762s][info][gc] GC(425) Garbage Collection (Allocation Stall) 14M(100%)->14M(100%)
[79.777s][info][gc] GC(426) Garbage Collection (Allocation Stall) 14M(100%)->14M(100%)
[79.777s][info][gc] Allocation Stall (RMI TCP Connection(1)-127.0.0.1) 31.817ms
[79.794s][info][gc] GC(427) Garbage Collection (Allocation Stall) 14M(100%)->14M(100%)
[79.794s][info][gc] Allocation Stall (RMI TCP Connection(2)-127.0.0.1) 31.692ms
[79.809s][info][gc] GC(428) Garbage Collection (Allocation Stall) 14M(100%)->14M(100%)
[79.809s][info][gc] Allocation Stall (RMI TCP Connection(1)-127.0.0.1) 31.842ms
[79.824s][info][gc] GC(429) Garbage Collection (Allocation Stall) 14M(100%)->14M(100%)
[79.824s][info][gc] Allocation Stall (RMI TCP Connection(2)-127.0.0.1) 30.169ms
[79.838s][info][gc] GC(430) Garbage Collection (Allocation Stall) 14M(100%)->14M(100%)
[79.838s][info][gc] Allocation Stall (RMI TCP Connection(1)-127.0.0.1) 29.140ms
[79.852s][info][gc] Allocation Stall (RMI TCP Connection(2)-127.0.0.1) 27.714ms
[79.852s][info][gc] GC(431) Garbage Collection (Allocation Stall) 14M(100%)->14M(100%)
[79.866s][info][gc] Allocation Stall (RMI TCP Connection(1)-127.0.0.1) 27.036ms
[79.866s][info][gc] GC(432) Garbage Collection (Allocation Stall) 14M(100%)->14M(100%)
[79.881s][info][gc] GC(433) Garbage Collection (Allocation Stall) 14M(100%)->14M(100%)
[79.881s][info][gc] Allocation Stall (RMI TCP Connection(2)-127.0.0.1) 28.190ms
[79.899s][info][gc] Allocation Stall (RMI TCP Connection(1)-127.0.0.1) 32.712ms
[79.899s][info][gc] GC(434) Garbage Collection (Allocation Stall) 14M(100%)->14M(100%)
[79.915s][info][gc] GC(435) Garbage Collection (Allocation Stall) 14M(100%)->14M(100%)
[79.916s][info][gc] Allocation Stall (RMI TCP Connection(2)-127.0.0.1) 34.593ms
[79.932s][info][gc] GC(436) Garbage Collection (Allocation Stall) 14M(100%)->14M(100%)
[79.932s][info][gc] Allocation Stall (RMI TCP Connection(1)-127.0.0.1) 32.004ms
[79.947s][info][gc] Allocation Stall (RMI TCP Connection(2)-127.0.0.1) 31.030ms
[79.947s][info][gc] GC(437) Garbage Collection (Allocation Stall) 14M(100%)->14M(100%)
[79.962s][info][gc] Allocation Stall (RMI TCP Connection(1)-127.0.0.1) 30.199ms
[79.962s][info][gc] GC(438) Garbage Collection (Allocation Stall) 14M(100%)->14M(100%)
[79.978s][info][gc] GC(439) Garbage Collection (Allocation Stall) 14M(100%)->14M(100%)
[79.978s][info][gc] Allocation Stall (RMI TCP Connection(2)-127.0.0.1) 30.371ms
[79.993s][info][gc] Allocation Stall (RMI TCP Connection(1)-127.0.0.1) 30.236ms
[79.993s][info][gc] GC(440) Garbage Collection (Allocation Stall) 14M(100%)->14M(100%)
[80.008s][info][gc] GC(441) Garbage Collection (Allocation Stall) 14M(100%)->14M(100%)
[80.008s][info][gc] Allocation Stall (RMI TCP Connection(2)-127.0.0.1) 30.334ms
[80.024s][info][gc] Allocation Stall (RMI TCP Connection(1)-127.0.0.1) 30.519ms
[80.024s][info][gc] GC(442) Garbage Collection (Allocation Stall) 14M(100%)->14M(100%)
[80.039s][info][gc] GC(443) Garbage Collection (Allocation Stall) 14M(100%)->14M(100%)
[80.039s][info][gc] Allocation Stall (RMI TCP Connection(2)-127.0.0.1) 30.641ms
[80.054s][info][gc] Allocation Stall (RMI TCP Connection(1)-127.0.0.1) 29.696ms
[80.054s][info][gc] GC(444) Garbage Collection (Allocation Stall) 14M(100%)->14M(100%)
[80.069s][info][gc] GC(445) Garbage Collection (Allocation Stall) 14M(100%)->14M(100%)
[80.069s][info][gc] Allocation Stall (RMI TCP Connection(2)-127.0.0.1) 29.639ms
[80.085s][info][gc] GC(446) Garbage Collection (Allocation Stall) 14M(100%)->14M(100%)
[80.085s][info][gc] Allocation Stall (RMI TCP Connection(1)-127.0.0.1) 30.792ms
[80.100s][info][gc] GC(447) Garbage Collection (Allocation Stall) 14M(100%)->14M(100%)
[80.100s][info][gc] Allocation Stall (RMI TCP Connection(2)-127.0.0.1) 31.201ms
[80.116s][info][gc] GC(448) Garbage Collection (Allocation Stall) 14M(100%)->14M(100%)
[80.116s][info][gc] Allocation Stall (RMI TCP Connection(1)-127.0.0.1) 30.760ms
[80.131s][info][gc] Allocation Stall (RMI TCP Connection(2)-127.0.0.1) 30.637ms
[80.132s][info][gc] GC(449) Garbage Collection (Allocation Stall) 14M(100%)->14M(100%)
[80.147s][info][gc] GC(450) Garbage Collection (Allocation Stall) 14M(100%)->14M(100%)
[80.147s][info][gc] Allocation Stall (RMI TCP Connection(1)-127.0.0.1) 30.563ms
[80.162s][info][gc] GC(451) Garbage Collection (Allocation Stall) 14M(100%)->14M(100%)
[80.162s][info][gc] Allocation Stall (RMI TCP Connection(2)-127.0.0.1) 30.139ms
[80.176s][info][gc] Allocation Stall (RMI TCP Connection(1)-127.0.0.1) 28.871ms
[80.176s][info][gc] GC(452) Garbage Collection (Allocation Stall) 14M(100%)->14M(100%)
[80.191s][info][gc] Allocation Stall (RMI TCP Connection(2)-127.0.0.1) 28.245ms
[80.191s][info][gc] GC(453) Garbage Collection (Allocation Stall) 14M(100%)->14M(100%)
[80.206s][info][gc] GC(454) Garbage Collection (Allocation Stall) 14M(100%)->14M(100%)
[80.206s][info][gc] Allocation Stall (RMI TCP Connection(1)-127.0.0.1) 28.966ms
[80.221s][info][gc] GC(455) Garbage Collection (Allocation Stall) 14M(100%)->14M(100%)
[80.221s][info][gc] Allocation Stall (RMI TCP Connection(2)-127.0.0.1) 29.531ms
[80.236s][info][gc] Allocation Stall (RMI TCP Connection(1)-127.0.0.1) 30.152ms
[80.236s][info][gc] GC(456) Garbage Collection (Allocation Stall) 14M(100%)->14M(100%)
[80.251s][info][gc] Allocation Stall (RMI TCP Connection(2)-127.0.0.1) 29.872ms
[80.251s][info][gc] GC(457) Garbage Collection (Allocation Stall) 14M(100%)->14M(100%)
[80.266s][info][gc] GC(458) Garbage Collection (Allocation Stall) 14M(100%)->14M(100%)
[80.266s][info][gc] Allocation Stall (RMI TCP Connection(1)-127.0.0.1) 29.453ms
[80.280s][info][gc] GC(459) Garbage Collection (Allocation Stall) 14M(100%)->14M(100%)
[80.280s][info][gc] Allocation Stall (RMI TCP Connection(2)-127.0.0.1) 29.039ms
[80.295s][info][gc] GC(460) Garbage Collection (Allocation Stall) 14M(100%)->14M(100%)
[80.295s][info][gc] Allocation Stall (RMI TCP Connection(1)-127.0.0.1) 28.276ms
[80.309s][info][gc] GC(461) Garbage Collection (Allocation Stall) 14M(100%)->14M(100%)
[80.309s][info][gc] Allocation Stall (RMI TCP Connection(2)-127.0.0.1) 28.156ms
[80.323s][info][gc] GC(462) Garbage Collection (Allocation Stall) 14M(100%)->14M(100%)
[80.323s][info][gc] Allocation Stall (RMI TCP Connection(1)-127.0.0.1) 27.723ms
[80.341s][info][gc] GC(463) Garbage Collection (Allocation Stall) 14M(100%)->14M(100%)
[80.341s][info][gc] Allocation Stall (RMI TCP Connection(2)-127.0.0.1) 31.958ms
[80.355s][info][gc] Allocation Stall (RMI TCP Connection(1)-127.0.0.1) 31.846ms
[80.355s][info][gc] GC(464) Garbage Collection (Allocation Stall) 14M(100%)->14M(100%)
[80.370s][info][gc] GC(465) Garbage Collection (Allocation Stall) 14M(100%)->14M(100%)
[80.370s][info][gc] Allocation Stall (RMI TCP Connection(2)-127.0.0.1) 28.930ms
[80.385s][info][gc] Allocation Stall (RMI TCP Connection(1)-127.0.0.1) 29.473ms
[80.385s][info][gc] GC(466) Garbage Collection (Allocation Stall) 14M(100%)->14M(100%)
[80.399s][info][gc] GC(467) Garbage Collection (Allocation Stall) 14M(100%)->14M(100%)
[80.399s][info][gc] Allocation Stall (RMI TCP Connection(2)-127.0.0.1) 28.871ms
[80.414s][info][gc] Allocation Stall (RMI TCP Connection(1)-127.0.0.1) 28.700ms
[80.414s][info][gc] GC(468) Garbage Collection (Allocation Stall) 14M(100%)->14M(100%)
[80.429s][info][gc] GC(469) Garbage Collection (Allocation Stall) 14M(100%)->14M(100%)
[80.429s][info][gc] Allocation Stall (RMI TCP Connection(2)-127.0.0.1) 29.367ms
[80.443s][info][gc] Allocation Stall (RMI TCP Connection(1)-127.0.0.1) 28.641ms
[80.443s][info][gc] GC(470) Garbage Collection (Allocation Stall) 14M(100%)->14M(100%)
[80.457s][info][gc] Allocation Stall (RMI TCP Connection(2)-127.0.0.1) 27.681ms
[80.457s][info][gc] GC(471) Garbage Collection (Allocation Stall) 14M(100%)->14M(100%)
[80.470s][info][gc] Allocation Stall (RMI TCP Connection(1)-127.0.0.1) 26.909ms
[80.470s][info][gc] GC(472) Garbage Collection (Allocation Stall) 14M(100%)->14M(100%)
[80.484s][info][gc] GC(473) Garbage Collection (Allocation Stall) 14M(100%)->14M(100%)
[80.484s][info][gc] Allocation Stall (RMI TCP Connection(2)-127.0.0.1) 27.174ms
[80.498s][info][gc] Allocation Stall (RMI TCP Connection(1)-127.0.0.1) 27.258ms
[80.498s][info][gc] GC(474) Garbage Collection (Allocation Stall) 14M(100%)->14M(100%)
[80.512s][info][gc] Allocation Stall (RMI TCP Connection(2)-127.0.0.1) 27.323ms
[80.512s][info][gc] GC(475) Garbage Collection (Allocation Stall) 14M(100%)->14M(100%)
[80.526s][info][gc] Allocation Stall (RMI TCP Connection(1)-127.0.0.1) 27.398ms
[80.526s][info][gc] GC(476) Garbage Collection (Allocation Stall) 14M(100%)->14M(100%)
[80.540s][info][gc] GC(477) Garbage Collection (Allocation Stall) 14M(100%)->14M(100%)
[80.540s][info][gc] Allocation Stall (RMI TCP Connection(2)-127.0.0.1) 27.738ms
[80.554s][info][gc] Allocation Stall (RMI TCP Connection(1)-127.0.0.1) 28.029ms
[80.554s][info][gc] GC(478) Garbage Collection (Allocation Stall) 14M(100%)->14M(100%)
[80.568s][info][gc] GC(479) Garbage Collection (Allocation Stall) 14M(100%)->14M(100%)
[80.569s][info][gc] Allocation Stall (RMI TCP Connection(2)-127.0.0.1) 28.057ms
[80.582s][info][gc] GC(480) Garbage Collection (Allocation Stall) 14M(100%)->14M(100%)
[80.582s][info][gc] Allocation Stall (RMI TCP Connection(1)-127.0.0.1) 27.628ms
[80.596s][info][gc] GC(481) Garbage Collection (Allocation Stall) 14M(100%)->14M(100%)
[80.596s][info][gc] Allocation Stall (RMI TCP Connection(2)-127.0.0.1) 27.543ms
[80.610s][info][gc] GC(482) Garbage Collection (Allocation Stall) 14M(100%)->14M(100%)
[80.610s][info][gc] Allocation Stall (RMI TCP Connection(1)-127.0.0.1) 27.620ms
[80.625s][info][gc] GC(483) Garbage Collection (Allocation Stall) 14M(100%)->14M(100%)
[80.625s][info][gc] Allocation Stall (RMI TCP Connection(2)-127.0.0.1) 27.849ms
[80.638s][info][gc] GC(484) Garbage Collection (Allocation Stall) 14M(100%)->14M(100%)
[80.638s][info][gc] Allocation Stall (RMI TCP Connection(1)-127.0.0.1) 27.386ms
[80.653s][info][gc] GC(485) Garbage Collection (Allocation Stall) 14M(100%)->14M(100%)
[80.654s][info][gc] Allocation Stall (RMI TCP Connection(2)-127.0.0.1) 28.459ms
[80.668s][info][gc] GC(486) Garbage Collection (Allocation Stall) 14M(100%)->14M(100%)
[80.668s][info][gc] Allocation Stall (RMI TCP Connection(1)-127.0.0.1) 28.589ms
[80.683s][info][gc] GC(487) Garbage Collection (Allocation Stall) 14M(100%)->14M(100%)
[80.683s][info][gc] Allocation Stall (RMI TCP Connection(2)-127.0.0.1) 29.522ms
[80.699s][info][gc] Allocation Stall (RMI TCP Connection(1)-127.0.0.1) 30.951ms
[80.699s][info][gc] GC(488) Garbage Collection (Allocation Stall) 14M(100%)->14M(100%)
[80.715s][info][gc] GC(489) Garbage Collection (Allocation Stall) 14M(100%)->14M(100%)
[80.715s][info][gc] Allocation Stall (RMI TCP Connection(2)-127.0.0.1) 31.046ms
[80.730s][info][gc] GC(490) Garbage Collection (Allocation Stall) 14M(100%)->14M(100%)
[80.730s][info][gc] Allocation Stall (RMI TCP Connection(1)-127.0.0.1) 31.022ms
[80.746s][info][gc] GC(491) Garbage Collection (Allocation Stall) 14M(100%)->14M(100%)
[80.746s][info][gc] Allocation Stall (RMI TCP Connection(2)-127.0.0.1) 31.161ms
[80.762s][info][gc] GC(492) Garbage Collection (Allocation Stall) 14M(100%)->14M(100%)
[80.762s][info][gc] Allocation Stall (RMI TCP Connection(1)-127.0.0.1) 31.112ms
[80.780s][info][gc] GC(493) Garbage Collection (Allocation Stall) 14M(100%)->14M(100%)
[80.780s][info][gc] Allocation Stall (RMI TCP Connection(2)-127.0.0.1) 33.553ms
[80.796s][info][gc] GC(494) Garbage Collection (Allocation Stall) 14M(100%)->14M(100%)
[80.796s][info][gc] Allocation Stall (RMI TCP Connection(1)-127.0.0.1) 32.979ms
[80.812s][info][gc] GC(495) Garbage Collection (Allocation Stall) 14M(100%)->14M(100%)
[80.812s][info][gc] Allocation Stall (RMI TCP Connection(2)-127.0.0.1) 31.391ms
[80.827s][info][gc] Allocation Stall (RMI TCP Connection(1)-127.0.0.1) 30.414ms
[80.827s][info][gc] GC(496) Garbage Collection (Allocation Stall) 14M(100%)->14M(100%)
[80.842s][info][gc] GC(497) Garbage Collection (Allocation Stall) 14M(100%)->14M(100%)
[80.842s][info][gc] Allocation Stall (RMI TCP Connection(2)-127.0.0.1) 29.769ms
[80.856s][info][gc] GC(498) Garbage Collection (Allocation Stall) 14M(100%)->14M(100%)
[80.856s][info][gc] Allocation Stall (RMI TCP Connection(1)-127.0.0.1) 29.376ms
[80.872s][info][gc] Allocation Stall (RMI TCP Connection(2)-127.0.0.1) 29.658ms
[80.872s][info][gc] GC(499) Garbage Collection (Allocation Stall) 14M(100%)->14M(100%)
[80.888s][info][gc] GC(500) Garbage Collection (Allocation Stall) 14M(100%)->14M(100%)
[80.889s][info][gc] Allocation Stall (RMI TCP Connection(1)-127.0.0.1) 31.912ms
[80.902s][info][gc] GC(501) Garbage Collection (Allocation Stall) 14M(100%)->14M(100%)
[80.903s][info][gc] Allocation Stall (RMI TCP Connection(2)-127.0.0.1) 29.598ms
[80.916s][info][gc] GC(502) Garbage Collection (Allocation Stall) 14M(100%)->14M(100%)
[80.916s][info][gc] Allocation Stall (RMI TCP Connection(1)-127.0.0.1) 27.218ms
[80.930s][info][gc] GC(503) Garbage Collection (Allocation Stall) 14M(100%)->14M(100%)
[80.931s][info][gc] Allocation Stall (RMI TCP Connection(2)-127.0.0.1) 27.737ms
[80.947s][info][gc] Allocation Stall (RMI TCP Connection(1)-127.0.0.1) 30.519ms
[80.947s][info][gc] GC(504) Garbage Collection (Allocation Stall) 14M(100%)->14M(100%)
[80.964s][info][gc] GC(505) Garbage Collection (Allocation Stall) 14M(100%)->14M(100%)
[80.964s][info][gc] Allocation Stall (RMI TCP Connection(2)-127.0.0.1) 33.071ms
[80.981s][info][gc] Allocation Stall (RMI TCP Connection(1)-127.0.0.1) 33.156ms
[80.981s][info][gc] GC(506) Garbage Collection (Allocation Stall) 14M(100%)->14M(100%)
[80.995s][info][gc] Allocation Stall (RMI TCP Connection(2)-127.0.0.1) 30.756ms
[80.995s][info][gc] GC(507) Garbage Collection (Allocation Stall) 14M(100%)->14M(100%)
[81.010s][info][gc] Allocation Stall (RMI TCP Connection(1)-127.0.0.1) 28.465ms
[81.010s][info][gc] GC(508) Garbage Collection (Allocation Stall) 14M(100%)->14M(100%)
[81.023s][info][gc] GC(509) Garbage Collection (Allocation Stall) 14M(100%)->14M(100%)
[81.023s][info][gc] Allocation Stall (RMI TCP Connection(2)-127.0.0.1) 27.883ms
[81.037s][info][gc] Allocation Stall (RMI TCP Connection(1)-127.0.0.1) 27.023ms
[81.037s][info][gc] GC(510) Garbage Collection (Allocation Stall) 14M(100%)->14M(100%)
[81.051s][info][gc] Allocation Stall (RMI TCP Connection(2)-127.0.0.1) 26.999ms
[81.051s][info][gc] GC(511) Garbage Collection (Allocation Stall) 14M(100%)->14M(100%)
[81.065s][info][gc] Allocation Stall (RMI TCP Connection(1)-127.0.0.1) 27.099ms
[81.065s][info][gc] GC(512) Garbage Collection (Allocation Stall) 14M(100%)->14M(100%)
[81.078s][info][gc] Allocation Stall (RMI TCP Connection(2)-127.0.0.1) 27.384ms
[81.078s][info][gc] GC(513) Garbage Collection (Allocation Stall) 14M(100%)->14M(100%)
[81.092s][info][gc] GC(514) Garbage Collection (Allocation Stall) 14M(100%)->14M(100%)
[81.092s][info][gc] Allocation Stall (RMI TCP Connection(1)-127.0.0.1) 27.342ms
[81.107s][info][gc] GC(515) Garbage Collection (Allocation Stall) 14M(100%)->14M(100%)
[81.107s][info][gc] Allocation Stall (RMI TCP Connection(2)-127.0.0.1) 28.218ms
[81.121s][info][gc] GC(516) Garbage Collection (Allocation Stall) 14M(100%)->14M(100%)
[81.121s][info][gc] Allocation Stall (RMI TCP Connection(1)-127.0.0.1) 28.337ms
[81.134s][info][gc] GC(517) Garbage Collection (Allocation Stall) 14M(100%)->14M(100%)
[81.134s][info][gc] Allocation Stall (RMI TCP Connection(2)-127.0.0.1) 27.036ms
[81.149s][info][gc] GC(518) Garbage Collection (Allocation Stall) 14M(100%)->14M(100%)
[81.149s][info][gc] Allocation Stall (RMI TCP Connection(1)-127.0.0.1) 27.355ms
[81.162s][info][gc] Allocation Stall (RMI TCP Connection(2)-127.0.0.1) 27.410ms
[81.162s][info][gc] GC(519) Garbage Collection (Allocation Stall) 14M(100%)->14M(100%)
[81.176s][info][gc] GC(520) Garbage Collection (Allocation Stall) 14M(100%)->14M(100%)
[81.176s][info][gc] Allocation Stall (RMI TCP Connection(1)-127.0.0.1) 27.336ms
[81.190s][info][gc] GC(521) Garbage Collection (Allocation Stall) 14M(100%)->14M(100%)
[81.190s][info][gc] Allocation Stall (RMI TCP Connection(2)-127.0.0.1) 27.212ms
[81.203s][info][gc] GC(522) Garbage Collection (Allocation Stall) 14M(100%)->14M(100%)
[81.204s][info][gc] Allocation Stall (RMI TCP Connection(1)-127.0.0.1) 27.104ms
[81.219s][info][gc] GC(523) Garbage Collection (Allocation Stall) 14M(100%)->14M(100%)
[81.219s][info][gc] Allocation Stall (RMI TCP Connection(2)-127.0.0.1) 28.342ms
[81.232s][info][gc] GC(524) Garbage Collection (Allocation Stall) 14M(100%)->14M(100%)
[81.233s][info][gc] Allocation Stall (RMI TCP Connection(1)-127.0.0.1) 28.696ms
[81.246s][info][gc] GC(525) Garbage Collection (Allocation Stall) 14M(100%)->14M(100%)
[81.246s][info][gc] Allocation Stall (RMI TCP Connection(2)-127.0.0.1) 27.282ms
[81.260s][info][gc] GC(526) Garbage Collection (Allocation Stall) 14M(100%)->14M(100%)
[81.260s][info][gc] Allocation Stall (RMI TCP Connection(1)-127.0.0.1) 27.214ms
[81.274s][info][gc] Allocation Stall (RMI TCP Connection(2)-127.0.0.1) 27.083ms
[81.274s][info][gc] GC(527) Garbage Collection (Allocation Stall) 14M(100%)->14M(100%)
[81.287s][info][gc] GC(528) Garbage Collection (Allocation Stall) 14M(100%)->14M(100%)
[81.288s][info][gc] Allocation Stall (RMI TCP Connection(1)-127.0.0.1) 27.197ms
[81.301s][info][gc] Allocation Stall (RMI TCP Connection(2)-127.0.0.1) 26.805ms
[81.301s][info][gc] GC(529) Garbage Collection (Allocation Stall) 14M(100%)->14M(100%)
[81.315s][info][gc] GC(530) Garbage Collection (Allocation Stall) 14M(100%)->14M(100%)
[81.315s][info][gc] Allocation Stall (RMI TCP Connection(1)-127.0.0.1) 27.023ms
[81.329s][info][gc] GC(531) Garbage Collection (Allocation Stall) 14M(100%)->14M(100%)
[81.329s][info][gc] Allocation Stall (RMI TCP Connection(2)-127.0.0.1) 27.203ms
[81.342s][info][gc] GC(532) Garbage Collection (Allocation Stall) 14M(100%)->14M(100%)
[81.343s][info][gc] Allocation Stall (RMI TCP Connection(1)-127.0.0.1) 27.266ms
[81.356s][info][gc] Allocation Stall (RMI TCP Connection(2)-127.0.0.1) 27.013ms
[81.356s][info][gc] GC(533) Garbage Collection (Allocation Stall) 14M(100%)->14M(100%)
[81.370s][info][gc] GC(534) Garbage Collection (Allocation Stall) 14M(100%)->14M(100%)
[81.370s][info][gc] Allocation Stall (RMI TCP Connection(1)-127.0.0.1) 27.028ms
[81.384s][info][gc] Allocation Stall (RMI TCP Connection(2)-127.0.0.1) 27.047ms
[81.384s][info][gc] GC(535) Garbage Collection (Allocation Stall) 14M(100%)->14M(100%)
[81.397s][info][gc] GC(536) Garbage Collection (Allocation Stall) 14M(100%)->14M(100%)
[81.397s][info][gc] Allocation Stall (RMI TCP Connection(1)-127.0.0.1) 27.270ms
[81.411s][info][gc] Allocation Stall (RMI TCP Connection(2)-127.0.0.1) 27.057ms
[81.411s][info][gc] GC(537) Garbage Collection (Allocation Stall) 14M(100%)->14M(100%)
[81.425s][info][gc] GC(538) Garbage Collection (Allocation Stall) 14M(100%)->14M(100%)
[81.425s][info][gc] Allocation Stall (RMI TCP Connection(1)-127.0.0.1) 27.409ms
[81.439s][info][gc] GC(539) Garbage Collection (Allocation Stall) 14M(100%)->14M(100%)
[81.439s][info][gc] Allocation Stall (RMI TCP Connection(2)-127.0.0.1) 27.367ms
[81.453s][info][gc] Allocation Stall (RMI TCP Connection(1)-127.0.0.1) 27.362ms
[81.453s][info][gc] GC(540) Garbage Collection (Allocation Stall) 14M(100%)->14M(100%)
[81.466s][info][gc] Allocation Stall (RMI TCP Connection(2)-127.0.0.1) 27.025ms
[81.466s][info][gc] GC(541) Garbage Collection (Allocation Stall) 14M(100%)->14M(100%)
[81.481s][info][gc] GC(542) Garbage Collection (Allocation Stall) 14M(100%)->14M(100%)
[81.481s][info][gc] Allocation Stall (RMI TCP Connection(1)-127.0.0.1) 27.507ms
[81.494s][info][gc] GC(543) Garbage Collection (Allocation Stall) 14M(100%)->14M(100%)
[81.494s][info][gc] Allocation Stall (RMI TCP Connection(2)-127.0.0.1) 27.299ms
[81.508s][info][gc] GC(544) Garbage Collection (Allocation Stall) 14M(100%)->14M(100%)
[81.508s][info][gc] Allocation Stall (RMI TCP Connection(1)-127.0.0.1) 26.843ms
[81.521s][info][gc] GC(545) Garbage Collection (Allocation Stall) 14M(100%)->14M(100%)
[81.521s][info][gc] Allocation Stall (RMI TCP Connection(2)-127.0.0.1) 26.849ms
[81.535s][info][gc] Allocation Stall (RMI TCP Connection(1)-127.0.0.1) 27.082ms
[81.535s][info][gc] GC(546) Garbage Collection (Allocation Stall) 14M(100%)->14M(100%)
[81.549s][info][gc] GC(547) Garbage Collection (Allocation Stall) 14M(100%)->14M(100%)
[81.549s][info][gc] Allocation Stall (RMI TCP Connection(2)-127.0.0.1) 27.459ms
[81.563s][info][gc] Allocation Stall (RMI TCP Connection(1)-127.0.0.1) 27.210ms
[81.563s][info][gc] GC(548) Garbage Collection (Allocation Stall) 14M(100%)->14M(100%)
[81.576s][info][gc] GC(549) Garbage Collection (Allocation Stall) 14M(100%)->14M(100%)
[81.576s][info][gc] Allocation Stall (RMI TCP Connection(2)-127.0.0.1) 26.988ms
[81.590s][info][gc] Allocation Stall (RMI TCP Connection(1)-127.0.0.1) 27.146ms
[81.590s][info][gc] GC(550) Garbage Collection (Allocation Stall) 14M(100%)->14M(100%)
[81.604s][info][gc] Allocation Stall (RMI TCP Connection(2)-127.0.0.1) 27.296ms
[81.604s][info][gc] GC(551) Garbage Collection (Allocation Stall) 14M(100%)->14M(100%)
[81.618s][info][gc] Allocation Stall (RMI TCP Connection(1)-127.0.0.1) 27.345ms
[81.618s][info][gc] GC(552) Garbage Collection (Allocation Stall) 14M(100%)->14M(100%)
[81.631s][info][gc] Allocation Stall (RMI TCP Connection(2)-127.0.0.1) 26.906ms
[81.631s][info][gc] GC(553) Garbage Collection (Allocation Stall) 14M(100%)->14M(100%)
[81.645s][info][gc] Allocation Stall (RMI TCP Connection(1)-127.0.0.1) 27.044ms
[81.645s][info][gc] GC(554) Garbage Collection (Allocation Stall) 14M(100%)->14M(100%)
[81.659s][info][gc] Allocation Stall (RMI TCP Connection(2)-127.0.0.1) 27.220ms
[81.659s][info][gc] GC(555) Garbage Collection (Allocation Stall) 14M(100%)->14M(100%)
[81.673s][info][gc] Allocation Stall (RMI TCP Connection(1)-127.0.0.1) 27.287ms
[81.673s][info][gc] GC(556) Garbage Collection (Allocation Stall) 14M(100%)->14M(100%)
[81.686s][info][gc] GC(557) Garbage Collection (Allocation Stall) 14M(100%)->14M(100%)
[81.686s][info][gc] Allocation Stall (RMI TCP Connection(2)-127.0.0.1) 27.020ms
[81.700s][info][gc] GC(558) Garbage Collection (Allocation Stall) 14M(100%)->14M(100%)
[81.700s][info][gc] Allocation Stall (RMI TCP Connection(1)-127.0.0.1) 26.668ms
[81.713s][info][gc] Allocation Stall (RMI TCP Connection(2)-127.0.0.1) 26.842ms
[81.713s][info][gc] GC(559) Garbage Collection (Allocation Stall) 14M(100%)->14M(100%)
[81.727s][info][gc] GC(560) Garbage Collection (Allocation Stall) 14M(100%)->14M(100%)
[81.727s][info][gc] Allocation Stall (RMI TCP Connection(1)-127.0.0.1) 26.651ms
[81.741s][info][gc] Allocation Stall (RMI TCP Connection(2)-127.0.0.1) 26.871ms
[81.741s][info][gc] GC(561) Garbage Collection (Allocation Stall) 14M(100%)->14M(100%)
[81.754s][info][gc] GC(562) Garbage Collection (Allocation Stall) 14M(100%)->14M(100%)
[81.754s][info][gc] Allocation Stall (RMI TCP Connection(1)-127.0.0.1) 27.132ms
[81.768s][info][gc] GC(563) Garbage Collection (Allocation Stall) 14M(100%)->14M(100%)
[81.768s][info][gc] Allocation Stall (RMI TCP Connection(2)-127.0.0.1) 27.384ms
[81.782s][info][gc] Allocation Stall (RMI TCP Connection(1)-127.0.0.1) 27.036ms
[81.782s][info][gc] GC(564) Garbage Collection (Allocation Stall) 14M(100%)->14M(100%)
[81.796s][info][gc] Allocation Stall (RMI TCP Connection(2)-127.0.0.1) 26.965ms
[81.796s][info][gc] GC(565) Garbage Collection (Allocation Stall) 14M(100%)->14M(100%)
[81.809s][info][gc] Allocation Stall (RMI TCP Connection(1)-127.0.0.1) 27.058ms
[81.809s][info][gc] GC(566) Garbage Collection (Allocation Stall) 14M(100%)->14M(100%)
[81.823s][info][gc] GC(567) Garbage Collection (Allocation Stall) 14M(100%)->14M(100%)
[81.823s][info][gc] Allocation Stall (RMI TCP Connection(2)-127.0.0.1) 26.644ms
[81.836s][info][gc] Allocation Stall (RMI TCP Connection(1)-127.0.0.1) 26.518ms
[81.836s][info][gc] GC(568) Garbage Collection (Allocation Stall) 14M(100%)->14M(100%)
[81.850s][info][gc] Allocation Stall (RMI TCP Connection(2)-127.0.0.1) 26.792ms
[81.850s][info][gc] GC(569) Garbage Collection (Allocation Stall) 14M(100%)->14M(100%)
[81.864s][info][gc] GC(570) Garbage Collection (Allocation Stall) 14M(100%)->14M(100%)
[81.864s][info][gc] Allocation Stall (RMI TCP Connection(1)-127.0.0.1) 27.178ms
[81.877s][info][gc] Allocation Stall (RMI TCP Connection(2)-127.0.0.1) 27.014ms
[81.877s][info][gc] GC(571) Garbage Collection (Allocation Stall) 14M(100%)->14M(100%)
[81.891s][info][gc] Allocation Stall (RMI TCP Connection(1)-127.0.0.1) 26.862ms
[81.891s][info][gc] GC(572) Garbage Collection (Allocation Stall) 14M(100%)->14M(100%)
[81.904s][info][gc] Allocation Stall (RMI TCP Connection(2)-127.0.0.1) 26.869ms
[81.904s][info][gc] GC(573) Garbage Collection (Allocation Stall) 14M(100%)->14M(100%)
[81.918s][info][gc] Allocation Stall (RMI TCP Connection(1)-127.0.0.1) 26.909ms
[81.918s][info][gc] GC(574) Garbage Collection (Allocation Stall) 14M(100%)->14M(100%)
[81.932s][info][gc] Allocation Stall (RMI TCP Connection(2)-127.0.0.1) 26.912ms
[81.932s][info][gc] GC(575) Garbage Collection (Allocation Stall) 14M(100%)->14M(100%)
[81.945s][info][gc] Allocation Stall (RMI TCP Connection(1)-127.0.0.1) 26.802ms
[81.945s][info][gc] GC(576) Garbage Collection (Allocation Stall) 14M(100%)->14M(100%)
[81.972s][info][gc] Allocation Stall (RMI TCP Connection(2)-127.0.0.1) 39.748ms
[81.972s][info][gc] GC(577) Garbage Collection (Allocation Stall) 14M(100%)->14M(100%)
[82.003s][info][gc] GC(578) Garbage Collection (Allocation Stall) 14M(100%)->14M(100%)
[82.003s][info][gc] Allocation Stall (RMI TCP Connection(1)-127.0.0.1) 57.719ms
[82.023s][info][gc] GC(579) Garbage Collection (Allocation Stall) 14M(100%)->14M(100%)
[82.023s][info][gc] Allocation Stall (RMI TCP Connection(2)-127.0.0.1) 37.399ms
[82.038s][info][gc] GC(580) Garbage Collection (Allocation Stall) 14M(100%)->14M(100%)
[82.039s][info][gc] Allocation Stall (RMI TCP Connection(1)-127.0.0.1) 34.789ms
[82.053s][info][gc] GC(581) Garbage Collection (Allocation Stall) 14M(100%)->14M(100%)
[82.053s][info][gc] Allocation Stall (RMI TCP Connection(2)-127.0.0.1) 29.298ms
[82.066s][info][gc] Allocation Stall (RMI TCP Connection(1)-127.0.0.1) 27.221ms
[82.066s][info][gc] GC(582) Garbage Collection (Allocation Stall) 14M(100%)->14M(100%)
[82.080s][info][gc] Allocation Stall (RMI TCP Connection(2)-127.0.0.1) 27.356ms
[82.080s][info][gc] GC(583) Garbage Collection (Allocation Stall) 14M(100%)->14M(100%)
[82.094s][info][gc] Allocation Stall (RMI TCP Connection(1)-127.0.0.1) 27.390ms
[82.094s][info][gc] GC(584) Garbage Collection (Allocation Stall) 14M(100%)->14M(100%)
[82.108s][info][gc] Allocation Stall (RMI TCP Connection(2)-127.0.0.1) 26.918ms
[82.108s][info][gc] GC(585) Garbage Collection (Allocation Stall) 14M(100%)->14M(100%)
[82.121s][info][gc] Allocation Stall (RMI TCP Connection(1)-127.0.0.1) 26.622ms
[82.121s][info][gc] GC(586) Garbage Collection (Allocation Stall) 14M(100%)->14M(100%)
[82.135s][info][gc] GC(587) Garbage Collection (Allocation Stall) 14M(100%)->14M(100%)
[82.135s][info][gc] Allocation Stall (RMI TCP Connection(2)-127.0.0.1) 26.570ms
[82.135s][info][gc] Allocation Stall (JMX server connection timeout 22) 26.569ms
[82.148s][info][gc] GC(588) Garbage Collection (Allocation Stall) 14M(100%)->14M(100%)
[82.148s][info][gc] Allocation Stall (RMI TCP Connection(1)-127.0.0.1) 26.801ms
[82.162s][info][gc] Allocation Stall (RMI TCP Connection(2)-127.0.0.1) 26.745ms
[82.162s][info][gc] GC(589) Garbage Collection (Allocation Stall) 14M(100%)->14M(100%)
[82.162s][info][gc] Allocation Stall (JMX server connection timeout 22) 26.862ms
[82.175s][info][gc] GC(590) Garbage Collection (Allocation Stall) 14M(100%)->14M(100%)
[82.175s][info][gc] Allocation Stall (RMI TCP Connection(1)-127.0.0.1) 26.556ms
[82.189s][info][gc] GC(591) Garbage Collection (Allocation Stall) 14M(100%)->14M(100%)
[82.189s][info][gc] Allocation Stall (RMI TCP Connection(2)-127.0.0.1) 26.906ms
[82.189s][info][gc] Allocation Stall (JMX server connection timeout 22) 26.917ms
[82.202s][info][gc] Allocation Stall (RMI TCP Connection(1)-127.0.0.1) 27.043ms
[82.202s][info][gc] GC(592) Garbage Collection (Allocation Stall) 14M(100%)->14M(100%)
[82.216s][info][gc] GC(593) Garbage Collection (Allocation Stall) 14M(100%)->14M(100%)
[82.216s][info][gc] Allocation Stall (RMI TCP Connection(2)-127.0.0.1) 26.935ms
[82.216s][info][gc] Allocation Stall (JMX server connection timeout 22) 27.025ms
[82.230s][info][gc] GC(594) Garbage Collection (Allocation Stall) 14M(100%)->14M(100%)
[82.230s][info][gc] Allocation Stall (RMI TCP Connection(1)-127.0.0.1) 26.869ms
[82.243s][info][gc] Allocation Stall (RMI TCP Connection(2)-127.0.0.1) 26.863ms
[82.243s][info][gc] GC(595) Garbage Collection (Allocation Stall) 14M(100%)->14M(100%)
[82.257s][info][gc] GC(596) Garbage Collection (Allocation Stall) 14M(100%)->14M(100%)
[82.257s][info][gc] Allocation Stall (RMI TCP Connection(1)-127.0.0.1) 26.944ms
[82.270s][info][gc] Allocation Stall (RMI TCP Connection(2)-127.0.0.1) 26.827ms
[82.270s][info][gc] GC(597) Garbage Collection (Allocation Stall) 14M(100%)->14M(100%)
[82.285s][info][gc] Allocation Stall (RMI TCP Connection(1)-127.0.0.1) 27.415ms
[82.285s][info][gc] GC(598) Garbage Collection (Allocation Stall) 14M(100%)->14M(100%)
[82.368s][info][gc] GC(599) Garbage Collection (Allocation Stall) 14M(100%)->14M(100%)
[82.368s][info][gc] Allocation Stall (RMI TCP Connection(2)-127.0.0.1) 96.741ms
[82.384s][info][gc] GC(600) Garbage Collection (Allocation Stall) 14M(100%)->14M(100%)
[82.384s][info][gc] Allocation Stall (RMI TCP Accept-0) 73.952ms
[82.385s][info][gc] Allocation Stall (RMI TCP Connection(1)-127.0.0.1) 90.483ms
[82.401s][info][gc] Allocation Stall (RMI TCP Connection(2)-127.0.0.1) 33.351ms
[82.401s][info][gc] GC(601) Garbage Collection (Allocation Stall) 14M(100%)->14M(100%)
[82.401s][info][gc] Allocation Stall (RMI TCP Accept-0) 16.883ms
[82.401s][info][gc] Out Of Memory (RMI TCP Accept-0)
[82.416s][info][gc] GC(602) Garbage Collection (Allocation Stall) 14M(100%)->14M(100%)
[82.416s][info][gc] Allocation Stall (RMI TCP Connection(1)-127.0.0.1) 30.786ms
[82.430s][info][gc] GC(603) Garbage Collection (Allocation Stall) 14M(100%)->14M(100%)
[82.430s][info][gc] Allocation Stall (RMI TCP Connection(2)-127.0.0.1) 28.451ms
[82.430s][info][gc] Allocation Stall (RMI TCP Accept-0) 28.399ms
[82.444s][info][gc] GC(604) Garbage Collection (Allocation Stall) 14M(100%)->14M(100%)
[82.444s][info][gc] Allocation Stall (RMI TCP Connection(1)-127.0.0.1) 28.613ms
[82.459s][info][gc] GC(605) Garbage Collection (Allocation Stall) 14M(100%)->14M(100%)
[82.459s][info][gc] Allocation Stall (RMI TCP Accept-0) 28.585ms
[82.459s][info][gc] Allocation Stall (RMI TCP Connection(2)-127.0.0.1) 28.559ms
[82.473s][info][gc] GC(606) Garbage Collection (Allocation Stall) 14M(100%)->14M(100%)
[82.473s][info][gc] Allocation Stall (RMI TCP Connection(1)-127.0.0.1) 28.734ms
[82.489s][info][gc] Allocation Stall (RMI TCP Accept-0) 30.170ms
[82.489s][info][gc] GC(607) Garbage Collection (Allocation Stall) 14M(100%)->14M(100%)
[82.489s][info][gc] Allocation Stall (RMI TCP Connection(2)-127.0.0.1) 30.254ms
[82.506s][info][gc] GC(608) Garbage Collection (Allocation Stall) 14M(100%)->14M(100%)
[82.506s][info][gc] Allocation Stall (RMI TCP Connection(1)-127.0.0.1) 32.506ms
[82.520s][info][gc] GC(609) Garbage Collection (Allocation Stall) 14M(100%)->14M(100%)
[82.520s][info][gc] Allocation Stall (RMI TCP Connection(2)-127.0.0.1) 29.742ms
[82.520s][info][gc] Allocation Stall (RMI TCP Accept-0) 29.825ms
[82.534s][info][gc] GC(610) Garbage Collection (Allocation Stall) 14M(100%)->14M(100%)
[82.535s][info][gc] Allocation Stall (RMI TCP Connection(1)-127.0.0.1) 28.275ms
[82.548s][info][gc] Allocation Stall (RMI TCP Accept-0) 27.719ms
[82.548s][info][gc] GC(611) Garbage Collection (Allocation Stall) 14M(100%)->14M(100%)
[82.548s][info][gc] Allocation Stall (RMI TCP Connection(2)-127.0.0.1) 27.814ms
[82.562s][info][gc] Allocation Stall (RMI TCP Connection(1)-127.0.0.1) 27.301ms
[82.562s][info][gc] GC(612) Garbage Collection (Allocation Stall) 14M(100%)->14M(100%)
[82.576s][info][gc] Allocation Stall (RMI TCP Connection(2)-127.0.0.1) 27.417ms
[82.576s][info][gc] GC(613) Garbage Collection (Allocation Stall) 14M(100%)->14M(100%)
[82.576s][info][gc] Allocation Stall (RMI TCP Accept-0) 27.548ms
[82.589s][info][gc] GC(614) Garbage Collection (Allocation Stall) 14M(100%)->14M(100%)
[82.590s][info][gc] Allocation Stall (RMI TCP Connection(1)-127.0.0.1) 26.987ms
[82.603s][info][gc] Allocation Stall (RMI TCP Accept-0) 26.793ms
[82.603s][info][gc] GC(615) Garbage Collection (Allocation Stall) 14M(100%)->14M(100%)
[82.603s][info][gc] Allocation Stall (RMI TCP Connection(2)-127.0.0.1) 26.915ms
[82.617s][info][gc] GC(616) Garbage Collection (Allocation Stall) 14M(100%)->14M(100%)
[82.617s][info][gc] Allocation Stall (RMI TCP Connection(1)-127.0.0.1) 27.030ms
[82.631s][info][gc] Allocation Stall (RMI TCP Accept-0) 27.061ms
[82.631s][info][gc] GC(617) Garbage Collection (Allocation Stall) 14M(100%)->14M(100%)
[82.631s][info][gc] Allocation Stall (RMI TCP Connection(2)-127.0.0.1) 27.151ms
[82.644s][info][gc] GC(618) Garbage Collection (Allocation Stall) 14M(100%)->14M(100%)
[82.644s][info][gc] Allocation Stall (RMI TCP Connection(1)-127.0.0.1) 27.033ms
[82.658s][info][gc] Allocation Stall (RMI TCP Accept-0) 27.104ms
[82.658s][info][gc] GC(619) Garbage Collection (Allocation Stall) 14M(100%)->14M(100%)
[82.658s][info][gc] Allocation Stall (RMI TCP Connection(2)-127.0.0.1) 27.257ms
[82.672s][info][gc] GC(620) Garbage Collection (Allocation Stall) 14M(100%)->14M(100%)
[82.672s][info][gc] Allocation Stall (RMI TCP Connection(1)-127.0.0.1) 27.283ms
[82.685s][info][gc] GC(621) Garbage Collection (Allocation Stall) 14M(100%)->14M(100%)
[82.685s][info][gc] Allocation Stall (RMI TCP Accept-0) 27.047ms
[82.685s][info][gc] Allocation Stall (RMI TCP Connection(2)-127.0.0.1) 27.130ms
[82.699s][info][gc] GC(622) Garbage Collection (Allocation Stall) 14M(100%)->14M(100%)
[82.699s][info][gc] Allocation Stall (RMI TCP Connection(1)-127.0.0.1) 27.347ms
[82.713s][info][gc] Allocation Stall (RMI TCP Connection(2)-127.0.0.1) 27.299ms
[82.713s][info][gc] GC(623) Garbage Collection (Allocation Stall) 14M(100%)->14M(100%)
[82.713s][info][gc] Allocation Stall (RMI TCP Accept-0) 27.398ms
[82.727s][info][gc] GC(624) Garbage Collection (Allocation Stall) 14M(100%)->14M(100%)
[82.727s][info][gc] Allocation Stall (RMI TCP Connection(1)-127.0.0.1) 26.906ms
[82.740s][info][gc] Allocation Stall (RMI TCP Accept-0) 26.964ms
[82.740s][info][gc] GC(625) Garbage Collection (Allocation Stall) 14M(100%)->14M(100%)
[82.740s][info][gc] Allocation Stall (RMI TCP Connection(2)-127.0.0.1) 27.105ms
[82.754s][info][gc] GC(626) Garbage Collection (Allocation Stall) 14M(100%)->14M(100%)
[82.754s][info][gc] Allocation Stall (RMI TCP Connection(1)-127.0.0.1) 27.135ms
[82.768s][info][gc] Allocation Stall (RMI TCP Connection(2)-127.0.0.1) 27.089ms
[82.768s][info][gc] GC(627) Garbage Collection (Allocation Stall) 14M(100%)->14M(100%)
[82.768s][info][gc] Allocation Stall (RMI TCP Accept-0) 27.175ms
[82.781s][info][gc] GC(628) Garbage Collection (Allocation Stall) 14M(100%)->14M(100%)
[82.781s][info][gc] Allocation Stall (RMI TCP Connection(1)-127.0.0.1) 26.909ms
[82.795s][info][gc] Allocation Stall (RMI TCP Connection(2)-127.0.0.1) 27.057ms
[82.795s][info][gc] GC(629) Garbage Collection (Allocation Stall) 14M(100%)->14M(100%)
[82.795s][info][gc] Allocation Stall (RMI TCP Accept-0) 27.188ms
[82.809s][info][gc] GC(630) Garbage Collection (Allocation Stall) 14M(100%)->14M(100%)
[82.809s][info][gc] Allocation Stall (RMI TCP Connection(1)-127.0.0.1) 27.252ms
[82.823s][info][gc] GC(631) Garbage Collection (Allocation Stall) 14M(100%)->14M(100%)
[82.823s][info][gc] Allocation Stall (RMI TCP Connection(2)-127.0.0.1) 27.275ms
[82.823s][info][gc] Allocation Stall (RMI TCP Accept-0) 27.318ms
[82.836s][info][gc] GC(632) Garbage Collection (Allocation Stall) 14M(100%)->14M(100%)
[82.836s][info][gc] Allocation Stall (RMI TCP Connection(1)-127.0.0.1) 27.014ms
[82.850s][info][gc] Allocation Stall (RMI TCP Connection(2)-127.0.0.1) 27.484ms
[82.850s][info][gc] GC(633) Garbage Collection (Allocation Stall) 14M(100%)->14M(100%)
[82.851s][info][gc] Allocation Stall (RMI TCP Accept-0) 27.610ms
[82.864s][info][gc] GC(634) Garbage Collection (Allocation Stall) 14M(100%)->14M(100%)
[82.864s][info][gc] Allocation Stall (RMI TCP Connection(1)-127.0.0.1) 27.659ms
[82.879s][info][gc] GC(635) Garbage Collection (Allocation Stall) 14M(100%)->14M(100%)
[82.879s][info][gc] Allocation Stall (RMI TCP Connection(2)-127.0.0.1) 28.268ms
[82.879s][info][gc] Allocation Stall (RMI TCP Accept-0) 28.357ms
[82.893s][info][gc] GC(636) Garbage Collection (Allocation Stall) 14M(100%)->14M(100%)
[82.893s][info][gc] Allocation Stall (RMI TCP Connection(1)-127.0.0.1) 28.503ms
[82.906s][info][gc] GC(637) Garbage Collection (Allocation Stall) 14M(100%)->14M(100%)
[82.906s][info][gc] Allocation Stall (RMI TCP Connection(2)-127.0.0.1) 26.598ms
[82.906s][info][gc] Allocation Stall (RMI TCP Accept-0) 26.665ms
[82.920s][info][gc] GC(638) Garbage Collection (Allocation Stall) 14M(100%)->14M(100%)
[82.920s][info][gc] Allocation Stall (RMI TCP Connection(1)-127.0.0.1) 26.954ms
[82.934s][info][gc] Allocation Stall (RMI TCP Connection(2)-127.0.0.1) 27.345ms
[82.934s][info][gc] GC(639) Garbage Collection (Allocation Stall) 14M(100%)->14M(100%)
[82.934s][info][gc] Allocation Stall (RMI TCP Accept-0) 27.491ms
[82.947s][info][gc] Allocation Stall (RMI TCP Connection(1)-127.0.0.1) 26.998ms
[82.947s][info][gc] GC(640) Garbage Collection (Allocation Stall) 14M(100%)->14M(100%)
[82.961s][info][gc] Allocation Stall (RMI TCP Connection(2)-127.0.0.1) 26.977ms
[82.961s][info][gc] GC(641) Garbage Collection (Allocation Stall) 14M(100%)->14M(100%)
[82.961s][info][gc] Allocation Stall (RMI TCP Accept-0) 27.145ms
[82.975s][info][gc] GC(642) Garbage Collection (Allocation Stall) 14M(100%)->14M(100%)
[82.975s][info][gc] Allocation Stall (RMI TCP Connection(1)-127.0.0.1) 26.989ms
[82.988s][info][gc] GC(643) Garbage Collection (Allocation Stall) 14M(100%)->14M(100%)
[82.988s][info][gc] Allocation Stall (RMI TCP Connection(2)-127.0.0.1) 27.126ms
[82.989s][info][gc] Allocation Stall (RMI TCP Accept-0) 27.221ms
[83.002s][info][gc] Allocation Stall (RMI TCP Connection(1)-127.0.0.1) 27.000ms
[83.002s][info][gc] GC(644) Garbage Collection (Allocation Stall) 14M(100%)->14M(100%)
[83.016s][info][gc] GC(645) Garbage Collection (Allocation Stall) 14M(100%)->14M(100%)
[83.016s][info][gc] Allocation Stall (RMI TCP Accept-0) 27.190ms
[83.016s][info][gc] Allocation Stall (RMI TCP Connection(2)-127.0.0.1) 27.196ms
[83.034s][info][gc] GC(646) Garbage Collection (Allocation Stall) 14M(100%)->14M(100%)
[83.035s][info][gc] Allocation Stall (RMI TCP Connection(1)-127.0.0.1) 32.047ms
[83.048s][info][gc] Allocation Stall (RMI TCP Accept-0) 27.541ms
[83.048s][info][gc] GC(647) Garbage Collection (Allocation Stall) 14M(100%)->14M(100%)
[83.048s][info][gc] Allocation Stall (RMI TCP Connection(2)-127.0.0.1) 27.600ms
[83.061s][info][gc] GC(648) Garbage Collection (Allocation Stall) 14M(100%)->14M(100%)
[83.061s][info][gc] Allocation Stall (RMI TCP Connection(1)-127.0.0.1) 26.465ms
[83.074s][info][gc] Allocation Stall (RMI TCP Connection(2)-127.0.0.1) 26.108ms
[83.074s][info][gc] GC(649) Garbage Collection (Allocation Stall) 14M(100%)->14M(100%)
[83.074s][info][gc] Allocation Stall (RMI TCP Accept-0) 26.148ms
[83.088s][info][gc] GC(650) Garbage Collection (Allocation Stall) 14M(100%)->14M(100%)
[83.088s][info][gc] Allocation Stall (RMI TCP Connection(1)-127.0.0.1) 26.147ms
[83.101s][info][gc] Allocation Stall (RMI TCP Accept-0) 26.045ms
[83.101s][info][gc] GC(651) Garbage Collection (Allocation Stall) 14M(100%)->14M(100%)
[83.101s][info][gc] Allocation Stall (RMI TCP Connection(2)-127.0.0.1) 26.170ms
[83.115s][info][gc] GC(652) Garbage Collection (Allocation Stall) 14M(100%)->14M(100%)
[83.115s][info][gc] Allocation Stall (RMI TCP Connection(1)-127.0.0.1) 26.588ms
[83.128s][info][gc] Allocation Stall (RMI TCP Accept-0) 26.237ms
[83.128s][info][gc] GC(653) Garbage Collection (Allocation Stall) 14M(100%)->14M(100%)
[83.128s][info][gc] Allocation Stall (RMI TCP Connection(2)-127.0.0.1) 26.632ms
[83.143s][info][gc] GC(654) Garbage Collection (Allocation Stall) 14M(100%)->14M(100%)
[83.143s][info][gc] Allocation Stall (RMI TCP Connection(1)-127.0.0.1) 28.026ms
[83.156s][info][gc] GC(655) Garbage Collection (Allocation Stall) 14M(100%)->14M(100%)
[83.156s][info][gc] Allocation Stall (RMI TCP Connection(2)-127.0.0.1) 27.792ms
[83.156s][info][gc] Allocation Stall (RMI TCP Accept-0) 27.532ms
[83.170s][info][gc] GC(656) Garbage Collection (Allocation Stall) 14M(100%)->14M(100%)
[83.170s][info][gc] Allocation Stall (RMI TCP Connection(1)-127.0.0.1) 26.412ms
[83.183s][info][gc] Allocation Stall (RMI TCP Accept-0) 26.746ms
[83.183s][info][gc] GC(657) Garbage Collection (Allocation Stall) 14M(100%)->14M(100%)
[83.183s][info][gc] Allocation Stall (RMI TCP Connection(2)-127.0.0.1) 26.833ms
[83.197s][info][gc] GC(658) Garbage Collection (Allocation Stall) 14M(100%)->14M(100%)
[83.197s][info][gc] Allocation Stall (RMI TCP Connection(1)-127.0.0.1) 27.238ms
[83.211s][info][gc] GC(659) Garbage Collection (Allocation Stall) 14M(100%)->14M(100%)
[83.211s][info][gc] Allocation Stall (RMI TCP Connection(2)-127.0.0.1) 26.827ms
[83.211s][info][gc] Allocation Stall (RMI TCP Accept-0) 26.874ms
[83.225s][info][gc] GC(660) Garbage Collection (Allocation Stall) 14M(100%)->14M(100%)
[83.225s][info][gc] Allocation Stall (RMI TCP Connection(1)-127.0.0.1) 27.262ms
[83.239s][info][gc] GC(661) Garbage Collection (Allocation Stall) 14M(100%)->14M(100%)
[83.239s][info][gc] Allocation Stall (RMI TCP Connection(2)-127.0.0.1) 27.297ms
[83.239s][info][gc] Allocation Stall (RMI TCP Accept-0) 27.282ms
[83.252s][info][gc] GC(662) Garbage Collection (Allocation Stall) 14M(100%)->14M(100%)
[83.252s][info][gc] Allocation Stall (RMI TCP Connection(1)-127.0.0.1) 26.783ms
[83.265s][info][gc] GC(663) Garbage Collection (Allocation Stall) 14M(100%)->14M(100%)
[83.265s][info][gc] Allocation Stall (RMI TCP Connection(2)-127.0.0.1) 26.460ms
[83.265s][info][gc] Allocation Stall (RMI TCP Accept-0) 26.041ms
[83.279s][info][gc] GC(664) Garbage Collection (Allocation Stall) 14M(100%)->14M(100%)
[83.279s][info][gc] Allocation Stall (RMI TCP Connection(1)-127.0.0.1) 26.266ms
[83.293s][info][gc] Allocation Stall (RMI TCP Accept-0) 27.404ms
[83.293s][info][gc] GC(665) Garbage Collection (Allocation Stall) 14M(100%)->14M(100%)
[83.293s][info][gc] Allocation Stall (RMI TCP Connection(2)-127.0.0.1) 27.570ms
[83.307s][info][gc] GC(666) Garbage Collection (Allocation Stall) 14M(100%)->14M(100%)
[83.307s][info][gc] Allocation Stall (RMI TCP Connection(1)-127.0.0.1) 27.753ms
[83.320s][info][gc] GC(667) Garbage Collection (Allocation Stall) 14M(100%)->14M(100%)
[83.320s][info][gc] Allocation Stall (RMI TCP Connection(2)-127.0.0.1) 27.000ms
[83.321s][info][gc] Allocation Stall (RMI TCP Accept-0) 27.005ms
[83.334s][info][gc] GC(668) Garbage Collection (Allocation Stall) 14M(100%)->14M(100%)
[83.334s][info][gc] Allocation Stall (RMI TCP Connection(1)-127.0.0.1) 26.857ms
[83.348s][info][gc] Allocation Stall (RMI TCP Connection(2)-127.0.0.1) 27.060ms
[83.348s][info][gc] GC(669) Garbage Collection (Allocation Stall) 14M(100%)->14M(100%)
[83.348s][info][gc] Allocation Stall (RMI TCP Accept-0) 27.103ms
[83.361s][info][gc] Allocation Stall (RMI TCP Connection(1)-127.0.0.1) 26.660ms
[83.361s][info][gc] GC(670) Garbage Collection (Allocation Stall) 14M(100%)->14M(100%)
[83.375s][info][gc] GC(671) Garbage Collection (Allocation Stall) 14M(100%)->14M(100%)
[83.375s][info][gc] Allocation Stall (RMI TCP Accept-0) 26.733ms
[83.375s][info][gc] Allocation Stall (RMI TCP Connection(2)-127.0.0.1) 26.755ms
[83.388s][info][gc] Allocation Stall (RMI TCP Connection(1)-127.0.0.1) 26.539ms
[83.388s][info][gc] GC(672) Garbage Collection (Allocation Stall) 14M(100%)->14M(100%)
[83.388s][info][gc] Allocation Stall (RMI TCP Accept-0) 13.361ms
[83.388s][info][gc] Out Of Memory (RMI TCP Accept-0)
[83.403s][info][gc] Allocation Stall (RMI TCP Connection(2)-127.0.0.1) 27.436ms
[83.403s][info][gc] GC(673) Garbage Collection (Allocation Stall) 14M(100%)->14M(100%)
[83.418s][info][gc] Allocation Stall (RMI TCP Connection(1)-127.0.0.1) 29.171ms
[83.418s][info][gc] GC(674) Garbage Collection (Allocation Stall) 14M(100%)->14M(100%)
[83.418s][info][gc] Allocation Stall (RMI TCP Accept-0) 29.299ms
[83.434s][info][gc] GC(675) Garbage Collection (Allocation Stall) 14M(100%)->14M(100%)
[83.434s][info][gc] Allocation Stall (RMI TCP Connection(2)-127.0.0.1) 30.529ms
[83.449s][info][gc] GC(676) Garbage Collection (Allocation Stall) 14M(100%)->14M(100%)
[83.449s][info][gc] Allocation Stall (RMI TCP Connection(1)-127.0.0.1) 30.538ms
[83.449s][info][gc] Allocation Stall (RMI TCP Accept-0) 30.103ms
[83.464s][info][gc] GC(677) Garbage Collection (Allocation Stall) 14M(100%)->14M(100%)
[83.464s][info][gc] Allocation Stall (RMI TCP Connection(2)-127.0.0.1) 30.461ms
[83.480s][info][gc] Allocation Stall (RMI TCP Connection(1)-127.0.0.1) 30.394ms
[83.480s][info][gc] GC(678) Garbage Collection (Allocation Stall) 14M(100%)->14M(100%)
[83.480s][info][gc] Allocation Stall (RMI TCP Accept-0) 30.496ms
[83.495s][info][gc] GC(679) Garbage Collection (Allocation Stall) 14M(100%)->14M(100%)
[83.495s][info][gc] Allocation Stall (RMI TCP Connection(2)-127.0.0.1) 30.869ms
[83.511s][info][gc] GC(680) Garbage Collection (Allocation Stall) 14M(100%)->14M(100%)
[83.511s][info][gc] Allocation Stall (RMI TCP Connection(1)-127.0.0.1) 30.679ms
[83.527s][info][gc] Allocation Stall (RMI TCP Connection(2)-127.0.0.1) 30.952ms
[83.527s][info][gc] GC(681) Garbage Collection (Allocation Stall) 14M(100%)->14M(100%)
[83.543s][info][gc] GC(682) Garbage Collection (Allocation Stall) 14M(100%)->14M(100%)
[83.543s][info][gc] Allocation Stall (RMI TCP Connection(1)-127.0.0.1) 31.513ms
[83.562s][info][gc] GC(683) Garbage Collection (Allocation Stall) 14M(100%)->14M(100%)
[83.562s][info][gc] Allocation Stall (RMI TCP Connection(2)-127.0.0.1) 34.968ms
[83.580s][info][gc] GC(684) Garbage Collection (Allocation Stall) 14M(100%)->14M(100%)
[83.580s][info][gc] Allocation Stall (RMI TCP Connection(1)-127.0.0.1) 36.839ms
[83.596s][info][gc] GC(685) Garbage Collection (Allocation Stall) 14M(100%)->14M(100%)
[83.597s][info][gc] Allocation Stall (RMI TCP Connection(2)-127.0.0.1) 34.249ms
[83.612s][info][gc] GC(686) Garbage Collection (Allocation Stall) 14M(100%)->14M(100%)
[83.612s][info][gc] Allocation Stall (RMI TCP Connection(1)-127.0.0.1) 30.745ms
[83.628s][info][gc] GC(687) Garbage Collection (Allocation Stall) 14M(100%)->14M(100%)
[83.628s][info][gc] Allocation Stall (RMI TCP Connection(2)-127.0.0.1) 30.998ms
[83.643s][info][gc] GC(688) Garbage Collection (Allocation Stall) 14M(100%)->14M(100%)
[83.643s][info][gc] Allocation Stall (RMI TCP Connection(1)-127.0.0.1) 30.650ms
[83.659s][info][gc] GC(689) Garbage Collection (Allocation Stall) 14M(100%)->14M(100%)
[83.659s][info][gc] Allocation Stall (RMI TCP Connection(2)-127.0.0.1) 31.288ms
[83.675s][info][gc] Allocation Stall (RMI TCP Connection(1)-127.0.0.1) 30.999ms
[83.675s][info][gc] GC(690) Garbage Collection (Allocation Stall) 14M(100%)->14M(100%)
[83.690s][info][gc] Allocation Stall (RMI TCP Connection(2)-127.0.0.1) 30.266ms
[83.690s][info][gc] GC(691) Garbage Collection (Allocation Stall) 14M(100%)->14M(100%)
[83.705s][info][gc] GC(692) Garbage Collection (Allocation Stall) 14M(100%)->14M(100%)
[83.705s][info][gc] Allocation Stall (RMI TCP Connection(1)-127.0.0.1) 30.224ms
[83.721s][info][gc] GC(693) Garbage Collection (Allocation Stall) 14M(100%)->14M(100%)
[83.721s][info][gc] Allocation Stall (RMI TCP Connection(2)-127.0.0.1) 30.201ms
[83.736s][info][gc] GC(694) Garbage Collection (Allocation Stall) 14M(100%)->14M(100%)
[83.736s][info][gc] Allocation Stall (RMI TCP Connection(1)-127.0.0.1) 30.749ms
[83.752s][info][gc] GC(695) Garbage Collection (Allocation Stall) 14M(100%)->14M(100%)
[83.752s][info][gc] Allocation Stall (RMI TCP Connection(2)-127.0.0.1) 30.310ms
[83.767s][info][gc] Allocation Stall (RMI TCP Connection(1)-127.0.0.1) 30.204ms
[83.767s][info][gc] GC(696) Garbage Collection (Allocation Stall) 14M(100%)->14M(100%)
[83.782s][info][gc] Allocation Stall (RMI TCP Connection(2)-127.0.0.1) 29.735ms
[83.782s][info][gc] GC(697) Garbage Collection (Allocation Stall) 14M(100%)->14M(100%)
[83.797s][info][gc] GC(698) Garbage Collection (Allocation Stall) 14M(100%)->14M(100%)
[83.797s][info][gc] Allocation Stall (RMI TCP Connection(1)-127.0.0.1) 29.802ms
[83.813s][info][gc] Allocation Stall (RMI TCP Connection(2)-127.0.0.1) 30.417ms
[83.813s][info][gc] GC(699) Garbage Collection (Allocation Stall) 14M(100%)->14M(100%)
[83.827s][info][gc] Allocation Stall (RMI TCP Connection(1)-127.0.0.1) 29.446ms
[83.827s][info][gc] GC(700) Garbage Collection (Allocation Stall) 14M(100%)->14M(100%)
[83.841s][info][gc] GC(701) Garbage Collection (Allocation Stall) 14M(100%)->14M(100%)
[83.841s][info][gc] Allocation Stall (RMI TCP Connection(2)-127.0.0.1) 27.698ms
[83.841s][info][gc] Allocation Stall (JMX server connection timeout 22) 27.699ms
[83.855s][info][gc] GC(702) Garbage Collection (Allocation Stall) 14M(100%)->14M(100%)
[83.855s][info][gc] Allocation Stall (RMI TCP Connection(1)-127.0.0.1) 27.524ms
[83.870s][info][gc] GC(703) Garbage Collection (Allocation Stall) 14M(100%)->14M(100%)
[83.870s][info][gc] Allocation Stall (RMI TCP Connection(2)-127.0.0.1) 28.948ms
[83.870s][info][gc] Allocation Stall (JMX server connection timeout 22) 28.958ms
[83.885s][info][gc] GC(704) Garbage Collection (Allocation Stall) 14M(100%)->14M(100%)
[83.885s][info][gc] Allocation Stall (RMI TCP Connection(1)-127.0.0.1) 29.622ms
[83.899s][info][gc] GC(705) Garbage Collection (Allocation Stall) 14M(100%)->14M(100%)
[83.899s][info][gc] Allocation Stall (RMI TCP Connection(2)-127.0.0.1) 28.195ms
[83.913s][info][gc] GC(706) Garbage Collection (Allocation Stall) 14M(100%)->14M(100%)
[83.913s][info][gc] Allocation Stall (RMI TCP Connection(1)-127.0.0.1) 27.935ms
[83.928s][info][gc] GC(707) Garbage Collection (Allocation Stall) 14M(100%)->14M(100%)
[83.928s][info][gc] Allocation Stall (RMI TCP Connection(2)-127.0.0.1) 28.533ms
[83.943s][info][gc] GC(708) Garbage Collection (Allocation Stall) 14M(100%)->14M(100%)
[83.943s][info][gc] Allocation Stall (RMI TCP Connection(1)-127.0.0.1) 28.987ms
[83.957s][info][gc] GC(709) Garbage Collection (Allocation Stall) 14M(100%)->14M(100%)
[83.957s][info][gc] Allocation Stall (RMI TCP Connection(2)-127.0.0.1) 28.688ms
[83.971s][info][gc] Allocation Stall (RMI TCP Connection(1)-127.0.0.1) 27.898ms
[83.971s][info][gc] GC(710) Garbage Collection (Allocation Stall) 14M(100%)->14M(100%)
[83.985s][info][gc] GC(711) Garbage Collection (Allocation Stall) 14M(100%)->14M(100%)
[83.985s][info][gc] Allocation Stall (RMI TCP Connection(2)-127.0.0.1) 27.915ms
[83.999s][info][gc] Allocation Stall (RMI TCP Connection(1)-127.0.0.1) 27.456ms
[83.999s][info][gc] GC(712) Garbage Collection (Allocation Stall) 14M(100%)->14M(100%)
[84.013s][info][gc] GC(713) Garbage Collection (Allocation Stall) 14M(100%)->14M(100%)
[84.013s][info][gc] Allocation Stall (RMI TCP Connection(2)-127.0.0.1) 27.686ms
[84.027s][info][gc] Allocation Stall (RMI TCP Connection(1)-127.0.0.1) 27.210ms
[84.027s][info][gc] GC(714) Garbage Collection (Allocation Stall) 14M(100%)->14M(100%)
[84.041s][info][gc] GC(715) Garbage Collection (Allocation Stall) 14M(100%)->14M(100%)
[84.041s][info][gc] Allocation Stall (RMI TCP Connection(2)-127.0.0.1) 27.765ms
[84.055s][info][gc] Allocation Stall (RMI TCP Connection(1)-127.0.0.1) 27.540ms
[84.055s][info][gc] GC(716) Garbage Collection (Allocation Stall) 14M(100%)->14M(100%)
[84.069s][info][gc] GC(717) Garbage Collection (Allocation Stall) 14M(100%)->14M(100%)
[84.069s][info][gc] Allocation Stall (RMI TCP Connection(2)-127.0.0.1) 27.734ms
[84.083s][info][gc] Allocation Stall (RMI TCP Connection(1)-127.0.0.1) 28.135ms
[84.083s][info][gc] GC(718) Garbage Collection (Allocation Stall) 14M(100%)->14M(100%)
[84.098s][info][gc] GC(719) Garbage Collection (Allocation Stall) 14M(100%)->14M(100%)
[84.098s][info][gc] Allocation Stall (RMI TCP Connection(2)-127.0.0.1) 28.312ms
[84.112s][info][gc] GC(720) Garbage Collection (Allocation Stall) 14M(100%)->14M(100%)
[84.112s][info][gc] Allocation Stall (RMI TCP Connection(1)-127.0.0.1) 27.800ms
[84.126s][info][gc] GC(721) Garbage Collection (Allocation Stall) 14M(100%)->14M(100%)
[84.126s][info][gc] Allocation Stall (RMI TCP Connection(2)-127.0.0.1) 28.148ms
[84.140s][info][gc] Allocation Stall (RMI TCP Connection(1)-127.0.0.1) 27.454ms
[84.140s][info][gc] GC(722) Garbage Collection (Allocation Stall) 14M(100%)->14M(100%)
[84.154s][info][gc] GC(723) Garbage Collection (Allocation Stall) 14M(100%)->14M(100%)
[84.154s][info][gc] Allocation Stall (RMI TCP Connection(2)-127.0.0.1) 27.385ms
[84.168s][info][gc] Allocation Stall (RMI TCP Connection(1)-127.0.0.1) 27.740ms
[84.168s][info][gc] GC(724) Garbage Collection (Allocation Stall) 14M(100%)->14M(100%)
[84.182s][info][gc] GC(725) Garbage Collection (Allocation Stall) 14M(100%)->14M(100%)
[84.182s][info][gc] Allocation Stall (RMI TCP Connection(2)-127.0.0.1) 27.801ms
[84.196s][info][gc] GC(726) Garbage Collection (Allocation Stall) 14M(100%)->14M(100%)
[84.196s][info][gc] Allocation Stall (RMI TCP Connection(1)-127.0.0.1) 27.679ms
[84.210s][info][gc] GC(727) Garbage Collection (Allocation Stall) 14M(100%)->14M(100%)
[84.210s][info][gc] Allocation Stall (RMI TCP Connection(2)-127.0.0.1) 27.834ms
[84.224s][info][gc] Allocation Stall (RMI TCP Connection(1)-127.0.0.1) 27.714ms
[84.224s][info][gc] GC(728) Garbage Collection (Allocation Stall) 14M(100%)->14M(100%)
[84.238s][info][gc] GC(729) Garbage Collection (Allocation Stall) 14M(100%)->14M(100%)
[84.239s][info][gc] Allocation Stall (RMI TCP Connection(2)-127.0.0.1) 27.991ms
[84.253s][info][gc] Allocation Stall (RMI TCP Connection(1)-127.0.0.1) 27.959ms
[84.253s][info][gc] GC(730) Garbage Collection (Allocation Stall) 14M(100%)->14M(100%)
[84.268s][info][gc] GC(731) Garbage Collection (Allocation Stall) 14M(100%)->14M(100%)
[84.269s][info][gc] Allocation Stall (RMI TCP Connection(2)-127.0.0.1) 29.570ms
[84.284s][info][gc] Allocation Stall (RMI TCP Connection(1)-127.0.0.1) 31.419ms
[84.284s][info][gc] GC(732) Garbage Collection (Allocation Stall) 14M(100%)->14M(100%)
[84.299s][info][gc] GC(733) Garbage Collection (Allocation Stall) 14M(100%)->14M(100%)
[84.299s][info][gc] Allocation Stall (RMI TCP Connection(2)-127.0.0.1) 30.216ms
[84.313s][info][gc] Allocation Stall (RMI TCP Connection(1)-127.0.0.1) 28.116ms
[84.313s][info][gc] GC(734) Garbage Collection (Allocation Stall) 14M(100%)->14M(100%)
[84.327s][info][gc] GC(735) Garbage Collection (Allocation Stall) 14M(100%)->14M(100%)
[84.327s][info][gc] Allocation Stall (RMI TCP Connection(2)-127.0.0.1) 28.158ms
[84.341s][info][gc] Allocation Stall (RMI TCP Connection(1)-127.0.0.1) 26.092ms
[84.341s][info][gc] GC(736) Garbage Collection (Allocation Stall) 14M(100%)->14M(100%)
[84.357s][info][gc] GC(737) Garbage Collection (Allocation Stall) 14M(100%)->14M(100%)
[84.357s][info][gc] Allocation Stall (RMI TCP Connection(2)-127.0.0.1) 29.175ms
[84.371s][info][gc] GC(738) Garbage Collection (Allocation Stall) 14M(100%)->14M(100%)
[84.371s][info][gc] Allocation Stall (RMI TCP Connection(1)-127.0.0.1) 29.279ms
[84.385s][info][gc] Allocation Stall (RMI TCP Connection(2)-127.0.0.1) 27.523ms
[84.385s][info][gc] GC(739) Garbage Collection (Allocation Stall) 14M(100%)->14M(100%)
[84.399s][info][gc] GC(740) Garbage Collection (Allocation Stall) 14M(100%)->14M(100%)
[84.399s][info][gc] Allocation Stall (RMI TCP Connection(1)-127.0.0.1) 27.144ms
[84.413s][info][gc] GC(741) Garbage Collection (Allocation Stall) 14M(100%)->14M(100%)
[84.413s][info][gc] Allocation Stall (RMI TCP Connection(2)-127.0.0.1) 27.798ms
[84.427s][info][gc] Allocation Stall (RMI TCP Connection(1)-127.0.0.1) 27.764ms
[84.427s][info][gc] GC(742) Garbage Collection (Allocation Stall) 14M(100%)->14M(100%)
[84.441s][info][gc] GC(743) Garbage Collection (Allocation Stall) 14M(100%)->14M(100%)
[84.441s][info][gc] Allocation Stall (RMI TCP Connection(2)-127.0.0.1) 27.682ms
[84.455s][info][gc] GC(744) Garbage Collection (Allocation Stall) 14M(100%)->14M(100%)
[84.455s][info][gc] Allocation Stall (RMI TCP Connection(1)-127.0.0.1) 27.697ms
[84.469s][info][gc] GC(745) Garbage Collection (Allocation Stall) 14M(100%)->14M(100%)
[84.469s][info][gc] Allocation Stall (RMI TCP Connection(2)-127.0.0.1) 27.628ms
[84.483s][info][gc] Allocation Stall (RMI TCP Connection(1)-127.0.0.1) 27.444ms
[84.483s][info][gc] GC(746) Garbage Collection (Allocation Stall) 14M(100%)->14M(100%)
[84.497s][info][gc] GC(747) Garbage Collection (Allocation Stall) 14M(100%)->14M(100%)
[84.497s][info][gc] Allocation Stall (RMI TCP Connection(2)-127.0.0.1) 27.567ms
[84.511s][info][gc] GC(748) Garbage Collection (Allocation Stall) 14M(100%)->14M(100%)
[84.511s][info][gc] Allocation Stall (RMI TCP Connection(1)-127.0.0.1) 27.694ms
[84.525s][info][gc] GC(749) Garbage Collection (Allocation Stall) 14M(100%)->14M(100%)
[84.525s][info][gc] Allocation Stall (RMI TCP Connection(2)-127.0.0.1) 27.496ms
[84.539s][info][gc] GC(750) Garbage Collection (Allocation Stall) 14M(100%)->14M(100%)
[84.539s][info][gc] Allocation Stall (RMI TCP Connection(1)-127.0.0.1) 27.373ms
[84.553s][info][gc] Allocation Stall (RMI TCP Connection(2)-127.0.0.1) 25.965ms
[84.553s][info][gc] GC(751) Garbage Collection (Allocation Stall) 14M(100%)->14M(100%)
[84.566s][info][gc] Allocation Stall (RMI TCP Connection(1)-127.0.0.1) 26.937ms
[84.566s][info][gc] GC(752) Garbage Collection (Allocation Stall) 14M(100%)->14M(100%)
[84.580s][info][gc] GC(753) Garbage Collection (Allocation Stall) 14M(100%)->14M(100%)
[84.580s][info][gc] Allocation Stall (RMI TCP Connection(2)-127.0.0.1) 27.298ms
[84.594s][info][gc] GC(754) Garbage Collection (Allocation Stall) 14M(100%)->14M(100%)
[84.594s][info][gc] Allocation Stall (RMI TCP Connection(1)-127.0.0.1) 27.459ms
[84.608s][info][gc] GC(755) Garbage Collection (Allocation Stall) 14M(100%)->14M(100%)
[84.608s][info][gc] Allocation Stall (RMI TCP Connection(2)-127.0.0.1) 27.390ms
[84.622s][info][gc] Allocation Stall (RMI TCP Connection(1)-127.0.0.1) 27.221ms
[84.622s][info][gc] GC(756) Garbage Collection (Allocation Stall) 14M(100%)->14M(100%)
[84.636s][info][gc] GC(757) Garbage Collection (Allocation Stall) 14M(100%)->14M(100%)
[84.636s][info][gc] Allocation Stall (RMI TCP Connection(2)-127.0.0.1) 27.374ms
[84.650s][info][gc] Allocation Stall (RMI TCP Connection(1)-127.0.0.1) 27.676ms
[84.650s][info][gc] GC(758) Garbage Collection (Allocation Stall) 14M(100%)->14M(100%)
[84.664s][info][gc] Allocation Stall (RMI TCP Connection(2)-127.0.0.1) 27.407ms
[84.664s][info][gc] GC(759) Garbage Collection (Allocation Stall) 14M(100%)->14M(100%)
[84.678s][info][gc] GC(760) Garbage Collection (Allocation Stall) 14M(100%)->14M(100%)
[84.678s][info][gc] Allocation Stall (RMI TCP Connection(1)-127.0.0.1) 27.229ms
[84.691s][info][gc] GC(761) Garbage Collection (Allocation Stall) 14M(100%)->14M(100%)
[84.691s][info][gc] Allocation Stall (RMI TCP Connection(2)-127.0.0.1) 27.405ms
[84.705s][info][gc] GC(762) Garbage Collection (Allocation Stall) 14M(100%)->14M(100%)
[84.705s][info][gc] Allocation Stall (RMI TCP Connection(1)-127.0.0.1) 27.459ms
[84.719s][info][gc] Allocation Stall (RMI TCP Connection(2)-127.0.0.1) 27.454ms
[84.719s][info][gc] GC(763) Garbage Collection (Allocation Stall) 14M(100%)->14M(100%)
[84.733s][info][gc] GC(764) Garbage Collection (Allocation Stall) 14M(100%)->14M(100%)
[84.733s][info][gc] Allocation Stall (RMI TCP Connection(1)-127.0.0.1) 27.547ms
[84.747s][info][gc] GC(765) Garbage Collection (Allocation Stall) 14M(100%)->14M(100%)
[84.747s][info][gc] Allocation Stall (RMI TCP Connection(2)-127.0.0.1) 27.366ms
[84.761s][info][gc] GC(766) Garbage Collection (Allocation Stall) 14M(100%)->14M(100%)
[84.761s][info][gc] Allocation Stall (RMI TCP Connection(1)-127.0.0.1) 27.333ms
[84.775s][info][gc] GC(767) Garbage Collection (Allocation Stall) 14M(100%)->14M(100%)
[84.775s][info][gc] Allocation Stall (RMI TCP Connection(2)-127.0.0.1) 27.324ms
[84.788s][info][gc] GC(768) Garbage Collection (Allocation Stall) 14M(100%)->14M(100%)
[84.788s][info][gc] Allocation Stall (RMI TCP Connection(1)-127.0.0.1) 27.387ms
[84.802s][info][gc] GC(769) Garbage Collection (Allocation Stall) 14M(100%)->14M(100%)
[84.802s][info][gc] Allocation Stall (RMI TCP Connection(2)-127.0.0.1) 27.165ms
[84.816s][info][gc] Allocation Stall (RMI TCP Connection(1)-127.0.0.1) 27.244ms
[84.816s][info][gc] GC(770) Garbage Collection (Allocation Stall) 14M(100%)->14M(100%)
[84.830s][info][gc] Allocation Stall (RMI TCP Connection(2)-127.0.0.1) 27.509ms
[84.830s][info][gc] GC(771) Garbage Collection (Allocation Stall) 14M(100%)->14M(100%)
[84.844s][info][gc] GC(772) Garbage Collection (Allocation Stall) 14M(100%)->14M(100%)
[84.844s][info][gc] Allocation Stall (RMI TCP Connection(1)-127.0.0.1) 27.666ms
[84.858s][info][gc] GC(773) Garbage Collection (Allocation Stall) 14M(100%)->14M(100%)
[84.858s][info][gc] Allocation Stall (RMI TCP Connection(2)-127.0.0.1) 27.350ms
[84.872s][info][gc] GC(774) Garbage Collection (Allocation Stall) 14M(100%)->14M(100%)
[84.872s][info][gc] Allocation Stall (RMI TCP Connection(1)-127.0.0.1) 27.325ms
[84.886s][info][gc] GC(775) Garbage Collection (Allocation Stall) 14M(100%)->14M(100%)
[84.886s][info][gc] Allocation Stall (RMI TCP Connection(2)-127.0.0.1) 27.660ms
[84.900s][info][gc] Allocation Stall (RMI TCP Connection(1)-127.0.0.1) 27.766ms
[84.900s][info][gc] GC(776) Garbage Collection (Allocation Stall) 14M(100%)->14M(100%)
[84.914s][info][gc] Allocation Stall (RMI TCP Connection(2)-127.0.0.1) 27.626ms
[84.914s][info][gc] GC(777) Garbage Collection (Allocation Stall) 14M(100%)->14M(100%)
[84.928s][info][gc] GC(778) Garbage Collection (Allocation Stall) 14M(100%)->14M(100%)
[84.928s][info][gc] Allocation Stall (RMI TCP Connection(1)-127.0.0.1) 27.780ms
[84.942s][info][gc] Allocation Stall (RMI TCP Connection(2)-127.0.0.1) 27.665ms
[84.942s][info][gc] GC(779) Garbage Collection (Allocation Stall) 14M(100%)->14M(100%)
[84.956s][info][gc] GC(780) Garbage Collection (Allocation Stall) 14M(100%)->14M(100%)
[84.956s][info][gc] Allocation Stall (RMI TCP Connection(1)-127.0.0.1) 27.486ms
[84.969s][info][gc] Allocation Stall (RMI TCP Connection(2)-127.0.0.1) 27.028ms
[84.970s][info][gc] GC(781) Garbage Collection (Allocation Stall) 14M(100%)->14M(100%)
[84.983s][info][gc] GC(782) Garbage Collection (Allocation Stall) 14M(100%)->14M(100%)
[84.983s][info][gc] Allocation Stall (RMI TCP Connection(1)-127.0.0.1) 27.253ms
[84.997s][info][gc] Allocation Stall (RMI TCP Connection(2)-127.0.0.1) 26.913ms
[84.997s][info][gc] GC(783) Garbage Collection (Allocation Stall) 14M(100%)->14M(100%)
[85.011s][info][gc] GC(784) Garbage Collection (Allocation Stall) 14M(100%)->14M(100%)
[85.011s][info][gc] Allocation Stall (RMI TCP Connection(1)-127.0.0.1) 27.117ms
[85.025s][info][gc] GC(785) Garbage Collection (Allocation Stall) 14M(100%)->14M(100%)
[85.025s][info][gc] Allocation Stall (RMI TCP Connection(2)-127.0.0.1) 27.634ms
[85.039s][info][gc] Allocation Stall (RMI TCP Connection(1)-127.0.0.1) 27.888ms
[85.039s][info][gc] GC(786) Garbage Collection (Allocation Stall) 14M(100%)->14M(100%)
[85.053s][info][gc] Allocation Stall (RMI TCP Connection(2)-127.0.0.1) 27.625ms
[85.053s][info][gc] GC(787) Garbage Collection (Allocation Stall) 14M(100%)->14M(100%)
[85.067s][info][gc] Allocation Stall (RMI TCP Connection(1)-127.0.0.1) 27.475ms
[85.067s][info][gc] GC(788) Garbage Collection (Allocation Stall) 14M(100%)->14M(100%)
[85.081s][info][gc] Allocation Stall (RMI TCP Connection(2)-127.0.0.1) 27.494ms
[85.081s][info][gc] GC(789) Garbage Collection (Allocation Stall) 14M(100%)->14M(100%)
[85.095s][info][gc] Allocation Stall (RMI TCP Connection(1)-127.0.0.1) 27.424ms
[85.095s][info][gc] GC(790) Garbage Collection (Allocation Stall) 14M(100%)->14M(100%)
[85.109s][info][gc] Allocation Stall (RMI TCP Connection(2)-127.0.0.1) 27.452ms
[85.109s][info][gc] GC(791) Garbage Collection (Allocation Stall) 14M(100%)->14M(100%)
[85.123s][info][gc] Allocation Stall (RMI TCP Connection(1)-127.0.0.1) 27.528ms
[85.123s][info][gc] GC(792) Garbage Collection (Allocation Stall) 14M(100%)->14M(100%)
[85.137s][info][gc] Allocation Stall (RMI TCP Connection(2)-127.0.0.1) 27.653ms
[85.137s][info][gc] GC(793) Garbage Collection (Allocation Stall) 14M(100%)->14M(100%)
[85.151s][info][gc] GC(794) Garbage Collection (Allocation Stall) 14M(100%)->14M(100%)
[85.151s][info][gc] Allocation Stall (RMI TCP Connection(1)-127.0.0.1) 27.948ms
[85.165s][info][gc] GC(795) Garbage Collection (Allocation Stall) 14M(100%)->14M(100%)
[85.165s][info][gc] Allocation Stall (RMI TCP Connection(2)-127.0.0.1) 27.611ms
[85.179s][info][gc] GC(796) Garbage Collection (Allocation Stall) 14M(100%)->14M(100%)
[85.179s][info][gc] Allocation Stall (RMI TCP Connection(1)-127.0.0.1) 27.302ms
[85.193s][info][gc] GC(797) Garbage Collection (Allocation Stall) 14M(100%)->14M(100%)
[85.193s][info][gc] Allocation Stall (RMI TCP Connection(2)-127.0.0.1) 27.583ms
[85.207s][info][gc] GC(798) Garbage Collection (Allocation Stall) 14M(100%)->14M(100%)
[85.207s][info][gc] Allocation Stall (RMI TCP Connection(1)-127.0.0.1) 27.858ms
[85.221s][info][gc] Allocation Stall (RMI TCP Connection(2)-127.0.0.1) 27.524ms
[85.221s][info][gc] GC(799) Garbage Collection (Allocation Stall) 14M(100%)->14M(100%)
[85.235s][info][gc] Allocation Stall (RMI TCP Connection(1)-127.0.0.1) 27.579ms
[85.235s][info][gc] GC(800) Garbage Collection (Allocation Stall) 14M(100%)->14M(100%)
[85.249s][info][gc] GC(801) Garbage Collection (Allocation Stall) 14M(100%)->14M(100%)
[85.249s][info][gc] Allocation Stall (RMI TCP Connection(2)-127.0.0.1) 28.127ms
[85.263s][info][gc] GC(802) Garbage Collection (Allocation Stall) 14M(100%)->14M(100%)
[85.263s][info][gc] Allocation Stall (RMI TCP Connection(1)-127.0.0.1) 28.074ms
[85.279s][info][gc] Allocation Stall (RMI TCP Connection(2)-127.0.0.1) 29.729ms
[85.279s][info][gc] GC(803) Garbage Collection (Allocation Stall) 14M(100%)->14M(100%)
[85.293s][info][gc] GC(804) Garbage Collection (Allocation Stall) 14M(100%)->14M(100%)
[85.293s][info][gc] Allocation Stall (RMI TCP Connection(1)-127.0.0.1) 30.081ms
[85.307s][info][gc] Allocation Stall (RMI TCP Connection(2)-127.0.0.1) 27.598ms
[85.307s][info][gc] GC(805) Garbage Collection (Allocation Stall) 14M(100%)->14M(100%)
[85.321s][info][gc] GC(806) Garbage Collection (Allocation Stall) 14M(100%)->14M(100%)
[85.322s][info][gc] Allocation Stall (RMI TCP Connection(1)-127.0.0.1) 27.749ms
[85.335s][info][gc] GC(807) Garbage Collection (Allocation Stall) 14M(100%)->14M(100%)
[85.335s][info][gc] Allocation Stall (RMI TCP Connection(2)-127.0.0.1) 27.643ms
[85.350s][info][gc] GC(808) Garbage Collection (Allocation Stall) 14M(100%)->14M(100%)
[85.350s][info][gc] Allocation Stall (RMI TCP Connection(1)-127.0.0.1) 27.802ms
[85.364s][info][gc] Allocation Stall (RMI TCP Connection(2)-127.0.0.1) 27.772ms
[85.364s][info][gc] GC(809) Garbage Collection (Allocation Stall) 14M(100%)->14M(100%)
[85.377s][info][gc] Allocation Stall (RMI TCP Connection(1)-127.0.0.1) 27.524ms
[85.377s][info][gc] GC(810) Garbage Collection (Allocation Stall) 14M(100%)->14M(100%)
[85.391s][info][gc] Allocation Stall (RMI TCP Connection(2)-127.0.0.1) 27.534ms
[85.391s][info][gc] GC(811) Garbage Collection (Allocation Stall) 14M(100%)->14M(100%)
[85.405s][info][gc] GC(812) Garbage Collection (Allocation Stall) 14M(100%)->14M(100%)
[85.406s][info][gc] Allocation Stall (RMI TCP Connection(1)-127.0.0.1) 27.708ms
[85.420s][info][gc] Allocation Stall (RMI TCP Connection(2)-127.0.0.1) 27.692ms
[85.420s][info][gc] GC(813) Garbage Collection (Allocation Stall) 14M(100%)->14M(100%)
[85.433s][info][gc] Allocation Stall (RMI TCP Connection(1)-127.0.0.1) 27.524ms
[85.433s][info][gc] GC(814) Garbage Collection (Allocation Stall) 14M(100%)->14M(100%)
[85.448s][info][gc] GC(815) Garbage Collection (Allocation Stall) 14M(100%)->14M(100%)
[85.448s][info][gc] Allocation Stall (RMI TCP Connection(2)-127.0.0.1) 28.091ms
[85.462s][info][gc] Allocation Stall (RMI TCP Connection(1)-127.0.0.1) 28.064ms
[85.462s][info][gc] GC(816) Garbage Collection (Allocation Stall) 14M(100%)->14M(100%)
[85.476s][info][gc] Allocation Stall (RMI TCP Connection(2)-127.0.0.1) 27.854ms
[85.476s][info][gc] GC(817) Garbage Collection (Allocation Stall) 14M(100%)->14M(100%)
[85.490s][info][gc] Allocation Stall (RMI TCP Connection(1)-127.0.0.1) 27.976ms
[85.490s][info][gc] GC(818) Garbage Collection (Allocation Stall) 14M(100%)->14M(100%)
[85.504s][info][gc] GC(819) Garbage Collection (Allocation Stall) 14M(100%)->14M(100%)
[85.504s][info][gc] Allocation Stall (RMI TCP Connection(2)-127.0.0.1) 28.027ms
[85.518s][info][gc] Allocation Stall (RMI TCP Connection(1)-127.0.0.1) 27.489ms
[85.518s][info][gc] GC(820) Garbage Collection (Allocation Stall) 14M(100%)->14M(100%)
[85.532s][info][gc] Allocation Stall (RMI TCP Connection(2)-127.0.0.1) 27.175ms
[85.532s][info][gc] GC(821) Garbage Collection (Allocation Stall) 14M(100%)->14M(100%)
[85.546s][info][gc] Allocation Stall (RMI TCP Connection(1)-127.0.0.1) 27.571ms
[85.546s][info][gc] GC(822) Garbage Collection (Allocation Stall) 14M(100%)->14M(100%)
[85.561s][info][gc] GC(823) Garbage Collection (Allocation Stall) 14M(100%)->14M(100%)
[85.561s][info][gc] Allocation Stall (RMI TCP Connection(2)-127.0.0.1) 28.116ms
[85.574s][info][gc] Allocation Stall (RMI TCP Connection(1)-127.0.0.1) 27.921ms
[85.574s][info][gc] GC(824) Garbage Collection (Allocation Stall) 14M(100%)->14M(100%)
[85.589s][info][gc] GC(825) Garbage Collection (Allocation Stall) 14M(100%)->14M(100%)
[85.589s][info][gc] Allocation Stall (RMI TCP Connection(2)-127.0.0.1) 27.821ms
[85.602s][info][gc] Allocation Stall (RMI TCP Connection(1)-127.0.0.1) 27.048ms
[85.602s][info][gc] GC(826) Garbage Collection (Allocation Stall) 14M(100%)->14M(100%)
[85.616s][info][gc] GC(827) Garbage Collection (Allocation Stall) 14M(100%)->14M(100%)
[85.616s][info][gc] Allocation Stall (RMI TCP Connection(2)-127.0.0.1) 27.398ms
[85.630s][info][gc] Allocation Stall (RMI TCP Connection(1)-127.0.0.1) 26.837ms
[85.630s][info][gc] GC(828) Garbage Collection (Allocation Stall) 14M(100%)->14M(100%)
[85.644s][info][gc] GC(829) Garbage Collection (Allocation Stall) 14M(100%)->14M(100%)
[85.644s][info][gc] Allocation Stall (RMI TCP Connection(2)-127.0.0.1) 27.213ms
[85.658s][info][gc] Allocation Stall (RMI TCP Connection(1)-127.0.0.1) 26.121ms
[85.658s][info][gc] GC(830) Garbage Collection (Allocation Stall) 14M(100%)->14M(100%)
[85.671s][info][gc] Allocation Stall (RMI TCP Connection(2)-127.0.0.1) 27.229ms
[85.672s][info][gc] GC(831) Garbage Collection (Allocation Stall) 14M(100%)->14M(100%)
[85.685s][info][gc] GC(832) Garbage Collection (Allocation Stall) 14M(100%)->14M(100%)
[85.685s][info][gc] Allocation Stall (RMI TCP Connection(1)-127.0.0.1) 26.873ms
[85.685s][info][gc] Allocation Stall (JMX server connection timeout 22) 26.863ms
[85.699s][info][gc] Allocation Stall (RMI TCP Connection(2)-127.0.0.1) 27.273ms
[85.699s][info][gc] GC(833) Garbage Collection (Allocation Stall) 14M(100%)->14M(100%)
[85.713s][info][gc] Allocation Stall (JMX server connection timeout 22) 27.555ms
[85.713s][info][gc] GC(834) Garbage Collection (Allocation Stall) 14M(100%)->14M(100%)
[85.713s][info][gc] Allocation Stall (RMI TCP Connection(1)-127.0.0.1) 27.711ms
[85.727s][info][gc] GC(835) Garbage Collection (Allocation Stall) 14M(100%)->14M(100%)
[85.727s][info][gc] Allocation Stall (RMI TCP Connection(2)-127.0.0.1) 27.370ms
[85.742s][info][gc] Allocation Stall (RMI TCP Connection(1)-127.0.0.1) 28.394ms
[85.742s][info][gc] GC(836) Garbage Collection (Allocation Stall) 14M(100%)->14M(100%)
[85.756s][info][gc] Allocation Stall (RMI TCP Connection(2)-127.0.0.1) 28.286ms
[85.756s][info][gc] GC(837) Garbage Collection (Allocation Stall) 14M(100%)->14M(100%)
[85.794s][info][gc] GC(838) Garbage Collection (Allocation Rate) 14M(100%)->12M(86%)
[85.892s][info][gc] GC(839) Garbage Collection (Allocation Rate) 12M(86%)->12M(86%)
[85.995s][info][gc] GC(840) Garbage Collection (Allocation Rate) 12M(86%)->12M(86%)
[86.096s][info][gc] GC(841) Garbage Collection (Allocation Rate) 12M(86%)->12M(86%)
[86.208s][info][gc] GC(842) Garbage Collection (Allocation Rate) 12M(86%)->12M(86%)
[86.295s][info][gc] GC(843) Garbage Collection (Allocation Rate) 12M(86%)->12M(86%)
[86.392s][info][gc] GC(844) Garbage Collection (Allocation Rate) 12M(86%)->12M(86%)
[86.496s][info][gc] GC(845) Garbage Collection (Allocation Rate) 12M(86%)->12M(86%)
[86.596s][info][gc] GC(846) Garbage Collection (Allocation Rate) 12M(86%)->12M(86%)
[86.692s][info][gc] GC(847) Garbage Collection (Allocation Rate) 12M(86%)->12M(86%)
[86.794s][info][gc] GC(848) Garbage Collection (Allocation Rate) 14M(100%)->12M(86%)
[86.896s][info][gc] GC(849) Garbage Collection (Allocation Rate) 12M(86%)->12M(86%)
[86.994s][info][gc] GC(850) Garbage Collection (Allocation Rate) 12M(86%)->12M(86%)
[87.092s][info][gc] GC(851) Garbage Collection (Allocation Rate) 12M(86%)->12M(86%)
[87.194s][info][gc] GC(852) Garbage Collection (Allocation Rate) 12M(86%)->12M(86%)
[87.291s][info][gc] GC(853) Garbage Collection (Allocation Rate) 12M(86%)->12M(86%)
[87.392s][info][gc] GC(854) Garbage Collection (Allocation Rate) 12M(86%)->12M(86%)
[87.496s][info][gc] GC(855) Garbage Collection (Allocation Rate) 12M(86%)->12M(86%)
[87.593s][info][gc] GC(856) Garbage Collection (Allocation Rate) 12M(86%)->12M(86%)
[87.692s][info][gc] GC(857) Garbage Collection (Allocation Rate) 12M(86%)->12M(86%)
[87.797s][info][gc] GC(858) Garbage Collection (Allocation Rate) 14M(100%)->12M(86%)
[87.892s][info][gc] GC(859) Garbage Collection (Allocation Rate) 12M(86%)->12M(86%)
[87.990s][info][gc] GC(860) Garbage Collection (Allocation Rate) 12M(86%)->12M(86%)
[88.095s][info][gc] GC(861) Garbage Collection (Allocation Rate) 12M(86%)->12M(86%)
[88.195s][info][gc] GC(862) Garbage Collection (Allocation Rate) 12M(86%)->12M(86%)
[88.292s][info][gc] GC(863) Garbage Collection (Allocation Rate) 12M(86%)->12M(86%)
[88.395s][info][gc] GC(864) Garbage Collection (Allocation Rate) 12M(86%)->12M(86%)
[88.492s][info][gc] GC(865) Garbage Collection (Allocation Rate) 12M(86%)->12M(86%)
[88.595s][info][gc] GC(866) Garbage Collection (Allocation Rate) 12M(86%)->12M(86%)
[88.694s][info][gc] GC(867) Garbage Collection (Allocation Rate) 12M(86%)->12M(86%)
[88.794s][info][gc] GC(868) Garbage Collection (Allocation Rate) 14M(100%)->12M(86%)
[88.895s][info][gc] GC(869) Garbage Collection (Allocation Rate) 12M(86%)->12M(86%)
[88.992s][info][gc] GC(870) Garbage Collection (Allocation Rate) 12M(86%)->12M(86%)
[89.093s][info][gc] GC(871) Garbage Collection (Allocation Rate) 12M(86%)->12M(86%)
[89.192s][info][gc] GC(872) Garbage Collection (Allocation Rate) 12M(86%)->12M(86%)
[89.298s][info][gc] GC(873) Garbage Collection (Allocation Rate) 12M(86%)->12M(86%)
[89.393s][info][gc] GC(874) Garbage Collection (Allocation Rate) 12M(86%)->12M(86%)
[89.493s][info][gc] GC(875) Garbage Collection (Allocation Rate) 12M(86%)->12M(86%)
[89.593s][info][gc] GC(876) Garbage Collection (Allocation Rate) 12M(86%)->12M(86%)
[89.692s][info][gc] GC(877) Garbage Collection (Allocation Rate) 12M(86%)->12M(86%)
[89.795s][info][gc] GC(878) Garbage Collection (Allocation Rate) 14M(100%)->12M(86%)
[89.892s][info][gc] GC(879) Garbage Collection (Allocation Rate) 12M(86%)->12M(86%)
[89.995s][info][gc] GC(880) Garbage Collection (Allocation Rate) 12M(86%)->12M(86%)
[90.096s][info][gc] GC(881) Garbage Collection (Allocation Rate) 12M(86%)->12M(86%)
[90.195s][info][gc] GC(882) Garbage Collection (Allocation Rate) 12M(86%)->12M(86%)
[90.292s][info][gc] GC(883) Garbage Collection (Allocation Rate) 12M(86%)->12M(86%)
[90.396s][info][gc] GC(884) Garbage Collection (Allocation Rate) 12M(86%)->12M(86%)
[90.491s][info][gc] GC(885) Garbage Collection (Allocation Rate) 12M(86%)->12M(86%)
[90.592s][info][gc] GC(886) Garbage Collection (Allocation Rate) 12M(86%)->12M(86%)
[90.695s][info][gc] GC(887) Garbage Collection (Allocation Rate) 12M(86%)->12M(86%)
[90.793s][info][gc] GC(888) Garbage Collection (Allocation Rate) 14M(100%)->12M(86%)
[90.893s][info][gc] GC(889) Garbage Collection (Allocation Rate) 12M(86%)->12M(86%)
[90.991s][info][gc] GC(890) Garbage Collection (Allocation Rate) 12M(86%)->12M(86%)
[91.096s][info][gc] GC(891) Garbage Collection (Allocation Rate) 12M(86%)->12M(86%)
[91.196s][info][gc] GC(892) Garbage Collection (Allocation Rate) 12M(86%)->12M(86%)
[91.293s][info][gc] GC(893) Garbage Collection (Allocation Rate) 12M(86%)->12M(86%)
[91.396s][info][gc] GC(894) Garbage Collection (Allocation Rate) 12M(86%)->12M(86%)
[91.492s][info][gc] GC(895) Garbage Collection (Allocation Rate) 12M(86%)->12M(86%)
[91.597s][info][gc] GC(896) Garbage Collection (Allocation Rate) 12M(86%)->12M(86%)
[91.693s][info][gc] GC(897) Garbage Collection (Allocation Rate) 12M(86%)->12M(86%)
[91.796s][info][gc] GC(898) Garbage Collection (Allocation Rate) 14M(100%)->12M(86%)
[91.892s][info][gc] GC(899) Garbage Collection (Allocation Rate) 12M(86%)->12M(86%)
[91.996s][info][gc] GC(900) Garbage Collection (Allocation Rate) 12M(86%)->12M(86%)
[92.092s][info][gc] GC(901) Garbage Collection (Allocation Rate) 12M(86%)->12M(86%)
[92.196s][info][gc] GC(902) Garbage Collection (Allocation Rate) 12M(86%)->12M(86%)
[92.295s][info][gc] GC(903) Garbage Collection (Allocation Rate) 12M(86%)->12M(86%)
[92.395s][info][gc] GC(904) Garbage Collection (Allocation Rate) 12M(86%)->12M(86%)
[92.497s][info][gc] GC(905) Garbage Collection (Allocation Rate) 12M(86%)->12M(86%)
[92.592s][info][gc] GC(906) Garbage Collection (Allocation Rate) 12M(86%)->12M(86%)
[92.692s][info][gc] GC(907) Garbage Collection (Allocation Rate) 12M(86%)->12M(86%)
[92.794s][info][gc] GC(908) Garbage Collection (Allocation Rate) 14M(100%)->12M(86%)
[92.895s][info][gc] GC(909) Garbage Collection (Allocation Rate) 12M(86%)->12M(86%)
[92.996s][info][gc] GC(910) Garbage Collection (Allocation Rate) 12M(86%)->12M(86%)
[93.092s][info][gc] GC(911) Garbage Collection (Allocation Rate) 12M(86%)->12M(86%)
[93.194s][info][gc] GC(912) Garbage Collection (Allocation Rate) 12M(86%)->12M(86%)
[93.294s][info][gc] GC(913) Garbage Collection (Allocation Rate) 12M(86%)->12M(86%)
[93.395s][info][gc] GC(914) Garbage Collection (Allocation Rate) 12M(86%)->12M(86%)
[93.493s][info][gc] GC(915) Garbage Collection (Allocation Rate) 12M(86%)->12M(86%)
[93.592s][info][gc] GC(916) Garbage Collection (Allocation Rate) 12M(86%)->12M(86%)
[93.692s][info][gc] GC(917) Garbage Collection (Allocation Rate) 12M(86%)->12M(86%)
[93.793s][info][gc] GC(918) Garbage Collection (Allocation Rate) 14M(100%)->12M(86%)
[93.892s][info][gc] GC(919) Garbage Collection (Allocation Rate) 12M(86%)->12M(86%)
[93.993s][info][gc] GC(920) Garbage Collection (Allocation Rate) 12M(86%)->12M(86%)
[94.096s][info][gc] GC(921) Garbage Collection (Allocation Rate) 12M(86%)->12M(86%)
[94.195s][info][gc] GC(922) Garbage Collection (Allocation Rate) 12M(86%)->12M(86%)
[94.292s][info][gc] GC(923) Garbage Collection (Allocation Rate) 12M(86%)->12M(86%)
[94.395s][info][gc] GC(924) Garbage Collection (Allocation Rate) 12M(86%)->12M(86%)
[94.492s][info][gc] GC(925) Garbage Collection (Allocation Rate) 12M(86%)->12M(86%)
[94.592s][info][gc] GC(926) Garbage Collection (Allocation Rate) 12M(86%)->12M(86%)
[94.695s][info][gc] GC(927) Garbage Collection (Allocation Rate) 12M(86%)->12M(86%)
[94.790s][info][gc] Allocation Stall (RMI TCP Connection(2)-127.0.0.1) 12.569ms
[94.790s][info][gc] GC(928) Garbage Collection (Allocation Rate) 14M(100%)->14M(100%)
[94.894s][info][gc] GC(929) Garbage Collection (Allocation Stall) 14M(100%)->12M(86%)
[94.996s][info][gc] GC(930) Garbage Collection (Allocation Rate) 12M(86%)->12M(86%)
[95.092s][info][gc] GC(931) Garbage Collection (Allocation Rate) 12M(86%)->12M(86%)
[95.192s][info][gc] GC(932) Garbage Collection (Allocation Rate) 12M(86%)->12M(86%)
[95.294s][info][gc] GC(933) Garbage Collection (Allocation Rate) 12M(86%)->12M(86%)
[95.393s][info][gc] GC(934) Garbage Collection (Allocation Rate) 12M(86%)->12M(86%)
[95.493s][info][gc] GC(935) Garbage Collection (Allocation Rate) 12M(86%)->12M(86%)
[95.597s][info][gc] GC(936) Garbage Collection (Allocation Rate) 12M(86%)->12M(86%)
[95.692s][info][gc] GC(937) Garbage Collection (Allocation Rate) 12M(86%)->12M(86%)
[95.791s][info][gc] GC(938) Garbage Collection (Allocation Rate) 14M(100%)->14M(100%)
[95.791s][info][gc] Allocation Stall (RMI TCP Connection(2)-127.0.0.1) 13.582ms
[95.896s][info][gc] GC(939) Garbage Collection (Allocation Stall) 14M(100%)->12M(86%)
[95.997s][info][gc] GC(940) Garbage Collection (Allocation Rate) 12M(86%)->12M(86%)
[96.094s][info][gc] GC(941) Garbage Collection (Allocation Rate) 12M(86%)->12M(86%)
[96.196s][info][gc] GC(942) Garbage Collection (Allocation Rate) 12M(86%)->12M(86%)
[96.294s][info][gc] GC(943) Garbage Collection (Allocation Rate) 12M(86%)->12M(86%)
[96.396s][info][gc] GC(944) Garbage Collection (Allocation Rate) 12M(86%)->12M(86%)
[96.492s][info][gc] GC(945) Garbage Collection (Allocation Rate) 12M(86%)->12M(86%)
[96.592s][info][gc] GC(946) Garbage Collection (Allocation Rate) 12M(86%)->12M(86%)
[96.691s][info][gc] GC(947) Garbage Collection (Allocation Rate) 12M(86%)->12M(86%)
[96.795s][info][gc] GC(948) Garbage Collection (Allocation Rate) 12M(86%)->14M(100%)
[96.896s][info][gc] GC(949) Garbage Collection (Allocation Rate) 14M(100%)->12M(86%)
[96.996s][info][gc] GC(950) Garbage Collection (Allocation Rate) 12M(86%)->12M(86%)
[97.095s][info][gc] GC(951) Garbage Collection (Allocation Rate) 12M(86%)->12M(86%)
[97.192s][info][gc] GC(952) Garbage Collection (Allocation Rate) 12M(86%)->12M(86%)
[97.298s][info][gc] GC(953) Garbage Collection (Allocation Rate) 12M(86%)->12M(86%)
[97.396s][info][gc] GC(954) Garbage Collection (Allocation Rate) 12M(86%)->12M(86%)
[97.491s][info][gc] GC(955) Garbage Collection (Allocation Rate) 12M(86%)->12M(86%)
[97.596s][info][gc] GC(956) Garbage Collection (Allocation Rate) 12M(86%)->12M(86%)
[97.692s][info][gc] GC(957) Garbage Collection (Allocation Rate) 12M(86%)->12M(86%)
[97.793s][info][gc] GC(958) Garbage Collection (Allocation Rate) 12M(86%)->14M(100%)
[97.895s][info][gc] GC(959) Garbage Collection (Allocation Rate) 14M(100%)->12M(86%)
[97.994s][info][gc] GC(960) Garbage Collection (Allocation Rate) 12M(86%)->12M(86%)
[98.098s][info][gc] GC(961) Garbage Collection (Allocation Rate) 12M(86%)->12M(86%)
[98.194s][info][gc] GC(962) Garbage Collection (Allocation Rate) 12M(86%)->12M(86%)
[98.294s][info][gc] GC(963) Garbage Collection (Allocation Rate) 12M(86%)->12M(86%)
[98.394s][info][gc] GC(964) Garbage Collection (Allocation Rate) 12M(86%)->12M(86%)
[98.493s][info][gc] GC(965) Garbage Collection (Allocation Rate) 12M(86%)->12M(86%)
[98.592s][info][gc] GC(966) Garbage Collection (Allocation Rate) 12M(86%)->12M(86%)
[98.693s][info][gc] GC(967) Garbage Collection (Allocation Rate) 12M(86%)->12M(86%)
[98.797s][info][gc] GC(968) Garbage Collection (Allocation Rate) 12M(86%)->14M(100%)
[98.894s][info][gc] GC(969) Garbage Collection (Allocation Rate) 14M(100%)->12M(86%)
[98.995s][info][gc] GC(970) Garbage Collection (Allocation Rate) 12M(86%)->12M(86%)
[99.091s][info][gc] GC(971) Garbage Collection (Allocation Rate) 12M(86%)->12M(86%)
[99.194s][info][gc] GC(972) Garbage Collection (Allocation Rate) 12M(86%)->12M(86%)
[99.292s][info][gc] GC(973) Garbage Collection (Allocation Rate) 12M(86%)->12M(86%)
[99.395s][info][gc] GC(974) Garbage Collection (Allocation Rate) 12M(86%)->12M(86%)
[99.491s][info][gc] GC(975) Garbage Collection (Allocation Rate) 12M(86%)->12M(86%)
[99.594s][info][gc] GC(976) Garbage Collection (Allocation Rate) 12M(86%)->12M(86%)
[99.694s][info][gc] GC(977) Garbage Collection (Allocation Rate) 12M(86%)->12M(86%)
[99.792s][info][gc] GC(978) Garbage Collection (Allocation Rate) 12M(86%)->14M(100%)
[99.896s][info][gc] GC(979) Garbage Collection (Allocation Rate) 14M(100%)->12M(86%)
[99.994s][info][gc] GC(980) Garbage Collection (Allocation Rate) 12M(86%)->12M(86%)
[100.096s][info][gc] GC(981) Garbage Collection (Allocation Rate) 12M(86%)->12M(86%)
[100.192s][info][gc] GC(982) Garbage Collection (Allocation Rate) 12M(86%)->12M(86%)
[100.292s][info][gc] GC(983) Garbage Collection (Allocation Rate) 12M(86%)->12M(86%)
[100.390s][info][gc] GC(984) Garbage Collection (Allocation Rate) 12M(86%)->12M(86%)
[100.492s][info][gc] GC(985) Garbage Collection (Allocation Rate) 12M(86%)->12M(86%)
[100.595s][info][gc] GC(986) Garbage Collection (Allocation Rate) 12M(86%)->12M(86%)
[100.690s][info][gc] GC(987) Garbage Collection (Allocation Rate) 12M(86%)->12M(86%)
[100.792s][info][gc] GC(988) Garbage Collection (Allocation Rate) 12M(86%)->14M(100%)
[100.896s][info][gc] GC(989) Garbage Collection (Allocation Rate) 14M(100%)->12M(86%)
[100.996s][info][gc] GC(990) Garbage Collection (Allocation Rate) 12M(86%)->12M(86%)
[101.092s][info][gc] GC(991) Garbage Collection (Allocation Rate) 12M(86%)->12M(86%)
[101.194s][info][gc] GC(992) Garbage Collection (Allocation Rate) 12M(86%)->12M(86%)
[101.295s][info][gc] GC(993) Garbage Collection (Allocation Rate) 12M(86%)->12M(86%)
[101.393s][info][gc] GC(994) Garbage Collection (Allocation Rate) 12M(86%)->12M(86%)
[101.492s][info][gc] GC(995) Garbage Collection (Allocation Rate) 12M(86%)->12M(86%)
[101.594s][info][gc] GC(996) Garbage Collection (Allocation Rate) 12M(86%)->12M(86%)
[101.692s][info][gc] GC(997) Garbage Collection (Allocation Rate) 12M(86%)->12M(86%)
[101.794s][info][gc] GC(998) Garbage Collection (Allocation Rate) 12M(86%)->14M(100%)
[101.895s][info][gc] GC(999) Garbage Collection (Allocation Rate) 14M(100%)->12M(86%)
[101.996s][info][gc] GC(1000) Garbage Collection (Allocation Rate) 12M(86%)->12M(86%)
[102.092s][info][gc] GC(1001) Garbage Collection (Allocation Rate) 12M(86%)->12M(86%)
[102.194s][info][gc] GC(1002) Garbage Collection (Allocation Rate) 12M(86%)->12M(86%)
[102.292s][info][gc] GC(1003) Garbage Collection (Allocation Rate) 12M(86%)->12M(86%)
[102.393s][info][gc] GC(1004) Garbage Collection (Allocation Rate) 12M(86%)->12M(86%)
[102.493s][info][gc] GC(1005) Garbage Collection (Allocation Rate) 12M(86%)->12M(86%)
[102.596s][info][gc] GC(1006) Garbage Collection (Allocation Rate) 12M(86%)->12M(86%)
[102.696s][info][gc] GC(1007) Garbage Collection (Allocation Rate) 12M(86%)->12M(86%)
[102.795s][info][gc] GC(1008) Garbage Collection (Allocation Rate) 12M(86%)->14M(100%)
[102.896s][info][gc] GC(1009) Garbage Collection (Allocation Rate) 14M(100%)->10M(71%)
[103.897s][info][gc] GC(1010) Garbage Collection (Allocation Rate) 12M(86%)->12M(86%)
[103.995s][info][gc] GC(1011) Garbage Collection (Allocation Rate) 12M(86%)->12M(86%)
[104.092s][info][gc] GC(1012) Garbage Collection (Allocation Rate) 12M(86%)->12M(86%)
[104.195s][info][gc] GC(1013) Garbage Collection (Allocation Rate) 12M(86%)->12M(86%)
[104.294s][info][gc] GC(1014) Garbage Collection (Allocation Rate) 12M(86%)->12M(86%)
[104.395s][info][gc] GC(1015) Garbage Collection (Allocation Rate) 12M(86%)->12M(86%)
[104.495s][info][gc] GC(1016) Garbage Collection (Allocation Rate) 12M(86%)->12M(86%)
[104.595s][info][gc] GC(1017) Garbage Collection (Allocation Rate) 12M(86%)->12M(86%)
[104.692s][info][gc] GC(1018) Garbage Collection (Allocation Rate) 12M(86%)->12M(86%)
[104.792s][info][gc] GC(1019) Garbage Collection (Allocation Rate) 12M(86%)->14M(100%)
[104.896s][info][gc] GC(1020) Garbage Collection (Allocation Rate) 14M(100%)->12M(86%)
[104.996s][info][gc] GC(1021) Garbage Collection (Allocation Rate) 12M(86%)->12M(86%)
[105.096s][info][gc] GC(1022) Garbage Collection (Allocation Rate) 12M(86%)->12M(86%)
[105.196s][info][gc] GC(1023) Garbage Collection (Allocation Rate) 12M(86%)->12M(86%)
[105.293s][info][gc] GC(1024) Garbage Collection (Allocation Rate) 12M(86%)->12M(86%)
[105.395s][info][gc] GC(1025) Garbage Collection (Allocation Rate) 12M(86%)->12M(86%)
[105.492s][info][gc] GC(1026) Garbage Collection (Allocation Rate) 12M(86%)->12M(86%)
[105.596s][info][gc] GC(1027) Garbage Collection (Allocation Rate) 12M(86%)->12M(86%)
[105.693s][info][gc] GC(1028) Garbage Collection (Allocation Rate) 12M(86%)->12M(86%)
[105.794s][info][gc] GC(1029) Garbage Collection (Allocation Rate) 12M(86%)->14M(100%)
[105.892s][info][gc] GC(1030) Garbage Collection (Allocation Rate) 14M(100%)->12M(86%)
[105.997s][info][gc] GC(1031) Garbage Collection (Allocation Rate) 12M(86%)->12M(86%)
[106.093s][info][gc] GC(1032) Garbage Collection (Allocation Rate) 12M(86%)->12M(86%)
[106.192s][info][gc] GC(1033) Garbage Collection (Allocation Rate) 12M(86%)->12M(86%)
[106.295s][info][gc] GC(1034) Garbage Collection (Allocation Rate) 12M(86%)->12M(86%)
[106.392s][info][gc] GC(1035) Garbage Collection (Allocation Rate) 12M(86%)->12M(86%)
[106.494s][info][gc] GC(1036) Garbage Collection (Allocation Rate) 12M(86%)->12M(86%)
[106.596s][info][gc] GC(1037) Garbage Collection (Allocation Rate) 12M(86%)->12M(86%)
[106.693s][info][gc] GC(1038) Garbage Collection (Allocation Rate) 12M(86%)->12M(86%)
[106.796s][info][gc] GC(1039) Garbage Collection (Allocation Rate) 12M(86%)->14M(100%)
[106.896s][info][gc] GC(1040) Garbage Collection (Allocation Rate) 14M(100%)->12M(86%)
[106.995s][info][gc] GC(1041) Garbage Collection (Allocation Rate) 12M(86%)->12M(86%)
[107.097s][info][gc] GC(1042) Garbage Collection (Allocation Rate) 12M(86%)->12M(86%)
[107.196s][info][gc] GC(1043) Garbage Collection (Allocation Rate) 12M(86%)->12M(86%)
[107.295s][info][gc] GC(1044) Garbage Collection (Allocation Rate) 12M(86%)->12M(86%)
[107.393s][info][gc] GC(1045) Garbage Collection (Allocation Rate) 12M(86%)->12M(86%)
[107.493s][info][gc] GC(1046) Garbage Collection (Allocation Rate) 12M(86%)->12M(86%)
[107.596s][info][gc] GC(1047) Garbage Collection (Allocation Rate) 12M(86%)->12M(86%)
[107.692s][info][gc] GC(1048) Garbage Collection (Allocation Rate) 12M(86%)->12M(86%)
[107.796s][info][gc] GC(1049) Garbage Collection (Allocation Rate) 12M(86%)->14M(100%)
[107.896s][info][gc] GC(1050) Garbage Collection (Allocation Rate) 14M(100%)->12M(86%)
[108.022s][info][gc] GC(1051) Garbage Collection (Allocation Rate) 12M(86%)->12M(86%)
[108.101s][info][gc] GC(1052) Garbage Collection (Allocation Rate) 12M(86%)->12M(86%)
[108.195s][info][gc] GC(1053) Garbage Collection (Allocation Rate) 12M(86%)->12M(86%)
[108.293s][info][gc] GC(1054) Garbage Collection (Allocation Rate) 12M(86%)->12M(86%)
[108.429s][info][gc] GC(1055) Garbage Collection (Allocation Rate) 12M(86%)->12M(86%)
[108.499s][info][gc] GC(1056) Garbage Collection (Allocation Rate) 12M(86%)->12M(86%)
[108.593s][info][gc] GC(1057) Garbage Collection (Allocation Rate) 12M(86%)->12M(86%)
[108.705s][info][gc] GC(1058) Garbage Collection (Allocation Rate) 12M(86%)->12M(86%)
[108.796s][info][gc] GC(1059) Garbage Collection (Allocation Rate) 12M(86%)->14M(100%)
[108.893s][info][gc] GC(1060) Garbage Collection (Allocation Rate) 14M(100%)->12M(86%)
[108.997s][info][gc] GC(1061) Garbage Collection (Allocation Rate) 12M(86%)->12M(86%)
[109.092s][info][gc] GC(1062) Garbage Collection (Allocation Rate) 12M(86%)->12M(86%)
[109.194s][info][gc] GC(1063) Garbage Collection (Allocation Rate) 12M(86%)->12M(86%)
[109.293s][info][gc] GC(1064) Garbage Collection (Allocation Rate) 12M(86%)->12M(86%)
[109.396s][info][gc] GC(1065) Garbage Collection (Allocation Rate) 12M(86%)->12M(86%)
[109.493s][info][gc] GC(1066) Garbage Collection (Allocation Rate) 12M(86%)->12M(86%)
[109.596s][info][gc] GC(1067) Garbage Collection (Allocation Rate) 12M(86%)->12M(86%)
[109.693s][info][gc] GC(1068) Garbage Collection (Allocation Rate) 12M(86%)->12M(86%)
[109.794s][info][gc] GC(1069) Garbage Collection (Allocation Rate) 12M(86%)->12M(86%)
[109.893s][info][gc] GC(1070) Garbage Collection (Allocation Rate) 14M(100%)->12M(86%)
[109.996s][info][gc] GC(1071) Garbage Collection (Allocation Rate) 12M(86%)->12M(86%)
[110.092s][info][gc] GC(1072) Garbage Collection (Allocation Rate) 12M(86%)->12M(86%)
[110.196s][info][gc] GC(1073) Garbage Collection (Allocation Rate) 12M(86%)->12M(86%)
[110.297s][info][gc] GC(1074) Garbage Collection (Allocation Rate) 12M(86%)->12M(86%)
[110.395s][info][gc] GC(1075) Garbage Collection (Allocation Rate) 12M(86%)->12M(86%)
[110.496s][info][gc] GC(1076) Garbage Collection (Allocation Rate) 12M(86%)->12M(86%)
[110.596s][info][gc] GC(1077) Garbage Collection (Allocation Rate) 12M(86%)->12M(86%)
[110.694s][info][gc] GC(1078) Garbage Collection (Allocation Rate) 12M(86%)->12M(86%)
[110.792s][info][gc] GC(1079) Garbage Collection (Allocation Rate) 12M(86%)->12M(86%)
[110.894s][info][gc] GC(1080) Garbage Collection (Allocation Rate) 12M(86%)->12M(86%)
[110.994s][info][gc] GC(1081) Garbage Collection (Allocation Rate) 14M(100%)->12M(86%)
[111.094s][info][gc] GC(1082) Garbage Collection (Allocation Rate) 12M(86%)->12M(86%)
[111.193s][info][gc] GC(1083) Garbage Collection (Allocation Rate) 12M(86%)->12M(86%)
[111.293s][info][gc] GC(1084) Garbage Collection (Allocation Rate) 12M(86%)->12M(86%)
[111.395s][info][gc] GC(1085) Garbage Collection (Allocation Rate) 12M(86%)->12M(86%)
[111.492s][info][gc] GC(1086) Garbage Collection (Allocation Rate) 12M(86%)->12M(86%)
[111.595s][info][gc] GC(1087) Garbage Collection (Allocation Rate) 12M(86%)->12M(86%)
[111.694s][info][gc] GC(1088) Garbage Collection (Allocation Rate) 12M(86%)->12M(86%)
[111.795s][info][gc] GC(1089) Garbage Collection (Allocation Rate) 12M(86%)->12M(86%)
[111.892s][info][gc] GC(1090) Garbage Collection (Allocation Rate) 12M(86%)->12M(86%)
[111.993s][info][gc] Allocation Stall (RMI TCP Connection(2)-127.0.0.1) 14.291ms
[111.993s][info][gc] GC(1091) Garbage Collection (Allocation Rate) 14M(100%)->14M(100%)
[112.094s][info][gc] GC(1092) Garbage Collection (Allocation Stall) 14M(100%)->12M(86%)
[112.194s][info][gc] GC(1093) Garbage Collection (Allocation Rate) 12M(86%)->12M(86%)
[112.293s][info][gc] GC(1094) Garbage Collection (Allocation Rate) 12M(86%)->12M(86%)
[112.392s][info][gc] GC(1095) Garbage Collection (Allocation Rate) 12M(86%)->12M(86%)
[112.493s][info][gc] GC(1096) Garbage Collection (Allocation Rate) 12M(86%)->12M(86%)
[112.593s][info][gc] GC(1097) Garbage Collection (Allocation Rate) 12M(86%)->12M(86%)
[112.694s][info][gc] GC(1098) Garbage Collection (Allocation Rate) 12M(86%)->12M(86%)
[112.798s][info][gc] GC(1099) Garbage Collection (Allocation Rate) 12M(86%)->12M(86%)
[112.893s][info][gc] GC(1100) Garbage Collection (Allocation Rate) 12M(86%)->12M(86%)
[112.997s][info][gc] GC(1101) Garbage Collection (Allocation Rate) 12M(86%)->12M(86%)
[113.114s][info][gc] GC(1102) Garbage Collection (Allocation Rate) 14M(100%)->12M(86%)
[113.194s][info][gc] GC(1103) Garbage Collection (Allocation Rate) 12M(86%)->12M(86%)
[113.294s][info][gc] GC(1104) Garbage Collection (Allocation Rate) 12M(86%)->12M(86%)
[113.402s][info][gc] GC(1105) Garbage Collection (Allocation Rate) 12M(86%)->12M(86%)
[113.495s][info][gc] GC(1106) Garbage Collection (Allocation Rate) 12M(86%)->12M(86%)
[113.593s][info][gc] GC(1107) Garbage Collection (Allocation Rate) 12M(86%)->12M(86%)
[113.697s][info][gc] GC(1108) Garbage Collection (Allocation Rate) 12M(86%)->12M(86%)
[113.844s][info][gc] GC(1109) Garbage Collection (Allocation Rate) 12M(86%)->12M(86%)
[113.897s][info][gc] GC(1110) Garbage Collection (Allocation Rate) 12M(86%)->12M(86%)
[113.997s][info][gc] GC(1111) Garbage Collection (Allocation Rate) 12M(86%)->12M(86%)
[114.093s][info][gc] GC(1112) Garbage Collection (Allocation Rate) 12M(86%)->12M(86%)
[114.191s][info][gc] GC(1113) Garbage Collection (Allocation Rate) 14M(100%)->12M(86%)
[114.293s][info][gc] GC(1114) Garbage Collection (Allocation Rate) 12M(86%)->12M(86%)
[114.397s][info][gc] GC(1115) Garbage Collection (Allocation Rate) 12M(86%)->12M(86%)
[114.494s][info][gc] GC(1116) Garbage Collection (Allocation Rate) 12M(86%)->12M(86%)
[114.596s][info][gc] GC(1117) Garbage Collection (Allocation Rate) 12M(86%)->12M(86%)
[114.693s][info][gc] GC(1118) Garbage Collection (Allocation Rate) 12M(86%)->12M(86%)
[114.795s][info][gc] GC(1119) Garbage Collection (Allocation Rate) 12M(86%)->12M(86%)
[114.893s][info][gc] GC(1120) Garbage Collection (Allocation Rate) 12M(86%)->12M(86%)
[114.992s][info][gc] GC(1121) Garbage Collection (Allocation Rate) 12M(86%)->12M(86%)
[115.097s][info][gc] GC(1122) Garbage Collection (Allocation Rate) 12M(86%)->12M(86%)
[115.194s][info][gc] GC(1123) Garbage Collection (Allocation Rate) 14M(100%)->12M(86%)
[115.293s][info][gc] GC(1124) Garbage Collection (Allocation Rate) 12M(86%)->12M(86%)
[115.395s][info][gc] GC(1125) Garbage Collection (Allocation Rate) 12M(86%)->12M(86%)
[115.493s][info][gc] GC(1126) Garbage Collection (Allocation Rate) 12M(86%)->12M(86%)
[115.596s][info][gc] GC(1127) Garbage Collection (Allocation Rate) 12M(86%)->12M(86%)
[115.691s][info][gc] GC(1128) Garbage Collection (Allocation Rate) 12M(86%)->12M(86%)
[115.794s][info][gc] GC(1129) Garbage Collection (Allocation Rate) 12M(86%)->12M(86%)
[115.892s][info][gc] GC(1130) Garbage Collection (Allocation Rate) 12M(86%)->12M(86%)
[115.996s][info][gc] GC(1131) Garbage Collection (Allocation Rate) 12M(86%)->12M(86%)
[116.093s][info][gc] GC(1132) Garbage Collection (Allocation Rate) 12M(86%)->12M(86%)
[116.192s][info][gc] GC(1133) Garbage Collection (Allocation Rate) 12M(86%)->14M(100%)
[116.295s][info][gc] GC(1134) Garbage Collection (Allocation Rate) 14M(100%)->12M(86%)
[116.397s][info][gc] GC(1135) Garbage Collection (Allocation Rate) 12M(86%)->12M(86%)
[116.495s][info][gc] GC(1136) Garbage Collection (Allocation Rate) 12M(86%)->12M(86%)
[116.592s][info][gc] GC(1137) Garbage Collection (Allocation Rate) 12M(86%)->12M(86%)
[116.691s][info][gc] GC(1138) Garbage Collection (Allocation Rate) 12M(86%)->12M(86%)
[116.795s][info][gc] GC(1139) Garbage Collection (Allocation Rate) 12M(86%)->12M(86%)
[116.892s][info][gc] GC(1140) Garbage Collection (Allocation Rate) 12M(86%)->12M(86%)
[116.993s][info][gc] GC(1141) Garbage Collection (Allocation Rate) 12M(86%)->12M(86%)
[117.092s][info][gc] GC(1142) Garbage Collection (Allocation Rate) 12M(86%)->12M(86%)
[117.192s][info][gc] GC(1143) Garbage Collection (Allocation Rate) 12M(86%)->14M(100%)
[117.292s][info][gc] GC(1144) Garbage Collection (Allocation Rate) 14M(100%)->12M(86%)
[117.391s][info][gc] GC(1145) Garbage Collection (Allocation Rate) 12M(86%)->12M(86%)
[117.493s][info][gc] GC(1146) Garbage Collection (Allocation Rate) 12M(86%)->12M(86%)
[117.592s][info][gc] GC(1147) Garbage Collection (Allocation Rate) 12M(86%)->12M(86%)
[117.692s][info][gc] GC(1148) Garbage Collection (Allocation Rate) 12M(86%)->12M(86%)
[117.793s][info][gc] GC(1149) Garbage Collection (Allocation Rate) 12M(86%)->12M(86%)
[117.892s][info][gc] GC(1150) Garbage Collection (Allocation Rate) 12M(86%)->12M(86%)
[117.994s][info][gc] GC(1151) Garbage Collection (Allocation Rate) 12M(86%)->12M(86%)
[118.091s][info][gc] GC(1152) Garbage Collection (Allocation Rate) 12M(86%)->12M(86%)
[118.196s][info][gc] GC(1153) Garbage Collection (Allocation Rate) 12M(86%)->12M(86%)
[118.294s][info][gc] GC(1154) Garbage Collection (Allocation Rate) 14M(100%)->12M(86%)
[118.396s][info][gc] GC(1155) Garbage Collection (Allocation Rate) 12M(86%)->12M(86%)
[118.492s][info][gc] GC(1156) Garbage Collection (Allocation Rate) 12M(86%)->12M(86%)
[118.594s][info][gc] GC(1157) Garbage Collection (Allocation Rate) 12M(86%)->12M(86%)
[118.693s][info][gc] GC(1158) Garbage Collection (Allocation Rate) 12M(86%)->12M(86%)
[118.794s][info][gc] GC(1159) Garbage Collection (Allocation Rate) 12M(86%)->12M(86%)
[118.895s][info][gc] GC(1160) Garbage Collection (Allocation Rate) 12M(86%)->12M(86%)
[118.990s][info][gc] GC(1161) Garbage Collection (Allocation Rate) 12M(86%)->12M(86%)
[119.095s][info][gc] GC(1162) Garbage Collection (Allocation Rate) 12M(86%)->12M(86%)
[119.196s][info][gc] GC(1163) Garbage Collection (Allocation Rate) 12M(86%)->12M(86%)
[119.292s][info][gc] GC(1164) Garbage Collection (Allocation Rate) 12M(86%)->14M(100%)
[119.393s][info][gc] GC(1165) Garbage Collection (Allocation Rate) 14M(100%)->12M(86%)
[119.493s][info][gc] GC(1166) Garbage Collection (Allocation Rate) 12M(86%)->12M(86%)
[119.596s][info][gc] GC(1167) Garbage Collection (Allocation Rate) 12M(86%)->12M(86%)
[119.691s][info][gc] GC(1168) Garbage Collection (Allocation Rate) 12M(86%)->12M(86%)
[119.794s][info][gc] GC(1169) Garbage Collection (Allocation Rate) 12M(86%)->12M(86%)
[119.893s][info][gc] GC(1170) Garbage Collection (Allocation Rate) 12M(86%)->12M(86%)
[119.996s][info][gc] GC(1171) Garbage Collection (Allocation Rate) 12M(86%)->12M(86%)
[120.093s][info][gc] GC(1172) Garbage Collection (Allocation Rate) 12M(86%)->12M(86%)
[120.195s][info][gc] GC(1173) Garbage Collection (Allocation Rate) 12M(86%)->12M(86%)
[120.297s][info][gc] GC(1174) Garbage Collection (Allocation Rate) 12M(86%)->12M(86%)
[120.392s][info][gc] GC(1175) Garbage Collection (Allocation Rate) 14M(100%)->12M(86%)
[120.493s][info][gc] GC(1176) Garbage Collection (Allocation Rate) 12M(86%)->12M(86%)
[120.596s][info][gc] GC(1177) Garbage Collection (Allocation Rate) 12M(86%)->12M(86%)
[120.693s][info][gc] GC(1178) Garbage Collection (Allocation Rate) 12M(86%)->12M(86%)
[120.791s][info][gc] GC(1179) Garbage Collection (Allocation Rate) 12M(86%)->12M(86%)
[120.895s][info][gc] GC(1180) Garbage Collection (Allocation Rate) 12M(86%)->12M(86%)
[120.993s][info][gc] GC(1181) Garbage Collection (Allocation Rate) 12M(86%)->12M(86%)
[121.094s][info][gc] GC(1182) Garbage Collection (Allocation Rate) 12M(86%)->12M(86%)
[121.193s][info][gc] GC(1183) Garbage Collection (Allocation Rate) 12M(86%)->12M(86%)
[121.293s][info][gc] GC(1184) Garbage Collection (Allocation Rate) 12M(86%)->12M(86%)
[121.392s][info][gc] GC(1185) Garbage Collection (Allocation Rate) 12M(86%)->12M(86%)
[121.493s][info][gc] GC(1186) Garbage Collection (Allocation Rate) 14M(100%)->12M(86%)
[121.597s][info][gc] GC(1187) Garbage Collection (Allocation Rate) 12M(86%)->12M(86%)
[121.695s][info][gc] GC(1188) Garbage Collection (Allocation Rate) 12M(86%)->12M(86%)
[121.796s][info][gc] GC(1189) Garbage Collection (Allocation Rate) 12M(86%)->12M(86%)
[121.892s][info][gc] GC(1190) Garbage Collection (Allocation Rate) 12M(86%)->12M(86%)
[121.995s][info][gc] GC(1191) Garbage Collection (Allocation Rate) 12M(86%)->12M(86%)
[122.092s][info][gc] GC(1192) Garbage Collection (Allocation Rate) 12M(86%)->12M(86%)
[122.193s][info][gc] GC(1193) Garbage Collection (Allocation Rate) 12M(86%)->12M(86%)
[122.294s][info][gc] GC(1194) Garbage Collection (Allocation Rate) 12M(86%)->12M(86%)
[122.396s][info][gc] GC(1195) Garbage Collection (Allocation Rate) 12M(86%)->12M(86%)
[122.492s][info][gc] GC(1196) Garbage Collection (Allocation Rate) 12M(86%)->12M(86%)
[122.597s][info][gc] GC(1197) Garbage Collection (Allocation Rate) 14M(100%)->12M(86%)
[122.692s][info][gc] GC(1198) Garbage Collection (Allocation Rate) 12M(86%)->12M(86%)
[122.796s][info][gc] GC(1199) Garbage Collection (Allocation Rate) 12M(86%)->12M(86%)
[122.893s][info][gc] GC(1200) Garbage Collection (Allocation Rate) 12M(86%)->12M(86%)
[122.992s][info][gc] GC(1201) Garbage Collection (Allocation Rate) 12M(86%)->12M(86%)
[123.093s][info][gc] GC(1202) Garbage Collection (Allocation Rate) 12M(86%)->12M(86%)
[123.197s][info][gc] GC(1203) Garbage Collection (Allocation Rate) 12M(86%)->12M(86%)
[123.297s][info][gc] GC(1204) Garbage Collection (Allocation Rate) 12M(86%)->12M(86%)
[123.390s][info][gc] GC(1205) Garbage Collection (Allocation Rate) 12M(86%)->12M(86%)
[123.496s][info][gc] GC(1206) Garbage Collection (Allocation Rate) 12M(86%)->12M(86%)
[123.593s][info][gc] GC(1207) Garbage Collection (Allocation Rate) 14M(100%)->12M(86%)
[123.692s][info][gc] GC(1208) Garbage Collection (Allocation Rate) 12M(86%)->12M(86%)
[123.792s][info][gc] GC(1209) Garbage Collection (Allocation Rate) 12M(86%)->12M(86%)
[123.891s][info][gc] GC(1210) Garbage Collection (Allocation Rate) 12M(86%)->12M(86%)
[123.994s][info][gc] GC(1211) Garbage Collection (Allocation Rate) 12M(86%)->12M(86%)
[124.095s][info][gc] GC(1212) Garbage Collection (Allocation Rate) 12M(86%)->12M(86%)
[124.195s][info][gc] GC(1213) Garbage Collection (Allocation Rate) 12M(86%)->12M(86%)
[124.296s][info][gc] GC(1214) Garbage Collection (Allocation Rate) 12M(86%)->12M(86%)
[124.395s][info][gc] GC(1215) Garbage Collection (Allocation Rate) 12M(86%)->12M(86%)
[124.492s][info][gc] GC(1216) Garbage Collection (Allocation Rate) 12M(86%)->12M(86%)
[124.595s][info][gc] GC(1217) Garbage Collection (Allocation Rate) 12M(86%)->12M(86%)
[124.696s][info][gc] GC(1218) Garbage Collection (Allocation Rate) 14M(100%)->12M(86%)
[124.796s][info][gc] GC(1219) Garbage Collection (Allocation Rate) 12M(86%)->12M(86%)
[124.892s][info][gc] GC(1220) Garbage Collection (Allocation Rate) 12M(86%)->12M(86%)
[124.994s][info][gc] GC(1221) Garbage Collection (Allocation Rate) 12M(86%)->12M(86%)
[125.093s][info][gc] GC(1222) Garbage Collection (Allocation Rate) 12M(86%)->12M(86%)
[125.196s][info][gc] GC(1223) Garbage Collection (Allocation Rate) 12M(86%)->12M(86%)
