[0.053s][info][gc] Using Serial
[55.134s][info][gc] GC(0) Pause Young (Allocation Failure) 5M->2M(15M) 6.176ms
[55.157s][info][gc] GC(1) Pause Young (Allocation Failure) 7M->5M(15M) 5.895ms
[55.175s][info][gc] GC(2) Pause Young (Allocation Failure) 9M->7M(15M) 4.083ms
[55.193s][info][gc] GC(3) Pause Young (Allocation Failure) 11M->9M(15M) 4.157ms
[55.205s][info][gc] GC(4) Pause Young (Allocation Failure) 13M->13M(15M) 0.038ms
[55.226s][info][gc] GC(5) Pause Full (Allocation Failure) 13M->8M(15M) 21.049ms
[55.242s][info][gc] GC(6) Pause Young (Allocation Failure) 12M->10M(15M) 5.747ms
[133.096s][info][gc] GC(7) Pause Young (Allocation Failure) 15M->15M(15M) 0.043ms
[133.111s][info][gc] GC(8) Pause Full (Allocation Failure) 15M->6M(15M) 14.467ms
[133.128s][info][gc] GC(9) Pause Young (Allocation Failure) 10M->8M(15M) 6.142ms
[133.142s][info][gc] GC(10) Pause Young (Allocation Failure) 12M->10M(15M) 3.452ms
[133.151s][info][gc] GC(11) Pause Young (Allocation Failure) 14M->14M(15M) 0.034ms
[133.166s][info][gc] GC(12) Pause Full (Allocation Failure) 14M->7M(15M) 14.747ms
[133.180s][info][gc] GC(13) Pause Young (Allocation Failure) 11M->9M(15M) 4.866ms
[133.189s][info][gc] GC(14) Pause Young (Allocation Failure) 13M->13M(15M) 0.027ms
[133.203s][info][gc] GC(15) Pause Full (Allocation Failure) 13M->5M(15M) 13.611ms
