[0.010s][info][gc] Using Serial
[6.808s][info][gc] GC(0) Pause Young (Allocation Failure) 5M->2M(15M) 3.328ms
[6.891s][info][gc] GC(1) Pause Young (Allocation Failure) 6M->3M(15M) 3.185ms
[6.948s][info][gc] GC(2) Pause Young (Allocation Failure) 7M->3M(15M) 2.012ms
[8.223s][info][gc] GC(3) Pause Young (Allocation Failure) 7M->4M(15M) 2.530ms
[8.386s][info][gc] GC(4) Pause Young (Allocation Failure) 8M->4M(15M) 4.080ms
[22.370s][info][gc] GC(5) Pause Young (Allocation Failure) 9M->6M(15M) 3.682ms
[22.392s][info][gc] GC(6) Pause Young (Allocation Failure) 10M->8M(15M) 4.996ms
[22.411s][info][gc] GC(7) Pause Young (Allocation Failure) 12M->10M(15M) 4.442ms
[22.432s][info][gc] GC(8) Pause Young (Allocation Failure) 14M->14M(15M) 0.036ms
[22.460s][info][gc] GC(9) Pause Full (Allocation Failure) 14M->9M(15M) 27.983ms
[22.480s][info][gc] GC(10) Pause Young (Allocation Failure) 13M->13M(15M) 0.027ms
[22.502s][info][gc] GC(11) Pause Full (Allocation Failure) 13M->7M(15M) 21.599ms
[22.517s][info][gc] GC(12) Pause Young (Allocation Failure) 11M->9M(15M) 4.226ms
[22.526s][info][gc] GC(13) Pause Young (Allocation Failure) 14M->14M(15M) 0.046ms
[22.547s][info][gc] GC(14) Pause Full (Allocation Failure) 14M->8M(15M) 21.055ms
[22.557s][info][gc] GC(15) Pause Young (Allocation Failure) 12M->12M(15M) 0.027ms
[22.576s][info][gc] GC(16) Pause Full (Allocation Failure) 12M->6M(15M) 19.441ms
[22.590s][info][gc] GC(17) Pause Young (Allocation Failure) 11M->9M(15M) 4.339ms
[22.598s][info][gc] GC(18) Pause Young (Allocation Failure) 13M->13M(15M) 0.028ms
[22.619s][info][gc] GC(19) Pause Full (Allocation Failure) 13M->8M(15M) 21.049ms
[22.629s][info][gc] GC(20) Pause Young (Allocation Failure) 12M->12M(15M) 0.029ms
[22.648s][info][gc] GC(21) Pause Full (Allocation Failure) 12M->7M(15M) 19.341ms
[22.663s][info][gc] GC(22) Pause Young (Allocation Failure) 11M->9M(15M) 4.240ms
[22.671s][info][gc] GC(23) Pause Young (Allocation Failure) 14M->14M(15M) 0.048ms
[22.692s][info][gc] GC(24) Pause Full (Allocation Failure) 14M->8M(15M) 21.175ms
[22.702s][info][gc] GC(25) Pause Young (Allocation Failure) 12M->12M(15M) 0.028ms
[22.721s][info][gc] GC(26) Pause Full (Allocation Failure) 12M->6M(15M) 19.099ms
[22.735s][info][gc] GC(27) Pause Young (Allocation Failure) 11M->9M(15M) 4.214ms
[22.743s][info][gc] GC(28) Pause Young (Allocation Failure) 13M->13M(15M) 0.035ms
[22.764s][info][gc] GC(29) Pause Full (Allocation Failure) 13M->8M(15M) 20.748ms
[22.770s][info][gc] GC(30) Pause Young (Allocation Failure) 12M->12M(15M) 0.028ms
[22.793s][info][gc] GC(31) Pause Full (Allocation Failure) 12M->10M(15M) 22.920ms
[22.822s][info][gc] GC(32) Pause Full (Allocation Failure) 15M->9M(15M) 22.201ms
[22.827s][info][gc] GC(33) Pause Young (Allocation Failure) 13M->13M(15M) 0.029ms
[22.850s][info][gc] GC(34) Pause Full (Allocation Failure) 13M->9M(15M) 23.331ms
[22.856s][info][gc] GC(35) Pause Young (Allocation Failure) 14M->14M(15M) 0.028ms
[22.878s][info][gc] GC(36) Pause Full (Allocation Failure) 14M->10M(15M) 22.117ms
[22.884s][info][gc] GC(37) Pause Young (Allocation Failure) 14M->14M(15M) 0.027ms
[22.906s][info][gc] GC(38) Pause Full (Allocation Failure) 14M->10M(15M) 22.190ms
[22.912s][info][gc] GC(39) Pause Young (Allocation Failure) 14M->14M(15M) 0.026ms
[22.935s][info][gc] GC(40) Pause Full (Allocation Failure) 14M->10M(15M) 23.112ms
[22.940s][info][gc] GC(41) Pause Young (Allocation Failure) 14M->14M(15M) 0.028ms
[22.964s][info][gc] GC(42) Pause Full (Allocation Failure) 14M->10M(15M) 23.413ms
[22.970s][info][gc] GC(43) Pause Young (Allocation Failure) 14M->14M(15M) 0.042ms
[22.995s][info][gc] GC(44) Pause Full (Allocation Failure) 14M->10M(15M) 25.025ms
[23.000s][info][gc] GC(45) Pause Young (Allocation Failure) 14M->14M(15M) 0.041ms
[23.023s][info][gc] GC(46) Pause Full (Allocation Failure) 14M->10M(15M) 23.400ms
[23.029s][info][gc] GC(47) Pause Young (Allocation Failure) 14M->14M(15M) 0.061ms
[23.052s][info][gc] GC(48) Pause Full (Allocation Failure) 14M->10M(15M) 22.873ms
[23.058s][info][gc] GC(49) Pause Young (Allocation Failure) 14M->14M(15M) 0.028ms
[23.081s][info][gc] GC(50) Pause Full (Allocation Failure) 14M->10M(15M) 23.717ms
[23.087s][info][gc] GC(51) Pause Young (Allocation Failure) 14M->14M(15M) 0.028ms
[23.110s][info][gc] GC(52) Pause Full (Allocation Failure) 14M->10M(15M) 22.866ms
[23.138s][info][gc] GC(53) Pause Full (Allocation Failure) 15M->9M(15M) 21.073ms
[23.144s][info][gc] GC(54) Pause Young (Allocation Failure) 13M->13M(15M) 0.028ms
[23.165s][info][gc] GC(55) Pause Full (Allocation Failure) 13M->9M(15M) 20.977ms
[23.170s][info][gc] GC(56) Pause Young (Allocation Failure) 13M->13M(15M) 0.028ms
[23.191s][info][gc] GC(57) Pause Full (Allocation Failure) 13M->9M(15M) 21.396ms
[23.197s][info][gc] GC(58) Pause Young (Allocation Failure) 13M->13M(15M) 0.052ms
[23.218s][info][gc] GC(59) Pause Full (Allocation Failure) 13M->10M(15M) 21.592ms
[23.224s][info][gc] GC(60) Pause Young (Allocation Failure) 14M->14M(15M) 0.027ms
[23.246s][info][gc] GC(61) Pause Full (Allocation Failure) 14M->10M(15M) 22.387ms
[23.252s][info][gc] GC(62) Pause Young (Allocation Failure) 14M->14M(15M) 0.029ms
[23.274s][info][gc] GC(63) Pause Full (Allocation Failure) 14M->10M(15M) 22.387ms
[23.280s][info][gc] GC(64) Pause Young (Allocation Failure) 14M->14M(15M) 0.038ms
[23.303s][info][gc] GC(65) Pause Full (Allocation Failure) 14M->10M(15M) 23.261ms
[23.309s][info][gc] GC(66) Pause Young (Allocation Failure) 14M->14M(15M) 0.028ms
[23.332s][info][gc] GC(67) Pause Full (Allocation Failure) 14M->11M(15M) 23.125ms
[23.360s][info][gc] GC(68) Pause Full (Allocation Failure) 15M->9M(15M) 22.138ms
[23.366s][info][gc] GC(69) Pause Young (Allocation Failure) 13M->13M(15M) 0.026ms
[23.388s][info][gc] GC(70) Pause Full (Allocation Failure) 13M->9M(15M) 22.079ms
[23.393s][info][gc] GC(71) Pause Young (Allocation Failure) 13M->13M(15M) 0.028ms
[23.415s][info][gc] GC(72) Pause Full (Allocation Failure) 13M->9M(15M) 22.059ms
[23.422s][info][gc] GC(73) Pause Young (Allocation Failure) 13M->13M(15M) 0.033ms
[23.449s][info][gc] GC(74) Pause Full (Allocation Failure) 13M->7M(15M) 27.382ms
[23.461s][info][gc] GC(75) Pause Young (Allocation Failure) 12M->10M(15M) 4.746ms
[23.466s][info][gc] GC(76) Pause Young (Allocation Failure) 14M->14M(15M) 0.040ms
[23.490s][info][gc] GC(77) Pause Full (Allocation Failure) 14M->8M(15M) 23.400ms
[23.495s][info][gc] GC(78) Pause Young (Allocation Failure) 12M->12M(15M) 0.031ms
[23.519s][info][gc] GC(79) Pause Full (Allocation Failure) 12M->10M(15M) 24.034ms
[23.525s][info][gc] GC(80) Pause Young (Allocation Failure) 14M->14M(15M) 0.032ms
[23.549s][info][gc] GC(81) Pause Full (Allocation Failure) 14M->8M(15M) 23.151ms
[23.554s][info][gc] GC(82) Pause Young (Allocation Failure) 12M->12M(15M) 0.049ms
[23.575s][info][gc] GC(83) Pause Full (Allocation Failure) 12M->7M(15M) 20.836ms
[23.585s][info][gc] GC(84) Pause Young (Allocation Failure) 11M->10M(15M) 4.291ms
[23.590s][info][gc] GC(85) Pause Young (Allocation Failure) 14M->14M(15M) 0.040ms
[23.613s][info][gc] GC(86) Pause Full (Allocation Failure) 14M->8M(15M) 22.693ms
[23.618s][info][gc] GC(87) Pause Young (Allocation Failure) 12M->12M(15M) 0.032ms
[23.639s][info][gc] GC(88) Pause Full (Allocation Failure) 12M->7M(15M) 20.405ms
[23.649s][info][gc] GC(89) Pause Young (Allocation Failure) 11M->9M(15M) 4.588ms
[23.654s][info][gc] GC(90) Pause Young (Allocation Failure) 14M->14M(15M) 0.031ms
[23.678s][info][gc] GC(91) Pause Full (Allocation Failure) 14M->7M(15M) 23.901ms
[23.684s][info][gc] GC(92) Pause Young (Allocation Failure) 12M->12M(15M) 0.032ms
[23.704s][info][gc] GC(93) Pause Full (Allocation Failure) 12M->7M(15M) 20.152ms
[23.713s][info][gc] GC(94) Pause Young (Allocation Failure) 11M->9M(15M) 4.418ms
[23.718s][info][gc] GC(95) Pause Young (Allocation Failure) 14M->14M(15M) 0.027ms
[23.739s][info][gc] GC(96) Pause Full (Allocation Failure) 14M->8M(15M) 21.185ms
[23.744s][info][gc] GC(97) Pause Young (Allocation Failure) 12M->12M(15M) 0.028ms
[23.768s][info][gc] GC(98) Pause Full (Allocation Failure) 12M->11M(15M) 23.348ms
[23.797s][info][gc] GC(99) Pause Full (Allocation Failure) 15M->8M(15M) 22.271ms
[23.802s][info][gc] GC(100) Pause Young (Allocation Failure) 13M->13M(15M) 0.028ms
[23.823s][info][gc] GC(101) Pause Full (Allocation Failure) 13M->9M(15M) 20.897ms
[23.829s][info][gc] GC(102) Pause Young (Allocation Failure) 13M->13M(15M) 0.027ms
[23.851s][info][gc] GC(103) Pause Full (Allocation Failure) 13M->10M(15M) 22.050ms
[23.856s][info][gc] GC(104) Pause Young (Allocation Failure) 14M->14M(15M) 0.028ms
[23.879s][info][gc] GC(105) Pause Full (Allocation Failure) 14M->10M(15M) 23.018ms
[23.884s][info][gc] GC(106) Pause Young (Allocation Failure) 14M->14M(15M) 0.028ms
[23.908s][info][gc] GC(107) Pause Full (Allocation Failure) 14M->9M(15M) 23.259ms
[23.913s][info][gc] GC(108) Pause Young (Allocation Failure) 14M->14M(15M) 0.027ms
[23.936s][info][gc] GC(109) Pause Full (Allocation Failure) 14M->10M(15M) 22.844ms
[23.964s][info][gc] GC(110) Pause Full (Allocation Failure) 15M->8M(15M) 20.752ms
[23.970s][info][gc] GC(111) Pause Young (Allocation Failure) 12M->12M(15M) 0.027ms
[23.991s][info][gc] GC(112) Pause Full (Allocation Failure) 12M->9M(15M) 20.944ms
[23.998s][info][gc] GC(113) Pause Young (Allocation Failure) 13M->13M(15M) 0.028ms
[24.017s][info][gc] GC(114) Pause Full (Allocation Failure) 13M->7M(15M) 18.885ms
[24.027s][info][gc] GC(115) Pause Young (Allocation Failure) 11M->9M(15M) 4.089ms
[24.032s][info][gc] GC(116) Pause Young (Allocation Failure) 13M->13M(15M) 0.025ms
[24.054s][info][gc] GC(117) Pause Full (Allocation Failure) 13M->8M(15M) 21.555ms
[24.059s][info][gc] GC(118) Pause Young (Allocation Failure) 12M->12M(15M) 0.036ms
[24.081s][info][gc] GC(119) Pause Full (Allocation Failure) 12M->11M(15M) 22.724ms
[24.111s][info][gc] GC(120) Pause Full (Allocation Failure) 15M->9M(15M) 22.141ms
[24.116s][info][gc] GC(121) Pause Young (Allocation Failure) 13M->13M(15M) 0.043ms
[24.138s][info][gc] GC(122) Pause Full (Allocation Failure) 13M->9M(15M) 22.075ms
[24.143s][info][gc] GC(123) Pause Young (Allocation Failure) 13M->13M(15M) 0.028ms
[24.165s][info][gc] GC(124) Pause Full (Allocation Failure) 13M->10M(15M) 22.038ms
[24.171s][info][gc] GC(125) Pause Young (Allocation Failure) 14M->14M(15M) 0.028ms
[24.193s][info][gc] GC(126) Pause Full (Allocation Failure) 14M->10M(15M) 22.434ms
[24.198s][info][gc] GC(127) Pause Young (Allocation Failure) 14M->14M(15M) 0.027ms
[24.222s][info][gc] GC(128) Pause Full (Allocation Failure) 14M->10M(15M) 23.222ms
[24.227s][info][gc] GC(129) Pause Young (Allocation Failure) 14M->14M(15M) 0.028ms
[24.250s][info][gc] GC(130) Pause Full (Allocation Failure) 14M->10M(15M) 23.543ms
[24.256s][info][gc] GC(131) Pause Young (Allocation Failure) 14M->14M(15M) 0.028ms
[24.279s][info][gc] GC(132) Pause Full (Allocation Failure) 14M->11M(15M) 23.452ms
[24.307s][info][gc] GC(133) Pause Full (Allocation Failure) 15M->9M(15M) 21.404ms
[24.313s][info][gc] GC(134) Pause Young (Allocation Failure) 14M->14M(15M) 0.038ms
[24.333s][info][gc] GC(135) Pause Full (Allocation Failure) 14M->8M(15M) 20.315ms
[24.339s][info][gc] GC(136) Pause Young (Allocation Failure) 13M->13M(15M) 0.038ms
[24.359s][info][gc] GC(137) Pause Full (Allocation Failure) 13M->8M(15M) 20.565ms
[24.365s][info][gc] GC(138) Pause Young (Allocation Failure) 12M->12M(15M) 0.028ms
[24.386s][info][gc] GC(139) Pause Full (Allocation Failure) 12M->9M(15M) 21.486ms
[24.392s][info][gc] GC(140) Pause Young (Allocation Failure) 13M->13M(15M) 0.027ms
[24.413s][info][gc] GC(141) Pause Full (Allocation Failure) 13M->9M(15M) 20.901ms
[24.419s][info][gc] GC(142) Pause Young (Allocation Failure) 13M->13M(15M) 0.033ms
[24.443s][info][gc] GC(143) Pause Full (Allocation Failure) 13M->7M(15M) 24.202ms
[24.454s][info][gc] GC(144) Pause Young (Allocation Failure) 11M->9M(15M) 5.143ms
[24.459s][info][gc] GC(145) Pause Young (Allocation Failure) 14M->14M(15M) 0.030ms
[24.482s][info][gc] GC(146) Pause Full (Allocation Failure) 14M->8M(15M) 22.548ms
[24.487s][info][gc] GC(147) Pause Young (Allocation Failure) 12M->12M(15M) 0.027ms
[24.510s][info][gc] GC(148) Pause Full (Allocation Failure) 12M->10M(15M) 22.376ms
[24.538s][info][gc] GC(149) Pause Full (Allocation Failure) 15M->8M(15M) 21.657ms
[24.544s][info][gc] GC(150) Pause Young (Allocation Failure) 12M->12M(15M) 0.028ms
[24.565s][info][gc] GC(151) Pause Full (Allocation Failure) 12M->9M(15M) 20.900ms
[24.570s][info][gc] GC(152) Pause Young (Allocation Failure) 13M->13M(15M) 0.027ms
[24.592s][info][gc] GC(153) Pause Full (Allocation Failure) 13M->9M(15M) 21.871ms
[24.597s][info][gc] GC(154) Pause Young (Allocation Failure) 13M->13M(15M) 0.027ms
[24.619s][info][gc] GC(155) Pause Full (Allocation Failure) 13M->10M(15M) 21.779ms
[24.624s][info][gc] GC(156) Pause Young (Allocation Failure) 14M->14M(15M) 0.037ms
[24.647s][info][gc] GC(157) Pause Full (Allocation Failure) 14M->10M(15M) 22.839ms
[24.652s][info][gc] GC(158) Pause Young (Allocation Failure) 14M->14M(15M) 0.027ms
[24.676s][info][gc] GC(159) Pause Full (Allocation Failure) 14M->10M(15M) 23.447ms
[24.703s][info][gc] GC(160) Pause Full (Allocation Failure) 15M->8M(15M) 20.723ms
[24.709s][info][gc] GC(161) Pause Young (Allocation Failure) 12M->12M(15M) 0.028ms
[24.730s][info][gc] GC(162) Pause Full (Allocation Failure) 12M->9M(15M) 20.793ms
[24.735s][info][gc] GC(163) Pause Young (Allocation Failure) 13M->13M(15M) 0.029ms
[24.757s][info][gc] GC(164) Pause Full (Allocation Failure) 13M->9M(15M) 22.194ms
[24.762s][info][gc] GC(165) Pause Young (Allocation Failure) 13M->13M(15M) 0.028ms
[24.784s][info][gc] GC(166) Pause Full (Allocation Failure) 13M->10M(15M) 21.795ms
[24.790s][info][gc] GC(167) Pause Young (Allocation Failure) 14M->14M(15M) 0.028ms
[24.813s][info][gc] GC(168) Pause Full (Allocation Failure) 14M->9M(15M) 23.139ms
[24.818s][info][gc] GC(169) Pause Young (Allocation Failure) 14M->14M(15M) 0.027ms
[24.841s][info][gc] GC(170) Pause Full (Allocation Failure) 14M->10M(15M) 22.920ms
[24.870s][info][gc] GC(171) Pause Full (Allocation Failure) 15M->8M(15M) 21.722ms
[24.875s][info][gc] GC(172) Pause Young (Allocation Failure) 12M->12M(15M) 0.028ms
[24.897s][info][gc] GC(173) Pause Full (Allocation Failure) 12M->9M(15M) 21.407ms
[24.902s][info][gc] GC(174) Pause Young (Allocation Failure) 13M->13M(15M) 0.037ms
[24.924s][info][gc] GC(175) Pause Full (Allocation Failure) 13M->9M(15M) 22.057ms
[24.930s][info][gc] GC(176) Pause Young (Allocation Failure) 13M->13M(15M) 0.029ms
[24.952s][info][gc] GC(177) Pause Full (Allocation Failure) 13M->9M(15M) 22.428ms
[24.958s][info][gc] GC(178) Pause Young (Allocation Failure) 14M->14M(15M) 0.027ms
[24.981s][info][gc] GC(179) Pause Full (Allocation Failure) 14M->10M(15M) 23.419ms
[24.987s][info][gc] GC(180) Pause Young (Allocation Failure) 14M->14M(15M) 0.028ms
[25.012s][info][gc] GC(181) Pause Full (Allocation Failure) 14M->10M(15M) 25.014ms
[25.040s][info][gc] GC(182) Pause Full (Allocation Failure) 15M->7M(15M) 20.516ms
[25.045s][info][gc] GC(183) Pause Young (Allocation Failure) 11M->11M(15M) 0.028ms
[25.066s][info][gc] GC(184) Pause Full (Allocation Failure) 11M->8M(15M) 20.814ms
[25.071s][info][gc] GC(185) Pause Young (Allocation Failure) 13M->13M(15M) 0.029ms
[25.093s][info][gc] GC(186) Pause Full (Allocation Failure) 13M->9M(15M) 21.454ms
[25.098s][info][gc] GC(187) Pause Young (Allocation Failure) 13M->13M(15M) 0.029ms
[25.119s][info][gc] GC(188) Pause Full (Allocation Failure) 13M->8M(15M) 20.583ms
[25.125s][info][gc] GC(189) Pause Young (Allocation Failure) 13M->13M(15M) 0.030ms
[25.145s][info][gc] GC(190) Pause Full (Allocation Failure) 13M->7M(15M) 19.639ms
[25.150s][info][gc] GC(191) Pause Young (Allocation Failure) 11M->11M(15M) 0.028ms
[25.171s][info][gc] GC(192) Pause Full (Allocation Failure) 11M->8M(15M) 20.623ms
[25.176s][info][gc] GC(193) Pause Young (Allocation Failure) 12M->12M(15M) 0.041ms
[25.197s][info][gc] GC(194) Pause Full (Allocation Failure) 12M->8M(15M) 20.244ms
[25.202s][info][gc] GC(195) Pause Young (Allocation Failure) 12M->12M(15M) 0.027ms
[25.223s][info][gc] GC(196) Pause Full (Allocation Failure) 12M->9M(15M) 20.834ms
[25.228s][info][gc] GC(197) Pause Young (Allocation Failure) 13M->13M(15M) 0.028ms
[25.250s][info][gc] GC(198) Pause Full (Allocation Failure) 13M->9M(15M) 21.428ms
[25.255s][info][gc] GC(199) Pause Young (Allocation Failure) 13M->13M(15M) 0.029ms
[25.277s][info][gc] GC(200) Pause Full (Allocation Failure) 13M->9M(15M) 21.767ms
[25.282s][info][gc] GC(201) Pause Young (Allocation Failure) 13M->13M(15M) 0.040ms
[25.304s][info][gc] GC(202) Pause Full (Allocation Failure) 13M->10M(15M) 21.801ms
[25.310s][info][gc] GC(203) Pause Young (Allocation Failure) 14M->14M(15M) 0.039ms
[25.333s][info][gc] GC(204) Pause Full (Allocation Failure) 14M->10M(15M) 23.765ms
[25.339s][info][gc] GC(205) Pause Young (Allocation Failure) 14M->14M(15M) 0.028ms
[25.362s][info][gc] GC(206) Pause Full (Allocation Failure) 14M->10M(15M) 23.732ms
[25.368s][info][gc] GC(207) Pause Young (Allocation Failure) 14M->14M(15M) 0.029ms
[25.392s][info][gc] GC(208) Pause Full (Allocation Failure) 14M->11M(15M) 24.339ms
[25.420s][info][gc] GC(209) Pause Full (Allocation Failure) 15M->9M(15M) 21.776ms
[25.426s][info][gc] GC(210) Pause Young (Allocation Failure) 13M->13M(15M) 0.041ms
[25.451s][info][gc] GC(211) Pause Full (Allocation Failure) 13M->7M(15M) 25.053ms
[25.459s][info][gc] GC(212) Pause Young (Allocation Failure) 11M->11M(15M) 0.041ms
[25.479s][info][gc] GC(213) Pause Full (Allocation Failure) 11M->7M(15M) 19.969ms
[25.490s][info][gc] GC(214) Pause Young (Allocation Failure) 11M->9M(15M) 6.282ms
[25.497s][info][gc] GC(215) Pause Young (Allocation Failure) 13M->13M(15M) 0.031ms
[25.518s][info][gc] GC(216) Pause Full (Allocation Failure) 13M->8M(15M) 21.525ms
[25.524s][info][gc] GC(217) Pause Young (Allocation Failure) 12M->12M(15M) 0.028ms
[25.549s][info][gc] GC(218) Pause Full (Allocation Failure) 12M->10M(15M) 25.816ms
[25.555s][info][gc] GC(219) Pause Young (Allocation Failure) 14M->14M(15M) 0.029ms
[25.578s][info][gc] GC(220) Pause Full (Allocation Failure) 14M->10M(15M) 22.999ms
[25.584s][info][gc] GC(221) Pause Young (Allocation Failure) 14M->14M(15M) 0.031ms
[25.610s][info][gc] GC(222) Pause Full (Allocation Failure) 14M->10M(15M) 25.518ms
[25.615s][info][gc] GC(223) Pause Young (Allocation Failure) 14M->14M(15M) 0.028ms
[25.638s][info][gc] GC(224) Pause Full (Allocation Failure) 14M->10M(15M) 23.173ms
[25.666s][info][gc] GC(225) Pause Full (Allocation Failure) 15M->8M(15M) 20.655ms
[25.672s][info][gc] GC(226) Pause Young (Allocation Failure) 12M->12M(15M) 0.029ms
[25.693s][info][gc] GC(227) Pause Full (Allocation Failure) 12M->8M(15M) 21.237ms
[25.698s][info][gc] GC(228) Pause Young (Allocation Failure) 13M->13M(15M) 0.028ms
[25.720s][info][gc] GC(229) Pause Full (Allocation Failure) 13M->8M(15M) 21.451ms
[25.725s][info][gc] GC(230) Pause Young (Allocation Failure) 12M->12M(15M) 0.029ms
[25.747s][info][gc] GC(231) Pause Full (Allocation Failure) 12M->9M(15M) 21.811ms
[25.753s][info][gc] GC(232) Pause Young (Allocation Failure) 13M->13M(15M) 0.028ms
[25.775s][info][gc] GC(233) Pause Full (Allocation Failure) 13M->9M(15M) 21.648ms
[25.780s][info][gc] GC(234) Pause Young (Allocation Failure) 13M->13M(15M) 0.027ms
[25.802s][info][gc] GC(235) Pause Full (Allocation Failure) 13M->10M(15M) 22.021ms
[25.807s][info][gc] GC(236) Pause Young (Allocation Failure) 14M->14M(15M) 0.028ms
[25.831s][info][gc] GC(237) Pause Full (Allocation Failure) 14M->10M(15M) 23.398ms
[25.836s][info][gc] GC(238) Pause Young (Allocation Failure) 14M->14M(15M) 0.030ms
[25.861s][info][gc] GC(239) Pause Full (Allocation Failure) 14M->10M(15M) 25.276ms
[25.866s][info][gc] GC(240) Pause Young (Allocation Failure) 14M->14M(15M) 0.039ms
[25.891s][info][gc] GC(241) Pause Full (Allocation Failure) 14M->10M(15M) 24.691ms
[25.921s][info][gc] GC(242) Pause Full (Allocation Failure) 15M->8M(15M) 22.519ms
[25.928s][info][gc] GC(243) Pause Young (Allocation Failure) 13M->13M(15M) 0.036ms
[25.949s][info][gc] GC(244) Pause Full (Allocation Failure) 13M->7M(15M) 20.749ms
[25.954s][info][gc] GC(245) Pause Young (Allocation Failure) 11M->11M(15M) 0.028ms
[25.974s][info][gc] GC(246) Pause Full (Allocation Failure) 11M->7M(15M) 19.490ms
[25.979s][info][gc] GC(247) Pause Young (Allocation Failure) 12M->12M(15M) 0.039ms
[26.002s][info][gc] GC(248) Pause Full (Allocation Failure) 12M->8M(15M) 22.648ms
[26.007s][info][gc] GC(249) Pause Young (Allocation Failure) 12M->12M(15M) 0.038ms
[26.029s][info][gc] GC(250) Pause Full (Allocation Failure) 12M->9M(15M) 21.914ms
[26.035s][info][gc] GC(251) Pause Young (Allocation Failure) 13M->13M(15M) 0.036ms
[26.057s][info][gc] GC(252) Pause Full (Allocation Failure) 13M->8M(15M) 22.296ms
[26.062s][info][gc] GC(253) Pause Young (Allocation Failure) 13M->13M(15M) 0.028ms
[26.084s][info][gc] GC(254) Pause Full (Allocation Failure) 13M->9M(15M) 21.935ms
[26.090s][info][gc] GC(255) Pause Young (Allocation Failure) 13M->13M(15M) 0.027ms
[26.112s][info][gc] GC(256) Pause Full (Allocation Failure) 13M->9M(15M) 21.800ms
[26.117s][info][gc] GC(257) Pause Young (Allocation Failure) 14M->14M(15M) 0.028ms
[26.140s][info][gc] GC(258) Pause Full (Allocation Failure) 14M->10M(15M) 22.790ms
[26.145s][info][gc] GC(259) Pause Young (Allocation Failure) 14M->14M(15M) 0.030ms
[26.167s][info][gc] GC(260) Pause Full (Allocation Failure) 14M->9M(15M) 22.183ms
[26.173s][info][gc] GC(261) Pause Young (Allocation Failure) 13M->13M(15M) 0.028ms
[26.195s][info][gc] GC(262) Pause Full (Allocation Failure) 13M->10M(15M) 22.377ms
[26.200s][info][gc] GC(263) Pause Young (Allocation Failure) 14M->14M(15M) 0.028ms
[26.223s][info][gc] GC(264) Pause Full (Allocation Failure) 14M->10M(15M) 22.660ms
[26.228s][info][gc] GC(265) Pause Young (Allocation Failure) 14M->14M(15M) 0.027ms
[26.252s][info][gc] GC(266) Pause Full (Allocation Failure) 14M->11M(15M) 23.765ms
[26.281s][info][gc] GC(267) Pause Full (Allocation Failure) 15M->8M(15M) 21.409ms
[26.286s][info][gc] GC(268) Pause Young (Allocation Failure) 13M->13M(15M) 0.028ms
[26.308s][info][gc] GC(269) Pause Full (Allocation Failure) 13M->9M(15M) 21.392ms
[26.313s][info][gc] GC(270) Pause Young (Allocation Failure) 13M->13M(15M) 0.028ms
[26.335s][info][gc] GC(271) Pause Full (Allocation Failure) 13M->9M(15M) 21.543ms
[26.340s][info][gc] GC(272) Pause Young (Allocation Failure) 14M->14M(15M) 0.027ms
[26.363s][info][gc] GC(273) Pause Full (Allocation Failure) 14M->10M(15M) 23.346ms
[26.368s][info][gc] GC(274) Pause Young (Allocation Failure) 14M->14M(15M) 0.027ms
[26.392s][info][gc] GC(275) Pause Full (Allocation Failure) 14M->10M(15M) 24.161ms
[26.398s][info][gc] GC(276) Pause Young (Allocation Failure) 14M->14M(15M) 0.028ms
[26.422s][info][gc] GC(277) Pause Full (Allocation Failure) 14M->11M(15M) 23.826ms
[26.455s][info][gc] GC(278) Pause Full (Allocation Failure) 15M->7M(15M) 26.261ms
[26.461s][info][gc] GC(279) Pause Young (Allocation Failure) 12M->12M(15M) 0.033ms
[26.481s][info][gc] GC(280) Pause Full (Allocation Failure) 12M->8M(15M) 19.885ms
[26.486s][info][gc] GC(281) Pause Young (Allocation Failure) 12M->12M(15M) 0.028ms
[26.506s][info][gc] GC(282) Pause Full (Allocation Failure) 12M->7M(15M) 20.169ms
[26.512s][info][gc] GC(283) Pause Young (Allocation Failure) 12M->12M(15M) 0.028ms
[26.532s][info][gc] GC(284) Pause Full (Allocation Failure) 12M->8M(15M) 20.229ms
[26.537s][info][gc] GC(285) Pause Young (Allocation Failure) 12M->12M(15M) 0.027ms
[26.558s][info][gc] GC(286) Pause Full (Allocation Failure) 12M->8M(15M) 20.387ms
[26.563s][info][gc] GC(287) Pause Young (Allocation Failure) 13M->13M(15M) 0.028ms
[26.585s][info][gc] GC(288) Pause Full (Allocation Failure) 13M->9M(15M) 21.626ms
[26.590s][info][gc] GC(289) Pause Young (Allocation Failure) 13M->13M(15M) 0.029ms
[26.612s][info][gc] GC(290) Pause Full (Allocation Failure) 13M->9M(15M) 21.992ms
[26.617s][info][gc] GC(291) Pause Young (Allocation Failure) 13M->13M(15M) 0.027ms
[26.639s][info][gc] GC(292) Pause Full (Allocation Failure) 13M->10M(15M) 21.724ms
[26.645s][info][gc] GC(293) Pause Young (Allocation Failure) 14M->14M(15M) 0.028ms
[26.667s][info][gc] GC(294) Pause Full (Allocation Failure) 14M->10M(15M) 22.609ms
[26.673s][info][gc] GC(295) Pause Young (Allocation Failure) 14M->14M(15M) 0.029ms
[26.695s][info][gc] GC(296) Pause Full (Allocation Failure) 14M->9M(15M) 21.913ms
[26.700s][info][gc] GC(297) Pause Young (Allocation Failure) 14M->14M(15M) 0.028ms
[26.723s][info][gc] GC(298) Pause Full (Allocation Failure) 14M->9M(15M) 22.498ms
[26.728s][info][gc] GC(299) Pause Young (Allocation Failure) 14M->14M(15M) 0.028ms
[26.751s][info][gc] GC(300) Pause Full (Allocation Failure) 14M->10M(15M) 22.885ms
[26.757s][info][gc] GC(301) Pause Young (Allocation Failure) 14M->14M(15M) 0.027ms
[26.780s][info][gc] GC(302) Pause Full (Allocation Failure) 14M->10M(15M) 23.552ms
[26.809s][info][gc] GC(303) Pause Full (Allocation Failure) 15M->8M(15M) 21.021ms
[26.814s][info][gc] GC(304) Pause Young (Allocation Failure) 13M->13M(15M) 0.029ms
[26.836s][info][gc] GC(305) Pause Full (Allocation Failure) 13M->9M(15M) 21.737ms
[26.841s][info][gc] GC(306) Pause Young (Allocation Failure) 13M->13M(15M) 0.039ms
[26.863s][info][gc] GC(307) Pause Full (Allocation Failure) 13M->9M(15M) 22.225ms
[26.869s][info][gc] GC(308) Pause Young (Allocation Failure) 14M->14M(15M) 0.027ms
[26.893s][info][gc] GC(309) Pause Full (Allocation Failure) 14M->10M(15M) 23.280ms
[26.898s][info][gc] GC(310) Pause Young (Allocation Failure) 14M->14M(15M) 0.028ms
[26.921s][info][gc] GC(311) Pause Full (Allocation Failure) 14M->10M(15M) 22.851ms
[26.926s][info][gc] GC(312) Pause Young (Allocation Failure) 14M->14M(15M) 0.028ms
[26.950s][info][gc] GC(313) Pause Full (Allocation Failure) 14M->10M(15M) 23.684ms
[26.955s][info][gc] GC(314) Pause Young (Allocation Failure) 14M->14M(15M) 0.027ms
[26.979s][info][gc] GC(315) Pause Full (Allocation Failure) 14M->11M(15M) 23.754ms
[27.008s][info][gc] GC(316) Pause Full (Allocation Failure) 15M->9M(15M) 22.051ms
[27.013s][info][gc] GC(317) Pause Young (Allocation Failure) 13M->13M(15M) 0.028ms
[27.034s][info][gc] GC(318) Pause Full (Allocation Failure) 13M->9M(15M) 21.511ms
[27.040s][info][gc] GC(319) Pause Young (Allocation Failure) 14M->14M(15M) 0.028ms
[27.062s][info][gc] GC(320) Pause Full (Allocation Failure) 14M->9M(15M) 21.731ms
[27.067s][info][gc] GC(321) Pause Young (Allocation Failure) 13M->13M(15M) 0.028ms
[27.089s][info][gc] GC(322) Pause Full (Allocation Failure) 13M->9M(15M) 22.175ms
[27.095s][info][gc] GC(323) Pause Young (Allocation Failure) 14M->14M(15M) 0.035ms
[27.118s][info][gc] GC(324) Pause Full (Allocation Failure) 14M->10M(15M) 22.607ms
[27.123s][info][gc] GC(325) Pause Young (Allocation Failure) 14M->14M(15M) 0.027ms
[27.146s][info][gc] GC(326) Pause Full (Allocation Failure) 14M->10M(15M) 22.955ms
[27.151s][info][gc] GC(327) Pause Young (Allocation Failure) 14M->14M(15M) 0.028ms
[27.175s][info][gc] GC(328) Pause Full (Allocation Failure) 14M->10M(15M) 23.481ms
[27.180s][info][gc] GC(329) Pause Young (Allocation Failure) 14M->14M(15M) 0.028ms
[27.204s][info][gc] GC(330) Pause Full (Allocation Failure) 14M->11M(15M) 23.572ms
[27.233s][info][gc] GC(331) Pause Full (Allocation Failure) 15M->9M(15M) 22.166ms
[27.239s][info][gc] GC(332) Pause Young (Allocation Failure) 13M->13M(15M) 0.028ms
[27.262s][info][gc] GC(333) Pause Full (Allocation Failure) 13M->9M(15M) 22.867ms
[27.267s][info][gc] GC(334) Pause Young (Allocation Failure) 13M->13M(15M) 0.027ms
[27.289s][info][gc] GC(335) Pause Full (Allocation Failure) 13M->9M(15M) 22.021ms
[27.295s][info][gc] GC(336) Pause Young (Allocation Failure) 13M->13M(15M) 0.028ms
[27.317s][info][gc] GC(337) Pause Full (Allocation Failure) 13M->9M(15M) 22.669ms
[27.323s][info][gc] GC(338) Pause Young (Allocation Failure) 14M->14M(15M) 0.027ms
[27.345s][info][gc] GC(339) Pause Full (Allocation Failure) 14M->10M(15M) 22.368ms
[27.351s][info][gc] GC(340) Pause Young (Allocation Failure) 14M->14M(15M) 0.028ms
[27.374s][info][gc] GC(341) Pause Full (Allocation Failure) 14M->10M(15M) 23.095ms
[27.379s][info][gc] GC(342) Pause Young (Allocation Failure) 14M->14M(15M) 0.058ms
[27.404s][info][gc] GC(343) Pause Full (Allocation Failure) 14M->10M(15M) 24.962ms
[27.410s][info][gc] GC(344) Pause Young (Allocation Failure) 14M->14M(15M) 0.037ms
[27.434s][info][gc] GC(345) Pause Full (Allocation Failure) 14M->11M(15M) 24.430ms
[27.466s][info][gc] GC(346) Pause Full (Allocation Failure) 15M->7M(15M) 23.644ms
[27.472s][info][gc] GC(347) Pause Young (Allocation Failure) 11M->11M(15M) 0.031ms
[27.493s][info][gc] GC(348) Pause Full (Allocation Failure) 11M->7M(15M) 21.483ms
[27.499s][info][gc] GC(349) Pause Young (Allocation Failure) 11M->11M(15M) 0.032ms
[27.518s][info][gc] GC(350) Pause Full (Allocation Failure) 11M->7M(15M) 19.487ms
[27.524s][info][gc] GC(351) Pause Young (Allocation Failure) 11M->11M(15M) 0.040ms
[27.545s][info][gc] GC(352) Pause Full (Allocation Failure) 11M->8M(15M) 20.201ms
[27.550s][info][gc] GC(353) Pause Young (Allocation Failure) 12M->12M(15M) 0.028ms
[27.571s][info][gc] GC(354) Pause Full (Allocation Failure) 12M->8M(15M) 20.778ms
[27.576s][info][gc] GC(355) Pause Young (Allocation Failure) 13M->13M(15M) 0.027ms
[27.597s][info][gc] GC(356) Pause Full (Allocation Failure) 13M->9M(15M) 21.226ms
[27.602s][info][gc] GC(357) Pause Young (Allocation Failure) 13M->13M(15M) 0.063ms
[27.624s][info][gc] GC(358) Pause Full (Allocation Failure) 13M->9M(15M) 21.943ms
[27.630s][info][gc] GC(359) Pause Young (Allocation Failure) 13M->13M(15M) 0.028ms
[27.652s][info][gc] GC(360) Pause Full (Allocation Failure) 13M->9M(15M) 21.943ms
[27.658s][info][gc] GC(361) Pause Young (Allocation Failure) 14M->14M(15M) 0.028ms
[27.680s][info][gc] GC(362) Pause Full (Allocation Failure) 14M->10M(15M) 22.339ms
[27.686s][info][gc] GC(363) Pause Young (Allocation Failure) 14M->14M(15M) 0.028ms
[27.708s][info][gc] GC(364) Pause Full (Allocation Failure) 14M->10M(15M) 22.760ms
[27.714s][info][gc] GC(365) Pause Young (Allocation Failure) 14M->14M(15M) 0.027ms
[27.738s][info][gc] GC(366) Pause Full (Allocation Failure) 14M->10M(15M) 23.975ms
[27.743s][info][gc] GC(367) Pause Young (Allocation Failure) 14M->14M(15M) 0.028ms
[27.767s][info][gc] GC(368) Pause Full (Allocation Failure) 14M->11M(15M) 23.435ms
[27.795s][info][gc] GC(369) Pause Full (Allocation Failure) 15M->9M(15M) 21.351ms
[27.800s][info][gc] GC(370) Pause Young (Allocation Failure) 13M->13M(15M) 0.033ms
[27.822s][info][gc] GC(371) Pause Full (Allocation Failure) 13M->9M(15M) 21.583ms
[27.827s][info][gc] GC(372) Pause Young (Allocation Failure) 14M->14M(15M) 0.027ms
[27.850s][info][gc] GC(373) Pause Full (Allocation Failure) 14M->9M(15M) 23.003ms
[27.855s][info][gc] GC(374) Pause Young (Allocation Failure) 14M->14M(15M) 0.028ms
[27.878s][info][gc] GC(375) Pause Full (Allocation Failure) 14M->10M(15M) 23.164ms
[27.884s][info][gc] GC(376) Pause Young (Allocation Failure) 14M->14M(15M) 0.028ms
[27.908s][info][gc] GC(377) Pause Full (Allocation Failure) 14M->10M(15M) 23.890ms
[27.936s][info][gc] GC(378) Pause Full (Allocation Failure) 15M->8M(15M) 20.614ms
[27.941s][info][gc] GC(379) Pause Young (Allocation Failure) 12M->12M(15M) 0.037ms
[27.963s][info][gc] GC(380) Pause Full (Allocation Failure) 12M->8M(15M) 21.925ms
[27.969s][info][gc] GC(381) Pause Young (Allocation Failure) 12M->12M(15M) 0.028ms
[27.990s][info][gc] GC(382) Pause Full (Allocation Failure) 12M->9M(15M) 20.985ms
[27.995s][info][gc] GC(383) Pause Young (Allocation Failure) 13M->13M(15M) 0.027ms
[28.016s][info][gc] GC(384) Pause Full (Allocation Failure) 13M->9M(15M) 21.599ms
[28.022s][info][gc] GC(385) Pause Young (Allocation Failure) 14M->14M(15M) 0.028ms
[28.044s][info][gc] GC(386) Pause Full (Allocation Failure) 14M->10M(15M) 22.365ms
[28.050s][info][gc] GC(387) Pause Young (Allocation Failure) 14M->14M(15M) 0.027ms
[28.073s][info][gc] GC(388) Pause Full (Allocation Failure) 14M->10M(15M) 23.573ms
[28.078s][info][gc] GC(389) Pause Young (Allocation Failure) 14M->14M(15M) 0.028ms
[28.102s][info][gc] GC(390) Pause Full (Allocation Failure) 14M->10M(15M) 23.179ms
[28.129s][info][gc] GC(391) Pause Full (Allocation Failure) 15M->8M(15M) 20.729ms
[28.134s][info][gc] GC(392) Pause Young (Allocation Failure) 12M->12M(15M) 0.027ms
[28.156s][info][gc] GC(393) Pause Full (Allocation Failure) 12M->9M(15M) 21.013ms
[28.161s][info][gc] GC(394) Pause Young (Allocation Failure) 13M->13M(15M) 0.041ms
[28.184s][info][gc] GC(395) Pause Full (Allocation Failure) 13M->9M(15M) 22.525ms
[28.189s][info][gc] GC(396) Pause Young (Allocation Failure) 13M->13M(15M) 0.028ms
[28.211s][info][gc] GC(397) Pause Full (Allocation Failure) 13M->10M(15M) 22.306ms
[28.217s][info][gc] GC(398) Pause Young (Allocation Failure) 14M->14M(15M) 0.027ms
[28.240s][info][gc] GC(399) Pause Full (Allocation Failure) 14M->10M(15M) 22.515ms
[28.245s][info][gc] GC(400) Pause Young (Allocation Failure) 14M->14M(15M) 0.029ms
[28.268s][info][gc] GC(401) Pause Full (Allocation Failure) 14M->10M(15M) 22.630ms
[28.273s][info][gc] GC(402) Pause Young (Allocation Failure) 14M->14M(15M) 0.036ms
[28.297s][info][gc] GC(403) Pause Full (Allocation Failure) 14M->10M(15M) 23.933ms
[28.303s][info][gc] GC(404) Pause Young (Allocation Failure) 14M->14M(15M) 0.028ms
[28.326s][info][gc] GC(405) Pause Full (Allocation Failure) 14M->11M(15M) 23.571ms
[28.355s][info][gc] GC(406) Pause Full (Allocation Failure) 15M->9M(15M) 21.716ms
[28.361s][info][gc] GC(407) Pause Young (Allocation Failure) 13M->13M(15M) 0.028ms
[28.383s][info][gc] GC(408) Pause Full (Allocation Failure) 13M->9M(15M) 22.500ms
[28.389s][info][gc] GC(409) Pause Young (Allocation Failure) 14M->14M(15M) 0.079ms
[28.412s][info][gc] GC(410) Pause Full (Allocation Failure) 14M->9M(15M) 22.762ms
[28.417s][info][gc] GC(411) Pause Young (Allocation Failure) 13M->13M(15M) 0.028ms
[28.440s][info][gc] GC(412) Pause Full (Allocation Failure) 13M->10M(15M) 22.603ms
[28.446s][info][gc] GC(413) Pause Young (Allocation Failure) 14M->14M(15M) 0.037ms
[28.471s][info][gc] GC(414) Pause Full (Allocation Failure) 14M->7M(15M) 25.182ms
[28.477s][info][gc] GC(415) Pause Young (Allocation Failure) 11M->11M(15M) 0.033ms
[28.498s][info][gc] GC(416) Pause Full (Allocation Failure) 11M->7M(15M) 20.572ms
[28.503s][info][gc] GC(417) Pause Young (Allocation Failure) 12M->12M(15M) 0.028ms
[28.523s][info][gc] GC(418) Pause Full (Allocation Failure) 12M->7M(15M) 19.862ms
[28.529s][info][gc] GC(419) Pause Young (Allocation Failure) 11M->11M(15M) 0.030ms
[28.548s][info][gc] GC(420) Pause Full (Allocation Failure) 11M->7M(15M) 18.862ms
[28.553s][info][gc] GC(421) Pause Young (Allocation Failure) 11M->11M(15M) 0.038ms
[28.573s][info][gc] GC(422) Pause Full (Allocation Failure) 11M->7M(15M) 19.516ms
[28.578s][info][gc] GC(423) Pause Young (Allocation Failure) 12M->12M(15M) 0.026ms
[28.600s][info][gc] GC(424) Pause Full (Allocation Failure) 12M->8M(15M) 22.704ms
[28.606s][info][gc] GC(425) Pause Young (Allocation Failure) 12M->12M(15M) 0.029ms
[28.629s][info][gc] GC(426) Pause Full (Allocation Failure) 12M->8M(15M) 23.136ms
[28.634s][info][gc] GC(427) Pause Young (Allocation Failure) 12M->12M(15M) 0.029ms
[28.657s][info][gc] GC(428) Pause Full (Allocation Failure) 12M->9M(15M) 22.782ms
[28.662s][info][gc] GC(429) Pause Young (Allocation Failure) 13M->13M(15M) 0.031ms
[28.685s][info][gc] GC(430) Pause Full (Allocation Failure) 13M->10M(15M) 23.411ms
[28.690s][info][gc] GC(431) Pause Young (Allocation Failure) 14M->14M(15M) 0.039ms
[28.715s][info][gc] GC(432) Pause Full (Allocation Failure) 14M->10M(15M) 24.703ms
[28.721s][info][gc] GC(433) Pause Young (Allocation Failure) 14M->14M(15M) 0.032ms
[28.744s][info][gc] GC(434) Pause Full (Allocation Failure) 14M->8M(15M) 22.854ms
[28.749s][info][gc] GC(435) Pause Young (Allocation Failure) 13M->13M(15M) 0.029ms
[28.773s][info][gc] GC(436) Pause Full (Allocation Failure) 13M->9M(15M) 24.198ms
[28.779s][info][gc] GC(437) Pause Young (Allocation Failure) 13M->13M(15M) 0.029ms
[28.802s][info][gc] GC(438) Pause Full (Allocation Failure) 13M->9M(15M) 22.896ms
[28.807s][info][gc] GC(439) Pause Young (Allocation Failure) 13M->13M(15M) 0.037ms
[28.831s][info][gc] GC(440) Pause Full (Allocation Failure) 13M->9M(15M) 24.419ms
[28.837s][info][gc] GC(441) Pause Young (Allocation Failure) 14M->14M(15M) 0.029ms
[28.860s][info][gc] GC(442) Pause Full (Allocation Failure) 14M->9M(15M) 23.622ms
[28.865s][info][gc] GC(443) Pause Young (Allocation Failure) 14M->14M(15M) 0.030ms
[28.890s][info][gc] GC(444) Pause Full (Allocation Failure) 14M->10M(15M) 24.934ms
[28.920s][info][gc] GC(445) Pause Full (Allocation Failure) 15M->8M(15M) 23.173ms
[28.926s][info][gc] GC(446) Pause Young (Allocation Failure) 13M->13M(15M) 0.031ms
[28.950s][info][gc] GC(447) Pause Full (Allocation Failure) 13M->9M(15M) 23.971ms
[28.955s][info][gc] GC(448) Pause Young (Allocation Failure) 13M->13M(15M) 0.053ms
[28.979s][info][gc] GC(449) Pause Full (Allocation Failure) 13M->9M(15M) 24.106ms
[28.984s][info][gc] GC(450) Pause Young (Allocation Failure) 13M->13M(15M) 0.032ms
[29.009s][info][gc] GC(451) Pause Full (Allocation Failure) 13M->10M(15M) 24.323ms
[29.014s][info][gc] GC(452) Pause Young (Allocation Failure) 14M->14M(15M) 0.050ms
[29.039s][info][gc] GC(453) Pause Full (Allocation Failure) 14M->10M(15M) 25.062ms
[29.045s][info][gc] GC(454) Pause Young (Allocation Failure) 14M->14M(15M) 0.028ms
[29.068s][info][gc] GC(455) Pause Full (Allocation Failure) 14M->10M(15M) 23.441ms
[29.074s][info][gc] GC(456) Pause Young (Allocation Failure) 14M->14M(15M) 0.028ms
[29.097s][info][gc] GC(457) Pause Full (Allocation Failure) 14M->10M(15M) 23.245ms
[29.103s][info][gc] GC(458) Pause Young (Allocation Failure) 14M->14M(15M) 0.029ms
[29.126s][info][gc] GC(459) Pause Full (Allocation Failure) 14M->10M(15M) 23.536ms
[29.155s][info][gc] GC(460) Pause Full (Allocation Failure) 15M->8M(15M) 21.607ms
[29.160s][info][gc] GC(461) Pause Young (Allocation Failure) 13M->13M(15M) 0.028ms
[29.182s][info][gc] GC(462) Pause Full (Allocation Failure) 13M->9M(15M) 21.445ms
[29.187s][info][gc] GC(463) Pause Young (Allocation Failure) 14M->14M(15M) 0.028ms
[29.210s][info][gc] GC(464) Pause Full (Allocation Failure) 14M->9M(15M) 22.485ms
[29.215s][info][gc] GC(465) Pause Young (Allocation Failure) 13M->13M(15M) 0.028ms
[29.237s][info][gc] GC(466) Pause Full (Allocation Failure) 13M->10M(15M) 22.079ms
[29.243s][info][gc] GC(467) Pause Young (Allocation Failure) 14M->14M(15M) 0.027ms
[29.266s][info][gc] GC(468) Pause Full (Allocation Failure) 14M->10M(15M) 23.348ms
[29.272s][info][gc] GC(469) Pause Young (Allocation Failure) 14M->14M(15M) 0.028ms
[29.295s][info][gc] GC(470) Pause Full (Allocation Failure) 14M->10M(15M) 23.105ms
[29.323s][info][gc] GC(471) Pause Full (Allocation Failure) 15M->8M(15M) 21.109ms
[29.328s][info][gc] GC(472) Pause Young (Allocation Failure) 12M->12M(15M) 0.027ms
[29.349s][info][gc] GC(473) Pause Full (Allocation Failure) 12M->9M(15M) 20.844ms
[29.355s][info][gc] GC(474) Pause Young (Allocation Failure) 13M->13M(15M) 0.028ms
[29.377s][info][gc] GC(475) Pause Full (Allocation Failure) 13M->9M(15M) 22.530ms
[29.383s][info][gc] GC(476) Pause Young (Allocation Failure) 13M->13M(15M) 0.029ms
[29.405s][info][gc] GC(477) Pause Full (Allocation Failure) 13M->9M(15M) 21.883ms
[29.410s][info][gc] GC(478) Pause Young (Allocation Failure) 14M->14M(15M) 0.029ms
[29.433s][info][gc] GC(479) Pause Full (Allocation Failure) 14M->9M(15M) 23.056ms
[29.440s][info][gc] GC(480) Pause Young (Allocation Failure) 13M->13M(15M) 0.038ms
[29.464s][info][gc] GC(481) Pause Full (Allocation Failure) 13M->7M(15M) 24.008ms
[29.469s][info][gc] GC(482) Pause Young (Allocation Failure) 12M->12M(15M) 0.029ms
[29.492s][info][gc] GC(483) Pause Full (Allocation Failure) 12M->7M(15M) 22.837ms
[29.498s][info][gc] GC(484) Pause Young (Allocation Failure) 12M->12M(15M) 0.028ms
[29.518s][info][gc] GC(485) Pause Full (Allocation Failure) 12M->8M(15M) 20.139ms
[29.523s][info][gc] GC(486) Pause Young (Allocation Failure) 12M->12M(15M) 0.027ms
[29.545s][info][gc] GC(487) Pause Full (Allocation Failure) 12M->7M(15M) 21.490ms
[29.550s][info][gc] GC(488) Pause Young (Allocation Failure) 12M->12M(15M) 0.029ms
[29.572s][info][gc] GC(489) Pause Full (Allocation Failure) 12M->8M(15M) 21.976ms
[29.578s][info][gc] GC(490) Pause Young (Allocation Failure) 13M->13M(15M) 0.028ms
[29.600s][info][gc] GC(491) Pause Full (Allocation Failure) 13M->9M(15M) 22.251ms
[29.605s][info][gc] GC(492) Pause Young (Allocation Failure) 13M->13M(15M) 0.029ms
[29.628s][info][gc] GC(493) Pause Full (Allocation Failure) 13M->9M(15M) 22.229ms
[29.633s][info][gc] GC(494) Pause Young (Allocation Failure) 13M->13M(15M) 0.028ms
[29.656s][info][gc] GC(495) Pause Full (Allocation Failure) 13M->9M(15M) 22.774ms
[29.662s][info][gc] GC(496) Pause Young (Allocation Failure) 13M->13M(15M) 0.047ms
[29.684s][info][gc] GC(497) Pause Full (Allocation Failure) 13M->9M(15M) 22.395ms
[29.690s][info][gc] GC(498) Pause Young (Allocation Failure) 14M->14M(15M) 0.032ms
[29.713s][info][gc] GC(499) Pause Full (Allocation Failure) 14M->9M(15M) 22.086ms
[29.718s][info][gc] GC(500) Pause Young (Allocation Failure) 13M->13M(15M) 0.028ms
[29.742s][info][gc] GC(501) Pause Full (Allocation Failure) 13M->9M(15M) 24.305ms
[29.748s][info][gc] GC(502) Pause Young (Allocation Failure) 14M->14M(15M) 0.029ms
[29.772s][info][gc] GC(503) Pause Full (Allocation Failure) 14M->9M(15M) 23.363ms
[29.777s][info][gc] GC(504) Pause Young (Allocation Failure) 13M->13M(15M) 0.027ms
[29.800s][info][gc] GC(505) Pause Full (Allocation Failure) 13M->9M(15M) 22.686ms
[29.806s][info][gc] GC(506) Pause Young (Allocation Failure) 14M->14M(15M) 0.028ms
[29.828s][info][gc] GC(507) Pause Full (Allocation Failure) 14M->10M(15M) 22.184ms
[29.834s][info][gc] GC(508) Pause Young (Allocation Failure) 14M->14M(15M) 0.029ms
[29.857s][info][gc] GC(509) Pause Full (Allocation Failure) 14M->10M(15M) 23.268ms
[29.863s][info][gc] GC(510) Pause Young (Allocation Failure) 14M->14M(15M) 0.028ms
[29.886s][info][gc] GC(511) Pause Full (Allocation Failure) 14M->9M(15M) 23.036ms
[29.891s][info][gc] GC(512) Pause Young (Allocation Failure) 14M->14M(15M) 0.027ms
[29.915s][info][gc] GC(513) Pause Full (Allocation Failure) 14M->10M(15M) 23.458ms
[29.921s][info][gc] GC(514) Pause Young (Allocation Failure) 14M->14M(15M) 0.028ms
[29.944s][info][gc] GC(515) Pause Full (Allocation Failure) 14M->10M(15M) 23.488ms
[29.972s][info][gc] GC(516) Pause Full (Allocation Failure) 15M->8M(15M) 21.119ms
[29.978s][info][gc] GC(517) Pause Young (Allocation Failure) 13M->13M(15M) 0.028ms
[29.999s][info][gc] GC(518) Pause Full (Allocation Failure) 13M->8M(15M) 21.296ms
[30.005s][info][gc] GC(519) Pause Young (Allocation Failure) 13M->13M(15M) 0.033ms
[30.029s][info][gc] GC(520) Pause Full (Allocation Failure) 13M->8M(15M) 23.920ms
[30.034s][info][gc] GC(521) Pause Young (Allocation Failure) 13M->13M(15M) 0.029ms
[30.055s][info][gc] GC(522) Pause Full (Allocation Failure) 13M->8M(15M) 20.751ms
[30.061s][info][gc] GC(523) Pause Young (Allocation Failure) 12M->12M(15M) 0.028ms
[30.082s][info][gc] GC(524) Pause Full (Allocation Failure) 12M->8M(15M) 21.294ms
[30.088s][info][gc] GC(525) Pause Young (Allocation Failure) 12M->12M(15M) 0.028ms
[30.109s][info][gc] GC(526) Pause Full (Allocation Failure) 12M->8M(15M) 20.742ms
[30.114s][info][gc] GC(527) Pause Young (Allocation Failure) 12M->12M(15M) 0.053ms
[30.135s][info][gc] GC(528) Pause Full (Allocation Failure) 12M->8M(15M) 20.790ms
[30.140s][info][gc] GC(529) Pause Young (Allocation Failure) 13M->13M(15M) 0.028ms
[30.162s][info][gc] GC(530) Pause Full (Allocation Failure) 13M->9M(15M) 21.329ms
[30.168s][info][gc] GC(531) Pause Young (Allocation Failure) 13M->13M(15M) 0.028ms
[30.189s][info][gc] GC(532) Pause Full (Allocation Failure) 13M->9M(15M) 21.427ms
[30.195s][info][gc] GC(533) Pause Young (Allocation Failure) 13M->13M(15M) 0.028ms
[30.217s][info][gc] GC(534) Pause Full (Allocation Failure) 13M->9M(15M) 22.605ms
[30.223s][info][gc] GC(535) Pause Young (Allocation Failure) 13M->13M(15M) 0.029ms
[30.246s][info][gc] GC(536) Pause Full (Allocation Failure) 13M->9M(15M) 23.516ms
[30.252s][info][gc] GC(537) Pause Young (Allocation Failure) 14M->14M(15M) 0.028ms
[30.274s][info][gc] GC(538) Pause Full (Allocation Failure) 14M->9M(15M) 21.575ms
[30.279s][info][gc] GC(539) Pause Young (Allocation Failure) 13M->13M(15M) 0.028ms
[30.301s][info][gc] GC(540) Pause Full (Allocation Failure) 13M->9M(15M) 22.066ms
[30.307s][info][gc] GC(541) Pause Young (Allocation Failure) 14M->14M(15M) 0.027ms
[30.330s][info][gc] GC(542) Pause Full (Allocation Failure) 14M->9M(15M) 23.132ms
[30.336s][info][gc] GC(543) Pause Young (Allocation Failure) 14M->14M(15M) 0.039ms
[30.358s][info][gc] GC(544) Pause Full (Allocation Failure) 14M->10M(15M) 22.444ms
[30.364s][info][gc] GC(545) Pause Young (Allocation Failure) 14M->14M(15M) 0.028ms
[30.387s][info][gc] GC(546) Pause Full (Allocation Failure) 14M->10M(15M) 23.449ms
[30.393s][info][gc] GC(547) Pause Young (Allocation Failure) 14M->14M(15M) 0.028ms
[30.417s][info][gc] GC(548) Pause Full (Allocation Failure) 14M->10M(15M) 24.309ms
[30.452s][info][gc] GC(549) Pause Full (Allocation Failure) 15M->7M(15M) 26.855ms
[30.458s][info][gc] GC(550) Pause Young (Allocation Failure) 11M->11M(15M) 0.032ms
[30.479s][info][gc] GC(551) Pause Full (Allocation Failure) 11M->7M(15M) 20.174ms
[30.484s][info][gc] GC(552) Pause Young (Allocation Failure) 12M->12M(15M) 0.027ms
[30.503s][info][gc] GC(553) Pause Full (Allocation Failure) 12M->7M(15M) 19.330ms
[30.509s][info][gc] GC(554) Pause Young (Allocation Failure) 12M->12M(15M) 0.027ms
[30.531s][info][gc] GC(555) Pause Full (Allocation Failure) 12M->8M(15M) 21.848ms
[30.537s][info][gc] GC(556) Pause Young (Allocation Failure) 12M->12M(15M) 0.029ms
[30.558s][info][gc] GC(557) Pause Full (Allocation Failure) 12M->7M(15M) 21.481ms
[30.564s][info][gc] GC(558) Pause Young (Allocation Failure) 11M->11M(15M) 0.042ms
[30.585s][info][gc] GC(559) Pause Full (Allocation Failure) 11M->8M(15M) 21.265ms
[30.590s][info][gc] GC(560) Pause Young (Allocation Failure) 12M->12M(15M) 0.029ms
[30.611s][info][gc] GC(561) Pause Full (Allocation Failure) 12M->8M(15M) 21.040ms
[30.617s][info][gc] GC(562) Pause Young (Allocation Failure) 12M->12M(15M) 0.028ms
[30.637s][info][gc] GC(563) Pause Full (Allocation Failure) 12M->8M(15M) 20.343ms
[30.643s][info][gc] GC(564) Pause Young (Allocation Failure) 12M->12M(15M) 0.027ms
[30.664s][info][gc] GC(565) Pause Full (Allocation Failure) 12M->8M(15M) 21.692ms
[30.670s][info][gc] GC(566) Pause Young (Allocation Failure) 12M->12M(15M) 0.028ms
[30.691s][info][gc] GC(567) Pause Full (Allocation Failure) 12M->9M(15M) 21.289ms
[30.696s][info][gc] GC(568) Pause Young (Allocation Failure) 13M->13M(15M) 0.028ms
[30.718s][info][gc] GC(569) Pause Full (Allocation Failure) 13M->9M(15M) 21.974ms
[30.724s][info][gc] GC(570) Pause Young (Allocation Failure) 14M->14M(15M) 0.028ms
[30.746s][info][gc] GC(571) Pause Full (Allocation Failure) 14M->8M(15M) 21.213ms
[30.751s][info][gc] GC(572) Pause Young (Allocation Failure) 12M->12M(15M) 0.028ms
[30.772s][info][gc] GC(573) Pause Full (Allocation Failure) 12M->7M(15M) 20.883ms
[30.778s][info][gc] GC(574) Pause Young (Allocation Failure) 12M->12M(15M) 0.027ms
[30.799s][info][gc] GC(575) Pause Full (Allocation Failure) 12M->8M(15M) 20.652ms
[30.804s][info][gc] GC(576) Pause Young (Allocation Failure) 12M->12M(15M) 0.028ms
[30.825s][info][gc] GC(577) Pause Full (Allocation Failure) 12M->8M(15M) 20.559ms
[30.830s][info][gc] GC(578) Pause Young (Allocation Failure) 13M->13M(15M) 0.027ms
[30.854s][info][gc] GC(579) Pause Full (Allocation Failure) 13M->9M(15M) 23.791ms
[30.860s][info][gc] GC(580) Pause Young (Allocation Failure) 13M->13M(15M) 0.028ms
[30.883s][info][gc] GC(581) Pause Full (Allocation Failure) 13M->9M(15M) 23.458ms
[30.889s][info][gc] GC(582) Pause Young (Allocation Failure) 13M->13M(15M) 0.029ms
[30.911s][info][gc] GC(583) Pause Full (Allocation Failure) 13M->9M(15M) 22.153ms
[30.916s][info][gc] GC(584) Pause Young (Allocation Failure) 14M->14M(15M) 0.028ms
[30.939s][info][gc] GC(585) Pause Full (Allocation Failure) 14M->10M(15M) 22.649ms
[30.945s][info][gc] GC(586) Pause Young (Allocation Failure) 14M->14M(15M) 0.027ms
[30.968s][info][gc] GC(587) Pause Full (Allocation Failure) 14M->10M(15M) 22.806ms
[30.973s][info][gc] GC(588) Pause Young (Allocation Failure) 14M->14M(15M) 0.037ms
[30.999s][info][gc] GC(589) Pause Full (Allocation Failure) 14M->10M(15M) 25.442ms
[31.004s][info][gc] GC(590) Pause Young (Allocation Failure) 14M->14M(15M) 0.054ms
[31.028s][info][gc] GC(591) Pause Full (Allocation Failure) 14M->11M(15M) 24.222ms
[31.058s][info][gc] GC(592) Pause Full (Allocation Failure) 15M->7M(15M) 21.394ms
[31.063s][info][gc] GC(593) Pause Young (Allocation Failure) 12M->12M(15M) 0.028ms
[31.085s][info][gc] GC(594) Pause Full (Allocation Failure) 12M->8M(15M) 21.146ms
[31.090s][info][gc] GC(595) Pause Young (Allocation Failure) 12M->12M(15M) 0.028ms
[31.110s][info][gc] GC(596) Pause Full (Allocation Failure) 12M->7M(15M) 20.036ms
[31.116s][info][gc] GC(597) Pause Young (Allocation Failure) 11M->11M(15M) 0.028ms
[31.136s][info][gc] GC(598) Pause Full (Allocation Failure) 11M->8M(15M) 19.875ms
[31.141s][info][gc] GC(599) Pause Young (Allocation Failure) 12M->12M(15M) 0.048ms
[31.163s][info][gc] GC(600) Pause Full (Allocation Failure) 12M->8M(15M) 21.177ms
[31.168s][info][gc] GC(601) Pause Young (Allocation Failure) 12M->12M(15M) 0.042ms
[31.189s][info][gc] GC(602) Pause Full (Allocation Failure) 12M->8M(15M) 20.750ms
[31.195s][info][gc] GC(603) Pause Young (Allocation Failure) 12M->12M(15M) 0.036ms
[31.216s][info][gc] GC(604) Pause Full (Allocation Failure) 12M->8M(15M) 21.488ms
[31.222s][info][gc] GC(605) Pause Young (Allocation Failure) 12M->12M(15M) 0.028ms
[31.243s][info][gc] GC(606) Pause Full (Allocation Failure) 12M->9M(15M) 21.070ms
[31.248s][info][gc] GC(607) Pause Young (Allocation Failure) 13M->13M(15M) 0.039ms
[31.272s][info][gc] GC(608) Pause Full (Allocation Failure) 13M->8M(15M) 23.213ms
[31.277s][info][gc] GC(609) Pause Young (Allocation Failure) 13M->13M(15M) 0.047ms
[31.298s][info][gc] GC(610) Pause Full (Allocation Failure) 13M->9M(15M) 21.232ms
[31.304s][info][gc] GC(611) Pause Young (Allocation Failure) 13M->13M(15M) 0.027ms
[31.325s][info][gc] GC(612) Pause Full (Allocation Failure) 13M->8M(15M) 21.365ms
[31.331s][info][gc] GC(613) Pause Young (Allocation Failure) 13M->13M(15M) 0.027ms
[31.353s][info][gc] GC(614) Pause Full (Allocation Failure) 13M->9M(15M) 22.199ms
[31.358s][info][gc] GC(615) Pause Young (Allocation Failure) 13M->13M(15M) 0.028ms
[31.380s][info][gc] GC(616) Pause Full (Allocation Failure) 13M->9M(15M) 21.908ms
[31.386s][info][gc] GC(617) Pause Young (Allocation Failure) 14M->14M(15M) 0.028ms
[31.409s][info][gc] GC(618) Pause Full (Allocation Failure) 14M->9M(15M) 23.010ms
[31.414s][info][gc] GC(619) Pause Young (Allocation Failure) 14M->14M(15M) 0.028ms
[31.438s][info][gc] GC(620) Pause Full (Allocation Failure) 14M->9M(15M) 23.397ms
[31.444s][info][gc] GC(621) Pause Young (Allocation Failure) 14M->14M(15M) 0.030ms
[31.468s][info][gc] GC(622) Pause Full (Allocation Failure) 14M->8M(15M) 24.386ms
[31.475s][info][gc] GC(623) Pause Young (Allocation Failure) 12M->12M(15M) 0.035ms
[31.498s][info][gc] GC(624) Pause Full (Allocation Failure) 12M->8M(15M) 23.498ms
[31.504s][info][gc] GC(625) Pause Young (Allocation Failure) 12M->12M(15M) 0.028ms
[31.525s][info][gc] GC(626) Pause Full (Allocation Failure) 12M->8M(15M) 20.930ms
[31.530s][info][gc] GC(627) Pause Young (Allocation Failure) 12M->12M(15M) 0.031ms
[31.554s][info][gc] GC(628) Pause Full (Allocation Failure) 12M->7M(15M) 23.112ms
[31.559s][info][gc] GC(629) Pause Young (Allocation Failure) 12M->12M(15M) 0.036ms
[31.580s][info][gc] GC(630) Pause Full (Allocation Failure) 12M->8M(15M) 20.927ms
[31.586s][info][gc] GC(631) Pause Young (Allocation Failure) 12M->12M(15M) 0.027ms
[31.607s][info][gc] GC(632) Pause Full (Allocation Failure) 12M->8M(15M) 20.814ms
[31.612s][info][gc] GC(633) Pause Young (Allocation Failure) 13M->13M(15M) 0.038ms
[31.634s][info][gc] GC(634) Pause Full (Allocation Failure) 13M->9M(15M) 22.099ms
[31.640s][info][gc] GC(635) Pause Young (Allocation Failure) 13M->13M(15M) 0.037ms
[31.662s][info][gc] GC(636) Pause Full (Allocation Failure) 13M->9M(15M) 22.319ms
[31.667s][info][gc] GC(637) Pause Young (Allocation Failure) 13M->13M(15M) 0.040ms
[31.690s][info][gc] GC(638) Pause Full (Allocation Failure) 13M->10M(15M) 22.797ms
[31.696s][info][gc] GC(639) Pause Young (Allocation Failure) 14M->14M(15M) 0.028ms
[31.719s][info][gc] GC(640) Pause Full (Allocation Failure) 14M->10M(15M) 22.753ms
[31.724s][info][gc] GC(641) Pause Young (Allocation Failure) 14M->14M(15M) 0.027ms
[31.747s][info][gc] GC(642) Pause Full (Allocation Failure) 14M->10M(15M) 23.193ms
[31.753s][info][gc] GC(643) Pause Young (Allocation Failure) 14M->14M(15M) 0.027ms
[31.776s][info][gc] GC(644) Pause Full (Allocation Failure) 14M->10M(15M) 23.387ms
[31.782s][info][gc] GC(645) Pause Young (Allocation Failure) 14M->14M(15M) 0.028ms
[31.805s][info][gc] GC(646) Pause Full (Allocation Failure) 14M->10M(15M) 23.224ms
[31.834s][info][gc] GC(647) Pause Full (Allocation Failure) 15M->8M(15M) 20.816ms
[31.839s][info][gc] GC(648) Pause Young (Allocation Failure) 12M->12M(15M) 0.027ms
[31.862s][info][gc] GC(649) Pause Full (Allocation Failure) 12M->9M(15M) 22.406ms
[31.867s][info][gc] GC(650) Pause Young (Allocation Failure) 13M->13M(15M) 0.028ms
[31.890s][info][gc] GC(651) Pause Full (Allocation Failure) 13M->9M(15M) 23.114ms
[31.896s][info][gc] GC(652) Pause Young (Allocation Failure) 13M->13M(15M) 0.028ms
[31.919s][info][gc] GC(653) Pause Full (Allocation Failure) 13M->9M(15M) 22.903ms
[31.924s][info][gc] GC(654) Pause Young (Allocation Failure) 14M->14M(15M) 0.037ms
[31.948s][info][gc] GC(655) Pause Full (Allocation Failure) 14M->10M(15M) 23.456ms
[31.953s][info][gc] GC(656) Pause Young (Allocation Failure) 14M->14M(15M) 0.028ms
[31.977s][info][gc] GC(657) Pause Full (Allocation Failure) 14M->10M(15M) 23.454ms
[31.982s][info][gc] GC(658) Pause Young (Allocation Failure) 14M->14M(15M) 0.029ms
[32.006s][info][gc] GC(659) Pause Full (Allocation Failure) 14M->10M(15M) 23.844ms
[32.012s][info][gc] GC(660) Pause Young (Allocation Failure) 14M->14M(15M) 0.027ms
[32.035s][info][gc] GC(661) Pause Full (Allocation Failure) 14M->10M(15M) 23.265ms
[32.063s][info][gc] GC(662) Pause Full (Allocation Failure) 15M->8M(15M) 21.509ms
[32.069s][info][gc] GC(663) Pause Young (Allocation Failure) 13M->13M(15M) 0.027ms
[32.091s][info][gc] GC(664) Pause Full (Allocation Failure) 13M->9M(15M) 21.744ms
[32.097s][info][gc] GC(665) Pause Young (Allocation Failure) 13M->13M(15M) 0.027ms
[32.119s][info][gc] GC(666) Pause Full (Allocation Failure) 13M->9M(15M) 22.198ms
[32.125s][info][gc] GC(667) Pause Young (Allocation Failure) 13M->13M(15M) 0.028ms
[32.147s][info][gc] GC(668) Pause Full (Allocation Failure) 13M->9M(15M) 21.877ms
[32.152s][info][gc] GC(669) Pause Young (Allocation Failure) 14M->14M(15M) 0.028ms
[32.175s][info][gc] GC(670) Pause Full (Allocation Failure) 14M->10M(15M) 22.730ms
[32.180s][info][gc] GC(671) Pause Young (Allocation Failure) 14M->14M(15M) 0.027ms
[32.203s][info][gc] GC(672) Pause Full (Allocation Failure) 14M->10M(15M) 23.058ms
[32.209s][info][gc] GC(673) Pause Young (Allocation Failure) 14M->14M(15M) 0.028ms
[32.233s][info][gc] GC(674) Pause Full (Allocation Failure) 14M->10M(15M) 24.160ms
[32.238s][info][gc] GC(675) Pause Young (Allocation Failure) 14M->14M(15M) 0.028ms
[32.262s][info][gc] GC(676) Pause Full (Allocation Failure) 14M->11M(15M) 23.576ms
[32.290s][info][gc] GC(677) Pause Full (Allocation Failure) 15M->8M(15M) 20.919ms
[32.296s][info][gc] GC(678) Pause Young (Allocation Failure) 12M->12M(15M) 0.041ms
[32.317s][info][gc] GC(679) Pause Full (Allocation Failure) 12M->9M(15M) 21.506ms
[32.323s][info][gc] GC(680) Pause Young (Allocation Failure) 13M->13M(15M) 0.027ms
[32.344s][info][gc] GC(681) Pause Full (Allocation Failure) 13M->8M(15M) 21.492ms
[32.350s][info][gc] GC(682) Pause Young (Allocation Failure) 13M->13M(15M) 0.027ms
[32.372s][info][gc] GC(683) Pause Full (Allocation Failure) 13M->9M(15M) 22.012ms
[32.377s][info][gc] GC(684) Pause Young (Allocation Failure) 13M->13M(15M) 0.027ms
[32.400s][info][gc] GC(685) Pause Full (Allocation Failure) 13M->10M(15M) 22.625ms
[32.406s][info][gc] GC(686) Pause Young (Allocation Failure) 14M->14M(15M) 0.029ms
[32.429s][info][gc] GC(687) Pause Full (Allocation Failure) 14M->10M(15M) 23.172ms
[32.437s][info][gc] GC(688) Pause Young (Allocation Failure) 14M->14M(15M) 0.040ms
[32.462s][info][gc] GC(689) Pause Full (Allocation Failure) 14M->7M(15M) 25.533ms
[32.468s][info][gc] GC(690) Pause Young (Allocation Failure) 11M->11M(15M) 0.035ms
[32.489s][info][gc] GC(691) Pause Full (Allocation Failure) 11M->8M(15M) 21.086ms
[32.495s][info][gc] GC(692) Pause Young (Allocation Failure) 12M->12M(15M) 0.028ms
[32.515s][info][gc] GC(693) Pause Full (Allocation Failure) 12M->8M(15M) 20.210ms
[32.520s][info][gc] GC(694) Pause Young (Allocation Failure) 12M->12M(15M) 0.028ms
[32.542s][info][gc] GC(695) Pause Full (Allocation Failure) 12M->8M(15M) 21.248ms
[32.547s][info][gc] GC(696) Pause Young (Allocation Failure) 13M->13M(15M) 0.027ms
[32.568s][info][gc] GC(697) Pause Full (Allocation Failure) 13M->8M(15M) 20.912ms
[32.574s][info][gc] GC(698) Pause Young (Allocation Failure) 12M->12M(15M) 0.053ms
[32.595s][info][gc] GC(699) Pause Full (Allocation Failure) 12M->9M(15M) 21.805ms
[32.600s][info][gc] GC(700) Pause Young (Allocation Failure) 13M->13M(15M) 0.027ms
[32.622s][info][gc] GC(701) Pause Full (Allocation Failure) 13M->9M(15M) 21.975ms
[32.628s][info][gc] GC(702) Pause Young (Allocation Failure) 14M->14M(15M) 0.028ms
[32.650s][info][gc] GC(703) Pause Full (Allocation Failure) 14M->10M(15M) 22.077ms
[32.655s][info][gc] GC(704) Pause Young (Allocation Failure) 14M->14M(15M) 0.027ms
[32.679s][info][gc] GC(705) Pause Full (Allocation Failure) 14M->9M(15M) 23.672ms
[32.685s][info][gc] GC(706) Pause Young (Allocation Failure) 14M->14M(15M) 0.028ms
[32.708s][info][gc] GC(707) Pause Full (Allocation Failure) 14M->10M(15M) 23.194ms
[32.736s][info][gc] GC(708) Pause Full (Allocation Failure) 15M->8M(15M) 20.928ms
[32.742s][info][gc] GC(709) Pause Young (Allocation Failure) 12M->12M(15M) 0.028ms
[32.763s][info][gc] GC(710) Pause Full (Allocation Failure) 12M->8M(15M) 20.971ms
[32.768s][info][gc] GC(711) Pause Young (Allocation Failure) 13M->13M(15M) 0.028ms
[32.790s][info][gc] GC(712) Pause Full (Allocation Failure) 13M->8M(15M) 22.163ms
[32.796s][info][gc] GC(713) Pause Young (Allocation Failure) 13M->13M(15M) 0.027ms
[32.817s][info][gc] GC(714) Pause Full (Allocation Failure) 13M->9M(15M) 21.778ms
[32.823s][info][gc] GC(715) Pause Young (Allocation Failure) 14M->14M(15M) 0.029ms
[32.845s][info][gc] GC(716) Pause Full (Allocation Failure) 14M->9M(15M) 22.260ms
[32.851s][info][gc] GC(717) Pause Young (Allocation Failure) 14M->14M(15M) 0.028ms
[32.873s][info][gc] GC(718) Pause Full (Allocation Failure) 14M->10M(15M) 22.399ms
[32.879s][info][gc] GC(719) Pause Young (Allocation Failure) 14M->14M(15M) 0.028ms
[32.903s][info][gc] GC(720) Pause Full (Allocation Failure) 14M->10M(15M) 24.489ms
[32.909s][info][gc] GC(721) Pause Young (Allocation Failure) 14M->14M(15M) 0.034ms
[32.933s][info][gc] GC(722) Pause Full (Allocation Failure) 14M->11M(15M) 24.110ms
[32.962s][info][gc] GC(723) Pause Full (Allocation Failure) 15M->9M(15M) 21.515ms
[32.967s][info][gc] GC(724) Pause Young (Allocation Failure) 13M->13M(15M) 0.029ms
[32.989s][info][gc] GC(725) Pause Full (Allocation Failure) 13M->9M(15M) 21.492ms
[32.995s][info][gc] GC(726) Pause Young (Allocation Failure) 13M->13M(15M) 0.029ms
[33.015s][info][gc] GC(727) Pause Full (Allocation Failure) 13M->7M(15M) 20.174ms
[33.021s][info][gc] GC(728) Pause Young (Allocation Failure) 11M->11M(15M) 0.027ms
[33.041s][info][gc] GC(729) Pause Full (Allocation Failure) 11M->8M(15M) 20.089ms
[33.046s][info][gc] GC(730) Pause Young (Allocation Failure) 12M->12M(15M) 0.028ms
[33.066s][info][gc] GC(731) Pause Full (Allocation Failure) 12M->8M(15M) 20.250ms
[33.072s][info][gc] GC(732) Pause Young (Allocation Failure) 12M->12M(15M) 0.029ms
[33.093s][info][gc] GC(733) Pause Full (Allocation Failure) 12M->8M(15M) 20.683ms
[33.098s][info][gc] GC(734) Pause Young (Allocation Failure) 13M->13M(15M) 0.027ms
[33.119s][info][gc] GC(735) Pause Full (Allocation Failure) 13M->8M(15M) 21.634ms
[33.125s][info][gc] GC(736) Pause Young (Allocation Failure) 12M->12M(15M) 0.027ms
[33.146s][info][gc] GC(737) Pause Full (Allocation Failure) 12M->9M(15M) 21.386ms
[33.151s][info][gc] GC(738) Pause Young (Allocation Failure) 13M->13M(15M) 0.028ms
[33.173s][info][gc] GC(739) Pause Full (Allocation Failure) 13M->9M(15M) 21.765ms
[33.179s][info][gc] GC(740) Pause Young (Allocation Failure) 13M->13M(15M) 0.027ms
[33.201s][info][gc] GC(741) Pause Full (Allocation Failure) 13M->9M(15M) 21.952ms
[33.206s][info][gc] GC(742) Pause Young (Allocation Failure) 13M->13M(15M) 0.028ms
[33.229s][info][gc] GC(743) Pause Full (Allocation Failure) 13M->9M(15M) 22.868ms
[33.235s][info][gc] GC(744) Pause Young (Allocation Failure) 13M->13M(15M) 0.027ms
[33.258s][info][gc] GC(745) Pause Full (Allocation Failure) 13M->10M(15M) 23.057ms
[33.263s][info][gc] GC(746) Pause Young (Allocation Failure) 14M->14M(15M) 0.028ms
[33.286s][info][gc] GC(747) Pause Full (Allocation Failure) 14M->10M(15M) 22.824ms
[33.292s][info][gc] GC(748) Pause Young (Allocation Failure) 14M->14M(15M) 0.028ms
[33.315s][info][gc] GC(749) Pause Full (Allocation Failure) 14M->10M(15M) 23.197ms
[33.343s][info][gc] GC(750) Pause Full (Allocation Failure) 15M->7M(15M) 20.950ms
[33.349s][info][gc] GC(751) Pause Young (Allocation Failure) 12M->12M(15M) 0.028ms
[33.370s][info][gc] GC(752) Pause Full (Allocation Failure) 12M->9M(15M) 20.962ms
[33.375s][info][gc] GC(753) Pause Young (Allocation Failure) 13M->13M(15M) 0.028ms
[33.397s][info][gc] GC(754) Pause Full (Allocation Failure) 13M->9M(15M) 21.840ms
[33.402s][info][gc] GC(755) Pause Young (Allocation Failure) 13M->13M(15M) 0.027ms
[33.425s][info][gc] GC(756) Pause Full (Allocation Failure) 13M->9M(15M) 22.410ms
[33.431s][info][gc] GC(757) Pause Young (Allocation Failure) 14M->14M(15M) 0.028ms
[33.454s][info][gc] GC(758) Pause Full (Allocation Failure) 14M->9M(15M) 22.955ms
[33.459s][info][gc] GC(759) Pause Young (Allocation Failure) 13M->13M(15M) 0.042ms
[33.486s][info][gc] GC(760) Pause Full (Allocation Failure) 13M->8M(15M) 26.876ms
[33.492s][info][gc] GC(761) Pause Young (Allocation Failure) 12M->12M(15M) 0.049ms
[33.513s][info][gc] GC(762) Pause Full (Allocation Failure) 12M->8M(15M) 21.025ms
[33.518s][info][gc] GC(763) Pause Young (Allocation Failure) 12M->12M(15M) 0.028ms
[33.539s][info][gc] GC(764) Pause Full (Allocation Failure) 12M->8M(15M) 20.942ms
[33.545s][info][gc] GC(765) Pause Young (Allocation Failure) 13M->13M(15M) 0.028ms
[33.566s][info][gc] GC(766) Pause Full (Allocation Failure) 13M->8M(15M) 21.305ms
[33.572s][info][gc] GC(767) Pause Young (Allocation Failure) 12M->12M(15M) 0.028ms
[33.594s][info][gc] GC(768) Pause Full (Allocation Failure) 12M->9M(15M) 21.573ms
[33.600s][info][gc] GC(769) Pause Young (Allocation Failure) 13M->13M(15M) 0.050ms
[33.621s][info][gc] GC(770) Pause Full (Allocation Failure) 13M->9M(15M) 21.398ms
[33.627s][info][gc] GC(771) Pause Young (Allocation Failure) 13M->13M(15M) 0.027ms
[33.649s][info][gc] GC(772) Pause Full (Allocation Failure) 13M->9M(15M) 22.692ms
[33.655s][info][gc] GC(773) Pause Young (Allocation Failure) 13M->13M(15M) 0.028ms
[33.677s][info][gc] GC(774) Pause Full (Allocation Failure) 13M->9M(15M) 22.337ms
[33.683s][info][gc] GC(775) Pause Young (Allocation Failure) 13M->13M(15M) 0.027ms
[33.705s][info][gc] GC(776) Pause Full (Allocation Failure) 13M->10M(15M) 22.385ms
[33.711s][info][gc] GC(777) Pause Young (Allocation Failure) 14M->14M(15M) 0.027ms
[33.734s][info][gc] GC(778) Pause Full (Allocation Failure) 14M->10M(15M) 22.768ms
[33.739s][info][gc] GC(779) Pause Young (Allocation Failure) 14M->14M(15M) 0.027ms
[33.763s][info][gc] GC(780) Pause Full (Allocation Failure) 14M->10M(15M) 23.622ms
[33.792s][info][gc] GC(781) Pause Full (Allocation Failure) 15M->7M(15M) 20.924ms
[33.797s][info][gc] GC(782) Pause Young (Allocation Failure) 12M->12M(15M) 0.028ms
[33.819s][info][gc] GC(783) Pause Full (Allocation Failure) 12M->9M(15M) 21.592ms
[33.824s][info][gc] GC(784) Pause Young (Allocation Failure) 13M->13M(15M) 0.028ms
[33.846s][info][gc] GC(785) Pause Full (Allocation Failure) 13M->9M(15M) 21.942ms
[33.852s][info][gc] GC(786) Pause Young (Allocation Failure) 14M->14M(15M) 0.028ms
[33.875s][info][gc] GC(787) Pause Full (Allocation Failure) 14M->10M(15M) 23.103ms
[33.880s][info][gc] GC(788) Pause Young (Allocation Failure) 14M->14M(15M) 0.028ms
[33.904s][info][gc] GC(789) Pause Full (Allocation Failure) 14M->9M(15M) 24.085ms
[33.910s][info][gc] GC(790) Pause Young (Allocation Failure) 14M->14M(15M) 0.028ms
[33.934s][info][gc] GC(791) Pause Full (Allocation Failure) 14M->10M(15M) 23.771ms
[33.939s][info][gc] GC(792) Pause Young (Allocation Failure) 14M->14M(15M) 0.028ms
[33.963s][info][gc] GC(793) Pause Full (Allocation Failure) 14M->10M(15M) 23.453ms
[33.968s][info][gc] GC(794) Pause Young (Allocation Failure) 14M->14M(15M) 0.039ms
[33.992s][info][gc] GC(795) Pause Full (Allocation Failure) 14M->10M(15M) 24.111ms
[34.021s][info][gc] GC(796) Pause Full (Allocation Failure) 15M->8M(15M) 21.378ms
[34.026s][info][gc] GC(797) Pause Young (Allocation Failure) 12M->12M(15M) 0.027ms
[34.048s][info][gc] GC(798) Pause Full (Allocation Failure) 12M->9M(15M) 21.329ms
[34.053s][info][gc] GC(799) Pause Young (Allocation Failure) 13M->13M(15M) 0.028ms
[34.075s][info][gc] GC(800) Pause Full (Allocation Failure) 13M->9M(15M) 22.146ms
[34.081s][info][gc] GC(801) Pause Young (Allocation Failure) 14M->14M(15M) 0.040ms
[34.103s][info][gc] GC(802) Pause Full (Allocation Failure) 14M->9M(15M) 21.534ms
[34.108s][info][gc] GC(803) Pause Young (Allocation Failure) 13M->13M(15M) 0.038ms
[34.131s][info][gc] GC(804) Pause Full (Allocation Failure) 13M->9M(15M) 22.777ms
[34.136s][info][gc] GC(805) Pause Young (Allocation Failure) 13M->13M(15M) 0.029ms
[34.159s][info][gc] GC(806) Pause Full (Allocation Failure) 13M->10M(15M) 22.548ms
[34.164s][info][gc] GC(807) Pause Young (Allocation Failure) 14M->14M(15M) 0.028ms
[34.188s][info][gc] GC(808) Pause Full (Allocation Failure) 14M->10M(15M) 23.571ms
[34.193s][info][gc] GC(809) Pause Young (Allocation Failure) 14M->14M(15M) 0.027ms
[34.217s][info][gc] GC(810) Pause Full (Allocation Failure) 14M->11M(15M) 23.843ms
[34.246s][info][gc] GC(811) Pause Full (Allocation Failure) 15M->8M(15M) 21.731ms
[34.251s][info][gc] GC(812) Pause Young (Allocation Failure) 12M->12M(15M) 0.028ms
[34.273s][info][gc] GC(813) Pause Full (Allocation Failure) 12M->9M(15M) 21.559ms
[34.278s][info][gc] GC(814) Pause Young (Allocation Failure) 13M->13M(15M) 0.027ms
[34.300s][info][gc] GC(815) Pause Full (Allocation Failure) 13M->9M(15M) 22.141ms
[34.306s][info][gc] GC(816) Pause Young (Allocation Failure) 13M->13M(15M) 0.027ms
[34.328s][info][gc] GC(817) Pause Full (Allocation Failure) 13M->10M(15M) 22.448ms
[34.334s][info][gc] GC(818) Pause Young (Allocation Failure) 14M->14M(15M) 0.027ms
[34.357s][info][gc] GC(819) Pause Full (Allocation Failure) 14M->9M(15M) 23.198ms
[34.362s][info][gc] GC(820) Pause Young (Allocation Failure) 14M->14M(15M) 0.027ms
[34.386s][info][gc] GC(821) Pause Full (Allocation Failure) 14M->10M(15M) 23.262ms
[34.415s][info][gc] GC(822) Pause Full (Allocation Failure) 15M->8M(15M) 22.140ms
[34.421s][info][gc] GC(823) Pause Young (Allocation Failure) 12M->12M(15M) 0.028ms
[34.443s][info][gc] GC(824) Pause Full (Allocation Failure) 12M->8M(15M) 21.956ms
[34.449s][info][gc] GC(825) Pause Young (Allocation Failure) 13M->13M(15M) 0.039ms
[34.472s][info][gc] GC(826) Pause Full (Allocation Failure) 13M->7M(15M) 23.912ms
[34.479s][info][gc] GC(827) Pause Young (Allocation Failure) 11M->11M(15M) 0.030ms
[34.502s][info][gc] GC(828) Pause Full (Allocation Failure) 11M->8M(15M) 23.057ms
[34.508s][info][gc] GC(829) Pause Young (Allocation Failure) 12M->12M(15M) 0.029ms
[34.529s][info][gc] GC(830) Pause Full (Allocation Failure) 12M->8M(15M) 20.974ms
[34.534s][info][gc] GC(831) Pause Young (Allocation Failure) 12M->12M(15M) 0.038ms
[34.555s][info][gc] GC(832) Pause Full (Allocation Failure) 12M->8M(15M) 20.930ms
[34.561s][info][gc] GC(833) Pause Young (Allocation Failure) 12M->12M(15M) 0.027ms
[34.582s][info][gc] GC(834) Pause Full (Allocation Failure) 12M->8M(15M) 21.014ms
[34.588s][info][gc] GC(835) Pause Young (Allocation Failure) 12M->12M(15M) 0.029ms
[34.609s][info][gc] GC(836) Pause Full (Allocation Failure) 12M->9M(15M) 21.078ms
[34.614s][info][gc] GC(837) Pause Young (Allocation Failure) 13M->13M(15M) 0.027ms
[34.636s][info][gc] GC(838) Pause Full (Allocation Failure) 13M->9M(15M) 21.881ms
[34.642s][info][gc] GC(839) Pause Young (Allocation Failure) 13M->13M(15M) 0.027ms
[34.663s][info][gc] GC(840) Pause Full (Allocation Failure) 13M->9M(15M) 21.592ms
[34.669s][info][gc] GC(841) Pause Young (Allocation Failure) 13M->13M(15M) 0.028ms
[34.691s][info][gc] GC(842) Pause Full (Allocation Failure) 13M->9M(15M) 22.260ms
[34.696s][info][gc] GC(843) Pause Young (Allocation Failure) 13M->13M(15M) 0.028ms
[34.719s][info][gc] GC(844) Pause Full (Allocation Failure) 13M->9M(15M) 22.167ms
[34.724s][info][gc] GC(845) Pause Young (Allocation Failure) 14M->14M(15M) 0.029ms
[34.747s][info][gc] GC(846) Pause Full (Allocation Failure) 14M->10M(15M) 23.300ms
[34.753s][info][gc] GC(847) Pause Young (Allocation Failure) 14M->14M(15M) 0.029ms
[34.776s][info][gc] GC(848) Pause Full (Allocation Failure) 14M->10M(15M) 22.788ms
[34.781s][info][gc] GC(849) Pause Young (Allocation Failure) 14M->14M(15M) 0.027ms
[34.805s][info][gc] GC(850) Pause Full (Allocation Failure) 14M->10M(15M) 23.601ms
[34.811s][info][gc] GC(851) Pause Young (Allocation Failure) 14M->14M(15M) 0.027ms
[34.834s][info][gc] GC(852) Pause Full (Allocation Failure) 14M->10M(15M) 23.633ms
[34.864s][info][gc] GC(853) Pause Full (Allocation Failure) 15M->8M(15M) 21.941ms
[34.870s][info][gc] GC(854) Pause Young (Allocation Failure) 12M->12M(15M) 0.029ms
[34.891s][info][gc] GC(855) Pause Full (Allocation Failure) 12M->9M(15M) 21.149ms
[34.896s][info][gc] GC(856) Pause Young (Allocation Failure) 13M->13M(15M) 0.030ms
[34.919s][info][gc] GC(857) Pause Full (Allocation Failure) 13M->8M(15M) 22.345ms
[34.924s][info][gc] GC(858) Pause Young (Allocation Failure) 13M->13M(15M) 0.028ms
[34.947s][info][gc] GC(859) Pause Full (Allocation Failure) 13M->9M(15M) 22.254ms
[34.952s][info][gc] GC(860) Pause Young (Allocation Failure) 13M->13M(15M) 0.054ms
[34.973s][info][gc] GC(861) Pause Full (Allocation Failure) 13M->8M(15M) 21.429ms
[34.979s][info][gc] GC(862) Pause Young (Allocation Failure) 13M->13M(15M) 0.027ms
[35.001s][info][gc] GC(863) Pause Full (Allocation Failure) 13M->9M(15M) 22.138ms
[35.007s][info][gc] GC(864) Pause Young (Allocation Failure) 13M->13M(15M) 0.028ms
[35.029s][info][gc] GC(865) Pause Full (Allocation Failure) 13M->8M(15M) 21.794ms
[35.034s][info][gc] GC(866) Pause Young (Allocation Failure) 13M->13M(15M) 0.027ms
[35.057s][info][gc] GC(867) Pause Full (Allocation Failure) 13M->9M(15M) 22.706ms
[35.062s][info][gc] GC(868) Pause Young (Allocation Failure) 13M->13M(15M) 0.027ms
[35.085s][info][gc] GC(869) Pause Full (Allocation Failure) 13M->9M(15M) 22.405ms
[35.090s][info][gc] GC(870) Pause Young (Allocation Failure) 14M->14M(15M) 0.028ms
[35.113s][info][gc] GC(871) Pause Full (Allocation Failure) 14M->10M(15M) 22.683ms
[35.118s][info][gc] GC(872) Pause Young (Allocation Failure) 14M->14M(15M) 0.039ms
[35.142s][info][gc] GC(873) Pause Full (Allocation Failure) 14M->10M(15M) 23.586ms
[35.147s][info][gc] GC(874) Pause Young (Allocation Failure) 14M->14M(15M) 0.027ms
[35.171s][info][gc] GC(875) Pause Full (Allocation Failure) 14M->10M(15M) 23.607ms
[35.200s][info][gc] GC(876) Pause Full (Allocation Failure) 15M->8M(15M) 21.285ms
[35.205s][info][gc] GC(877) Pause Young (Allocation Failure) 12M->12M(15M) 0.027ms
[35.227s][info][gc] GC(878) Pause Full (Allocation Failure) 12M->9M(15M) 21.541ms
[35.232s][info][gc] GC(879) Pause Young (Allocation Failure) 13M->13M(15M) 0.029ms
[35.255s][info][gc] GC(880) Pause Full (Allocation Failure) 13M->9M(15M) 22.296ms
[35.260s][info][gc] GC(881) Pause Young (Allocation Failure) 13M->13M(15M) 0.029ms
[35.283s][info][gc] GC(882) Pause Full (Allocation Failure) 13M->9M(15M) 22.762ms
[35.289s][info][gc] GC(883) Pause Young (Allocation Failure) 14M->14M(15M) 0.028ms
[35.312s][info][gc] GC(884) Pause Full (Allocation Failure) 14M->10M(15M) 22.655ms
[35.317s][info][gc] GC(885) Pause Young (Allocation Failure) 14M->14M(15M) 0.037ms
[35.340s][info][gc] GC(886) Pause Full (Allocation Failure) 14M->10M(15M) 22.907ms
[35.346s][info][gc] GC(887) Pause Young (Allocation Failure) 14M->14M(15M) 0.027ms
[35.369s][info][gc] GC(888) Pause Full (Allocation Failure) 14M->10M(15M) 23.807ms
[35.375s][info][gc] GC(889) Pause Young (Allocation Failure) 14M->14M(15M) 0.029ms
[35.398s][info][gc] GC(890) Pause Full (Allocation Failure) 14M->10M(15M) 23.608ms
[35.428s][info][gc] GC(891) Pause Full (Allocation Failure) 15M->8M(15M) 22.486ms
[35.434s][info][gc] GC(892) Pause Young (Allocation Failure) 13M->13M(15M) 0.049ms
[35.456s][info][gc] GC(893) Pause Full (Allocation Failure) 13M->8M(15M) 21.374ms
[35.461s][info][gc] GC(894) Pause Young (Allocation Failure) 12M->12M(15M) 0.033ms
[35.488s][info][gc] GC(895) Pause Full (Allocation Failure) 12M->7M(15M) 26.888ms
[35.494s][info][gc] GC(896) Pause Young (Allocation Failure) 12M->12M(15M) 0.034ms
[35.515s][info][gc] GC(897) Pause Full (Allocation Failure) 12M->8M(15M) 21.245ms
[35.521s][info][gc] GC(898) Pause Young (Allocation Failure) 12M->12M(15M) 0.027ms
[35.542s][info][gc] GC(899) Pause Full (Allocation Failure) 12M->9M(15M) 21.261ms
[35.548s][info][gc] GC(900) Pause Young (Allocation Failure) 13M->13M(15M) 0.038ms
[35.569s][info][gc] GC(901) Pause Full (Allocation Failure) 13M->9M(15M) 21.549ms
[35.575s][info][gc] GC(902) Pause Young (Allocation Failure) 13M->13M(15M) 0.028ms
[35.598s][info][gc] GC(903) Pause Full (Allocation Failure) 13M->9M(15M) 22.821ms
[35.603s][info][gc] GC(904) Pause Young (Allocation Failure) 13M->13M(15M) 0.029ms
[35.626s][info][gc] GC(905) Pause Full (Allocation Failure) 13M->9M(15M) 23.032ms
[35.632s][info][gc] GC(906) Pause Young (Allocation Failure) 13M->13M(15M) 0.028ms
[35.655s][info][gc] GC(907) Pause Full (Allocation Failure) 13M->9M(15M) 22.807ms
[35.660s][info][gc] GC(908) Pause Young (Allocation Failure) 14M->14M(15M) 0.027ms
[35.683s][info][gc] GC(909) Pause Full (Allocation Failure) 14M->10M(15M) 22.782ms
[35.688s][info][gc] GC(910) Pause Young (Allocation Failure) 14M->14M(15M) 0.050ms
[35.712s][info][gc] GC(911) Pause Full (Allocation Failure) 14M->9M(15M) 23.169ms
[35.717s][info][gc] GC(912) Pause Young (Allocation Failure) 14M->14M(15M) 0.029ms
[35.740s][info][gc] GC(913) Pause Full (Allocation Failure) 14M->10M(15M) 23.104ms
[35.746s][info][gc] GC(914) Pause Young (Allocation Failure) 14M->14M(15M) 0.027ms
[35.769s][info][gc] GC(915) Pause Full (Allocation Failure) 14M->10M(15M) 23.195ms
[35.775s][info][gc] GC(916) Pause Young (Allocation Failure) 14M->14M(15M) 0.028ms
[35.798s][info][gc] GC(917) Pause Full (Allocation Failure) 14M->10M(15M) 23.626ms
[35.827s][info][gc] GC(918) Pause Full (Allocation Failure) 15M->8M(15M) 21.545ms
[35.832s][info][gc] GC(919) Pause Young (Allocation Failure) 12M->12M(15M) 0.049ms
[35.854s][info][gc] GC(920) Pause Full (Allocation Failure) 12M->9M(15M) 21.679ms
[35.859s][info][gc] GC(921) Pause Young (Allocation Failure) 13M->13M(15M) 0.027ms
[35.882s][info][gc] GC(922) Pause Full (Allocation Failure) 13M->9M(15M) 22.351ms
[35.887s][info][gc] GC(923) Pause Young (Allocation Failure) 14M->14M(15M) 0.028ms
[35.911s][info][gc] GC(924) Pause Full (Allocation Failure) 14M->9M(15M) 23.406ms
[35.916s][info][gc] GC(925) Pause Young (Allocation Failure) 14M->14M(15M) 0.028ms
[35.941s][info][gc] GC(926) Pause Full (Allocation Failure) 14M->9M(15M) 24.853ms
[35.946s][info][gc] GC(927) Pause Young (Allocation Failure) 14M->14M(15M) 0.028ms
[35.970s][info][gc] GC(928) Pause Full (Allocation Failure) 14M->10M(15M) 23.770ms
[35.976s][info][gc] GC(929) Pause Young (Allocation Failure) 14M->14M(15M) 0.028ms
[35.999s][info][gc] GC(930) Pause Full (Allocation Failure) 14M->10M(15M) 23.748ms
[36.028s][info][gc] GC(931) Pause Full (Allocation Failure) 15M->8M(15M) 21.366ms
[36.034s][info][gc] GC(932) Pause Young (Allocation Failure) 12M->12M(15M) 0.027ms
[36.055s][info][gc] GC(933) Pause Full (Allocation Failure) 12M->8M(15M) 21.603ms
[36.061s][info][gc] GC(934) Pause Young (Allocation Failure) 13M->13M(15M) 0.037ms
[36.083s][info][gc] GC(935) Pause Full (Allocation Failure) 13M->9M(15M) 22.308ms
[36.089s][info][gc] GC(936) Pause Young (Allocation Failure) 14M->14M(15M) 0.027ms
[36.112s][info][gc] GC(937) Pause Full (Allocation Failure) 14M->10M(15M) 23.061ms
[36.117s][info][gc] GC(938) Pause Young (Allocation Failure) 14M->14M(15M) 0.030ms
[36.141s][info][gc] GC(939) Pause Full (Allocation Failure) 14M->10M(15M) 23.987ms
[36.170s][info][gc] GC(940) Pause Full (Allocation Failure) 15M->8M(15M) 21.376ms
[36.175s][info][gc] GC(941) Pause Young (Allocation Failure) 12M->12M(15M) 0.027ms
[36.197s][info][gc] GC(942) Pause Full (Allocation Failure) 12M->9M(15M) 21.491ms
[36.202s][info][gc] GC(943) Pause Young (Allocation Failure) 13M->13M(15M) 0.027ms
[36.225s][info][gc] GC(944) Pause Full (Allocation Failure) 13M->9M(15M) 22.767ms
[36.231s][info][gc] GC(945) Pause Young (Allocation Failure) 14M->14M(15M) 0.027ms
[36.253s][info][gc] GC(946) Pause Full (Allocation Failure) 14M->9M(15M) 22.391ms
[36.258s][info][gc] GC(947) Pause Young (Allocation Failure) 14M->14M(15M) 0.027ms
[36.283s][info][gc] GC(948) Pause Full (Allocation Failure) 14M->9M(15M) 24.405ms
[36.288s][info][gc] GC(949) Pause Young (Allocation Failure) 14M->14M(15M) 0.030ms
[36.313s][info][gc] GC(950) Pause Full (Allocation Failure) 14M->10M(15M) 24.976ms
[36.319s][info][gc] GC(951) Pause Young (Allocation Failure) 14M->14M(15M) 0.051ms
[36.344s][info][gc] GC(952) Pause Full (Allocation Failure) 14M->10M(15M) 25.406ms
[36.350s][info][gc] GC(953) Pause Young (Allocation Failure) 14M->14M(15M) 0.030ms
[36.373s][info][gc] GC(954) Pause Full (Allocation Failure) 14M->10M(15M) 23.811ms
[36.402s][info][gc] GC(955) Pause Full (Allocation Failure) 15M->8M(15M) 21.487ms
[36.408s][info][gc] GC(956) Pause Young (Allocation Failure) 12M->12M(15M) 0.039ms
[36.432s][info][gc] GC(957) Pause Full (Allocation Failure) 12M->8M(15M) 23.538ms
[36.437s][info][gc] GC(958) Pause Young (Allocation Failure) 13M->13M(15M) 0.044ms
[36.460s][info][gc] GC(959) Pause Full (Allocation Failure) 13M->8M(15M) 22.094ms
[36.466s][info][gc] GC(960) Pause Young (Allocation Failure) 12M->12M(15M) 0.060ms
[36.491s][info][gc] GC(961) Pause Full (Allocation Failure) 12M->8M(15M) 25.366ms
[36.498s][info][gc] GC(962) Pause Young (Allocation Failure) 12M->12M(15M) 0.030ms
[36.521s][info][gc] GC(963) Pause Full (Allocation Failure) 12M->7M(15M) 23.305ms
[36.527s][info][gc] GC(964) Pause Young (Allocation Failure) 12M->12M(15M) 0.028ms
[36.550s][info][gc] GC(965) Pause Full (Allocation Failure) 12M->8M(15M) 22.953ms
[36.555s][info][gc] GC(966) Pause Young (Allocation Failure) 12M->12M(15M) 0.027ms
[36.578s][info][gc] GC(967) Pause Full (Allocation Failure) 12M->8M(15M) 22.545ms
[36.584s][info][gc] GC(968) Pause Young (Allocation Failure) 12M->12M(15M) 0.028ms
[36.606s][info][gc] GC(969) Pause Full (Allocation Failure) 12M->8M(15M) 22.338ms
[36.612s][info][gc] GC(970) Pause Young (Allocation Failure) 13M->13M(15M) 0.030ms
[36.634s][info][gc] GC(971) Pause Full (Allocation Failure) 13M->8M(15M) 22.560ms
[36.640s][info][gc] GC(972) Pause Young (Allocation Failure) 12M->12M(15M) 0.029ms
[36.664s][info][gc] GC(973) Pause Full (Allocation Failure) 12M->8M(15M) 23.655ms
[36.669s][info][gc] GC(974) Pause Young (Allocation Failure) 12M->12M(15M) 0.028ms
[36.694s][info][gc] GC(975) Pause Full (Allocation Failure) 12M->9M(15M) 24.240ms
[36.700s][info][gc] GC(976) Pause Young (Allocation Failure) 13M->13M(15M) 0.030ms
[36.723s][info][gc] GC(977) Pause Full (Allocation Failure) 13M->8M(15M) 23.371ms
[36.729s][info][gc] GC(978) Pause Young (Allocation Failure) 12M->12M(15M) 0.032ms
[36.752s][info][gc] GC(979) Pause Full (Allocation Failure) 12M->8M(15M) 23.317ms
[36.758s][info][gc] GC(980) Pause Young (Allocation Failure) 12M->12M(15M) 0.052ms
[36.781s][info][gc] GC(981) Pause Full (Allocation Failure) 12M->8M(15M) 22.955ms
[36.786s][info][gc] GC(982) Pause Young (Allocation Failure) 13M->13M(15M) 0.039ms
[36.810s][info][gc] GC(983) Pause Full (Allocation Failure) 13M->8M(15M) 23.510ms
[36.816s][info][gc] GC(984) Pause Young (Allocation Failure) 12M->12M(15M) 0.029ms
[36.838s][info][gc] GC(985) Pause Full (Allocation Failure) 12M->8M(15M) 22.175ms
[36.844s][info][gc] GC(986) Pause Young (Allocation Failure) 13M->13M(15M) 0.033ms
[36.867s][info][gc] GC(987) Pause Full (Allocation Failure) 13M->8M(15M) 22.718ms
[36.872s][info][gc] GC(988) Pause Young (Allocation Failure) 12M->12M(15M) 0.031ms
[36.896s][info][gc] GC(989) Pause Full (Allocation Failure) 12M->9M(15M) 23.403ms
[36.901s][info][gc] GC(990) Pause Young (Allocation Failure) 13M->13M(15M) 0.028ms
[36.925s][info][gc] GC(991) Pause Full (Allocation Failure) 13M->9M(15M) 23.696ms
[36.931s][info][gc] GC(992) Pause Young (Allocation Failure) 13M->13M(15M) 0.038ms
[36.955s][info][gc] GC(993) Pause Full (Allocation Failure) 13M->9M(15M) 23.925ms
[36.960s][info][gc] GC(994) Pause Young (Allocation Failure) 13M->13M(15M) 0.027ms
[36.983s][info][gc] GC(995) Pause Full (Allocation Failure) 13M->8M(15M) 22.872ms
[36.989s][info][gc] GC(996) Pause Young (Allocation Failure) 12M->12M(15M) 0.028ms
[37.012s][info][gc] GC(997) Pause Full (Allocation Failure) 12M->9M(15M) 22.729ms
[37.017s][info][gc] GC(998) Pause Young (Allocation Failure) 13M->13M(15M) 0.029ms
[37.041s][info][gc] GC(999) Pause Full (Allocation Failure) 13M->9M(15M) 23.845ms
[37.047s][info][gc] GC(1000) Pause Young (Allocation Failure) 13M->13M(15M) 0.038ms
[37.071s][info][gc] GC(1001) Pause Full (Allocation Failure) 13M->10M(15M) 24.610ms
[37.077s][info][gc] GC(1002) Pause Young (Allocation Failure) 14M->14M(15M) 0.050ms
[37.101s][info][gc] GC(1003) Pause Full (Allocation Failure) 14M->9M(15M) 24.184ms
[37.107s][info][gc] GC(1004) Pause Young (Allocation Failure) 13M->13M(15M) 0.030ms
[37.131s][info][gc] GC(1005) Pause Full (Allocation Failure) 13M->9M(15M) 23.859ms
[37.137s][info][gc] GC(1006) Pause Young (Allocation Failure) 14M->14M(15M) 0.028ms
[37.161s][info][gc] GC(1007) Pause Full (Allocation Failure) 14M->10M(15M) 24.650ms
[37.167s][info][gc] GC(1008) Pause Young (Allocation Failure) 14M->14M(15M) 0.028ms
[37.191s][info][gc] GC(1009) Pause Full (Allocation Failure) 14M->9M(15M) 24.207ms
[37.197s][info][gc] GC(1010) Pause Young (Allocation Failure) 13M->13M(15M) 0.028ms
[37.221s][info][gc] GC(1011) Pause Full (Allocation Failure) 13M->8M(15M) 23.346ms
[37.226s][info][gc] GC(1012) Pause Young (Allocation Failure) 13M->13M(15M) 0.039ms
[37.250s][info][gc] GC(1013) Pause Full (Allocation Failure) 13M->9M(15M) 23.522ms
[37.255s][info][gc] GC(1014) Pause Young (Allocation Failure) 14M->14M(15M) 0.029ms
[37.278s][info][gc] GC(1015) Pause Full (Allocation Failure) 14M->9M(15M) 22.459ms
[37.283s][info][gc] GC(1016) Pause Young (Allocation Failure) 13M->13M(15M) 0.028ms
[37.306s][info][gc] GC(1017) Pause Full (Allocation Failure) 13M->9M(15M) 22.330ms
[37.311s][info][gc] GC(1018) Pause Young (Allocation Failure) 14M->14M(15M) 0.029ms
[37.335s][info][gc] GC(1019) Pause Full (Allocation Failure) 14M->9M(15M) 23.282ms
[37.340s][info][gc] GC(1020) Pause Young (Allocation Failure) 13M->13M(15M) 0.028ms
[37.364s][info][gc] GC(1021) Pause Full (Allocation Failure) 13M->10M(15M) 24.284ms
[37.370s][info][gc] GC(1022) Pause Young (Allocation Failure) 14M->14M(15M) 0.028ms
[37.394s][info][gc] GC(1023) Pause Full (Allocation Failure) 14M->10M(15M) 24.739ms
[37.400s][info][gc] GC(1024) Pause Young (Allocation Failure) 14M->14M(15M) 0.029ms
[37.424s][info][gc] GC(1025) Pause Full (Allocation Failure) 14M->10M(15M) 23.852ms
[37.430s][info][gc] GC(1026) Pause Young (Allocation Failure) 14M->14M(15M) 0.037ms
[37.455s][info][gc] GC(1027) Pause Full (Allocation Failure) 14M->10M(15M) 24.771ms
[37.461s][info][gc] GC(1028) Pause Young (Allocation Failure) 14M->14M(15M) 0.031ms
[37.489s][info][gc] GC(1029) Pause Full (Allocation Failure) 14M->8M(15M) 27.727ms
[37.494s][info][gc] GC(1030) Pause Young (Allocation Failure) 12M->12M(15M) 0.031ms
[37.518s][info][gc] GC(1031) Pause Full (Allocation Failure) 12M->8M(15M) 23.236ms
