[0.012s][info][gc] Using The Z Garbage Collector
[0.160s][info][gc] GC(0) Garbage Collection (Warmup) 4M(29%)->4M(29%)
[0.240s][info][gc] GC(1) Garbage Collection (Warmup) 4M(29%)->4M(29%)
[9.642s][info][gc] GC(2) Garbage Collection (Warmup) 6M(43%)->4M(29%)
[13.442s][info][gc] GC(3) Garbage Collection (Proactive) 8M(57%)->6M(43%)
[17.141s][info][gc] GC(4) Garbage Collection (Proactive) 8M(57%)->6M(43%)
[17.348s][info][gc] Relocation Stall (Attach Listener) 1.921ms
[17.348s][info][gc] Allocation Stall (Attach Listener) 15.222ms
[17.350s][info][gc] GC(5) Garbage Collection (Allocation Rate) 14M(100%)->8M(57%)
[17.447s][info][gc] Relocation Stall (Attach Listener) 1.928ms
[17.447s][info][gc] GC(6) Garbage Collection (Allocation Stall) 14M(100%)->10M(71%)
[17.447s][info][gc] Allocation Stall (Attach Listener) 22.689ms
[17.560s][info][gc] GC(7) Garbage Collection (Allocation Rate) 12M(86%)->10M(71%)
[17.653s][info][gc] GC(8) Garbage Collection (Allocation Rate) 12M(86%)->10M(71%)
[17.747s][info][gc] GC(9) Garbage Collection (Allocation Rate) 10M(71%)->10M(71%)
[17.849s][info][gc] GC(10) Garbage Collection (Allocation Rate) 10M(71%)->10M(71%)
[17.944s][info][gc] GC(11) Garbage Collection (Allocation Rate) 10M(71%)->10M(71%)
[18.044s][info][gc] GC(12) Garbage Collection (Allocation Rate) 10M(71%)->10M(71%)
[18.146s][info][gc] GC(13) Garbage Collection (Allocation Rate) 10M(71%)->10M(71%)
[18.244s][info][gc] GC(14) Garbage Collection (Allocation Rate) 10M(71%)->10M(71%)
[18.349s][info][gc] GC(15) Garbage Collection (Allocation Rate) 10M(71%)->10M(71%)
[18.450s][info][gc] GC(16) Garbage Collection (Allocation Rate) 10M(71%)->10M(71%)
[18.550s][info][gc] Allocation Stall (RMI TCP Connection(1)-127.0.0.1) 17.172ms
[18.550s][info][gc] GC(17) Garbage Collection (Allocation Rate) 14M(100%)->14M(100%)
[18.550s][info][gc] Allocation Stall (JFR Periodic Tasks) 6.814ms
[18.654s][info][gc] GC(18) Garbage Collection (Allocation Stall) 12M(86%)->10M(71%)
[18.751s][info][gc] GC(19) Garbage Collection (Allocation Rate) 10M(71%)->10M(71%)
[18.850s][info][gc] GC(20) Garbage Collection (Allocation Rate) 10M(71%)->10M(71%)
[18.945s][info][gc] GC(21) Garbage Collection (Allocation Rate) 10M(71%)->10M(71%)
[19.046s][info][gc] GC(22) Garbage Collection (Allocation Rate) 10M(71%)->10M(71%)
[19.145s][info][gc] GC(23) Garbage Collection (Allocation Rate) 10M(71%)->10M(71%)
[19.248s][info][gc] GC(24) Garbage Collection (Allocation Rate) 10M(71%)->10M(71%)
[19.349s][info][gc] GC(25) Garbage Collection (Allocation Rate) 10M(71%)->10M(71%)
[19.445s][info][gc] GC(26) Garbage Collection (Allocation Rate) 10M(71%)->10M(71%)
[19.546s][info][gc] GC(27) Garbage Collection (Allocation Rate) 10M(71%)->10M(71%)
[19.650s][info][gc] GC(28) Garbage Collection (Allocation Rate) 12M(86%)->12M(86%)
[19.748s][info][gc] GC(29) Garbage Collection (Allocation Rate) 12M(86%)->12M(86%)
[19.849s][info][gc] GC(30) Garbage Collection (Allocation Rate) 12M(86%)->12M(86%)
[19.949s][info][gc] GC(31) Garbage Collection (Allocation Rate) 12M(86%)->12M(86%)
[20.046s][info][gc] GC(32) Garbage Collection (Allocation Rate) 12M(86%)->12M(86%)
[20.146s][info][gc] GC(33) Garbage Collection (Allocation Rate) 12M(86%)->12M(86%)
[20.245s][info][gc] GC(34) Garbage Collection (Allocation Rate) 12M(86%)->12M(86%)
[20.348s][info][gc] GC(35) Garbage Collection (Allocation Rate) 12M(86%)->12M(86%)
[20.446s][info][gc] GC(36) Garbage Collection (Allocation Rate) 12M(86%)->12M(86%)
[20.545s][info][gc] GC(37) Garbage Collection (Allocation Rate) 12M(86%)->12M(86%)
[20.647s][info][gc] GC(38) Garbage Collection (Allocation Rate) 12M(86%)->12M(86%)
[20.749s][info][gc] GC(39) Garbage Collection (Allocation Rate) 12M(86%)->12M(86%)
[20.848s][info][gc] GC(40) Garbage Collection (Allocation Rate) 12M(86%)->12M(86%)
[20.946s][info][gc] GC(41) Garbage Collection (Allocation Rate) 12M(86%)->12M(86%)
[21.047s][info][gc] GC(42) Garbage Collection (Allocation Rate) 12M(86%)->12M(86%)
[21.150s][info][gc] GC(43) Garbage Collection (Allocation Rate) 12M(86%)->10M(71%)
[21.255s][info][gc] GC(44) Garbage Collection (Allocation Rate) 10M(71%)->10M(71%)
[21.348s][info][gc] GC(45) Garbage Collection (Allocation Rate) 10M(71%)->10M(71%)
[21.451s][info][gc] GC(46) Garbage Collection (Allocation Rate) 10M(71%)->10M(71%)
[21.547s][info][gc] GC(47) Garbage Collection (Allocation Rate) 10M(71%)->10M(71%)
[21.650s][info][gc] GC(48) Garbage Collection (Allocation Rate) 10M(71%)->12M(86%)
[21.751s][info][gc] GC(49) Garbage Collection (Allocation Rate) 12M(86%)->10M(71%)
[21.851s][info][gc] GC(50) Garbage Collection (Allocation Rate) 10M(71%)->10M(71%)
[21.950s][info][gc] GC(51) Garbage Collection (Allocation Rate) 10M(71%)->10M(71%)
[22.048s][info][gc] GC(52) Garbage Collection (Allocation Rate) 10M(71%)->10M(71%)
[22.147s][info][gc] GC(53) Garbage Collection (Allocation Rate) 10M(71%)->10M(71%)
[22.248s][info][gc] GC(54) Garbage Collection (Allocation Rate) 10M(71%)->10M(71%)
[22.345s][info][gc] GC(55) Garbage Collection (Allocation Rate) 10M(71%)->10M(71%)
[22.449s][info][gc] GC(56) Garbage Collection (Allocation Rate) 10M(71%)->10M(71%)
[22.546s][info][gc] GC(57) Garbage Collection (Allocation Rate) 10M(71%)->10M(71%)
[22.648s][info][gc] GC(58) Garbage Collection (Allocation Rate) 10M(71%)->10M(71%)
[22.750s][info][gc] GC(59) Garbage Collection (Allocation Rate) 10M(71%)->10M(71%)
[22.847s][info][gc] GC(60) Garbage Collection (Allocation Rate) 10M(71%)->10M(71%)
[22.949s][info][gc] GC(61) Garbage Collection (Allocation Rate) 10M(71%)->10M(71%)
[23.052s][info][gc] GC(62) Garbage Collection (Allocation Rate) 10M(71%)->10M(71%)
[23.147s][info][gc] GC(63) Garbage Collection (Allocation Rate) 10M(71%)->10M(71%)
[23.248s][info][gc] GC(64) Garbage Collection (Allocation Rate) 10M(71%)->10M(71%)
[23.346s][info][gc] GC(65) Garbage Collection (Allocation Rate) 10M(71%)->10M(71%)
[23.450s][info][gc] GC(66) Garbage Collection (Allocation Rate) 10M(71%)->10M(71%)
[23.546s][info][gc] GC(67) Garbage Collection (Allocation Rate) 10M(71%)->10M(71%)
[23.652s][info][gc] GC(68) Garbage Collection (Allocation Rate) 10M(71%)->10M(71%)
[23.750s][info][gc] GC(69) Garbage Collection (Allocation Rate) 10M(71%)->10M(71%)
[23.847s][info][gc] GC(70) Garbage Collection (Allocation Rate) 10M(71%)->10M(71%)
[23.947s][info][gc] GC(71) Garbage Collection (Allocation Rate) 10M(71%)->10M(71%)
[24.047s][info][gc] GC(72) Garbage Collection (Allocation Rate) 10M(71%)->10M(71%)
[24.147s][info][gc] GC(73) Garbage Collection (Allocation Rate) 10M(71%)->10M(71%)
[24.247s][info][gc] GC(74) Garbage Collection (Allocation Rate) 10M(71%)->10M(71%)
[24.347s][info][gc] GC(75) Garbage Collection (Allocation Rate) 10M(71%)->10M(71%)
[24.446s][info][gc] GC(76) Garbage Collection (Allocation Rate) 10M(71%)->10M(71%)
[24.547s][info][gc] GC(77) Garbage Collection (Allocation Rate) 10M(71%)->10M(71%)
[24.651s][info][gc] GC(78) Garbage Collection (Allocation Rate) 10M(71%)->10M(71%)
[24.749s][info][gc] GC(79) Garbage Collection (Allocation Rate) 10M(71%)->10M(71%)
[24.850s][info][gc] GC(80) Garbage Collection (Allocation Rate) 10M(71%)->10M(71%)
[24.947s][info][gc] GC(81) Garbage Collection (Allocation Rate) 10M(71%)->10M(71%)
[25.044s][info][gc] GC(82) Garbage Collection (Allocation Rate) 10M(71%)->10M(71%)
[25.145s][info][gc] GC(83) Garbage Collection (Allocation Rate) 10M(71%)->10M(71%)
[25.245s][info][gc] GC(84) Garbage Collection (Allocation Rate) 10M(71%)->10M(71%)
[25.345s][info][gc] GC(85) Garbage Collection (Allocation Rate) 10M(71%)->10M(71%)
[25.445s][info][gc] GC(86) Garbage Collection (Allocation Rate) 10M(71%)->10M(71%)
[25.545s][info][gc] GC(87) Garbage Collection (Allocation Rate) 10M(71%)->10M(71%)
[25.651s][info][gc] GC(88) Garbage Collection (Allocation Rate) 10M(71%)->10M(71%)
[25.750s][info][gc] GC(89) Garbage Collection (Allocation Rate) 10M(71%)->10M(71%)
[25.857s][info][gc] GC(90) Garbage Collection (Allocation Rate) 10M(71%)->10M(71%)
[25.945s][info][gc] GC(91) Garbage Collection (Allocation Rate) 10M(71%)->10M(71%)
[26.049s][info][gc] GC(92) Garbage Collection (Allocation Rate) 10M(71%)->10M(71%)
[26.146s][info][gc] GC(93) Garbage Collection (Allocation Rate) 10M(71%)->10M(71%)
[26.268s][info][gc] GC(94) Garbage Collection (Allocation Rate) 10M(71%)->10M(71%)
[26.348s][info][gc] GC(95) Garbage Collection (Allocation Rate) 10M(71%)->10M(71%)
[26.447s][info][gc] GC(96) Garbage Collection (Allocation Rate) 10M(71%)->10M(71%)
[26.545s][info][gc] GC(97) Garbage Collection (Allocation Rate) 10M(71%)->10M(71%)
[26.649s][info][gc] GC(98) Garbage Collection (Allocation Rate) 10M(71%)->10M(71%)
[26.748s][info][gc] GC(99) Garbage Collection (Allocation Rate) 10M(71%)->10M(71%)
[26.851s][info][gc] GC(100) Garbage Collection (Allocation Rate) 10M(71%)->10M(71%)
[26.953s][info][gc] GC(101) Garbage Collection (Allocation Rate) 10M(71%)->10M(71%)
[27.049s][info][gc] GC(102) Garbage Collection (Allocation Rate) 10M(71%)->10M(71%)
[27.149s][info][gc] GC(103) Garbage Collection (Allocation Rate) 10M(71%)->10M(71%)
[27.251s][info][gc] GC(104) Garbage Collection (Allocation Rate) 10M(71%)->10M(71%)
[27.346s][info][gc] GC(105) Garbage Collection (Allocation Rate) 10M(71%)->10M(71%)
[27.449s][info][gc] GC(106) Garbage Collection (Allocation Rate) 10M(71%)->10M(71%)
[27.545s][info][gc] GC(107) Garbage Collection (Allocation Rate) 10M(71%)->10M(71%)
[27.651s][info][gc] GC(108) Garbage Collection (Allocation Rate) 10M(71%)->10M(71%)
[27.750s][info][gc] GC(109) Garbage Collection (Allocation Rate) 10M(71%)->10M(71%)
[27.851s][info][gc] GC(110) Garbage Collection (Allocation Rate) 10M(71%)->10M(71%)
[27.949s][info][gc] GC(111) Garbage Collection (Allocation Rate) 10M(71%)->10M(71%)
[28.020s][info][gc] Allocation Stall (main) 15.831ms
[28.022s][info][gc] Allocation Stall (JFR Periodic Tasks) 9.070ms
[28.022s][info][gc] GC(112) Garbage Collection (Allocation Stall) 14M(100%)->14M(100%)
[28.048s][info][gc] Allocation Stall (main) 14.939ms
[28.050s][info][gc] Allocation Stall (JFR Periodic Tasks) 3.558ms
[28.050s][info][gc] GC(113) Garbage Collection (Allocation Stall) 14M(100%)->14M(100%)
[28.067s][info][gc] Allocation Stall (main) 14.657ms
[28.067s][info][gc] GC(114) Garbage Collection (Allocation Stall) 14M(100%)->14M(100%)
[28.081s][info][gc] Allocation Stall (JFR Periodic Tasks) 19.231ms
[28.081s][info][gc] GC(115) Garbage Collection (Allocation Stall) 14M(100%)->14M(100%)
[28.093s][info][gc] Allocation Stall (main) 25.545ms
[28.093s][info][gc] GC(116) Garbage Collection (Allocation Stall) 14M(100%)->14M(100%)
[28.107s][info][gc] Allocation Stall (JFR Periodic Tasks) 14.732ms
[28.107s][info][gc] GC(117) Garbage Collection (Allocation Stall) 14M(100%)->14M(100%)
[28.120s][info][gc] Allocation Stall (main) 26.601ms
[28.120s][info][gc] GC(118) Garbage Collection (Allocation Stall) 14M(100%)->14M(100%)
[28.135s][info][gc] Allocation Stall (JFR Periodic Tasks) 14.699ms
[28.135s][info][gc] GC(119) Garbage Collection (Allocation Stall) 14M(100%)->14M(100%)
[28.148s][info][gc] Allocation Stall (main) 26.987ms
[28.148s][info][gc] GC(120) Garbage Collection (Allocation Stall) 14M(100%)->14M(100%)
[28.161s][info][gc] Allocation Stall (JFR Periodic Tasks) 14.256ms
[28.161s][info][gc] GC(121) Garbage Collection (Allocation Stall) 14M(100%)->14M(100%)
[28.174s][info][gc] Allocation Stall (main) 25.619ms
[28.174s][info][gc] GC(122) Garbage Collection (Allocation Stall) 14M(100%)->14M(100%)
[28.187s][info][gc] Allocation Stall (JFR Periodic Tasks) 14.917ms
[28.187s][info][gc] GC(123) Garbage Collection (Allocation Stall) 14M(100%)->14M(100%)
[28.201s][info][gc] Allocation Stall (main) 26.292ms
[28.201s][info][gc] GC(124) Garbage Collection (Allocation Stall) 14M(100%)->14M(100%)
[28.215s][info][gc] Allocation Stall (JFR Periodic Tasks) 17.514ms
[28.215s][info][gc] GC(125) Garbage Collection (Allocation Stall) 14M(100%)->14M(100%)
[28.228s][info][gc] Allocation Stall (main) 26.871ms
[28.228s][info][gc] GC(126) Garbage Collection (Allocation Stall) 14M(100%)->14M(100%)
[28.242s][info][gc] Allocation Stall (JFR Periodic Tasks) 15.748ms
[28.242s][info][gc] GC(127) Garbage Collection (Allocation Stall) 14M(100%)->14M(100%)
[28.256s][info][gc] Allocation Stall (main) 27.150ms
[28.256s][info][gc] GC(128) Garbage Collection (Allocation Stall) 14M(100%)->14M(100%)
[28.269s][info][gc] Allocation Stall (JFR Periodic Tasks) 14.381ms
[28.269s][info][gc] GC(129) Garbage Collection (Allocation Stall) 14M(100%)->14M(100%)
[28.283s][info][gc] Allocation Stall (main) 26.482ms
[28.283s][info][gc] GC(130) Garbage Collection (Allocation Stall) 14M(100%)->14M(100%)
[28.297s][info][gc] Allocation Stall (JFR Periodic Tasks) 15.586ms
[28.297s][info][gc] GC(131) Garbage Collection (Allocation Stall) 14M(100%)->14M(100%)
[28.310s][info][gc] Allocation Stall (main) 26.644ms
[28.310s][info][gc] GC(132) Garbage Collection (Allocation Stall) 14M(100%)->14M(100%)
[28.323s][info][gc] Allocation Stall (JFR Periodic Tasks) 14.491ms
[28.323s][info][gc] GC(133) Garbage Collection (Allocation Stall) 14M(100%)->14M(100%)
[28.336s][info][gc] Allocation Stall (main) 25.605ms
[28.337s][info][gc] GC(134) Garbage Collection (Allocation Stall) 14M(100%)->14M(100%)
[28.350s][info][gc] GC(135) Garbage Collection (Allocation Stall) 14M(100%)->14M(100%)
[28.350s][info][gc] Allocation Stall (JFR Periodic Tasks) 17.184ms
[28.363s][info][gc] Allocation Stall (main) 24.978ms
[28.363s][info][gc] GC(136) Garbage Collection (Allocation Stall) 14M(100%)->14M(100%)
[28.363s][info][gc] Allocation Stall (JFR Periodic Tasks) 12.938ms
[28.364s][info][gc] Out Of Memory (JFR Periodic Tasks)
[28.383s][info][gc] Allocation Stall (main) 17.695ms
[28.383s][info][gc] GC(137) Garbage Collection (Allocation Stall) 14M(100%)->14M(100%)
[28.405s][info][gc] Allocation Stall (main) 19.137ms
[28.405s][info][gc] GC(138) Garbage Collection (Allocation Stall) 14M(100%)->14M(100%)
[28.422s][info][gc] GC(139) Garbage Collection (Allocation Stall) 14M(100%)->14M(100%)
[28.422s][info][gc] Allocation Stall (main) 15.036ms
[28.422s][info][gc] Out Of Memory (main)
[28.435s][info][gc] Allocation Stall (main) 12.520ms
[28.435s][info][gc] GC(140) Garbage Collection (Allocation Stall) 14M(100%)->8M(57%)
