[0.011s][info][gc] Using The Z Garbage Collector
[0.188s][info][gc] GC(0) Garbage Collection (Warmup) 4M(25%)->4M(25%)
[0.275s][info][gc] GC(1) Garbage Collection (Warmup) 4M(25%)->4M(25%)
[2.172s][info][gc] GC(2) Garbage Collection (Warmup) 6M(38%)->4M(25%)
[6.375s][info][gc] GC(3) Garbage Collection (Proactive) 8M(50%)->6M(38%)
[7.879s][info][gc] GC(4) Garbage Collection (Allocation Rate) 14M(88%)->10M(62%)
[7.909s][info][gc] Relocation Stall (main) 0.927ms
[7.909s][info][gc] GC(5) Garbage Collection (Allocation Stall) 16M(100%)->10M(62%)
[7.909s][info][gc] Allocation Stall (main) 8.449ms
[7.924s][info][gc] Allocation Stall (main) 6.690ms
[7.925s][info][gc] GC(6) Garbage Collection (Allocation Stall) 16M(100%)->12M(75%)
[7.937s][info][gc] Allocation Stall (main) 6.314ms
[7.938s][info][gc] GC(7) Garbage Collection (Allocation Stall) 16M(100%)->12M(75%)
[7.947s][info][gc] Allocation Stall (main) 6.355ms
[7.949s][info][gc] Relocation Stall (main) 0.846ms
[7.949s][info][gc] GC(8) Garbage Collection (Allocation Stall) 16M(100%)->14M(88%)
[7.949s][info][gc] Relocation Stall (main) 0.027ms
[7.977s][info][gc] GC(9) Garbage Collection (Allocation Rate) 16M(100%)->6M(38%)
[8.074s][info][gc] GC(10) Garbage Collection (Allocation Rate) 6M(38%)->6M(38%)
[8.170s][info][gc] GC(11) Garbage Collection (Allocation Rate) 6M(38%)->6M(38%)
[8.272s][info][gc] GC(12) Garbage Collection (Allocation Rate) 6M(38%)->6M(38%)
[8.370s][info][gc] GC(13) Garbage Collection (Allocation Rate) 6M(38%)->6M(38%)
[8.474s][info][gc] GC(14) Garbage Collection (Allocation Rate) 6M(38%)->6M(38%)
[8.575s][info][gc] GC(15) Garbage Collection (Allocation Rate) 6M(38%)->6M(38%)
[8.673s][info][gc] GC(16) Garbage Collection (Allocation Rate) 6M(38%)->6M(38%)
[8.775s][info][gc] GC(17) Garbage Collection (Allocation Rate) 6M(38%)->6M(38%)
[8.975s][info][gc] GC(18) Garbage Collection (Allocation Rate) 6M(38%)->6M(38%)
[9.075s][info][gc] GC(19) Garbage Collection (Allocation Rate) 6M(38%)->6M(38%)
[9.176s][info][gc] GC(20) Garbage Collection (Allocation Rate) 6M(38%)->6M(38%)
[9.273s][info][gc] GC(21) Garbage Collection (Allocation Rate) 6M(38%)->6M(38%)
[9.375s][info][gc] GC(22) Garbage Collection (Allocation Rate) 6M(38%)->6M(38%)
[9.471s][info][gc] GC(23) Garbage Collection (Allocation Rate) 6M(38%)->6M(38%)
[9.575s][info][gc] GC(24) Garbage Collection (Allocation Rate) 6M(38%)->6M(38%)
[9.670s][info][gc] GC(25) Garbage Collection (Allocation Rate) 6M(38%)->6M(38%)
[9.770s][info][gc] GC(26) Garbage Collection (Allocation Rate) 6M(38%)->6M(38%)
[11.076s][info][gc] GC(27) Garbage Collection (Proactive) 10M(62%)->10M(62%)
[22.397s][info][gc] Relocation Stall (Attach Listener) 2.873ms
[22.397s][info][gc] Allocation Stall (Attach Listener) 23.731ms
[22.399s][info][gc] Relocation Stall (main) 5.696ms
[22.399s][info][gc] GC(28) Garbage Collection (Allocation Rate) 16M(100%)->10M(62%)
[22.520s][info][gc] Relocation Stall (C1 CompilerThread0) 0.645ms
[22.521s][info][gc] Allocation Stall (Attach Listener) 12.579ms
[22.521s][info][gc] GC(29) Garbage Collection (Allocation Stall) 12M(75%)->16M(100%)
[22.576s][info][gc] Allocation Stall (JFR Periodic Tasks) 6.682ms
[22.577s][info][gc] Relocation Stall (Attach Listener) 0.333ms
[22.577s][info][gc] Allocation Stall (Attach Listener) 11.452ms
[22.578s][info][gc] GC(30) Garbage Collection (Allocation Stall) 16M(100%)->10M(62%)
[22.578s][info][gc] Relocation Stall (main) 1.556ms
[22.689s][info][gc] GC(31) Garbage Collection (Allocation Stall) 10M(62%)->12M(75%)
[22.781s][info][gc] GC(32) Garbage Collection (Allocation Rate) 14M(88%)->12M(75%)
[22.890s][info][gc] Relocation Stall (RMI TCP Connection(1)-127.0.0.1) 0.298ms
[22.893s][info][gc] GC(33) Garbage Collection (Allocation Rate) 14M(88%)->12M(75%)
[22.987s][info][gc] GC(34) Garbage Collection (Allocation Rate) 14M(88%)->14M(88%)
[23.081s][info][gc] GC(35) Garbage Collection (Allocation Rate) 14M(88%)->14M(88%)
[23.179s][info][gc] GC(36) Garbage Collection (Allocation Rate) 14M(88%)->14M(88%)
[23.280s][info][gc] GC(37) Garbage Collection (Allocation Rate) 14M(88%)->14M(88%)
[23.381s][info][gc] GC(38) Garbage Collection (Allocation Rate) 14M(88%)->14M(88%)
[23.482s][info][gc] GC(39) Garbage Collection (Allocation Rate) 14M(88%)->14M(88%)
[23.580s][info][gc] GC(40) Garbage Collection (Allocation Rate) 14M(88%)->14M(88%)
[23.684s][info][gc] GC(41) Garbage Collection (Allocation Rate) 14M(88%)->14M(88%)
[23.780s][info][gc] GC(42) Garbage Collection (Allocation Rate) 14M(88%)->14M(88%)
[23.881s][info][gc] GC(43) Garbage Collection (Allocation Rate) 14M(88%)->14M(88%)
[23.981s][info][gc] GC(44) Garbage Collection (Allocation Rate) 14M(88%)->14M(88%)
[24.080s][info][gc] GC(45) Garbage Collection (Allocation Rate) 14M(88%)->14M(88%)
[24.183s][info][gc] GC(46) Garbage Collection (Allocation Rate) 14M(88%)->14M(88%)
[24.280s][info][gc] GC(47) Garbage Collection (Allocation Rate) 14M(88%)->14M(88%)
[24.382s][info][gc] GC(48) Garbage Collection (Allocation Rate) 14M(88%)->14M(88%)
[24.483s][info][gc] GC(49) Garbage Collection (Allocation Rate) 14M(88%)->14M(88%)
[24.585s][info][gc] GC(50) Garbage Collection (Allocation Rate) 14M(88%)->14M(88%)
[24.684s][info][gc] GC(51) Garbage Collection (Allocation Rate) 14M(88%)->14M(88%)
[24.780s][info][gc] GC(52) Garbage Collection (Allocation Rate) 14M(88%)->14M(88%)
[24.883s][info][gc] GC(53) Garbage Collection (Allocation Rate) 14M(88%)->14M(88%)
[24.991s][info][gc] GC(54) Garbage Collection (Allocation Rate) 14M(88%)->12M(75%)
[25.083s][info][gc] GC(55) Garbage Collection (Allocation Rate) 12M(75%)->14M(88%)
[25.184s][info][gc] GC(56) Garbage Collection (Allocation Rate) 14M(88%)->14M(88%)
[25.279s][info][gc] GC(57) Garbage Collection (Allocation Rate) 14M(88%)->14M(88%)
[25.380s][info][gc] GC(58) Garbage Collection (Allocation Rate) 14M(88%)->14M(88%)
[25.479s][info][gc] GC(59) Garbage Collection (Allocation Rate) 14M(88%)->14M(88%)
[25.580s][info][gc] GC(60) Garbage Collection (Allocation Rate) 14M(88%)->14M(88%)
[25.680s][info][gc] GC(61) Garbage Collection (Allocation Rate) 14M(88%)->14M(88%)
[25.781s][info][gc] GC(62) Garbage Collection (Allocation Rate) 14M(88%)->14M(88%)
[25.882s][info][gc] GC(63) Garbage Collection (Allocation Rate) 14M(88%)->14M(88%)
[25.990s][info][gc] GC(64) Garbage Collection (Allocation Rate) 14M(88%)->12M(75%)
[26.084s][info][gc] GC(65) Garbage Collection (Allocation Rate) 12M(75%)->12M(75%)
[26.180s][info][gc] GC(66) Garbage Collection (Allocation Rate) 12M(75%)->12M(75%)
[26.279s][info][gc] GC(67) Garbage Collection (Allocation Rate) 12M(75%)->12M(75%)
[26.379s][info][gc] GC(68) Garbage Collection (Allocation Rate) 12M(75%)->12M(75%)
[26.483s][info][gc] GC(69) Garbage Collection (Allocation Rate) 12M(75%)->12M(75%)
[26.581s][info][gc] GC(70) Garbage Collection (Allocation Rate) 12M(75%)->12M(75%)
[26.680s][info][gc] GC(71) Garbage Collection (Allocation Rate) 12M(75%)->12M(75%)
[26.779s][info][gc] GC(72) Garbage Collection (Allocation Rate) 12M(75%)->12M(75%)
[26.879s][info][gc] GC(73) Garbage Collection (Allocation Rate) 12M(75%)->12M(75%)
[26.983s][info][gc] GC(74) Garbage Collection (Allocation Rate) 12M(75%)->12M(75%)
[27.084s][info][gc] GC(75) Garbage Collection (Allocation Rate) 12M(75%)->12M(75%)
[27.182s][info][gc] GC(76) Garbage Collection (Allocation Rate) 12M(75%)->12M(75%)
[27.279s][info][gc] GC(77) Garbage Collection (Allocation Rate) 12M(75%)->12M(75%)
[27.382s][info][gc] GC(78) Garbage Collection (Allocation Rate) 12M(75%)->12M(75%)
[27.479s][info][gc] GC(79) Garbage Collection (Allocation Rate) 12M(75%)->12M(75%)
[27.582s][info][gc] GC(80) Garbage Collection (Allocation Rate) 12M(75%)->12M(75%)
[27.680s][info][gc] GC(81) Garbage Collection (Allocation Rate) 12M(75%)->12M(75%)
[27.779s][info][gc] GC(82) Garbage Collection (Allocation Rate) 12M(75%)->12M(75%)
[27.881s][info][gc] GC(83) Garbage Collection (Allocation Rate) 12M(75%)->12M(75%)
[27.983s][info][gc] GC(84) Garbage Collection (Allocation Rate) 12M(75%)->12M(75%)
[28.085s][info][gc] GC(85) Garbage Collection (Allocation Rate) 12M(75%)->12M(75%)
[28.181s][info][gc] GC(86) Garbage Collection (Allocation Rate) 12M(75%)->12M(75%)
[28.282s][info][gc] GC(87) Garbage Collection (Allocation Rate) 12M(75%)->12M(75%)
[28.380s][info][gc] GC(88) Garbage Collection (Allocation Rate) 12M(75%)->12M(75%)
[28.484s][info][gc] GC(89) Garbage Collection (Allocation Rate) 12M(75%)->12M(75%)
[28.583s][info][gc] GC(90) Garbage Collection (Allocation Rate) 12M(75%)->12M(75%)
[28.679s][info][gc] GC(91) Garbage Collection (Allocation Rate) 12M(75%)->12M(75%)
[28.784s][info][gc] GC(92) Garbage Collection (Allocation Rate) 12M(75%)->12M(75%)
[28.881s][info][gc] GC(93) Garbage Collection (Allocation Rate) 12M(75%)->12M(75%)
[28.981s][info][gc] GC(94) Garbage Collection (Allocation Rate) 12M(75%)->14M(88%)
[29.080s][info][gc] GC(95) Garbage Collection (Allocation Rate) 14M(88%)->14M(88%)
[29.182s][info][gc] GC(96) Garbage Collection (Allocation Rate) 14M(88%)->14M(88%)
[29.281s][info][gc] GC(97) Garbage Collection (Allocation Rate) 14M(88%)->14M(88%)
[29.379s][info][gc] GC(98) Garbage Collection (Allocation Rate) 14M(88%)->14M(88%)
[29.483s][info][gc] GC(99) Garbage Collection (Allocation Rate) 14M(88%)->14M(88%)
[29.579s][info][gc] GC(100) Garbage Collection (Allocation Rate) 14M(88%)->14M(88%)
[29.683s][info][gc] GC(101) Garbage Collection (Allocation Rate) 14M(88%)->14M(88%)
[29.781s][info][gc] GC(102) Garbage Collection (Allocation Rate) 14M(88%)->14M(88%)
[29.882s][info][gc] GC(103) Garbage Collection (Allocation Rate) 14M(88%)->14M(88%)
[29.980s][info][gc] GC(104) Garbage Collection (Allocation Rate) 14M(88%)->14M(88%)
[30.082s][info][gc] GC(105) Garbage Collection (Allocation Rate) 14M(88%)->14M(88%)
[30.178s][info][gc] GC(106) Garbage Collection (Allocation Rate) 14M(88%)->14M(88%)
[30.282s][info][gc] GC(107) Garbage Collection (Allocation Rate) 14M(88%)->14M(88%)
[30.380s][info][gc] GC(108) Garbage Collection (Allocation Rate) 14M(88%)->14M(88%)
[30.481s][info][gc] GC(109) Garbage Collection (Allocation Rate) 14M(88%)->14M(88%)
[30.583s][info][gc] GC(110) Garbage Collection (Allocation Rate) 14M(88%)->14M(88%)
[30.682s][info][gc] GC(111) Garbage Collection (Allocation Rate) 14M(88%)->14M(88%)
[30.782s][info][gc] GC(112) Garbage Collection (Allocation Rate) 14M(88%)->14M(88%)
[30.882s][info][gc] GC(113) Garbage Collection (Allocation Rate) 14M(88%)->14M(88%)
[30.980s][info][gc] GC(114) Garbage Collection (Allocation Rate) 14M(88%)->14M(88%)
[31.080s][info][gc] GC(115) Garbage Collection (Allocation Rate) 14M(88%)->14M(88%)
[31.182s][info][gc] GC(116) Garbage Collection (Allocation Rate) 14M(88%)->14M(88%)
[31.280s][info][gc] GC(117) Garbage Collection (Allocation Rate) 14M(88%)->14M(88%)
[31.381s][info][gc] GC(118) Garbage Collection (Allocation Rate) 14M(88%)->14M(88%)
[31.530s][info][gc] GC(119) Garbage Collection (Allocation Rate) 14M(88%)->14M(88%)
[31.583s][info][gc] GC(120) Garbage Collection (Allocation Rate) 14M(88%)->14M(88%)
[31.680s][info][gc] GC(121) Garbage Collection (Allocation Rate) 14M(88%)->14M(88%)
[31.783s][info][gc] GC(122) Garbage Collection (Allocation Rate) 14M(88%)->14M(88%)
[31.882s][info][gc] GC(123) Garbage Collection (Allocation Rate) 14M(88%)->14M(88%)
[31.979s][info][gc] GC(124) Garbage Collection (Allocation Rate) 14M(88%)->14M(88%)
[32.081s][info][gc] GC(125) Garbage Collection (Allocation Rate) 14M(88%)->14M(88%)
[32.180s][info][gc] GC(126) Garbage Collection (Allocation Rate) 14M(88%)->14M(88%)
[32.280s][info][gc] GC(127) Garbage Collection (Allocation Rate) 14M(88%)->14M(88%)
[32.382s][info][gc] GC(128) Garbage Collection (Allocation Rate) 14M(88%)->14M(88%)
[32.477s][info][gc] GC(129) Garbage Collection (Allocation Rate) 14M(88%)->14M(88%)
[32.584s][info][gc] GC(130) Garbage Collection (Allocation Rate) 14M(88%)->14M(88%)
[32.683s][info][gc] GC(131) Garbage Collection (Allocation Rate) 14M(88%)->14M(88%)
[32.782s][info][gc] GC(132) Garbage Collection (Allocation Rate) 14M(88%)->14M(88%)
[32.880s][info][gc] GC(133) Garbage Collection (Allocation Rate) 14M(88%)->14M(88%)
[32.981s][info][gc] GC(134) Garbage Collection (Allocation Rate) 14M(88%)->14M(88%)
[33.081s][info][gc] GC(135) Garbage Collection (Allocation Rate) 14M(88%)->14M(88%)
[33.183s][info][gc] GC(136) Garbage Collection (Allocation Rate) 14M(88%)->14M(88%)
[33.280s][info][gc] GC(137) Garbage Collection (Allocation Rate) 14M(88%)->14M(88%)
[33.383s][info][gc] GC(138) Garbage Collection (Allocation Rate) 14M(88%)->14M(88%)
[33.482s][info][gc] GC(139) Garbage Collection (Allocation Rate) 14M(88%)->14M(88%)
[33.584s][info][gc] GC(140) Garbage Collection (Allocation Rate) 14M(88%)->14M(88%)
[33.681s][info][gc] GC(141) Garbage Collection (Allocation Rate) 14M(88%)->14M(88%)
[33.783s][info][gc] GC(142) Garbage Collection (Allocation Rate) 14M(88%)->12M(75%)
[33.880s][info][gc] GC(143) Garbage Collection (Allocation Rate) 12M(75%)->12M(75%)
[33.982s][info][gc] GC(144) Garbage Collection (Allocation Rate) 14M(88%)->12M(75%)
[34.080s][info][gc] GC(145) Garbage Collection (Allocation Rate) 12M(75%)->12M(75%)
[34.183s][info][gc] GC(146) Garbage Collection (Allocation Rate) 12M(75%)->12M(75%)
[34.283s][info][gc] GC(147) Garbage Collection (Allocation Rate) 12M(75%)->12M(75%)
[34.383s][info][gc] GC(148) Garbage Collection (Allocation Rate) 12M(75%)->12M(75%)
[34.483s][info][gc] GC(149) Garbage Collection (Allocation Rate) 12M(75%)->12M(75%)
[34.582s][info][gc] GC(150) Garbage Collection (Allocation Rate) 12M(75%)->12M(75%)
[34.681s][info][gc] GC(151) Garbage Collection (Allocation Rate) 12M(75%)->12M(75%)
[34.779s][info][gc] GC(152) Garbage Collection (Allocation Rate) 12M(75%)->12M(75%)
[34.883s][info][gc] GC(153) Garbage Collection (Allocation Rate) 12M(75%)->12M(75%)
[34.981s][info][gc] GC(154) Garbage Collection (Allocation Rate) 14M(88%)->12M(75%)
[35.081s][info][gc] GC(155) Garbage Collection (Allocation Rate) 12M(75%)->12M(75%)
[35.183s][info][gc] GC(156) Garbage Collection (Allocation Rate) 12M(75%)->12M(75%)
[35.279s][info][gc] GC(157) Garbage Collection (Allocation Rate) 12M(75%)->12M(75%)
[35.981s][info][gc] GC(158) Garbage Collection (Allocation Rate) 14M(88%)->12M(75%)
[36.980s][info][gc] GC(159) Garbage Collection (Allocation Rate) 14M(88%)->12M(75%)
[37.981s][info][gc] GC(160) Garbage Collection (Allocation Rate) 14M(88%)->12M(75%)
[38.983s][info][gc] GC(161) Garbage Collection (Allocation Rate) 14M(88%)->12M(75%)
[39.983s][info][gc] GC(162) Garbage Collection (Allocation Rate) 14M(88%)->12M(75%)
[40.982s][info][gc] GC(163) Garbage Collection (Allocation Rate) 14M(88%)->12M(75%)
[41.991s][info][gc] GC(164) Garbage Collection (Allocation Rate) 14M(88%)->12M(75%)
[42.980s][info][gc] GC(165) Garbage Collection (Allocation Rate) 14M(88%)->14M(88%)
[43.078s][info][gc] GC(166) Garbage Collection (Allocation Rate) 14M(88%)->12M(75%)
[43.984s][info][gc] GC(167) Garbage Collection (Allocation Rate) 14M(88%)->14M(88%)
[44.080s][info][gc] GC(168) Garbage Collection (Allocation Rate) 14M(88%)->12M(75%)
[44.981s][info][gc] GC(169) Garbage Collection (Allocation Rate) 14M(88%)->14M(88%)
[45.081s][info][gc] GC(170) Garbage Collection (Allocation Rate) 14M(88%)->12M(75%)
[45.979s][info][gc] Allocation Stall (RMI TCP Connection(1)-127.0.0.1) 13.169ms
[45.979s][info][gc] GC(171) Garbage Collection (Allocation Rate) 14M(88%)->14M(88%)
[46.084s][info][gc] GC(172) Garbage Collection (Allocation Stall) 14M(88%)->10M(62%)
[47.287s][info][gc] GC(173) Garbage Collection (Proactive) 12M(75%)->10M(62%)
[48.786s][info][gc] GC(174) Garbage Collection (Proactive) 12M(75%)->12M(75%)
[48.982s][info][gc] GC(175) Garbage Collection (Allocation Rate) 14M(88%)->14M(88%)
[49.082s][info][gc] GC(176) Garbage Collection (Allocation Rate) 14M(88%)->12M(75%)
[50.081s][info][gc] GC(177) Garbage Collection (Allocation Rate) 14M(88%)->12M(75%)
[50.984s][info][gc] GC(178) Garbage Collection (Allocation Rate) 14M(88%)->14M(88%)
[51.083s][info][gc] GC(179) Garbage Collection (Allocation Rate) 14M(88%)->12M(75%)
[51.985s][info][gc] GC(180) Garbage Collection (Allocation Rate) 14M(88%)->14M(88%)
[52.080s][info][gc] GC(181) Garbage Collection (Allocation Rate) 14M(88%)->12M(75%)
[53.081s][info][gc] GC(182) Garbage Collection (Allocation Rate) 14M(88%)->12M(75%)
[54.082s][info][gc] GC(183) Garbage Collection (Allocation Rate) 14M(88%)->12M(75%)
[55.084s][info][gc] GC(184) Garbage Collection (Allocation Rate) 14M(88%)->12M(75%)
[56.081s][info][gc] GC(185) Garbage Collection (Allocation Rate) 14M(88%)->12M(75%)
[57.082s][info][gc] GC(186) Garbage Collection (Allocation Rate) 14M(88%)->12M(75%)
[58.079s][info][gc] GC(187) Garbage Collection (Allocation Rate) 14M(88%)->12M(75%)
[59.081s][info][gc] GC(188) Garbage Collection (Allocation Rate) 14M(88%)->12M(75%)
[60.081s][info][gc] GC(189) Garbage Collection (Allocation Rate) 14M(88%)->12M(75%)
[61.083s][info][gc] GC(190) Garbage Collection (Allocation Rate) 14M(88%)->12M(75%)
[62.080s][info][gc] GC(191) Garbage Collection (Allocation Rate) 14M(88%)->12M(75%)
[63.082s][info][gc] GC(192) Garbage Collection (Allocation Rate) 14M(88%)->12M(75%)
[64.083s][info][gc] GC(193) Garbage Collection (Allocation Rate) 14M(88%)->12M(75%)
[65.081s][info][gc] GC(194) Garbage Collection (Allocation Rate) 14M(88%)->12M(75%)
[66.080s][info][gc] GC(195) Garbage Collection (Allocation Rate) 14M(88%)->12M(75%)
[67.083s][info][gc] GC(196) Garbage Collection (Allocation Rate) 14M(88%)->12M(75%)
[68.081s][info][gc] GC(197) Garbage Collection (Allocation Rate) 14M(88%)->12M(75%)
[69.079s][info][gc] GC(198) Garbage Collection (Allocation Rate) 14M(88%)->12M(75%)
[70.078s][info][gc] GC(199) Garbage Collection (Allocation Rate) 14M(88%)->12M(75%)
[71.080s][info][gc] GC(200) Garbage Collection (Allocation Rate) 14M(88%)->12M(75%)
[72.080s][info][gc] GC(201) Garbage Collection (Allocation Rate) 14M(88%)->12M(75%)
[73.081s][info][gc] GC(202) Garbage Collection (Allocation Rate) 14M(88%)->12M(75%)
[74.083s][info][gc] GC(203) Garbage Collection (Allocation Rate) 14M(88%)->12M(75%)
[75.080s][info][gc] GC(204) Garbage Collection (Allocation Rate) 14M(88%)->12M(75%)
[76.081s][info][gc] GC(205) Garbage Collection (Allocation Rate) 14M(88%)->12M(75%)
[77.095s][info][gc] GC(206) Garbage Collection (Allocation Rate) 14M(88%)->12M(75%)
[78.083s][info][gc] GC(207) Garbage Collection (Allocation Rate) 14M(88%)->12M(75%)
[79.082s][info][gc] GC(208) Garbage Collection (Allocation Rate) 14M(88%)->12M(75%)
[80.186s][info][gc] GC(209) Garbage Collection (Allocation Rate) 14M(88%)->12M(75%)
[81.180s][info][gc] GC(210) Garbage Collection (Allocation Rate) 14M(88%)->12M(75%)
[82.280s][info][gc] GC(211) Garbage Collection (Allocation Rate) 14M(88%)->12M(75%)
[82.881s][info][gc] GC(212) Garbage Collection (Allocation Rate) 14M(88%)->12M(75%)
[83.281s][info][gc] GC(213) Garbage Collection (Allocation Rate) 14M(88%)->12M(75%)
[84.278s][info][gc] GC(214) Garbage Collection (Allocation Rate) 14M(88%)->14M(88%)
[84.379s][info][gc] GC(215) Garbage Collection (Allocation Rate) 14M(88%)->12M(75%)
[85.284s][info][gc] GC(216) Garbage Collection (Allocation Rate) 14M(88%)->12M(75%)
[85.380s][info][gc] GC(217) Garbage Collection (Allocation Rate) 14M(88%)->12M(75%)
[85.484s][info][gc] GC(218) Garbage Collection (Allocation Rate) 14M(88%)->12M(75%)
[86.482s][info][gc] GC(219) Garbage Collection (Allocation Rate) 14M(88%)->12M(75%)
[87.585s][info][gc] GC(220) Garbage Collection (Allocation Rate) 14M(88%)->12M(75%)
[88.579s][info][gc] GC(221) Garbage Collection (Allocation Rate) 14M(88%)->12M(75%)
[89.681s][info][gc] GC(222) Garbage Collection (Allocation Rate) 14M(88%)->12M(75%)
[90.681s][info][gc] GC(223) Garbage Collection (Allocation Rate) 14M(88%)->14M(88%)
[90.783s][info][gc] GC(224) Garbage Collection (Allocation Rate) 14M(88%)->12M(75%)
[91.784s][info][gc] GC(225) Garbage Collection (Allocation Rate) 14M(88%)->12M(75%)
[92.784s][info][gc] GC(226) Garbage Collection (Allocation Rate) 14M(88%)->12M(75%)
[92.879s][info][gc] GC(227) Garbage Collection (Allocation Rate) 14M(88%)->12M(75%)
[93.781s][info][gc] GC(228) Garbage Collection (Allocation Rate) 14M(88%)->12M(75%)
[93.881s][info][gc] GC(229) Garbage Collection (Allocation Rate) 14M(88%)->14M(88%)
[93.982s][info][gc] GC(230) Garbage Collection (Allocation Rate) 14M(88%)->12M(75%)
[94.881s][info][gc] GC(231) Garbage Collection (Allocation Rate) 14M(88%)->12M(75%)
[94.983s][info][gc] GC(232) Garbage Collection (Allocation Rate) 14M(88%)->12M(75%)
[95.881s][info][gc] GC(233) Garbage Collection (Allocation Rate) 14M(88%)->12M(75%)
[96.143s][info][gc] GC(234) Garbage Collection (Allocation Rate) 14M(88%)->12M(75%)
[96.981s][info][gc] GC(235) Garbage Collection (Allocation Rate) 14M(88%)->12M(75%)
[97.080s][info][gc] GC(236) Garbage Collection (Allocation Rate) 14M(88%)->12M(75%)
[97.980s][info][gc] GC(237) Garbage Collection (Allocation Rate) 14M(88%)->12M(75%)
[98.181s][info][gc] GC(238) Garbage Collection (Allocation Rate) 14M(88%)->12M(75%)
[99.083s][info][gc] GC(239) Garbage Collection (Allocation Rate) 14M(88%)->12M(75%)
[99.184s][info][gc] GC(240) Garbage Collection (Allocation Rate) 14M(88%)->12M(75%)
[100.181s][info][gc] GC(241) Garbage Collection (Allocation Rate) 14M(88%)->12M(75%)
[100.280s][info][gc] GC(242) Garbage Collection (Allocation Rate) 14M(88%)->12M(75%)
[101.180s][info][gc] GC(243) Garbage Collection (Allocation Rate) 14M(88%)->12M(75%)
[101.383s][info][gc] GC(244) Garbage Collection (Allocation Rate) 14M(88%)->12M(75%)
[102.279s][info][gc] GC(245) Garbage Collection (Allocation Rate) 14M(88%)->12M(75%)
[102.382s][info][gc] GC(246) Garbage Collection (Allocation Rate) 14M(88%)->12M(75%)
[103.384s][info][gc] GC(247) Garbage Collection (Allocation Rate) 14M(88%)->14M(88%)
[103.484s][info][gc] GC(248) Garbage Collection (Allocation Rate) 14M(88%)->12M(75%)
[104.379s][info][gc] GC(249) Garbage Collection (Allocation Rate) 14M(88%)->12M(75%)
[104.480s][info][gc] GC(250) Garbage Collection (Allocation Rate) 14M(88%)->12M(75%)
[105.381s][info][gc] GC(251) Garbage Collection (Allocation Rate) 14M(88%)->12M(75%)
[105.582s][info][gc] GC(252) Garbage Collection (Allocation Rate) 14M(88%)->12M(75%)
[106.481s][info][gc] GC(253) Garbage Collection (Allocation Rate) 14M(88%)->12M(75%)
[106.684s][info][gc] GC(254) Garbage Collection (Allocation Rate) 14M(88%)->12M(75%)
[107.482s][info][gc] GC(255) Garbage Collection (Allocation Rate) 14M(88%)->12M(75%)
[107.681s][info][gc] GC(256) Garbage Collection (Allocation Rate) 14M(88%)->12M(75%)
[108.483s][info][gc] GC(257) Garbage Collection (Allocation Rate) 14M(88%)->12M(75%)
[108.681s][info][gc] GC(258) Garbage Collection (Allocation Rate) 14M(88%)->12M(75%)
[109.579s][info][gc] GC(259) Garbage Collection (Allocation Rate) 14M(88%)->12M(75%)
[109.681s][info][gc] GC(260) Garbage Collection (Allocation Rate) 14M(88%)->12M(75%)
[110.589s][info][gc] GC(261) Garbage Collection (Allocation Rate) 14M(88%)->14M(88%)
[110.683s][info][gc] GC(262) Garbage Collection (Allocation Rate) 14M(88%)->12M(75%)
[111.579s][info][gc] GC(263) Garbage Collection (Allocation Rate) 14M(88%)->12M(75%)
[111.681s][info][gc] GC(264) Garbage Collection (Allocation Rate) 14M(88%)->12M(75%)
[112.584s][info][gc] GC(265) Garbage Collection (Allocation Rate) 14M(88%)->12M(75%)
[112.684s][info][gc] GC(266) Garbage Collection (Allocation Rate) 14M(88%)->12M(75%)
[112.984s][info][gc] GC(267) Garbage Collection (Allocation Rate) 14M(88%)->12M(75%)
[113.579s][info][gc] GC(268) Garbage Collection (Allocation Rate) 14M(88%)->12M(75%)
[113.684s][info][gc] GC(269) Garbage Collection (Allocation Rate) 14M(88%)->12M(75%)
[114.580s][info][gc] GC(270) Garbage Collection (Allocation Rate) 14M(88%)->12M(75%)
[114.684s][info][gc] GC(271) Garbage Collection (Allocation Rate) 14M(88%)->12M(75%)
[115.682s][info][gc] GC(272) Garbage Collection (Allocation Rate) 14M(88%)->12M(75%)
[115.784s][info][gc] GC(273) Garbage Collection (Allocation Rate) 14M(88%)->12M(75%)
[116.784s][info][gc] GC(274) Garbage Collection (Allocation Rate) 14M(88%)->12M(75%)
[117.781s][info][gc] GC(275) Garbage Collection (Allocation Rate) 14M(88%)->12M(75%)
[117.881s][info][gc] GC(276) Garbage Collection (Allocation Rate) 14M(88%)->12M(75%)
[118.880s][info][gc] GC(277) Garbage Collection (Allocation Rate) 14M(88%)->14M(88%)
[118.983s][info][gc] GC(278) Garbage Collection (Allocation Rate) 14M(88%)->12M(75%)
[119.883s][info][gc] GC(279) Garbage Collection (Allocation Rate) 14M(88%)->12M(75%)
[119.984s][info][gc] GC(280) Garbage Collection (Allocation Rate) 14M(88%)->12M(75%)
[120.980s][info][gc] GC(281) Garbage Collection (Allocation Rate) 14M(88%)->14M(88%)
[121.082s][info][gc] GC(282) Garbage Collection (Allocation Rate) 14M(88%)->12M(75%)
[122.079s][info][gc] GC(283) Garbage Collection (Allocation Rate) 14M(88%)->12M(75%)
[123.082s][info][gc] GC(284) Garbage Collection (Allocation Rate) 14M(88%)->12M(75%)
[123.180s][info][gc] GC(285) Garbage Collection (Allocation Rate) 14M(88%)->12M(75%)
[124.180s][info][gc] GC(286) Garbage Collection (Allocation Rate) 14M(88%)->12M(75%)
[124.280s][info][gc] GC(287) Garbage Collection (Allocation Rate) 14M(88%)->12M(75%)
[124.880s][info][gc] GC(288) Garbage Collection (Allocation Rate) 14M(88%)->10M(62%)
[125.680s][info][gc] GC(289) Garbage Collection (Proactive) 12M(75%)->10M(62%)
[126.482s][info][gc] GC(290) Garbage Collection (Proactive) 12M(75%)->10M(62%)
[127.380s][info][gc] GC(291) Garbage Collection (Proactive) 12M(75%)->10M(62%)
[128.282s][info][gc] GC(292) Garbage Collection (Proactive) 12M(75%)->10M(62%)
[129.183s][info][gc] GC(293) Garbage Collection (Proactive) 12M(75%)->10M(62%)
[129.985s][info][gc] GC(294) Garbage Collection (Proactive) 12M(75%)->10M(62%)
[130.881s][info][gc] GC(295) Garbage Collection (Proactive) 12M(75%)->10M(62%)
[131.680s][info][gc] GC(296) Garbage Collection (Proactive) 12M(75%)->12M(75%)
[148.779s][info][gc] GC(297) Garbage Collection (Allocation Rate) 14M(88%)->10M(62%)
[149.785s][info][gc] GC(298) Garbage Collection (Proactive) 12M(75%)->10M(62%)
[154.984s][info][gc] GC(299) Garbage Collection (Proactive) 12M(75%)->10M(62%)
[155.081s][info][gc] GC(300) Garbage Collection (Allocation Rate) 12M(75%)->12M(75%)
[155.182s][info][gc] GC(301) Garbage Collection (Allocation Rate) 12M(75%)->12M(75%)
[155.278s][info][gc] GC(302) Garbage Collection (Allocation Rate) 12M(75%)->12M(75%)
[155.380s][info][gc] GC(303) Garbage Collection (Allocation Rate) 12M(75%)->12M(75%)
[155.482s][info][gc] GC(304) Garbage Collection (Allocation Rate) 12M(75%)->12M(75%)
[155.580s][info][gc] GC(305) Garbage Collection (Allocation Rate) 12M(75%)->12M(75%)
[156.081s][info][gc] GC(306) Garbage Collection (Allocation Rate) 14M(88%)->12M(75%)
[156.181s][info][gc] GC(307) Garbage Collection (Allocation Rate) 14M(88%)->12M(75%)
[157.181s][info][gc] GC(308) Garbage Collection (Allocation Rate) 14M(88%)->12M(75%)
[158.181s][info][gc] GC(309) Garbage Collection (Allocation Rate) 14M(88%)->12M(75%)
[158.280s][info][gc] GC(310) Garbage Collection (Allocation Rate) 14M(88%)->12M(75%)
[159.181s][info][gc] GC(311) Garbage Collection (Allocation Rate) 14M(88%)->12M(75%)
[159.384s][info][gc] GC(312) Garbage Collection (Allocation Rate) 14M(88%)->12M(75%)
[160.182s][info][gc] GC(313) Garbage Collection (Allocation Rate) 14M(88%)->12M(75%)
[160.380s][info][gc] GC(314) Garbage Collection (Allocation Rate) 14M(88%)->12M(75%)
[161.183s][info][gc] GC(315) Garbage Collection (Allocation Rate) 14M(88%)->12M(75%)
[161.382s][info][gc] GC(316) Garbage Collection (Allocation Rate) 14M(88%)->12M(75%)
[162.183s][info][gc] GC(317) Garbage Collection (Allocation Rate) 14M(88%)->12M(75%)
[162.384s][info][gc] GC(318) Garbage Collection (Allocation Rate) 14M(88%)->12M(75%)
[163.181s][info][gc] GC(319) Garbage Collection (Allocation Rate) 14M(88%)->12M(75%)
[163.384s][info][gc] GC(320) Garbage Collection (Allocation Rate) 14M(88%)->12M(75%)
[164.181s][info][gc] GC(321) Garbage Collection (Allocation Rate) 14M(88%)->12M(75%)
[164.384s][info][gc] GC(322) Garbage Collection (Allocation Rate) 14M(88%)->12M(75%)
[165.181s][info][gc] GC(323) Garbage Collection (Allocation Rate) 14M(88%)->12M(75%)
[165.385s][info][gc] GC(324) Garbage Collection (Allocation Rate) 14M(88%)->12M(75%)
[166.180s][info][gc] GC(325) Garbage Collection (Allocation Rate) 14M(88%)->14M(88%)
[166.282s][info][gc] GC(326) Garbage Collection (Allocation Rate) 14M(88%)->12M(75%)
[166.384s][info][gc] GC(327) Garbage Collection (Allocation Rate) 14M(88%)->12M(75%)
[167.185s][info][gc] GC(328) Garbage Collection (Allocation Rate) 14M(88%)->12M(75%)
[167.383s][info][gc] GC(329) Garbage Collection (Allocation Rate) 14M(88%)->12M(75%)
[168.186s][info][gc] GC(330) Garbage Collection (Allocation Rate) 14M(88%)->12M(75%)
[168.383s][info][gc] GC(331) Garbage Collection (Allocation Rate) 14M(88%)->12M(75%)
[169.279s][info][gc] GC(332) Garbage Collection (Allocation Rate) 14M(88%)->12M(75%)
[169.385s][info][gc] GC(333) Garbage Collection (Allocation Rate) 14M(88%)->12M(75%)
[170.280s][info][gc] GC(334) Garbage Collection (Allocation Rate) 14M(88%)->12M(75%)
[170.380s][info][gc] GC(335) Garbage Collection (Allocation Rate) 14M(88%)->12M(75%)
[170.981s][info][gc] GC(336) Garbage Collection (Allocation Rate) 14M(88%)->10M(62%)
[171.784s][info][gc] GC(337) Garbage Collection (Proactive) 12M(75%)->10M(62%)
[172.589s][info][gc] GC(338) Garbage Collection (Proactive) 12M(75%)->10M(62%)
[174.180s][info][gc] GC(339) Garbage Collection (Proactive) 12M(75%)->10M(62%)
[175.481s][info][gc] GC(340) Garbage Collection (Proactive) 12M(75%)->10M(62%)
