[0.011s][info][gc] Using The Z Garbage Collector
[0.153s][info][gc] GC(0) Garbage Collection (Warmup) 4M(20%)->4M(20%)
[0.248s][info][gc] GC(1) Garbage Collection (Warmup) 4M(20%)->4M(20%)
[1.748s][info][gc] GC(2) Garbage Collection (Warmup) 6M(30%)->4M(20%)
[5.548s][info][gc] GC(3) Garbage Collection (Proactive) 8M(40%)->6M(30%)
[12.022s][info][gc] Allocation Stall (main) 6.795ms
[12.023s][info][gc] GC(4) Garbage Collection (Allocation Stall) 20M(100%)->10M(50%)
[12.042s][info][gc] Allocation Stall (main) 6.609ms
[12.043s][info][gc] GC(5) Garbage Collection (Allocation Stall) 20M(100%)->12M(60%)
[12.149s][info][gc] GC(6) Garbage Collection (Allocation Rate) 18M(90%)->6M(30%)
[12.248s][info][gc] GC(7) Garbage Collection (Allocation Rate) 6M(30%)->6M(30%)
[12.350s][info][gc] GC(8) Garbage Collection (Allocation Rate) 6M(30%)->6M(30%)
[12.449s][info][gc] GC(9) Garbage Collection (Allocation Rate) 6M(30%)->6M(30%)
[12.548s][info][gc] GC(10) Garbage Collection (Allocation Rate) 6M(30%)->6M(30%)
[12.649s][info][gc] GC(11) Garbage Collection (Allocation Rate) 6M(30%)->6M(30%)
[12.747s][info][gc] GC(12) Garbage Collection (Allocation Rate) 6M(30%)->6M(30%)
[13.250s][info][gc] GC(13) Garbage Collection (Allocation Rate) 6M(30%)->6M(30%)
[13.345s][info][gc] GC(14) Garbage Collection (Allocation Rate) 6M(30%)->6M(30%)
[13.443s][info][gc] GC(15) Garbage Collection (Allocation Rate) 6M(30%)->6M(30%)
[13.547s][info][gc] GC(16) Garbage Collection (Allocation Rate) 6M(30%)->6M(30%)
[13.645s][info][gc] GC(17) Garbage Collection (Allocation Rate) 6M(30%)->6M(30%)
[13.747s][info][gc] GC(18) Garbage Collection (Allocation Rate) 6M(30%)->6M(30%)
[13.849s][info][gc] GC(19) Garbage Collection (Allocation Rate) 6M(30%)->6M(30%)
[21.746s][info][gc] GC(20) Garbage Collection (Proactive) 10M(50%)->10M(50%)
[54.175s][info][gc] GC(21) Garbage Collection (Proactive) 12M(60%)->12M(60%)
[54.305s][info][gc] GC(22) Garbage Collection (Allocation Rate) 14M(70%)->10M(50%)
[54.368s][info][gc] GC(23) Garbage Collection (Allocation Rate) 12M(60%)->14M(70%)
[54.456s][info][gc] GC(24) Garbage Collection (Allocation Rate) 18M(90%)->12M(60%)
[54.569s][info][gc] GC(25) Garbage Collection (Allocation Rate) 12M(60%)->12M(60%)
[54.656s][info][gc] GC(26) Garbage Collection (Allocation Rate) 12M(60%)->12M(60%)
[54.766s][info][gc] GC(27) Garbage Collection (Allocation Rate) 14M(70%)->12M(60%)
[54.871s][info][gc] GC(28) Garbage Collection (Allocation Rate) 16M(80%)->12M(60%)
[54.962s][info][gc] GC(29) Garbage Collection (Allocation Rate) 12M(60%)->14M(70%)
[55.056s][info][gc] GC(30) Garbage Collection (Allocation Rate) 14M(70%)->14M(70%)
[55.157s][info][gc] GC(31) Garbage Collection (Allocation Rate) 14M(70%)->14M(70%)
[55.259s][info][gc] GC(32) Garbage Collection (Allocation Rate) 14M(70%)->14M(70%)
[55.356s][info][gc] GC(33) Garbage Collection (Allocation Rate) 14M(70%)->14M(70%)
[55.455s][info][gc] GC(34) Garbage Collection (Allocation Rate) 14M(70%)->14M(70%)
[55.556s][info][gc] GC(35) Garbage Collection (Allocation Rate) 14M(70%)->14M(70%)
[55.658s][info][gc] GC(36) Garbage Collection (Allocation Rate) 14M(70%)->14M(70%)
[55.754s][info][gc] GC(37) Garbage Collection (Allocation Rate) 14M(70%)->14M(70%)
[55.855s][info][gc] GC(38) Garbage Collection (Allocation Rate) 14M(70%)->14M(70%)
[55.954s][info][gc] GC(39) Garbage Collection (Allocation Rate) 14M(70%)->14M(70%)
[56.055s][info][gc] GC(40) Garbage Collection (Allocation Rate) 14M(70%)->14M(70%)
[56.156s][info][gc] GC(41) Garbage Collection (Allocation Rate) 14M(70%)->14M(70%)
[56.255s][info][gc] GC(42) Garbage Collection (Allocation Rate) 14M(70%)->14M(70%)
[56.356s][info][gc] GC(43) Garbage Collection (Allocation Rate) 14M(70%)->14M(70%)
[56.956s][info][gc] GC(44) Garbage Collection (Allocation Rate) 14M(70%)->14M(70%)
[57.056s][info][gc] GC(45) Garbage Collection (Allocation Rate) 14M(70%)->14M(70%)
[57.155s][info][gc] GC(46) Garbage Collection (Allocation Rate) 14M(70%)->14M(70%)
[57.258s][info][gc] GC(47) Garbage Collection (Allocation Rate) 14M(70%)->14M(70%)
[64.955s][info][gc] GC(48) Garbage Collection (Proactive) 16M(80%)->14M(70%)
[73.962s][info][gc] GC(49) Garbage Collection (Proactive) 16M(80%)->12M(60%)
[86.958s][info][gc] GC(50) Garbage Collection (Proactive) 14M(70%)->12M(60%)
[99.980s][info][gc] GC(51) Garbage Collection (Proactive) 14M(70%)->12M(60%)
