[0.011s][info][gc] Using The Z Garbage Collector
[0.192s][info][gc] GC(0) Garbage Collection (Warmup) 4M(15%)->4M(15%)
[5.386s][info][gc] GC(1) Garbage Collection (Warmup) 8M(31%)->8M(31%)
[5.484s][info][gc] GC(2) Garbage Collection (Warmup) 8M(31%)->6M(23%)
[8.058s][info][gc] Allocation Stall (main) 7.628ms
[8.060s][info][gc] GC(3) Garbage Collection (Allocation Stall) 26M(100%)->12M(46%)
[8.088s][info][gc] GC(4) Garbage Collection (Allocation Rate) 24M(92%)->6M(23%)
[8.189s][info][gc] GC(5) Garbage Collection (Allocation Rate) 6M(23%)->6M(23%)
[8.283s][info][gc] GC(6) Garbage Collection (Allocation Rate) 6M(23%)->6M(23%)
[8.383s][info][gc] GC(7) Garbage Collection (Allocation Rate) 6M(23%)->6M(23%)
[8.482s][info][gc] GC(8) Garbage Collection (Allocation Rate) 6M(23%)->6M(23%)
[8.587s][info][gc] GC(9) Garbage Collection (Allocation Rate) 6M(23%)->6M(23%)
[10.185s][info][gc] GC(10) Garbage Collection (Proactive) 10M(38%)->10M(38%)
[195.404s][info][gc] GC(11) Garbage Collection (Proactive) 18M(69%)->10M(38%)
[195.503s][info][gc] GC(12) Garbage Collection (Allocation Rate) 18M(69%)->10M(38%)
[195.594s][info][gc] GC(13) Garbage Collection (Allocation Rate) 10M(38%)->12M(46%)
[195.696s][info][gc] GC(14) Garbage Collection (Allocation Rate) 12M(46%)->12M(46%)
[195.794s][info][gc] GC(15) Garbage Collection (Allocation Rate) 14M(54%)->12M(46%)
[195.895s][info][gc] GC(16) Garbage Collection (Allocation Rate) 12M(46%)->12M(46%)
[195.997s][info][gc] GC(17) Garbage Collection (Allocation Rate) 12M(46%)->12M(46%)
[196.118s][info][gc] GC(18) Garbage Collection (Allocation Rate) 14M(54%)->14M(54%)
[196.200s][info][gc] GC(19) Garbage Collection (Allocation Rate) 14M(54%)->14M(54%)
[196.298s][info][gc] GC(20) Garbage Collection (Allocation Rate) 14M(54%)->14M(54%)
[196.398s][info][gc] GC(21) Garbage Collection (Allocation Rate) 14M(54%)->14M(54%)
[209.194s][info][gc] GC(22) Garbage Collection (Proactive) 18M(69%)->10M(38%)
[222.699s][info][gc] GC(23) Garbage Collection (Proactive) 14M(54%)->10M(38%)
