[0.015s][info][gc] Using Serial
[8.166s][info][gc] GC(0) Pause Young (Allocation Failure) 5M->2M(15M) 10.629ms
[8.279s][info][gc] GC(1) Pause Young (Allocation Failure) 6M->3M(15M) 3.930ms
[8.360s][info][gc] GC(2) Pause Young (Allocation Failure) 7M->3M(15M) 2.437ms
[8.950s][info][gc] GC(3) Pause Young (Allocation Failure) 7M->4M(15M) 2.633ms
[9.562s][info][gc] GC(4) Pause Young (Allocation Failure) 8M->4M(15M) 9.204ms
[26.010s][info][gc] GC(5) Pause Young (Allocation Failure) 9M->5M(15M) 2.396ms
[26.022s][info][gc] GC(6) Pause Young (Allocation Failure) 9M->5M(15M) 0.588ms
[26.031s][info][gc] GC(7) Pause Young (Allocation Failure) 9M->5M(15M) 0.639ms
[26.040s][info][gc] GC(8) Pause Young (Allocation Failure) 9M->5M(15M) 0.585ms
[26.048s][info][gc] GC(9) Pause Young (Allocation Failure) 9M->5M(15M) 0.627ms
[26.056s][info][gc] GC(10) Pause Young (Allocation Failure) 9M->5M(15M) 0.611ms
[26.063s][info][gc] GC(11) Pause Young (Allocation Failure) 9M->5M(15M) 0.671ms
[26.070s][info][gc] GC(12) Pause Young (Allocation Failure) 9M->5M(15M) 0.623ms
[26.076s][info][gc] GC(13) Pause Young (Allocation Failure) 9M->5M(15M) 0.630ms
[26.082s][info][gc] GC(14) Pause Young (Allocation Failure) 9M->5M(15M) 0.621ms
[26.088s][info][gc] GC(15) Pause Young (Allocation Failure) 9M->5M(15M) 0.552ms
[26.092s][info][gc] GC(16) Pause Young (Allocation Failure) 9M->5M(15M) 0.539ms
[26.096s][info][gc] GC(17) Pause Young (Allocation Failure) 9M->5M(15M) 0.550ms
[26.100s][info][gc] GC(18) Pause Young (Allocation Failure) 9M->5M(15M) 0.607ms
[26.116s][info][gc] GC(19) Pause Young (Allocation Failure) 9M->5M(15M) 0.850ms
[26.120s][info][gc] GC(20) Pause Young (Allocation Failure) 9M->5M(15M) 0.729ms
[26.124s][info][gc] GC(21) Pause Young (Allocation Failure) 9M->5M(15M) 0.404ms
[65.755s][info][gc] GC(22) Pause Young (Allocation Failure) 9M->5M(15M) 0.818ms
[93.944s][info][gc] GC(23) Pause Young (Allocation Failure) 9M->5M(15M) 0.556ms
[93.948s][info][gc] GC(24) Pause Young (Allocation Failure) 9M->5M(15M) 0.544ms
[93.952s][info][gc] GC(25) Pause Young (Allocation Failure) 9M->5M(15M) 0.583ms
[93.956s][info][gc] GC(26) Pause Young (Allocation Failure) 9M->5M(15M) 0.545ms
[93.960s][info][gc] GC(27) Pause Young (Allocation Failure) 9M->5M(15M) 0.681ms
[93.964s][info][gc] GC(28) Pause Young (Allocation Failure) 9M->5M(15M) 0.560ms
[93.968s][info][gc] GC(29) Pause Young (Allocation Failure) 9M->5M(15M) 0.564ms
[93.972s][info][gc] GC(30) Pause Young (Allocation Failure) 9M->5M(15M) 0.559ms
[93.976s][info][gc] GC(31) Pause Young (Allocation Failure) 9M->5M(15M) 0.781ms
[93.980s][info][gc] GC(32) Pause Young (Allocation Failure) 9M->5M(15M) 0.580ms
[93.984s][info][gc] GC(33) Pause Young (Allocation Failure) 9M->5M(15M) 0.584ms
[93.988s][info][gc] GC(34) Pause Young (Allocation Failure) 9M->5M(15M) 0.507ms
[93.992s][info][gc] GC(35) Pause Young (Allocation Failure) 9M->5M(15M) 0.659ms
[93.996s][info][gc] GC(36) Pause Young (Allocation Failure) 9M->5M(15M) 0.526ms
[94.001s][info][gc] GC(37) Pause Young (Allocation Failure) 9M->5M(15M) 0.528ms
[94.003s][info][gc] GC(38) Pause Young (Allocation Failure) 9M->5M(15M) 0.361ms
[94.006s][info][gc] GC(39) Pause Young (Allocation Failure) 9M->5M(15M) 0.319ms
[136.215s][info][gc] GC(40) Pause Young (Allocation Failure) 9M->5M(15M) 1.160ms
