[0.012s][info][gc] Using The Z Garbage Collector
[0.190s][info][gc] GC(0) Garbage Collection (Warmup) 4M(25%)->4M(25%)
[0.282s][info][gc] GC(1) Garbage Collection (Warmup) 4M(25%)->4M(25%)
[2.182s][info][gc] GC(2) Garbage Collection (Warmup) 6M(38%)->4M(25%)
[5.385s][info][gc] GC(3) Garbage Collection (Proactive) 8M(50%)->6M(38%)
[6.683s][info][gc] GC(4) Garbage Collection (Proactive) 8M(50%)->8M(50%)
[6.725s][info][gc] Allocation Stall (main) 6.909ms
[6.727s][info][gc] GC(5) Garbage Collection (Allocation Stall) 16M(100%)->10M(62%)
[6.741s][info][gc] Allocation Stall (main) 6.761ms
[6.742s][info][gc] GC(6) Garbage Collection (Allocation Stall) 16M(100%)->12M(75%)
[6.756s][info][gc] Allocation Stall (main) 6.888ms
[6.757s][info][gc] GC(7) Garbage Collection (Allocation Stall) 16M(100%)->12M(75%)
[6.770s][info][gc] Allocation Stall (main) 6.313ms
[6.770s][info][gc] Relocation Stall (main) 0.064ms
[6.771s][info][gc] GC(8) Garbage Collection (Allocation Stall) 16M(100%)->14M(88%)
[6.787s][info][gc] GC(9) Garbage Collection (Allocation Rate) 16M(100%)->6M(38%)
[6.882s][info][gc] GC(10) Garbage Collection (Allocation Rate) 6M(38%)->6M(38%)
[6.981s][info][gc] GC(11) Garbage Collection (Allocation Rate) 6M(38%)->6M(38%)
[7.081s][info][gc] GC(12) Garbage Collection (Allocation Rate) 6M(38%)->6M(38%)
[7.184s][info][gc] GC(13) Garbage Collection (Allocation Rate) 6M(38%)->6M(38%)
[7.285s][info][gc] GC(14) Garbage Collection (Allocation Rate) 6M(38%)->6M(38%)
[7.381s][info][gc] GC(15) Garbage Collection (Allocation Rate) 6M(38%)->6M(38%)
[7.482s][info][gc] GC(16) Garbage Collection (Allocation Rate) 6M(38%)->6M(38%)
[7.584s][info][gc] GC(17) Garbage Collection (Allocation Rate) 6M(38%)->6M(38%)
[7.785s][info][gc] GC(18) Garbage Collection (Allocation Rate) 6M(38%)->6M(38%)
[7.884s][info][gc] GC(19) Garbage Collection (Allocation Rate) 6M(38%)->6M(38%)
[7.980s][info][gc] GC(20) Garbage Collection (Allocation Rate) 6M(38%)->6M(38%)
[8.083s][info][gc] GC(21) Garbage Collection (Allocation Rate) 6M(38%)->6M(38%)
[8.180s][info][gc] GC(22) Garbage Collection (Allocation Rate) 6M(38%)->6M(38%)
[8.285s][info][gc] GC(23) Garbage Collection (Allocation Rate) 6M(38%)->6M(38%)
[8.385s][info][gc] GC(24) Garbage Collection (Allocation Rate) 6M(38%)->6M(38%)
[8.481s][info][gc] GC(25) Garbage Collection (Allocation Rate) 10M(62%)->8M(50%)
[8.584s][info][gc] GC(26) Garbage Collection (Allocation Rate) 8M(50%)->8M(50%)
[120.095s][info][gc] GC(27) Garbage Collection (Proactive) 10M(62%)->6M(38%)
[420.182s][info][gc] GC(28) Garbage Collection (Proactive) 6M(38%)->6M(38%)
[720.299s][info][gc] GC(29) Garbage Collection (Proactive) 6M(38%)->6M(38%)
[1020.381s][info][gc] GC(30) Garbage Collection (Proactive) 6M(38%)->6M(38%)
[1320.481s][info][gc] GC(31) Garbage Collection (Proactive) 6M(38%)->6M(38%)
[1620.596s][info][gc] GC(32) Garbage Collection (Proactive) 6M(38%)->6M(38%)
[1920.686s][info][gc] GC(33) Garbage Collection (Proactive) 6M(38%)->6M(38%)
[2220.798s][info][gc] GC(34) Garbage Collection (Proactive) 6M(38%)->6M(38%)
[2520.882s][info][gc] GC(35) Garbage Collection (Proactive) 6M(38%)->6M(38%)
[2820.985s][info][gc] GC(36) Garbage Collection (Proactive) 6M(38%)->6M(38%)
[3121.104s][info][gc] GC(37) Garbage Collection (Proactive) 6M(38%)->6M(38%)
[3421.181s][info][gc] GC(38) Garbage Collection (Proactive) 6M(38%)->6M(38%)
[3721.188s][info][gc] GC(39) Garbage Collection (Proactive) 6M(38%)->6M(38%)
[4021.287s][info][gc] GC(40) Garbage Collection (Proactive) 6M(38%)->6M(38%)
[4321.385s][info][gc] GC(41) Garbage Collection (Proactive) 6M(38%)->6M(38%)
[4621.481s][info][gc] GC(42) Garbage Collection (Proactive) 6M(38%)->6M(38%)
[4921.605s][info][gc] GC(43) Garbage Collection (Proactive) 6M(38%)->6M(38%)
[5221.684s][info][gc] GC(44) Garbage Collection (Proactive) 6M(38%)->6M(38%)
[5521.781s][info][gc] GC(45) Garbage Collection (Proactive) 6M(38%)->6M(38%)
[5821.882s][info][gc] GC(46) Garbage Collection (Proactive) 6M(38%)->6M(38%)
[6121.981s][info][gc] GC(47) Garbage Collection (Proactive) 6M(38%)->6M(38%)
[6422.085s][info][gc] GC(48) Garbage Collection (Proactive) 6M(38%)->6M(38%)
[6722.186s][info][gc] GC(49) Garbage Collection (Proactive) 6M(38%)->6M(38%)
[7022.281s][info][gc] GC(50) Garbage Collection (Proactive) 6M(38%)->6M(38%)
[7322.380s][info][gc] GC(51) Garbage Collection (Proactive) 6M(38%)->6M(38%)
[7622.484s][info][gc] GC(52) Garbage Collection (Proactive) 6M(38%)->6M(38%)
[7922.581s][info][gc] GC(53) Garbage Collection (Proactive) 6M(38%)->6M(38%)
[8222.685s][info][gc] GC(54) Garbage Collection (Proactive) 6M(38%)->6M(38%)
[8522.788s][info][gc] GC(55) Garbage Collection (Proactive) 6M(38%)->6M(38%)
[8822.879s][info][gc] GC(56) Garbage Collection (Proactive) 6M(38%)->6M(38%)
[9122.891s][info][gc] GC(57) Garbage Collection (Proactive) 6M(38%)->6M(38%)
[9422.989s][info][gc] GC(58) Garbage Collection (Proactive) 6M(38%)->6M(38%)
[9723.084s][info][gc] GC(59) Garbage Collection (Proactive) 6M(38%)->6M(38%)
[10023.181s][info][gc] GC(60) Garbage Collection (Proactive) 6M(38%)->6M(38%)
[10323.285s][info][gc] GC(61) Garbage Collection (Proactive) 6M(38%)->6M(38%)
[10623.380s][info][gc] GC(62) Garbage Collection (Proactive) 6M(38%)->6M(38%)
[10923.483s][info][gc] GC(63) Garbage Collection (Proactive) 6M(38%)->6M(38%)
[11223.581s][info][gc] GC(64) Garbage Collection (Proactive) 6M(38%)->6M(38%)
[11523.687s][info][gc] GC(65) Garbage Collection (Proactive) 6M(38%)->6M(38%)
[11823.784s][info][gc] GC(66) Garbage Collection (Proactive) 6M(38%)->6M(38%)
[12123.883s][info][gc] GC(67) Garbage Collection (Proactive) 6M(38%)->6M(38%)
[12423.980s][info][gc] GC(68) Garbage Collection (Proactive) 6M(38%)->6M(38%)
[12724.085s][info][gc] GC(69) Garbage Collection (Proactive) 6M(38%)->6M(38%)
[13024.202s][info][gc] GC(70) Garbage Collection (Proactive) 6M(38%)->6M(38%)
[13207.584s][info][gc] GC(71) Garbage Collection (Proactive) 8M(50%)->6M(38%)
[13507.683s][info][gc] GC(72) Garbage Collection (Proactive) 6M(38%)->6M(38%)
[13807.786s][info][gc] GC(73) Garbage Collection (Proactive) 6M(38%)->6M(38%)
[14107.892s][info][gc] GC(74) Garbage Collection (Proactive) 6M(38%)->6M(38%)
[14407.982s][info][gc] GC(75) Garbage Collection (Proactive) 6M(38%)->6M(38%)
[14708.085s][info][gc] GC(76) Garbage Collection (Proactive) 6M(38%)->6M(38%)
[15008.196s][info][gc] GC(77) Garbage Collection (Proactive) 6M(38%)->6M(38%)
[15308.284s][info][gc] GC(78) Garbage Collection (Proactive) 6M(38%)->6M(38%)
[15608.405s][info][gc] GC(79) Garbage Collection (Proactive) 6M(38%)->6M(38%)
[15908.483s][info][gc] GC(80) Garbage Collection (Proactive) 6M(38%)->6M(38%)
[16208.580s][info][gc] GC(81) Garbage Collection (Proactive) 6M(38%)->6M(38%)
[16508.685s][info][gc] GC(82) Garbage Collection (Proactive) 6M(38%)->6M(38%)
[16808.784s][info][gc] GC(83) Garbage Collection (Proactive) 6M(38%)->6M(38%)
[17108.884s][info][gc] GC(84) Garbage Collection (Proactive) 6M(38%)->6M(38%)
[17408.996s][info][gc] GC(85) Garbage Collection (Proactive) 6M(38%)->6M(38%)
[17709.100s][info][gc] GC(86) Garbage Collection (Proactive) 6M(38%)->6M(38%)
[18009.183s][info][gc] GC(87) Garbage Collection (Proactive) 6M(38%)->6M(38%)
[18309.300s][info][gc] GC(88) Garbage Collection (Proactive) 6M(38%)->6M(38%)
[18609.398s][info][gc] GC(89) Garbage Collection (Proactive) 6M(38%)->6M(38%)
[18909.503s][info][gc] GC(90) Garbage Collection (Proactive) 6M(38%)->6M(38%)
[19209.598s][info][gc] GC(91) Garbage Collection (Proactive) 6M(38%)->6M(38%)
[19509.683s][info][gc] GC(92) Garbage Collection (Proactive) 6M(38%)->6M(38%)
[19809.800s][info][gc] GC(93) Garbage Collection (Proactive) 6M(38%)->6M(38%)
[20109.884s][info][gc] GC(94) Garbage Collection (Proactive) 6M(38%)->6M(38%)
[20410.003s][info][gc] GC(95) Garbage Collection (Proactive) 6M(38%)->6M(38%)
[20710.098s][info][gc] GC(96) Garbage Collection (Proactive) 6M(38%)->6M(38%)
[21010.199s][info][gc] GC(97) Garbage Collection (Proactive) 6M(38%)->6M(38%)
[21310.318s][info][gc] GC(98) Garbage Collection (Proactive) 6M(38%)->6M(38%)
[21610.395s][info][gc] GC(99) Garbage Collection (Proactive) 6M(38%)->6M(38%)
[21910.500s][info][gc] GC(100) Garbage Collection (Proactive) 6M(38%)->6M(38%)
[22210.587s][info][gc] GC(101) Garbage Collection (Proactive) 6M(38%)->6M(38%)
[22510.696s][info][gc] GC(102) Garbage Collection (Proactive) 6M(38%)->6M(38%)
[22810.782s][info][gc] GC(103) Garbage Collection (Proactive) 6M(38%)->6M(38%)
[23110.899s][info][gc] GC(104) Garbage Collection (Proactive) 6M(38%)->6M(38%)
[23411.015s][info][gc] GC(105) Garbage Collection (Proactive) 6M(38%)->6M(38%)
[23711.086s][info][gc] GC(106) Garbage Collection (Proactive) 6M(38%)->6M(38%)
[24011.198s][info][gc] GC(107) Garbage Collection (Proactive) 6M(38%)->6M(38%)
[24311.285s][info][gc] GC(108) Garbage Collection (Proactive) 6M(38%)->6M(38%)
[24611.381s][info][gc] GC(109) Garbage Collection (Proactive) 6M(38%)->6M(38%)
[24911.485s][info][gc] GC(110) Garbage Collection (Proactive) 6M(38%)->6M(38%)
[25211.581s][info][gc] GC(111) Garbage Collection (Proactive) 6M(38%)->6M(38%)
[25511.697s][info][gc] GC(112) Garbage Collection (Proactive) 6M(38%)->6M(38%)
[25811.781s][info][gc] GC(113) Garbage Collection (Proactive) 6M(38%)->6M(38%)
[26111.885s][info][gc] GC(114) Garbage Collection (Proactive) 6M(38%)->6M(38%)
[26411.986s][info][gc] GC(115) Garbage Collection (Proactive) 6M(38%)->6M(38%)
[26712.083s][info][gc] GC(116) Garbage Collection (Proactive) 6M(38%)->6M(38%)
[27012.181s][info][gc] GC(117) Garbage Collection (Proactive) 6M(38%)->6M(38%)
[27312.300s][info][gc] GC(118) Garbage Collection (Proactive) 6M(38%)->6M(38%)
[27612.381s][info][gc] GC(119) Garbage Collection (Proactive) 6M(38%)->6M(38%)
[27912.502s][info][gc] GC(120) Garbage Collection (Proactive) 6M(38%)->6M(38%)
[28212.597s][info][gc] GC(121) Garbage Collection (Proactive) 6M(38%)->6M(38%)
[28512.681s][info][gc] GC(122) Garbage Collection (Proactive) 6M(38%)->6M(38%)
[28812.782s][info][gc] GC(123) Garbage Collection (Proactive) 6M(38%)->6M(38%)
[29112.789s][info][gc] GC(124) Garbage Collection (Proactive) 6M(38%)->6M(38%)
[29412.885s][info][gc] GC(125) Garbage Collection (Proactive) 6M(38%)->6M(38%)
[29712.986s][info][gc] GC(126) Garbage Collection (Proactive) 6M(38%)->6M(38%)
[30013.084s][info][gc] GC(127) Garbage Collection (Proactive) 6M(38%)->6M(38%)
[30313.186s][info][gc] GC(128) Garbage Collection (Proactive) 6M(38%)->6M(38%)
[30613.280s][info][gc] GC(129) Garbage Collection (Proactive) 6M(38%)->6M(38%)
[30913.381s][info][gc] GC(130) Garbage Collection (Proactive) 6M(38%)->6M(38%)
[31213.481s][info][gc] GC(131) Garbage Collection (Proactive) 6M(38%)->6M(38%)
[31513.580s][info][gc] GC(132) Garbage Collection (Proactive) 6M(38%)->6M(38%)
[31813.688s][info][gc] GC(133) Garbage Collection (Proactive) 6M(38%)->6M(38%)
[32113.790s][info][gc] GC(134) Garbage Collection (Proactive) 6M(38%)->6M(38%)
[32413.882s][info][gc] GC(135) Garbage Collection (Proactive) 6M(38%)->6M(38%)
[32713.980s][info][gc] GC(136) Garbage Collection (Proactive) 6M(38%)->6M(38%)
[33014.088s][info][gc] GC(137) Garbage Collection (Proactive) 6M(38%)->6M(38%)
[33314.188s][info][gc] GC(138) Garbage Collection (Proactive) 6M(38%)->6M(38%)
[33614.290s][info][gc] GC(139) Garbage Collection (Proactive) 6M(38%)->6M(38%)
[33914.380s][info][gc] GC(140) Garbage Collection (Proactive) 6M(38%)->6M(38%)
[34214.482s][info][gc] GC(141) Garbage Collection (Proactive) 6M(38%)->6M(38%)
[34514.581s][info][gc] GC(142) Garbage Collection (Proactive) 6M(38%)->6M(38%)
[34814.680s][info][gc] GC(143) Garbage Collection (Proactive) 6M(38%)->6M(38%)
[35114.782s][info][gc] GC(144) Garbage Collection (Proactive) 6M(38%)->6M(38%)
[35414.888s][info][gc] GC(145) Garbage Collection (Proactive) 6M(38%)->6M(38%)
[35714.983s][info][gc] GC(146) Garbage Collection (Proactive) 6M(38%)->6M(38%)
[36015.090s][info][gc] GC(147) Garbage Collection (Proactive) 6M(38%)->6M(38%)
[36315.180s][info][gc] GC(148) Garbage Collection (Proactive) 6M(38%)->6M(38%)
[36615.188s][info][gc] GC(149) Garbage Collection (Proactive) 6M(38%)->6M(38%)
[36915.285s][info][gc] GC(150) Garbage Collection (Proactive) 6M(38%)->6M(38%)
[37215.383s][info][gc] GC(151) Garbage Collection (Proactive) 6M(38%)->6M(38%)
[37515.488s][info][gc] GC(152) Garbage Collection (Proactive) 6M(38%)->6M(38%)
[37815.580s][info][gc] GC(153) Garbage Collection (Proactive) 6M(38%)->6M(38%)
[38115.588s][info][gc] GC(154) Garbage Collection (Proactive) 6M(38%)->6M(38%)
[38415.684s][info][gc] GC(155) Garbage Collection (Proactive) 6M(38%)->6M(38%)
[38715.785s][info][gc] GC(156) Garbage Collection (Proactive) 6M(38%)->6M(38%)
[39015.886s][info][gc] GC(157) Garbage Collection (Proactive) 6M(38%)->6M(38%)
[39315.981s][info][gc] GC(158) Garbage Collection (Proactive) 6M(38%)->6M(38%)
[39615.988s][info][gc] GC(159) Garbage Collection (Proactive) 6M(38%)->6M(38%)
[39916.084s][info][gc] GC(160) Garbage Collection (Proactive) 6M(38%)->6M(38%)
[40216.181s][info][gc] GC(161) Garbage Collection (Proactive) 6M(38%)->6M(38%)
[40516.285s][info][gc] GC(162) Garbage Collection (Proactive) 6M(38%)->6M(38%)
[40816.384s][info][gc] GC(163) Garbage Collection (Proactive) 6M(38%)->6M(38%)
[41116.485s][info][gc] GC(164) Garbage Collection (Proactive) 6M(38%)->6M(38%)
[41416.580s][info][gc] GC(165) Garbage Collection (Proactive) 6M(38%)->6M(38%)
[41716.680s][info][gc] GC(166) Garbage Collection (Proactive) 6M(38%)->6M(38%)
[42016.688s][info][gc] GC(167) Garbage Collection (Proactive) 6M(38%)->6M(38%)
[42316.788s][info][gc] GC(168) Garbage Collection (Proactive) 6M(38%)->6M(38%)
[42616.884s][info][gc] GC(169) Garbage Collection (Proactive) 6M(38%)->6M(38%)
[42916.983s][info][gc] GC(170) Garbage Collection (Proactive) 6M(38%)->6M(38%)
[43217.083s][info][gc] GC(171) Garbage Collection (Proactive) 6M(38%)->6M(38%)
[43517.190s][info][gc] GC(172) Garbage Collection (Proactive) 6M(38%)->6M(38%)
[43817.290s][info][gc] GC(173) Garbage Collection (Proactive) 6M(38%)->6M(38%)
[44117.380s][info][gc] GC(174) Garbage Collection (Proactive) 6M(38%)->6M(38%)
[44417.486s][info][gc] GC(175) Garbage Collection (Proactive) 6M(38%)->6M(38%)
[44717.581s][info][gc] GC(176) Garbage Collection (Proactive) 6M(38%)->6M(38%)
[45017.681s][info][gc] GC(177) Garbage Collection (Proactive) 6M(38%)->6M(38%)
[45317.781s][info][gc] GC(178) Garbage Collection (Proactive) 6M(38%)->6M(38%)
[45617.882s][info][gc] GC(179) Garbage Collection (Proactive) 6M(38%)->6M(38%)
[45917.889s][info][gc] GC(180) Garbage Collection (Proactive) 6M(38%)->6M(38%)
[46217.984s][info][gc] GC(181) Garbage Collection (Proactive) 6M(38%)->6M(38%)
[46518.084s][info][gc] GC(182) Garbage Collection (Proactive) 6M(38%)->6M(38%)
[46818.185s][info][gc] GC(183) Garbage Collection (Proactive) 6M(38%)->6M(38%)
[47118.287s][info][gc] GC(184) Garbage Collection (Proactive) 6M(38%)->6M(38%)
[47418.385s][info][gc] GC(185) Garbage Collection (Proactive) 6M(38%)->6M(38%)
[47718.487s][info][gc] GC(186) Garbage Collection (Proactive) 6M(38%)->6M(38%)
[48018.581s][info][gc] GC(187) Garbage Collection (Proactive) 6M(38%)->6M(38%)
[48318.587s][info][gc] GC(188) Garbage Collection (Proactive) 6M(38%)->6M(38%)
[48618.689s][info][gc] GC(189) Garbage Collection (Proactive) 6M(38%)->6M(38%)
[48918.784s][info][gc] GC(190) Garbage Collection (Proactive) 6M(38%)->6M(38%)
[49218.884s][info][gc] GC(191) Garbage Collection (Proactive) 6M(38%)->6M(38%)
[49518.988s][info][gc] GC(192) Garbage Collection (Proactive) 6M(38%)->6M(38%)
[49819.088s][info][gc] GC(193) Garbage Collection (Proactive) 6M(38%)->6M(38%)
[50119.180s][info][gc] GC(194) Garbage Collection (Proactive) 6M(38%)->6M(38%)
[50419.285s][info][gc] GC(195) Garbage Collection (Proactive) 6M(38%)->6M(38%)
[50719.381s][info][gc] GC(196) Garbage Collection (Proactive) 6M(38%)->6M(38%)
[51019.483s][info][gc] GC(197) Garbage Collection (Proactive) 6M(38%)->6M(38%)
[51319.582s][info][gc] GC(198) Garbage Collection (Proactive) 6M(38%)->6M(38%)
[51619.683s][info][gc] GC(199) Garbage Collection (Proactive) 6M(38%)->6M(38%)
[51919.781s][info][gc] GC(200) Garbage Collection (Proactive) 6M(38%)->6M(38%)
[52219.890s][info][gc] GC(201) Garbage Collection (Proactive) 6M(38%)->6M(38%)
[52519.990s][info][gc] GC(202) Garbage Collection (Proactive) 6M(38%)->6M(38%)
[52820.101s][info][gc] GC(203) Garbage Collection (Proactive) 6M(38%)->6M(38%)
[53120.181s][info][gc] GC(204) Garbage Collection (Proactive) 6M(38%)->6M(38%)
[53420.284s][info][gc] GC(205) Garbage Collection (Proactive) 6M(38%)->6M(38%)
[53720.381s][info][gc] GC(206) Garbage Collection (Proactive) 6M(38%)->6M(38%)
[54020.485s][info][gc] GC(207) Garbage Collection (Proactive) 6M(38%)->6M(38%)
[54320.580s][info][gc] GC(208) Garbage Collection (Proactive) 6M(38%)->6M(38%)
[54620.681s][info][gc] GC(209) Garbage Collection (Proactive) 6M(38%)->6M(38%)
[54920.784s][info][gc] GC(210) Garbage Collection (Proactive) 6M(38%)->6M(38%)
[55220.901s][info][gc] GC(211) Garbage Collection (Proactive) 6M(38%)->6M(38%)
[55520.981s][info][gc] GC(212) Garbage Collection (Proactive) 6M(38%)->6M(38%)
[55821.084s][info][gc] GC(213) Garbage Collection (Proactive) 6M(38%)->6M(38%)
[56121.188s][info][gc] GC(214) Garbage Collection (Proactive) 6M(38%)->6M(38%)
[56421.289s][info][gc] GC(215) Garbage Collection (Proactive) 6M(38%)->6M(38%)
[56721.380s][info][gc] GC(216) Garbage Collection (Proactive) 6M(38%)->6M(38%)
[57021.387s][info][gc] GC(217) Garbage Collection (Proactive) 6M(38%)->6M(38%)
[57321.488s][info][gc] GC(218) Garbage Collection (Proactive) 6M(38%)->6M(38%)
[57621.580s][info][gc] GC(219) Garbage Collection (Proactive) 6M(38%)->6M(38%)
[57921.684s][info][gc] GC(220) Garbage Collection (Proactive) 6M(38%)->6M(38%)
[58221.781s][info][gc] GC(221) Garbage Collection (Proactive) 6M(38%)->6M(38%)
[58521.884s][info][gc] GC(222) Garbage Collection (Proactive) 6M(38%)->6M(38%)
[58821.989s][info][gc] GC(223) Garbage Collection (Proactive) 6M(38%)->6M(38%)
[59122.085s][info][gc] GC(224) Garbage Collection (Proactive) 6M(38%)->6M(38%)
[59422.179s][info][gc] GC(225) Garbage Collection (Proactive) 6M(38%)->6M(38%)
[59722.187s][info][gc] GC(226) Garbage Collection (Proactive) 6M(38%)->6M(38%)
[60022.298s][info][gc] GC(227) Garbage Collection (Proactive) 6M(38%)->6M(38%)
[60322.382s][info][gc] GC(228) Garbage Collection (Proactive) 6M(38%)->6M(38%)
[60622.483s][info][gc] GC(229) Garbage Collection (Proactive) 6M(38%)->6M(38%)
[60922.490s][info][gc] GC(230) Garbage Collection (Proactive) 6M(38%)->6M(38%)
[61222.585s][info][gc] GC(231) Garbage Collection (Proactive) 6M(38%)->6M(38%)
[61522.700s][info][gc] GC(232) Garbage Collection (Proactive) 6M(38%)->6M(38%)
[61822.782s][info][gc] GC(233) Garbage Collection (Proactive) 6M(38%)->6M(38%)
[62122.880s][info][gc] GC(234) Garbage Collection (Proactive) 6M(38%)->6M(38%)
[62422.982s][info][gc] GC(235) Garbage Collection (Proactive) 6M(38%)->6M(38%)
[62723.088s][info][gc] GC(236) Garbage Collection (Proactive) 6M(38%)->6M(38%)
[63023.181s][info][gc] GC(237) Garbage Collection (Proactive) 6M(38%)->6M(38%)
[63323.283s][info][gc] GC(238) Garbage Collection (Proactive) 6M(38%)->6M(38%)
[63623.382s][info][gc] GC(239) Garbage Collection (Proactive) 6M(38%)->6M(38%)
[63923.490s][info][gc] GC(240) Garbage Collection (Proactive) 6M(38%)->6M(38%)
[64223.580s][info][gc] GC(241) Garbage Collection (Proactive) 6M(38%)->6M(38%)
[64523.703s][info][gc] GC(242) Garbage Collection (Proactive) 6M(38%)->6M(38%)
[64823.787s][info][gc] GC(243) Garbage Collection (Proactive) 6M(38%)->6M(38%)
[65123.886s][info][gc] GC(244) Garbage Collection (Proactive) 6M(38%)->6M(38%)
[65423.996s][info][gc] GC(245) Garbage Collection (Proactive) 6M(38%)->6M(38%)
[65724.082s][info][gc] GC(246) Garbage Collection (Proactive) 6M(38%)->6M(38%)
[66024.181s][info][gc] GC(247) Garbage Collection (Proactive) 6M(38%)->6M(38%)
[66324.285s][info][gc] GC(248) Garbage Collection (Proactive) 6M(38%)->6M(38%)
[66624.388s][info][gc] GC(249) Garbage Collection (Proactive) 6M(38%)->6M(38%)
[66924.490s][info][gc] GC(250) Garbage Collection (Proactive) 6M(38%)->6M(38%)
[67224.589s][info][gc] GC(251) Garbage Collection (Proactive) 6M(38%)->6M(38%)
[67524.685s][info][gc] GC(252) Garbage Collection (Proactive) 6M(38%)->6M(38%)
[67824.785s][info][gc] GC(253) Garbage Collection (Proactive) 6M(38%)->6M(38%)
[68124.884s][info][gc] GC(254) Garbage Collection (Proactive) 6M(38%)->6M(38%)
[68424.984s][info][gc] GC(255) Garbage Collection (Proactive) 6M(38%)->6M(38%)
[68725.095s][info][gc] GC(256) Garbage Collection (Proactive) 6M(38%)->6M(38%)
[69025.181s][info][gc] GC(257) Garbage Collection (Proactive) 6M(38%)->6M(38%)
[69325.300s][info][gc] GC(258) Garbage Collection (Proactive) 6M(38%)->6M(38%)
[69625.389s][info][gc] GC(259) Garbage Collection (Proactive) 6M(38%)->6M(38%)
[69925.495s][info][gc] GC(260) Garbage Collection (Proactive) 6M(38%)->6M(38%)
[70225.581s][info][gc] GC(261) Garbage Collection (Proactive) 6M(38%)->6M(38%)
[70525.589s][info][gc] GC(262) Garbage Collection (Proactive) 6M(38%)->6M(38%)
[70825.690s][info][gc] GC(263) Garbage Collection (Proactive) 6M(38%)->6M(38%)
[71125.785s][info][gc] GC(264) Garbage Collection (Proactive) 6M(38%)->6M(38%)
[71425.885s][info][gc] GC(265) Garbage Collection (Proactive) 6M(38%)->6M(38%)
[71725.981s][info][gc] GC(266) Garbage Collection (Proactive) 6M(38%)->6M(38%)
[72025.989s][info][gc] GC(267) Garbage Collection (Proactive) 6M(38%)->6M(38%)
[72326.097s][info][gc] GC(268) Garbage Collection (Proactive) 6M(38%)->6M(38%)
[72626.181s][info][gc] GC(269) Garbage Collection (Proactive) 6M(38%)->6M(38%)
[72926.301s][info][gc] GC(270) Garbage Collection (Proactive) 6M(38%)->6M(38%)
[73226.386s][info][gc] GC(271) Garbage Collection (Proactive) 6M(38%)->6M(38%)
[73526.482s][info][gc] GC(272) Garbage Collection (Proactive) 6M(38%)->6M(38%)
[73826.583s][info][gc] GC(273) Garbage Collection (Proactive) 6M(38%)->6M(38%)
[74126.687s][info][gc] GC(274) Garbage Collection (Proactive) 6M(38%)->6M(38%)
[74426.785s][info][gc] GC(275) Garbage Collection (Proactive) 6M(38%)->6M(38%)
[74711.207s][info][gc] GC(276) Garbage Collection (Proactive) 8M(50%)->6M(38%)
[75011.293s][info][gc] GC(277) Garbage Collection (Proactive) 6M(38%)->6M(38%)
[75311.387s][info][gc] GC(278) Garbage Collection (Proactive) 6M(38%)->6M(38%)
[75611.490s][info][gc] GC(279) Garbage Collection (Proactive) 6M(38%)->6M(38%)
[75911.580s][info][gc] GC(280) Garbage Collection (Proactive) 6M(38%)->6M(38%)
[76211.687s][info][gc] GC(281) Garbage Collection (Proactive) 6M(38%)->6M(38%)
[76511.781s][info][gc] GC(282) Garbage Collection (Proactive) 6M(38%)->6M(38%)
[76811.884s][info][gc] GC(283) Garbage Collection (Proactive) 6M(38%)->6M(38%)
[77111.890s][info][gc] GC(284) Garbage Collection (Proactive) 6M(38%)->6M(38%)
[77411.983s][info][gc] GC(285) Garbage Collection (Proactive) 6M(38%)->6M(38%)
[77711.990s][info][gc] GC(286) Garbage Collection (Proactive) 6M(38%)->6M(38%)
[78012.088s][info][gc] GC(287) Garbage Collection (Proactive) 6M(38%)->6M(38%)
[78312.190s][info][gc] GC(288) Garbage Collection (Proactive) 6M(38%)->6M(38%)
[78612.283s][info][gc] GC(289) Garbage Collection (Proactive) 6M(38%)->6M(38%)
[78912.380s][info][gc] GC(290) Garbage Collection (Proactive) 6M(38%)->6M(38%)
[79212.480s][info][gc] GC(291) Garbage Collection (Proactive) 6M(38%)->6M(38%)
[79512.489s][info][gc] GC(292) Garbage Collection (Proactive) 6M(38%)->6M(38%)
[79812.581s][info][gc] GC(293) Garbage Collection (Proactive) 6M(38%)->6M(38%)
[80112.590s][info][gc] GC(294) Garbage Collection (Proactive) 6M(38%)->6M(38%)
[80412.685s][info][gc] GC(295) Garbage Collection (Proactive) 6M(38%)->6M(38%)
[80712.781s][info][gc] GC(296) Garbage Collection (Proactive) 6M(38%)->6M(38%)
[81012.890s][info][gc] GC(297) Garbage Collection (Proactive) 6M(38%)->6M(38%)
[81312.981s][info][gc] GC(298) Garbage Collection (Proactive) 6M(38%)->6M(38%)
[81613.081s][info][gc] GC(299) Garbage Collection (Proactive) 6M(38%)->6M(38%)
[81913.188s][info][gc] GC(300) Garbage Collection (Proactive) 6M(38%)->6M(38%)
[82213.290s][info][gc] GC(301) Garbage Collection (Proactive) 6M(38%)->6M(38%)
[82513.380s][info][gc] GC(302) Garbage Collection (Proactive) 6M(38%)->6M(38%)
[82813.388s][info][gc] GC(303) Garbage Collection (Proactive) 6M(38%)->6M(38%)
[83113.485s][info][gc] GC(304) Garbage Collection (Proactive) 6M(38%)->6M(38%)
[83413.585s][info][gc] GC(305) Garbage Collection (Proactive) 6M(38%)->6M(38%)
[83713.684s][info][gc] GC(306) Garbage Collection (Proactive) 6M(38%)->6M(38%)
[84013.782s][info][gc] GC(307) Garbage Collection (Proactive) 6M(38%)->6M(38%)
[84313.789s][info][gc] GC(308) Garbage Collection (Proactive) 6M(38%)->6M(38%)
[84613.890s][info][gc] GC(309) Garbage Collection (Proactive) 6M(38%)->6M(38%)
[84913.985s][info][gc] GC(310) Garbage Collection (Proactive) 6M(38%)->6M(38%)
[85214.090s][info][gc] GC(311) Garbage Collection (Proactive) 6M(38%)->6M(38%)
[85514.181s][info][gc] GC(312) Garbage Collection (Proactive) 6M(38%)->6M(38%)
[85814.290s][info][gc] GC(313) Garbage Collection (Proactive) 6M(38%)->6M(38%)
[86114.390s][info][gc] GC(314) Garbage Collection (Proactive) 6M(38%)->6M(38%)
[86414.484s][info][gc] GC(315) Garbage Collection (Proactive) 6M(38%)->6M(38%)
[86714.490s][info][gc] GC(316) Garbage Collection (Proactive) 6M(38%)->6M(38%)
[87014.580s][info][gc] GC(317) Garbage Collection (Proactive) 6M(38%)->6M(38%)
[87314.587s][info][gc] GC(318) Garbage Collection (Proactive) 6M(38%)->6M(38%)
[87614.690s][info][gc] GC(319) Garbage Collection (Proactive) 6M(38%)->6M(38%)
[87914.789s][info][gc] GC(320) Garbage Collection (Proactive) 6M(38%)->6M(38%)
[88214.888s][info][gc] GC(321) Garbage Collection (Proactive) 6M(38%)->6M(38%)
[88514.980s][info][gc] GC(322) Garbage Collection (Proactive) 6M(38%)->6M(38%)
[88815.087s][info][gc] GC(323) Garbage Collection (Proactive) 6M(38%)->6M(38%)
[89115.189s][info][gc] GC(324) Garbage Collection (Proactive) 6M(38%)->6M(38%)
[89415.284s][info][gc] GC(325) Garbage Collection (Proactive) 6M(38%)->6M(38%)
[89715.380s][info][gc] GC(326) Garbage Collection (Proactive) 6M(38%)->6M(38%)
[90015.390s][info][gc] GC(327) Garbage Collection (Proactive) 6M(38%)->6M(38%)
[90315.490s][info][gc] GC(328) Garbage Collection (Proactive) 6M(38%)->6M(38%)
[90615.581s][info][gc] GC(329) Garbage Collection (Proactive) 6M(38%)->6M(38%)
[90915.588s][info][gc] GC(330) Garbage Collection (Proactive) 6M(38%)->6M(38%)
[91215.686s][info][gc] GC(331) Garbage Collection (Proactive) 6M(38%)->6M(38%)
[91515.781s][info][gc] GC(332) Garbage Collection (Proactive) 6M(38%)->6M(38%)
[91815.788s][info][gc] GC(333) Garbage Collection (Proactive) 6M(38%)->6M(38%)
[92115.885s][info][gc] GC(334) Garbage Collection (Proactive) 6M(38%)->6M(38%)
[92415.990s][info][gc] GC(335) Garbage Collection (Proactive) 6M(38%)->6M(38%)
[92716.084s][info][gc] GC(336) Garbage Collection (Proactive) 6M(38%)->6M(38%)
[93016.180s][info][gc] GC(337) Garbage Collection (Proactive) 6M(38%)->6M(38%)
[93316.189s][info][gc] GC(338) Garbage Collection (Proactive) 6M(38%)->6M(38%)
[93616.291s][info][gc] GC(339) Garbage Collection (Proactive) 6M(38%)->6M(38%)
[93916.381s][info][gc] GC(340) Garbage Collection (Proactive) 6M(38%)->6M(38%)
[94216.485s][info][gc] GC(341) Garbage Collection (Proactive) 6M(38%)->6M(38%)
[94516.583s][info][gc] GC(342) Garbage Collection (Proactive) 6M(38%)->6M(38%)
[94816.689s][info][gc] GC(343) Garbage Collection (Proactive) 6M(38%)->6M(38%)
[95116.781s][info][gc] GC(344) Garbage Collection (Proactive) 6M(38%)->6M(38%)
[95416.789s][info][gc] GC(345) Garbage Collection (Proactive) 6M(38%)->6M(38%)
[95716.891s][info][gc] GC(346) Garbage Collection (Proactive) 6M(38%)->6M(38%)
[96016.983s][info][gc] GC(347) Garbage Collection (Proactive) 6M(38%)->6M(38%)
[96317.085s][info][gc] GC(348) Garbage Collection (Proactive) 6M(38%)->6M(38%)
[96617.180s][info][gc] GC(349) Garbage Collection (Proactive) 6M(38%)->6M(38%)
[96917.285s][info][gc] GC(350) Garbage Collection (Proactive) 6M(38%)->6M(38%)
[97217.391s][info][gc] GC(351) Garbage Collection (Proactive) 6M(38%)->6M(38%)
[97517.485s][info][gc] GC(352) Garbage Collection (Proactive) 6M(38%)->6M(38%)
[97817.580s][info][gc] GC(353) Garbage Collection (Proactive) 6M(38%)->6M(38%)
[98117.685s][info][gc] GC(354) Garbage Collection (Proactive) 6M(38%)->6M(38%)
[98417.782s][info][gc] GC(355) Garbage Collection (Proactive) 6M(38%)->6M(38%)
[98717.885s][info][gc] GC(356) Garbage Collection (Proactive) 6M(38%)->6M(38%)
[99017.981s][info][gc] GC(357) Garbage Collection (Proactive) 6M(38%)->6M(38%)
[99318.080s][info][gc] GC(358) Garbage Collection (Proactive) 6M(38%)->6M(38%)
[99618.180s][info][gc] GC(359) Garbage Collection (Proactive) 6M(38%)->6M(38%)
[99918.285s][info][gc] GC(360) Garbage Collection (Proactive) 6M(38%)->6M(38%)
[100218.388s][info][gc] GC(361) Garbage Collection (Proactive) 6M(38%)->6M(38%)
[100518.487s][info][gc] GC(362) Garbage Collection (Proactive) 6M(38%)->6M(38%)
[100818.586s][info][gc] GC(363) Garbage Collection (Proactive) 6M(38%)->6M(38%)
[101118.685s][info][gc] GC(364) Garbage Collection (Proactive) 6M(38%)->6M(38%)
[101418.785s][info][gc] GC(365) Garbage Collection (Proactive) 6M(38%)->6M(38%)
[101718.884s][info][gc] GC(366) Garbage Collection (Proactive) 6M(38%)->6M(38%)
[102018.980s][info][gc] GC(367) Garbage Collection (Proactive) 6M(38%)->6M(38%)
[102319.103s][info][gc] GC(368) Garbage Collection (Proactive) 6M(38%)->6M(38%)
[102619.184s][info][gc] GC(369) Garbage Collection (Proactive) 6M(38%)->6M(38%)
[102919.287s][info][gc] GC(370) Garbage Collection (Proactive) 6M(38%)->6M(38%)
[103219.381s][info][gc] GC(371) Garbage Collection (Proactive) 6M(38%)->6M(38%)
[103519.388s][info][gc] GC(372) Garbage Collection (Proactive) 6M(38%)->6M(38%)
[103819.500s][info][gc] GC(373) Garbage Collection (Proactive) 6M(38%)->6M(38%)
[104119.586s][info][gc] GC(374) Garbage Collection (Proactive) 6M(38%)->6M(38%)
[104419.701s][info][gc] GC(375) Garbage Collection (Proactive) 6M(38%)->6M(38%)
[104719.799s][info][gc] GC(376) Garbage Collection (Proactive) 6M(38%)->6M(38%)
[105019.887s][info][gc] GC(377) Garbage Collection (Proactive) 6M(38%)->6M(38%)
[105319.990s][info][gc] GC(378) Garbage Collection (Proactive) 6M(38%)->6M(38%)
[105620.104s][info][gc] GC(379) Garbage Collection (Proactive) 6M(38%)->6M(38%)
[105920.206s][info][gc] GC(380) Garbage Collection (Proactive) 6M(38%)->6M(38%)
[106220.285s][info][gc] GC(381) Garbage Collection (Proactive) 6M(38%)->6M(38%)
[106520.383s][info][gc] GC(382) Garbage Collection (Proactive) 6M(38%)->6M(38%)
[106820.505s][info][gc] GC(383) Garbage Collection (Proactive) 6M(38%)->6M(38%)
[107120.581s][info][gc] GC(384) Garbage Collection (Proactive) 6M(38%)->6M(38%)
[107420.700s][info][gc] GC(385) Garbage Collection (Proactive) 6M(38%)->6M(38%)
[107720.789s][info][gc] GC(386) Garbage Collection (Proactive) 6M(38%)->6M(38%)
[108020.905s][info][gc] GC(387) Garbage Collection (Proactive) 6M(38%)->6M(38%)
[108321.000s][info][gc] GC(388) Garbage Collection (Proactive) 6M(38%)->6M(38%)
[108621.100s][info][gc] GC(389) Garbage Collection (Proactive) 6M(38%)->6M(38%)
[108921.201s][info][gc] GC(390) Garbage Collection (Proactive) 6M(38%)->6M(38%)
[109221.304s][info][gc] GC(391) Garbage Collection (Proactive) 6M(38%)->6M(38%)
[109521.439s][info][gc] GC(392) Garbage Collection (Proactive) 6M(38%)->6M(38%)
[109821.558s][info][gc] GC(393) Garbage Collection (Proactive) 6M(38%)->6M(38%)
[110121.587s][info][gc] GC(394) Garbage Collection (Proactive) 6M(38%)->6M(38%)
[110421.690s][info][gc] GC(395) Garbage Collection (Proactive) 6M(38%)->6M(38%)
[110721.796s][info][gc] GC(396) Garbage Collection (Proactive) 6M(38%)->6M(38%)
[111021.885s][info][gc] GC(397) Garbage Collection (Proactive) 6M(38%)->6M(38%)
[111321.990s][info][gc] GC(398) Garbage Collection (Proactive) 6M(38%)->6M(38%)
[111622.085s][info][gc] GC(399) Garbage Collection (Proactive) 6M(38%)->6M(38%)
[111922.184s][info][gc] GC(400) Garbage Collection (Proactive) 6M(38%)->6M(38%)
[112222.281s][info][gc] GC(401) Garbage Collection (Proactive) 6M(38%)->6M(38%)
[112522.389s][info][gc] GC(402) Garbage Collection (Proactive) 6M(38%)->6M(38%)
[112822.483s][info][gc] GC(403) Garbage Collection (Proactive) 6M(38%)->6M(38%)
[113122.490s][info][gc] GC(404) Garbage Collection (Proactive) 6M(38%)->6M(38%)
[113422.601s][info][gc] GC(405) Garbage Collection (Proactive) 6M(38%)->6M(38%)
[113722.686s][info][gc] GC(406) Garbage Collection (Proactive) 6M(38%)->6M(38%)
[114022.781s][info][gc] GC(407) Garbage Collection (Proactive) 6M(38%)->6M(38%)
[114322.902s][info][gc] GC(408) Garbage Collection (Proactive) 6M(38%)->6M(38%)
[114622.988s][info][gc] GC(409) Garbage Collection (Proactive) 6M(38%)->6M(38%)
[114923.085s][info][gc] GC(410) Garbage Collection (Proactive) 6M(38%)->6M(38%)
[115223.205s][info][gc] GC(411) Garbage Collection (Proactive) 6M(38%)->6M(38%)
[115523.290s][info][gc] GC(412) Garbage Collection (Proactive) 6M(38%)->6M(38%)
[115823.386s][info][gc] GC(413) Garbage Collection (Proactive) 6M(38%)->6M(38%)
[116123.484s][info][gc] GC(414) Garbage Collection (Proactive) 6M(38%)->6M(38%)
[116423.600s][info][gc] GC(415) Garbage Collection (Proactive) 6M(38%)->6M(38%)
[116723.688s][info][gc] GC(416) Garbage Collection (Proactive) 6M(38%)->6M(38%)
[117023.782s][info][gc] GC(417) Garbage Collection (Proactive) 6M(38%)->6M(38%)
[117323.789s][info][gc] GC(418) Garbage Collection (Proactive) 6M(38%)->6M(38%)
[117623.887s][info][gc] GC(419) Garbage Collection (Proactive) 6M(38%)->6M(38%)
[117923.985s][info][gc] GC(420) Garbage Collection (Proactive) 6M(38%)->6M(38%)
[118224.090s][info][gc] GC(421) Garbage Collection (Proactive) 6M(38%)->6M(38%)
[118524.190s][info][gc] GC(422) Garbage Collection (Proactive) 6M(38%)->6M(38%)
[118824.289s][info][gc] GC(423) Garbage Collection (Proactive) 6M(38%)->6M(38%)
[119124.385s][info][gc] GC(424) Garbage Collection (Proactive) 6M(38%)->6M(38%)
[119424.483s][info][gc] GC(425) Garbage Collection (Proactive) 6M(38%)->6M(38%)
[119724.581s][info][gc] GC(426) Garbage Collection (Proactive) 6M(38%)->6M(38%)
[120024.698s][info][gc] GC(427) Garbage Collection (Proactive) 6M(38%)->6M(38%)
[120324.790s][info][gc] GC(428) Garbage Collection (Proactive) 6M(38%)->6M(38%)
[120624.890s][info][gc] GC(429) Garbage Collection (Proactive) 6M(38%)->6M(38%)
[120924.982s][info][gc] GC(430) Garbage Collection (Proactive) 6M(38%)->6M(38%)
[121225.085s][info][gc] GC(431) Garbage Collection (Proactive) 6M(38%)->6M(38%)
[121525.185s][info][gc] GC(432) Garbage Collection (Proactive) 6M(38%)->6M(38%)
[121825.283s][info][gc] GC(433) Garbage Collection (Proactive) 6M(38%)->6M(38%)
[122125.382s][info][gc] GC(434) Garbage Collection (Proactive) 6M(38%)->6M(38%)
[122425.500s][info][gc] GC(435) Garbage Collection (Proactive) 6M(38%)->6M(38%)
[122725.581s][info][gc] GC(436) Garbage Collection (Proactive) 6M(38%)->6M(38%)
[123025.690s][info][gc] GC(437) Garbage Collection (Proactive) 6M(38%)->6M(38%)
[123325.780s][info][gc] GC(438) Garbage Collection (Proactive) 6M(38%)->6M(38%)
[123625.885s][info][gc] GC(439) Garbage Collection (Proactive) 6M(38%)->6M(38%)
[123925.987s][info][gc] GC(440) Garbage Collection (Proactive) 6M(38%)->6M(38%)
[124226.090s][info][gc] GC(441) Garbage Collection (Proactive) 6M(38%)->6M(38%)
[124526.195s][info][gc] GC(442) Garbage Collection (Proactive) 6M(38%)->6M(38%)
[124826.327s][info][gc] GC(443) Garbage Collection (Proactive) 6M(38%)->6M(38%)
[125126.387s][info][gc] GC(444) Garbage Collection (Proactive) 6M(38%)->6M(38%)
[125426.481s][info][gc] GC(445) Garbage Collection (Proactive) 6M(38%)->6M(38%)
[125726.582s][info][gc] GC(446) Garbage Collection (Proactive) 6M(38%)->6M(38%)
[126026.688s][info][gc] GC(447) Garbage Collection (Proactive) 6M(38%)->6M(38%)
[126326.781s][info][gc] GC(448) Garbage Collection (Proactive) 6M(38%)->6M(38%)
[126626.891s][info][gc] GC(449) Garbage Collection (Proactive) 6M(38%)->6M(38%)
[126926.982s][info][gc] GC(450) Garbage Collection (Proactive) 6M(38%)->6M(38%)
[127227.089s][info][gc] GC(451) Garbage Collection (Proactive) 6M(38%)->6M(38%)
[127527.181s][info][gc] GC(452) Garbage Collection (Proactive) 6M(38%)->6M(38%)
[127827.286s][info][gc] GC(453) Garbage Collection (Proactive) 6M(38%)->6M(38%)
[128127.385s][info][gc] GC(454) Garbage Collection (Proactive) 6M(38%)->6M(38%)
[128427.489s][info][gc] GC(455) Garbage Collection (Proactive) 6M(38%)->6M(38%)
[128727.582s][info][gc] GC(456) Garbage Collection (Proactive) 6M(38%)->6M(38%)
[129027.685s][info][gc] GC(457) Garbage Collection (Proactive) 6M(38%)->6M(38%)
[129327.780s][info][gc] GC(458) Garbage Collection (Proactive) 6M(38%)->6M(38%)
[129627.891s][info][gc] GC(459) Garbage Collection (Proactive) 6M(38%)->6M(38%)
[129927.981s][info][gc] GC(460) Garbage Collection (Proactive) 6M(38%)->6M(38%)
[130227.989s][info][gc] GC(461) Garbage Collection (Proactive) 6M(38%)->6M(38%)
[130528.081s][info][gc] GC(462) Garbage Collection (Proactive) 6M(38%)->6M(38%)
[130828.090s][info][gc] GC(463) Garbage Collection (Proactive) 6M(38%)->6M(38%)
[131128.189s][info][gc] GC(464) Garbage Collection (Proactive) 6M(38%)->6M(38%)
[131428.290s][info][gc] GC(465) Garbage Collection (Proactive) 6M(38%)->6M(38%)
[131728.389s][info][gc] GC(466) Garbage Collection (Proactive) 6M(38%)->6M(38%)
[132028.516s][info][gc] GC(467) Garbage Collection (Proactive) 6M(38%)->6M(38%)
[132328.581s][info][gc] GC(468) Garbage Collection (Proactive) 6M(38%)->6M(38%)
[132628.589s][info][gc] GC(469) Garbage Collection (Proactive) 6M(38%)->6M(38%)
[132928.690s][info][gc] GC(470) Garbage Collection (Proactive) 6M(38%)->6M(38%)
[133228.782s][info][gc] GC(471) Garbage Collection (Proactive) 6M(38%)->6M(38%)
[133528.885s][info][gc] GC(472) Garbage Collection (Proactive) 6M(38%)->6M(38%)
[133828.981s][info][gc] GC(473) Garbage Collection (Proactive) 6M(38%)->6M(38%)
[134129.089s][info][gc] GC(474) Garbage Collection (Proactive) 6M(38%)->6M(38%)
[134429.197s][info][gc] GC(475) Garbage Collection (Proactive) 6M(38%)->6M(38%)
[134729.287s][info][gc] GC(476) Garbage Collection (Proactive) 6M(38%)->6M(38%)
[135029.385s][info][gc] GC(477) Garbage Collection (Proactive) 6M(38%)->6M(38%)
[135329.485s][info][gc] GC(478) Garbage Collection (Proactive) 6M(38%)->6M(38%)
[135629.581s][info][gc] GC(479) Garbage Collection (Proactive) 6M(38%)->6M(38%)
[135929.589s][info][gc] GC(480) Garbage Collection (Proactive) 6M(38%)->6M(38%)
[136229.688s][info][gc] GC(481) Garbage Collection (Proactive) 6M(38%)->6M(38%)
[136529.790s][info][gc] GC(482) Garbage Collection (Proactive) 6M(38%)->6M(38%)
[136829.890s][info][gc] GC(483) Garbage Collection (Proactive) 6M(38%)->6M(38%)
[137129.989s][info][gc] GC(484) Garbage Collection (Proactive) 6M(38%)->6M(38%)
[137430.097s][info][gc] GC(485) Garbage Collection (Proactive) 6M(38%)->6M(38%)
[137730.184s][info][gc] GC(486) Garbage Collection (Proactive) 6M(38%)->6M(38%)
[138030.306s][info][gc] GC(487) Garbage Collection (Proactive) 6M(38%)->6M(38%)
[138330.381s][info][gc] GC(488) Garbage Collection (Proactive) 6M(38%)->6M(38%)
[138630.502s][info][gc] GC(489) Garbage Collection (Proactive) 6M(38%)->6M(38%)
[138930.582s][info][gc] GC(490) Garbage Collection (Proactive) 6M(38%)->6M(38%)
[139230.682s][info][gc] GC(491) Garbage Collection (Proactive) 6M(38%)->6M(38%)
[139530.781s][info][gc] GC(492) Garbage Collection (Proactive) 6M(38%)->6M(38%)
[139830.896s][info][gc] GC(493) Garbage Collection (Proactive) 6M(38%)->6M(38%)
[140130.982s][info][gc] GC(494) Garbage Collection (Proactive) 6M(38%)->6M(38%)
[140431.096s][info][gc] GC(495) Garbage Collection (Proactive) 6M(38%)->6M(38%)
[140731.182s][info][gc] GC(496) Garbage Collection (Proactive) 6M(38%)->6M(38%)
[141031.189s][info][gc] GC(497) Garbage Collection (Proactive) 6M(38%)->6M(38%)
[141331.290s][info][gc] GC(498) Garbage Collection (Proactive) 6M(38%)->6M(38%)
[141631.389s][info][gc] GC(499) Garbage Collection (Proactive) 6M(38%)->6M(38%)
[141931.485s][info][gc] GC(500) Garbage Collection (Proactive) 6M(38%)->6M(38%)
[142231.582s][info][gc] GC(501) Garbage Collection (Proactive) 6M(38%)->6M(38%)
[142531.681s][info][gc] GC(502) Garbage Collection (Proactive) 6M(38%)->6M(38%)
[142831.781s][info][gc] GC(503) Garbage Collection (Proactive) 6M(38%)->6M(38%)
[143131.890s][info][gc] GC(504) Garbage Collection (Proactive) 6M(38%)->6M(38%)
[143431.981s][info][gc] GC(505) Garbage Collection (Proactive) 6M(38%)->6M(38%)
[143732.085s][info][gc] GC(506) Garbage Collection (Proactive) 6M(38%)->6M(38%)
[144032.190s][info][gc] GC(507) Garbage Collection (Proactive) 6M(38%)->6M(38%)
[144332.285s][info][gc] GC(508) Garbage Collection (Proactive) 6M(38%)->6M(38%)
[144632.385s][info][gc] GC(509) Garbage Collection (Proactive) 6M(38%)->6M(38%)
[144932.485s][info][gc] GC(510) Garbage Collection (Proactive) 6M(38%)->6M(38%)
[145232.588s][info][gc] GC(511) Garbage Collection (Proactive) 6M(38%)->6M(38%)
[145532.685s][info][gc] GC(512) Garbage Collection (Proactive) 6M(38%)->6M(38%)
[145832.795s][info][gc] GC(513) Garbage Collection (Proactive) 6M(38%)->6M(38%)
[146132.885s][info][gc] GC(514) Garbage Collection (Proactive) 6M(38%)->6M(38%)
[146432.991s][info][gc] GC(515) Garbage Collection (Proactive) 6M(38%)->6M(38%)
[146733.085s][info][gc] GC(516) Garbage Collection (Proactive) 6M(38%)->6M(38%)
[147033.194s][info][gc] GC(517) Garbage Collection (Proactive) 6M(38%)->6M(38%)
[147333.323s][info][gc] GC(518) Garbage Collection (Proactive) 6M(38%)->6M(38%)
[147633.386s][info][gc] GC(519) Garbage Collection (Proactive) 6M(38%)->6M(38%)
[147933.502s][info][gc] GC(520) Garbage Collection (Proactive) 6M(38%)->6M(38%)
[148233.581s][info][gc] GC(521) Garbage Collection (Proactive) 6M(38%)->6M(38%)
[148533.684s][info][gc] GC(522) Garbage Collection (Proactive) 6M(38%)->6M(38%)
[148833.801s][info][gc] GC(523) Garbage Collection (Proactive) 6M(38%)->6M(38%)
[149133.886s][info][gc] GC(524) Garbage Collection (Proactive) 6M(38%)->6M(38%)
[149433.988s][info][gc] GC(525) Garbage Collection (Proactive) 6M(38%)->6M(38%)
[149734.085s][info][gc] GC(526) Garbage Collection (Proactive) 6M(38%)->6M(38%)
[150034.181s][info][gc] GC(527) Garbage Collection (Proactive) 6M(38%)->6M(38%)
[150334.189s][info][gc] GC(528) Garbage Collection (Proactive) 6M(38%)->6M(38%)
[150634.287s][info][gc] GC(529) Garbage Collection (Proactive) 6M(38%)->6M(38%)
[150934.389s][info][gc] GC(530) Garbage Collection (Proactive) 6M(38%)->6M(38%)
[151234.486s][info][gc] GC(531) Garbage Collection (Proactive) 6M(38%)->6M(38%)
[151534.582s][info][gc] GC(532) Garbage Collection (Proactive) 6M(38%)->6M(38%)
[151834.701s][info][gc] GC(533) Garbage Collection (Proactive) 6M(38%)->6M(38%)
[152134.781s][info][gc] GC(534) Garbage Collection (Proactive) 6M(38%)->6M(38%)
[152434.907s][info][gc] GC(535) Garbage Collection (Proactive) 6M(38%)->6M(38%)
[152734.982s][info][gc] GC(536) Garbage Collection (Proactive) 6M(38%)->6M(38%)
[153035.004s][info][gc] GC(537) Garbage Collection (Proactive) 6M(38%)->6M(38%)
[153335.085s][info][gc] GC(538) Garbage Collection (Proactive) 6M(38%)->6M(38%)
[153635.181s][info][gc] GC(539) Garbage Collection (Proactive) 6M(38%)->6M(38%)
[153935.286s][info][gc] GC(540) Garbage Collection (Proactive) 6M(38%)->6M(38%)
[154235.381s][info][gc] GC(541) Garbage Collection (Proactive) 6M(38%)->6M(38%)
[154535.388s][info][gc] GC(542) Garbage Collection (Proactive) 6M(38%)->6M(38%)
[154835.489s][info][gc] GC(543) Garbage Collection (Proactive) 6M(38%)->6M(38%)
[155135.596s][info][gc] GC(544) Garbage Collection (Proactive) 6M(38%)->6M(38%)
[155435.685s][info][gc] GC(545) Garbage Collection (Proactive) 6M(38%)->6M(38%)
[155735.780s][info][gc] GC(546) Garbage Collection (Proactive) 6M(38%)->6M(38%)
[156035.887s][info][gc] GC(547) Garbage Collection (Proactive) 6M(38%)->6M(38%)
[156336.000s][info][gc] GC(548) Garbage Collection (Proactive) 6M(38%)->6M(38%)
[156636.084s][info][gc] GC(549) Garbage Collection (Proactive) 6M(38%)->6M(38%)
[156936.181s][info][gc] GC(550) Garbage Collection (Proactive) 6M(38%)->6M(38%)
[157236.189s][info][gc] GC(551) Garbage Collection (Proactive) 6M(38%)->6M(38%)
[157536.290s][info][gc] GC(552) Garbage Collection (Proactive) 6M(38%)->6M(38%)
[157836.381s][info][gc] GC(553) Garbage Collection (Proactive) 6M(38%)->6M(38%)
[158136.485s][info][gc] GC(554) Garbage Collection (Proactive) 6M(38%)->6M(38%)
[158436.599s][info][gc] GC(555) Garbage Collection (Proactive) 6M(38%)->6M(38%)
[158736.685s][info][gc] GC(556) Garbage Collection (Proactive) 6M(38%)->6M(38%)
[159036.796s][info][gc] GC(557) Garbage Collection (Proactive) 6M(38%)->6M(38%)
[159336.891s][info][gc] GC(558) Garbage Collection (Proactive) 6M(38%)->6M(38%)
[159637.004s][info][gc] GC(559) Garbage Collection (Proactive) 6M(38%)->6M(38%)
[159937.096s][info][gc] GC(560) Garbage Collection (Proactive) 6M(38%)->6M(38%)
[160237.187s][info][gc] GC(561) Garbage Collection (Proactive) 6M(38%)->6M(38%)
[160537.280s][info][gc] GC(562) Garbage Collection (Proactive) 6M(38%)->6M(38%)
[160837.285s][info][gc] GC(563) Garbage Collection (Proactive) 6M(38%)->6M(38%)
[161137.390s][info][gc] GC(564) Garbage Collection (Proactive) 6M(38%)->6M(38%)
[161437.487s][info][gc] GC(565) Garbage Collection (Proactive) 6M(38%)->6M(38%)
[161737.581s][info][gc] GC(566) Garbage Collection (Proactive) 6M(38%)->6M(38%)
[162037.682s][info][gc] GC(567) Garbage Collection (Proactive) 6M(38%)->6M(38%)
[162337.691s][info][gc] GC(568) Garbage Collection (Proactive) 6M(38%)->6M(38%)
[162637.781s][info][gc] GC(569) Garbage Collection (Proactive) 6M(38%)->6M(38%)
[162937.789s][info][gc] GC(570) Garbage Collection (Proactive) 6M(38%)->6M(38%)
[163237.881s][info][gc] GC(571) Garbage Collection (Proactive) 6M(38%)->6M(38%)
[163537.903s][info][gc] GC(572) Garbage Collection (Proactive) 6M(38%)->6M(38%)
[163837.981s][info][gc] GC(573) Garbage Collection (Proactive) 6M(38%)->6M(38%)
[164137.988s][info][gc] GC(574) Garbage Collection (Proactive) 6M(38%)->6M(38%)
[164438.090s][info][gc] GC(575) Garbage Collection (Proactive) 6M(38%)->6M(38%)
[164738.181s][info][gc] GC(576) Garbage Collection (Proactive) 6M(38%)->6M(38%)
[165038.190s][info][gc] GC(577) Garbage Collection (Proactive) 6M(38%)->6M(38%)
[165338.285s][info][gc] GC(578) Garbage Collection (Proactive) 6M(38%)->6M(38%)
[165638.383s][info][gc] GC(579) Garbage Collection (Proactive) 6M(38%)->6M(38%)
[165938.389s][info][gc] GC(580) Garbage Collection (Proactive) 6M(38%)->6M(38%)
[166238.491s][info][gc] GC(581) Garbage Collection (Proactive) 6M(38%)->6M(38%)
[166538.585s][info][gc] GC(582) Garbage Collection (Proactive) 6M(38%)->6M(38%)
[166838.685s][info][gc] GC(583) Garbage Collection (Proactive) 6M(38%)->6M(38%)
[167138.781s][info][gc] GC(584) Garbage Collection (Proactive) 6M(38%)->6M(38%)
[167438.804s][info][gc] GC(585) Garbage Collection (Proactive) 6M(38%)->6M(38%)
[167738.886s][info][gc] GC(586) Garbage Collection (Proactive) 6M(38%)->6M(38%)
[168038.986s][info][gc] GC(587) Garbage Collection (Proactive) 6M(38%)->6M(38%)
[168339.085s][info][gc] GC(588) Garbage Collection (Proactive) 6M(38%)->6M(38%)
[168639.183s][info][gc] GC(589) Garbage Collection (Proactive) 6M(38%)->6M(38%)
[168939.288s][info][gc] GC(590) Garbage Collection (Proactive) 6M(38%)->6M(38%)
[169239.386s][info][gc] GC(591) Garbage Collection (Proactive) 6M(38%)->6M(38%)
[169539.492s][info][gc] GC(592) Garbage Collection (Proactive) 6M(38%)->6M(38%)
[169839.585s][info][gc] GC(593) Garbage Collection (Proactive) 6M(38%)->6M(38%)
[170139.684s][info][gc] GC(594) Garbage Collection (Proactive) 6M(38%)->6M(38%)
[170439.781s][info][gc] GC(595) Garbage Collection (Proactive) 6M(38%)->6M(38%)
[170739.902s][info][gc] GC(596) Garbage Collection (Proactive) 6M(38%)->6M(38%)
[171039.982s][info][gc] GC(597) Garbage Collection (Proactive) 6M(38%)->6M(38%)
[171339.995s][info][gc] GC(598) Garbage Collection (Proactive) 6M(38%)->6M(38%)
[171640.090s][info][gc] GC(599) Garbage Collection (Proactive) 6M(38%)->6M(38%)
[171940.193s][info][gc] GC(600) Garbage Collection (Proactive) 6M(38%)->6M(38%)
[172240.285s][info][gc] GC(601) Garbage Collection (Proactive) 6M(38%)->6M(38%)
[172540.390s][info][gc] GC(602) Garbage Collection (Proactive) 6M(38%)->6M(38%)
[172840.496s][info][gc] GC(603) Garbage Collection (Proactive) 6M(38%)->6M(38%)
[173140.585s][info][gc] GC(604) Garbage Collection (Proactive) 6M(38%)->6M(38%)
[173440.685s][info][gc] GC(605) Garbage Collection (Proactive) 6M(38%)->6M(38%)
[173740.781s][info][gc] GC(606) Garbage Collection (Proactive) 6M(38%)->6M(38%)
[174040.886s][info][gc] GC(607) Garbage Collection (Proactive) 6M(38%)->6M(38%)
[174340.981s][info][gc] GC(608) Garbage Collection (Proactive) 6M(38%)->6M(38%)
[174641.090s][info][gc] GC(609) Garbage Collection (Proactive) 6M(38%)->6M(38%)
[174941.182s][info][gc] GC(610) Garbage Collection (Proactive) 6M(38%)->6M(38%)
[175241.189s][info][gc] GC(611) Garbage Collection (Proactive) 6M(38%)->6M(38%)
[175541.280s][info][gc] GC(612) Garbage Collection (Proactive) 6M(38%)->6M(38%)
[175841.286s][info][gc] GC(613) Garbage Collection (Proactive) 6M(38%)->6M(38%)
[176141.385s][info][gc] GC(614) Garbage Collection (Proactive) 6M(38%)->6M(38%)
[176441.485s][info][gc] GC(615) Garbage Collection (Proactive) 6M(38%)->6M(38%)
[176741.590s][info][gc] GC(616) Garbage Collection (Proactive) 6M(38%)->6M(38%)
[177041.680s][info][gc] GC(617) Garbage Collection (Proactive) 6M(38%)->6M(38%)
[177341.780s][info][gc] GC(618) Garbage Collection (Proactive) 6M(38%)->6M(38%)
[177641.789s][info][gc] GC(619) Garbage Collection (Proactive) 6M(38%)->6M(38%)
[177941.900s][info][gc] GC(620) Garbage Collection (Proactive) 6M(38%)->6M(38%)
[178241.981s][info][gc] GC(621) Garbage Collection (Proactive) 6M(38%)->6M(38%)
[178542.086s][info][gc] GC(622) Garbage Collection (Proactive) 6M(38%)->6M(38%)
[178842.198s][info][gc] GC(623) Garbage Collection (Proactive) 6M(38%)->6M(38%)
[179142.281s][info][gc] GC(624) Garbage Collection (Proactive) 6M(38%)->6M(38%)
[179442.387s][info][gc] GC(625) Garbage Collection (Proactive) 6M(38%)->6M(38%)
[179742.482s][info][gc] GC(626) Garbage Collection (Proactive) 6M(38%)->6M(38%)
[180042.583s][info][gc] GC(627) Garbage Collection (Proactive) 6M(38%)->6M(38%)
[180342.698s][info][gc] GC(628) Garbage Collection (Proactive) 6M(38%)->6M(38%)
[180642.802s][info][gc] GC(629) Garbage Collection (Proactive) 6M(38%)->6M(38%)
[180942.885s][info][gc] GC(630) Garbage Collection (Proactive) 6M(38%)->6M(38%)
[181243.008s][info][gc] GC(631) Garbage Collection (Proactive) 6M(38%)->6M(38%)
[181543.091s][info][gc] GC(632) Garbage Collection (Proactive) 6M(38%)->6M(38%)
[181843.183s][info][gc] GC(633) Garbage Collection (Proactive) 6M(38%)->6M(38%)
[182143.281s][info][gc] GC(634) Garbage Collection (Proactive) 6M(38%)->6M(38%)
[182443.310s][info][gc] GC(635) Garbage Collection (Proactive) 6M(38%)->6M(38%)
[182743.382s][info][gc] GC(636) Garbage Collection (Proactive) 6M(38%)->6M(38%)
[183043.492s][info][gc] GC(637) Garbage Collection (Proactive) 6M(38%)->6M(38%)
[183343.610s][info][gc] GC(638) Garbage Collection (Proactive) 6M(38%)->6M(38%)
[183643.691s][info][gc] GC(639) Garbage Collection (Proactive) 6M(38%)->6M(38%)
[183943.784s][info][gc] GC(640) Garbage Collection (Proactive) 6M(38%)->6M(38%)
[184243.790s][info][gc] GC(641) Garbage Collection (Proactive) 6M(38%)->6M(38%)
[184543.885s][info][gc] GC(642) Garbage Collection (Proactive) 6M(38%)->6M(38%)
[184843.997s][info][gc] GC(643) Garbage Collection (Proactive) 6M(38%)->6M(38%)
[185144.082s][info][gc] GC(644) Garbage Collection (Proactive) 6M(38%)->6M(38%)
[185444.185s][info][gc] GC(645) Garbage Collection (Proactive) 6M(38%)->6M(38%)
[185744.283s][info][gc] GC(646) Garbage Collection (Proactive) 6M(38%)->6M(38%)
[186044.381s][info][gc] GC(647) Garbage Collection (Proactive) 6M(38%)->6M(38%)
[186344.484s][info][gc] GC(648) Garbage Collection (Proactive) 6M(38%)->6M(38%)
[186644.605s][info][gc] GC(649) Garbage Collection (Proactive) 6M(38%)->6M(38%)
[186944.691s][info][gc] GC(650) Garbage Collection (Proactive) 6M(38%)->6M(38%)
[187244.795s][info][gc] GC(651) Garbage Collection (Proactive) 6M(38%)->6M(38%)
[187544.891s][info][gc] GC(652) Garbage Collection (Proactive) 6M(38%)->6M(38%)
[187844.982s][info][gc] GC(653) Garbage Collection (Proactive) 6M(38%)->6M(38%)
[188145.094s][info][gc] GC(654) Garbage Collection (Proactive) 6M(38%)->6M(38%)
[188445.182s][info][gc] GC(655) Garbage Collection (Proactive) 6M(38%)->6M(38%)
[188745.303s][info][gc] GC(656) Garbage Collection (Proactive) 6M(38%)->6M(38%)
[189045.381s][info][gc] GC(657) Garbage Collection (Proactive) 6M(38%)->6M(38%)
[189345.492s][info][gc] GC(658) Garbage Collection (Proactive) 6M(38%)->6M(38%)
[189645.582s][info][gc] GC(659) Garbage Collection (Proactive) 6M(38%)->6M(38%)
[189945.706s][info][gc] GC(660) Garbage Collection (Proactive) 6M(38%)->6M(38%)
[190245.787s][info][gc] GC(661) Garbage Collection (Proactive) 6M(38%)->6M(38%)
[190545.888s][info][gc] GC(662) Garbage Collection (Proactive) 6M(38%)->6M(38%)
[190846.007s][info][gc] GC(663) Garbage Collection (Proactive) 6M(38%)->6M(38%)
[191146.083s][info][gc] GC(664) Garbage Collection (Proactive) 6M(38%)->6M(38%)
[191446.185s][info][gc] GC(665) Garbage Collection (Proactive) 6M(38%)->6M(38%)
[191746.306s][info][gc] GC(666) Garbage Collection (Proactive) 6M(38%)->6M(38%)
[192046.382s][info][gc] GC(667) Garbage Collection (Proactive) 6M(38%)->6M(38%)
[192346.517s][info][gc] GC(668) Garbage Collection (Proactive) 6M(38%)->6M(38%)
[192646.586s][info][gc] GC(669) Garbage Collection (Proactive) 6M(38%)->6M(38%)
[192946.696s][info][gc] GC(670) Garbage Collection (Proactive) 6M(38%)->6M(38%)
[193246.801s][info][gc] GC(671) Garbage Collection (Proactive) 6M(38%)->6M(38%)
[193546.888s][info][gc] GC(672) Garbage Collection (Proactive) 6M(38%)->6M(38%)
[193846.989s][info][gc] GC(673) Garbage Collection (Proactive) 6M(38%)->6M(38%)
[194147.098s][info][gc] GC(674) Garbage Collection (Proactive) 6M(38%)->6M(38%)
[194447.183s][info][gc] GC(675) Garbage Collection (Proactive) 6M(38%)->6M(38%)
[194747.191s][info][gc] GC(676) Garbage Collection (Proactive) 6M(38%)->6M(38%)
[195047.285s][info][gc] GC(677) Garbage Collection (Proactive) 6M(38%)->6M(38%)
[195347.405s][info][gc] GC(678) Garbage Collection (Proactive) 6M(38%)->6M(38%)
[195647.505s][info][gc] GC(679) Garbage Collection (Proactive) 6M(38%)->6M(38%)
[195947.599s][info][gc] GC(680) Garbage Collection (Proactive) 6M(38%)->6M(38%)
[196247.692s][info][gc] GC(681) Garbage Collection (Proactive) 6M(38%)->6M(38%)
[196547.817s][info][gc] GC(682) Garbage Collection (Proactive) 6M(38%)->6M(38%)
[196847.891s][info][gc] GC(683) Garbage Collection (Proactive) 6M(38%)->6M(38%)
[197148.003s][info][gc] GC(684) Garbage Collection (Proactive) 6M(38%)->6M(38%)
[197448.129s][info][gc] GC(685) Garbage Collection (Proactive) 6M(38%)->6M(38%)
[197748.213s][info][gc] GC(686) Garbage Collection (Proactive) 6M(38%)->6M(38%)
[198048.290s][info][gc] GC(687) Garbage Collection (Proactive) 6M(38%)->6M(38%)
[198348.392s][info][gc] GC(688) Garbage Collection (Proactive) 6M(38%)->6M(38%)
[198648.508s][info][gc] GC(689) Garbage Collection (Proactive) 6M(38%)->6M(38%)
[198948.603s][info][gc] GC(690) Garbage Collection (Proactive) 6M(38%)->6M(38%)
[199248.711s][info][gc] GC(691) Garbage Collection (Proactive) 6M(38%)->6M(38%)
[199548.784s][info][gc] GC(692) Garbage Collection (Proactive) 6M(38%)->6M(38%)
[199848.885s][info][gc] GC(693) Garbage Collection (Proactive) 6M(38%)->6M(38%)
[200148.982s][info][gc] GC(694) Garbage Collection (Proactive) 6M(38%)->6M(38%)
[200449.085s][info][gc] GC(695) Garbage Collection (Proactive) 6M(38%)->6M(38%)
[200749.203s][info][gc] GC(696) Garbage Collection (Proactive) 6M(38%)->6M(38%)
[201049.284s][info][gc] GC(697) Garbage Collection (Proactive) 6M(38%)->6M(38%)
[201349.401s][info][gc] GC(698) Garbage Collection (Proactive) 6M(38%)->6M(38%)
[201649.486s][info][gc] GC(699) Garbage Collection (Proactive) 6M(38%)->6M(38%)
[201949.581s][info][gc] GC(700) Garbage Collection (Proactive) 6M(38%)->6M(38%)
[202249.680s][info][gc] GC(701) Garbage Collection (Proactive) 6M(38%)->6M(38%)
[202549.801s][info][gc] GC(702) Garbage Collection (Proactive) 6M(38%)->6M(38%)
[202849.885s][info][gc] GC(703) Garbage Collection (Proactive) 6M(38%)->6M(38%)
[203150.007s][info][gc] GC(704) Garbage Collection (Proactive) 6M(38%)->6M(38%)
[203450.119s][info][gc] GC(705) Garbage Collection (Proactive) 6M(38%)->6M(38%)
[203750.183s][info][gc] GC(706) Garbage Collection (Proactive) 6M(38%)->6M(38%)
[204050.310s][info][gc] GC(707) Garbage Collection (Proactive) 6M(38%)->6M(38%)
[204350.391s][info][gc] GC(708) Garbage Collection (Proactive) 6M(38%)->6M(38%)
[204650.503s][info][gc] GC(709) Garbage Collection (Proactive) 6M(38%)->6M(38%)
[204950.583s][info][gc] GC(710) Garbage Collection (Proactive) 6M(38%)->6M(38%)
[205250.684s][info][gc] GC(711) Garbage Collection (Proactive) 6M(38%)->6M(38%)
[205550.803s][info][gc] GC(712) Garbage Collection (Proactive) 6M(38%)->6M(38%)
[205850.884s][info][gc] GC(713) Garbage Collection (Proactive) 6M(38%)->6M(38%)
[206151.002s][info][gc] GC(714) Garbage Collection (Proactive) 6M(38%)->6M(38%)
[206451.083s][info][gc] GC(715) Garbage Collection (Proactive) 6M(38%)->6M(38%)
[206751.207s][info][gc] GC(716) Garbage Collection (Proactive) 6M(38%)->6M(38%)
[207051.290s][info][gc] GC(717) Garbage Collection (Proactive) 6M(38%)->6M(38%)
[207351.381s][info][gc] GC(718) Garbage Collection (Proactive) 6M(38%)->6M(38%)
[207651.485s][info][gc] GC(719) Garbage Collection (Proactive) 6M(38%)->6M(38%)
[207951.584s][info][gc] GC(720) Garbage Collection (Proactive) 6M(38%)->6M(38%)
[208251.686s][info][gc] GC(721) Garbage Collection (Proactive) 6M(38%)->6M(38%)
[208551.782s][info][gc] GC(722) Garbage Collection (Proactive) 6M(38%)->6M(38%)
[208851.883s][info][gc] GC(723) Garbage Collection (Proactive) 6M(38%)->6M(38%)
[209151.990s][info][gc] GC(724) Garbage Collection (Proactive) 6M(38%)->6M(38%)
[209452.091s][info][gc] GC(725) Garbage Collection (Proactive) 6M(38%)->6M(38%)
[209752.182s][info][gc] GC(726) Garbage Collection (Proactive) 6M(38%)->6M(38%)
[210052.293s][info][gc] GC(727) Garbage Collection (Proactive) 6M(38%)->6M(38%)
[210352.391s][info][gc] GC(728) Garbage Collection (Proactive) 6M(38%)->6M(38%)
[210652.513s][info][gc] GC(729) Garbage Collection (Proactive) 6M(38%)->6M(38%)
[210952.584s][info][gc] GC(730) Garbage Collection (Proactive) 6M(38%)->6M(38%)
[211252.690s][info][gc] GC(731) Garbage Collection (Proactive) 6M(38%)->6M(38%)
[211552.796s][info][gc] GC(732) Garbage Collection (Proactive) 6M(38%)->6M(38%)
[211852.890s][info][gc] GC(733) Garbage Collection (Proactive) 6M(38%)->6M(38%)
[212152.981s][info][gc] GC(734) Garbage Collection (Proactive) 6M(38%)->6M(38%)
[212453.085s][info][gc] GC(735) Garbage Collection (Proactive) 6M(38%)->6M(38%)
[212753.205s][info][gc] GC(736) Garbage Collection (Proactive) 6M(38%)->6M(38%)
[213053.293s][info][gc] GC(737) Garbage Collection (Proactive) 6M(38%)->6M(38%)
[213353.433s][info][gc] GC(738) Garbage Collection (Proactive) 6M(38%)->6M(38%)
[213653.511s][info][gc] GC(739) Garbage Collection (Proactive) 6M(38%)->6M(38%)
[213953.599s][info][gc] GC(740) Garbage Collection (Proactive) 6M(38%)->6M(38%)
[214253.683s][info][gc] GC(741) Garbage Collection (Proactive) 6M(38%)->6M(38%)
[214553.788s][info][gc] GC(742) Garbage Collection (Proactive) 6M(38%)->6M(38%)
[214853.885s][info][gc] GC(743) Garbage Collection (Proactive) 6M(38%)->6M(38%)
[215153.984s][info][gc] GC(744) Garbage Collection (Proactive) 6M(38%)->6M(38%)
[215454.082s][info][gc] GC(745) Garbage Collection (Proactive) 6M(38%)->6M(38%)
[215754.186s][info][gc] GC(746) Garbage Collection (Proactive) 6M(38%)->6M(38%)
[216054.282s][info][gc] GC(747) Garbage Collection (Proactive) 6M(38%)->6M(38%)
[216354.385s][info][gc] GC(748) Garbage Collection (Proactive) 6M(38%)->6M(38%)
[216654.500s][info][gc] GC(749) Garbage Collection (Proactive) 6M(38%)->6M(38%)
[216954.581s][info][gc] GC(750) Garbage Collection (Proactive) 6M(38%)->6M(38%)
[217254.682s][info][gc] GC(751) Garbage Collection (Proactive) 6M(38%)->6M(38%)
[217554.806s][info][gc] GC(752) Garbage Collection (Proactive) 6M(38%)->6M(38%)
[217854.884s][info][gc] GC(753) Garbage Collection (Proactive) 6M(38%)->6M(38%)
[218154.981s][info][gc] GC(754) Garbage Collection (Proactive) 6M(38%)->6M(38%)
[218455.085s][info][gc] GC(755) Garbage Collection (Proactive) 6M(38%)->6M(38%)
[218755.192s][info][gc] GC(756) Garbage Collection (Proactive) 6M(38%)->6M(38%)
[219055.291s][info][gc] GC(757) Garbage Collection (Proactive) 6M(38%)->6M(38%)
[219355.386s][info][gc] GC(758) Garbage Collection (Proactive) 6M(38%)->6M(38%)
[219655.485s][info][gc] GC(759) Garbage Collection (Proactive) 6M(38%)->6M(38%)
[219955.581s][info][gc] GC(760) Garbage Collection (Proactive) 6M(38%)->6M(38%)
[220255.590s][info][gc] GC(761) Garbage Collection (Proactive) 6M(38%)->6M(38%)
[220555.690s][info][gc] GC(762) Garbage Collection (Proactive) 6M(38%)->6M(38%)
[220855.796s][info][gc] GC(763) Garbage Collection (Proactive) 6M(38%)->6M(38%)
[221155.887s][info][gc] GC(764) Garbage Collection (Proactive) 6M(38%)->6M(38%)
[221455.990s][info][gc] GC(765) Garbage Collection (Proactive) 6M(38%)->6M(38%)
[221756.085s][info][gc] GC(766) Garbage Collection (Proactive) 6M(38%)->6M(38%)
[222056.181s][info][gc] GC(767) Garbage Collection (Proactive) 6M(38%)->6M(38%)
[222356.282s][info][gc] GC(768) Garbage Collection (Proactive) 6M(38%)->6M(38%)
[222656.385s][info][gc] GC(769) Garbage Collection (Proactive) 6M(38%)->6M(38%)
[222956.492s][info][gc] GC(770) Garbage Collection (Proactive) 6M(38%)->6M(38%)
[223256.581s][info][gc] GC(771) Garbage Collection (Proactive) 6M(38%)->6M(38%)
[223556.589s][info][gc] GC(772) Garbage Collection (Proactive) 6M(38%)->6M(38%)
[223856.692s][info][gc] GC(773) Garbage Collection (Proactive) 6M(38%)->6M(38%)
[224156.785s][info][gc] GC(774) Garbage Collection (Proactive) 6M(38%)->6M(38%)
[224456.900s][info][gc] GC(775) Garbage Collection (Proactive) 6M(38%)->6M(38%)
[224756.993s][info][gc] GC(776) Garbage Collection (Proactive) 6M(38%)->6M(38%)
[225057.090s][info][gc] GC(777) Garbage Collection (Proactive) 6M(38%)->6M(38%)
[225357.181s][info][gc] GC(778) Garbage Collection (Proactive) 6M(38%)->6M(38%)
[225657.285s][info][gc] GC(779) Garbage Collection (Proactive) 6M(38%)->6M(38%)
[225957.381s][info][gc] GC(780) Garbage Collection (Proactive) 6M(38%)->6M(38%)
[226257.484s][info][gc] GC(781) Garbage Collection (Proactive) 6M(38%)->6M(38%)
[226557.582s][info][gc] GC(782) Garbage Collection (Proactive) 6M(38%)->6M(38%)
[226857.685s][info][gc] GC(783) Garbage Collection (Proactive) 6M(38%)->6M(38%)
[227157.782s][info][gc] GC(784) Garbage Collection (Proactive) 6M(38%)->6M(38%)
[227457.789s][info][gc] GC(785) Garbage Collection (Proactive) 6M(38%)->6M(38%)
[227757.886s][info][gc] GC(786) Garbage Collection (Proactive) 6M(38%)->6M(38%)
[228057.990s][info][gc] GC(787) Garbage Collection (Proactive) 6M(38%)->6M(38%)
[228358.102s][info][gc] GC(788) Garbage Collection (Proactive) 6M(38%)->6M(38%)
[228658.186s][info][gc] GC(789) Garbage Collection (Proactive) 6M(38%)->6M(38%)
[228958.288s][info][gc] GC(790) Garbage Collection (Proactive) 6M(38%)->6M(38%)
[229258.382s][info][gc] GC(791) Garbage Collection (Proactive) 6M(38%)->6M(38%)
[229558.486s][info][gc] GC(792) Garbage Collection (Proactive) 6M(38%)->6M(38%)
[229858.581s][info][gc] GC(793) Garbage Collection (Proactive) 6M(38%)->6M(38%)
[230158.683s][info][gc] GC(794) Garbage Collection (Proactive) 6M(38%)->6M(38%)
[230458.690s][info][gc] GC(795) Garbage Collection (Proactive) 6M(38%)->6M(38%)
[230758.781s][info][gc] GC(796) Garbage Collection (Proactive) 6M(38%)->6M(38%)
[231058.790s][info][gc] GC(797) Garbage Collection (Proactive) 6M(38%)->6M(38%)
[231358.885s][info][gc] GC(798) Garbage Collection (Proactive) 6M(38%)->6M(38%)
[231658.981s][info][gc] GC(799) Garbage Collection (Proactive) 6M(38%)->6M(38%)
[231959.090s][info][gc] GC(800) Garbage Collection (Proactive) 6M(38%)->6M(38%)
[232259.181s][info][gc] GC(801) Garbage Collection (Proactive) 6M(38%)->6M(38%)
[232559.290s][info][gc] GC(802) Garbage Collection (Proactive) 6M(38%)->6M(38%)
[232859.391s][info][gc] GC(803) Garbage Collection (Proactive) 6M(38%)->6M(38%)
[233159.490s][info][gc] GC(804) Garbage Collection (Proactive) 6M(38%)->6M(38%)
[233459.581s][info][gc] GC(805) Garbage Collection (Proactive) 6M(38%)->6M(38%)
[233759.589s][info][gc] GC(806) Garbage Collection (Proactive) 6M(38%)->6M(38%)
[234059.689s][info][gc] GC(807) Garbage Collection (Proactive) 6M(38%)->6M(38%)
[234359.781s][info][gc] GC(808) Garbage Collection (Proactive) 6M(38%)->6M(38%)
[234659.789s][info][gc] GC(809) Garbage Collection (Proactive) 6M(38%)->6M(38%)
[234959.887s][info][gc] GC(810) Garbage Collection (Proactive) 6M(38%)->6M(38%)
[235259.981s][info][gc] GC(811) Garbage Collection (Proactive) 6M(38%)->6M(38%)
[235560.090s][info][gc] GC(812) Garbage Collection (Proactive) 6M(38%)->6M(38%)
[235860.181s][info][gc] GC(813) Garbage Collection (Proactive) 6M(38%)->6M(38%)
[236160.296s][info][gc] GC(814) Garbage Collection (Proactive) 6M(38%)->6M(38%)
[236460.390s][info][gc] GC(815) Garbage Collection (Proactive) 6M(38%)->6M(38%)
[236760.480s][info][gc] GC(816) Garbage Collection (Proactive) 6M(38%)->6M(38%)
[237060.581s][info][gc] GC(817) Garbage Collection (Proactive) 6M(38%)->6M(38%)
[237360.685s][info][gc] GC(818) Garbage Collection (Proactive) 6M(38%)->6M(38%)
[237660.782s][info][gc] GC(819) Garbage Collection (Proactive) 6M(38%)->6M(38%)
[237960.886s][info][gc] GC(820) Garbage Collection (Proactive) 6M(38%)->6M(38%)
[238260.981s][info][gc] GC(821) Garbage Collection (Proactive) 6M(38%)->6M(38%)
[238561.085s][info][gc] GC(822) Garbage Collection (Proactive) 6M(38%)->6M(38%)
[238861.183s][info][gc] GC(823) Garbage Collection (Proactive) 6M(38%)->6M(38%)
[239161.301s][info][gc] GC(824) Garbage Collection (Proactive) 6M(38%)->6M(38%)
[239461.381s][info][gc] GC(825) Garbage Collection (Proactive) 6M(38%)->6M(38%)
[239761.483s][info][gc] GC(826) Garbage Collection (Proactive) 6M(38%)->6M(38%)
[240061.582s][info][gc] GC(827) Garbage Collection (Proactive) 6M(38%)->6M(38%)
[240361.683s][info][gc] GC(828) Garbage Collection (Proactive) 6M(38%)->6M(38%)
[240661.781s][info][gc] GC(829) Garbage Collection (Proactive) 6M(38%)->6M(38%)
[240961.888s][info][gc] GC(830) Garbage Collection (Proactive) 6M(38%)->6M(38%)
[241261.981s][info][gc] GC(831) Garbage Collection (Proactive) 6M(38%)->6M(38%)
[241562.085s][info][gc] GC(832) Garbage Collection (Proactive) 6M(38%)->6M(38%)
[241862.189s][info][gc] GC(833) Garbage Collection (Proactive) 6M(38%)->6M(38%)
[242162.290s][info][gc] GC(834) Garbage Collection (Proactive) 6M(38%)->6M(38%)
[242462.385s][info][gc] GC(835) Garbage Collection (Proactive) 6M(38%)->6M(38%)
[242762.486s][info][gc] GC(836) Garbage Collection (Proactive) 6M(38%)->6M(38%)
[243062.589s][info][gc] GC(837) Garbage Collection (Proactive) 6M(38%)->6M(38%)
[243362.702s][info][gc] GC(838) Garbage Collection (Proactive) 6M(38%)->6M(38%)
[243662.782s][info][gc] GC(839) Garbage Collection (Proactive) 6M(38%)->6M(38%)
[243962.905s][info][gc] GC(840) Garbage Collection (Proactive) 6M(38%)->6M(38%)
[244262.982s][info][gc] GC(841) Garbage Collection (Proactive) 6M(38%)->6M(38%)
[244563.088s][info][gc] GC(842) Garbage Collection (Proactive) 6M(38%)->6M(38%)
[244863.186s][info][gc] GC(843) Garbage Collection (Proactive) 6M(38%)->6M(38%)
[245163.285s][info][gc] GC(844) Garbage Collection (Proactive) 6M(38%)->6M(38%)
[245463.388s][info][gc] GC(845) Garbage Collection (Proactive) 6M(38%)->6M(38%)
[245763.485s][info][gc] GC(846) Garbage Collection (Proactive) 6M(38%)->6M(38%)
[246063.584s][info][gc] GC(847) Garbage Collection (Proactive) 6M(38%)->6M(38%)
[246363.688s][info][gc] GC(848) Garbage Collection (Proactive) 6M(38%)->6M(38%)
[246663.785s][info][gc] GC(849) Garbage Collection (Proactive) 6M(38%)->6M(38%)
[246963.882s][info][gc] GC(850) Garbage Collection (Proactive) 6M(38%)->6M(38%)
[247263.981s][info][gc] GC(851) Garbage Collection (Proactive) 6M(38%)->6M(38%)
[247564.081s][info][gc] GC(852) Garbage Collection (Proactive) 6M(38%)->6M(38%)
[247864.184s][info][gc] GC(853) Garbage Collection (Proactive) 6M(38%)->6M(38%)
[248164.280s][info][gc] GC(854) Garbage Collection (Proactive) 6M(38%)->6M(38%)
[248464.381s][info][gc] GC(855) Garbage Collection (Proactive) 6M(38%)->6M(38%)
[248764.482s][info][gc] GC(856) Garbage Collection (Proactive) 6M(38%)->6M(38%)
[249064.598s][info][gc] GC(857) Garbage Collection (Proactive) 6M(38%)->6M(38%)
[249364.685s][info][gc] GC(858) Garbage Collection (Proactive) 6M(38%)->6M(38%)
[249664.782s][info][gc] GC(859) Garbage Collection (Proactive) 6M(38%)->6M(38%)
[249964.906s][info][gc] GC(860) Garbage Collection (Proactive) 6M(38%)->6M(38%)
[250264.982s][info][gc] GC(861) Garbage Collection (Proactive) 6M(38%)->6M(38%)
[250565.122s][info][gc] GC(862) Garbage Collection (Proactive) 6M(38%)->6M(38%)
[250865.192s][info][gc] GC(863) Garbage Collection (Proactive) 6M(38%)->6M(38%)
[251165.286s][info][gc] GC(864) Garbage Collection (Proactive) 6M(38%)->6M(38%)
[251465.404s][info][gc] GC(865) Garbage Collection (Proactive) 6M(38%)->6M(38%)
[251765.489s][info][gc] GC(866) Garbage Collection (Proactive) 6M(38%)->6M(38%)
[252065.590s][info][gc] GC(867) Garbage Collection (Proactive) 6M(38%)->6M(38%)
[252365.683s][info][gc] GC(868) Garbage Collection (Proactive) 6M(38%)->6M(38%)
[252665.805s][info][gc] GC(869) Garbage Collection (Proactive) 6M(38%)->6M(38%)
[252965.884s][info][gc] GC(870) Garbage Collection (Proactive) 6M(38%)->6M(38%)
[253265.985s][info][gc] GC(871) Garbage Collection (Proactive) 6M(38%)->6M(38%)
[253566.126s][info][gc] GC(872) Garbage Collection (Proactive) 6M(38%)->6M(38%)
[253866.189s][info][gc] GC(873) Garbage Collection (Proactive) 6M(38%)->6M(38%)
[254166.308s][info][gc] GC(874) Garbage Collection (Proactive) 6M(38%)->6M(38%)
[254466.384s][info][gc] GC(875) Garbage Collection (Proactive) 6M(38%)->6M(38%)
[254766.520s][info][gc] GC(876) Garbage Collection (Proactive) 6M(38%)->6M(38%)
[255066.582s][info][gc] GC(877) Garbage Collection (Proactive) 6M(38%)->6M(38%)
[255366.687s][info][gc] GC(878) Garbage Collection (Proactive) 6M(38%)->6M(38%)
[255666.812s][info][gc] GC(879) Garbage Collection (Proactive) 6M(38%)->6M(38%)
[255966.891s][info][gc] GC(880) Garbage Collection (Proactive) 6M(38%)->6M(38%)
[256266.981s][info][gc] GC(881) Garbage Collection (Proactive) 6M(38%)->6M(38%)
[256567.085s][info][gc] GC(882) Garbage Collection (Proactive) 6M(38%)->6M(38%)
[256867.196s][info][gc] GC(883) Garbage Collection (Proactive) 6M(38%)->6M(38%)
[257167.293s][info][gc] GC(884) Garbage Collection (Proactive) 6M(38%)->6M(38%)
[257467.388s][info][gc] GC(885) Garbage Collection (Proactive) 6M(38%)->6M(38%)
[257767.486s][info][gc] GC(886) Garbage Collection (Proactive) 6M(38%)->6M(38%)
[258067.601s][info][gc] GC(887) Garbage Collection (Proactive) 6M(38%)->6M(38%)
[258367.690s][info][gc] GC(888) Garbage Collection (Proactive) 6M(38%)->6M(38%)
[258667.781s][info][gc] GC(889) Garbage Collection (Proactive) 6M(38%)->6M(38%)
[258967.796s][info][gc] GC(890) Garbage Collection (Proactive) 6M(38%)->6M(38%)
[259267.890s][info][gc] GC(891) Garbage Collection (Proactive) 6M(38%)->6M(38%)
[259567.984s][info][gc] GC(892) Garbage Collection (Proactive) 6M(38%)->6M(38%)
[259868.091s][info][gc] GC(893) Garbage Collection (Proactive) 6M(38%)->6M(38%)
[260168.181s][info][gc] GC(894) Garbage Collection (Proactive) 6M(38%)->6M(38%)
[260468.190s][info][gc] GC(895) Garbage Collection (Proactive) 6M(38%)->6M(38%)
[260768.324s][info][gc] GC(896) Garbage Collection (Proactive) 6M(38%)->6M(38%)
[261068.386s][info][gc] GC(897) Garbage Collection (Proactive) 6M(38%)->6M(38%)
[261368.492s][info][gc] GC(898) Garbage Collection (Proactive) 6M(38%)->6M(38%)
[261668.581s][info][gc] GC(899) Garbage Collection (Proactive) 6M(38%)->6M(38%)
[261968.687s][info][gc] GC(900) Garbage Collection (Proactive) 6M(38%)->6M(38%)
[262268.788s][info][gc] GC(901) Garbage Collection (Proactive) 6M(38%)->6M(38%)
[262568.885s][info][gc] GC(902) Garbage Collection (Proactive) 6M(38%)->6M(38%)
[262868.989s][info][gc] GC(903) Garbage Collection (Proactive) 6M(38%)->6M(38%)
[263169.083s][info][gc] GC(904) Garbage Collection (Proactive) 6M(38%)->6M(38%)
[263469.188s][info][gc] GC(905) Garbage Collection (Proactive) 6M(38%)->6M(38%)
[263769.284s][info][gc] GC(906) Garbage Collection (Proactive) 6M(38%)->6M(38%)
[264069.381s][info][gc] GC(907) Garbage Collection (Proactive) 6M(38%)->6M(38%)
[264369.486s][info][gc] GC(908) Garbage Collection (Proactive) 6M(38%)->6M(38%)
[264669.587s][info][gc] GC(909) Garbage Collection (Proactive) 6M(38%)->6M(38%)
[264969.693s][info][gc] GC(910) Garbage Collection (Proactive) 6M(38%)->6M(38%)
[265269.791s][info][gc] GC(911) Garbage Collection (Proactive) 6M(38%)->6M(38%)
[265569.887s][info][gc] GC(912) Garbage Collection (Proactive) 6M(38%)->6M(38%)
[265869.888s][info][gc] GC(913) Garbage Collection (Proactive) 6M(38%)->6M(38%)
[266169.983s][info][gc] GC(914) Garbage Collection (Proactive) 6M(38%)->6M(38%)
[266470.092s][info][gc] GC(915) Garbage Collection (Proactive) 6M(38%)->6M(38%)
[266770.190s][info][gc] GC(916) Garbage Collection (Proactive) 6M(38%)->6M(38%)
[267070.296s][info][gc] GC(917) Garbage Collection (Proactive) 6M(38%)->6M(38%)
[267370.383s][info][gc] GC(918) Garbage Collection (Proactive) 6M(38%)->6M(38%)
[267670.485s][info][gc] GC(919) Garbage Collection (Proactive) 6M(38%)->6M(38%)
[267970.584s][info][gc] GC(920) Garbage Collection (Proactive) 6M(38%)->6M(38%)
[268270.690s][info][gc] GC(921) Garbage Collection (Proactive) 6M(38%)->6M(38%)
[268570.788s][info][gc] GC(922) Garbage Collection (Proactive) 6M(38%)->6M(38%)
[268870.885s][info][gc] GC(923) Garbage Collection (Proactive) 6M(38%)->6M(38%)
[269170.994s][info][gc] GC(924) Garbage Collection (Proactive) 6M(38%)->6M(38%)
[269471.084s][info][gc] GC(925) Garbage Collection (Proactive) 6M(38%)->6M(38%)
[269771.101s][info][gc] GC(926) Garbage Collection (Proactive) 6M(38%)->6M(38%)
[270071.191s][info][gc] GC(927) Garbage Collection (Proactive) 6M(38%)->6M(38%)
[270371.296s][info][gc] GC(928) Garbage Collection (Proactive) 6M(38%)->6M(38%)
[270671.381s][info][gc] GC(929) Garbage Collection (Proactive) 6M(38%)->6M(38%)
[270971.492s][info][gc] GC(930) Garbage Collection (Proactive) 6M(38%)->6M(38%)
[271271.603s][info][gc] GC(931) Garbage Collection (Proactive) 6M(38%)->6M(38%)
[271571.685s][info][gc] GC(932) Garbage Collection (Proactive) 6M(38%)->6M(38%)
[271871.787s][info][gc] GC(933) Garbage Collection (Proactive) 6M(38%)->6M(38%)
[272171.913s][info][gc] GC(934) Garbage Collection (Proactive) 6M(38%)->6M(38%)
[272471.988s][info][gc] GC(935) Garbage Collection (Proactive) 6M(38%)->6M(38%)
[272772.085s][info][gc] GC(936) Garbage Collection (Proactive) 6M(38%)->6M(38%)
[273072.190s][info][gc] GC(937) Garbage Collection (Proactive) 6M(38%)->6M(38%)
[273372.296s][info][gc] GC(938) Garbage Collection (Proactive) 6M(38%)->6M(38%)
[273672.381s][info][gc] GC(939) Garbage Collection (Proactive) 6M(38%)->6M(38%)
[273972.389s][info][gc] GC(940) Garbage Collection (Proactive) 6M(38%)->6M(38%)
[274272.489s][info][gc] GC(941) Garbage Collection (Proactive) 6M(38%)->6M(38%)
[274572.586s][info][gc] GC(942) Garbage Collection (Proactive) 6M(38%)->6M(38%)
[274872.691s][info][gc] GC(943) Garbage Collection (Proactive) 6M(38%)->6M(38%)
[275172.788s][info][gc] GC(944) Garbage Collection (Proactive) 6M(38%)->6M(38%)
[275472.896s][info][gc] GC(945) Garbage Collection (Proactive) 6M(38%)->6M(38%)
[275772.991s][info][gc] GC(946) Garbage Collection (Proactive) 6M(38%)->6M(38%)
[276073.090s][info][gc] GC(947) Garbage Collection (Proactive) 6M(38%)->6M(38%)
[276373.186s][info][gc] GC(948) Garbage Collection (Proactive) 6M(38%)->6M(38%)
[276673.286s][info][gc] GC(949) Garbage Collection (Proactive) 6M(38%)->6M(38%)
[276973.391s][info][gc] GC(950) Garbage Collection (Proactive) 6M(38%)->6M(38%)
[277273.506s][info][gc] GC(951) Garbage Collection (Proactive) 6M(38%)->6M(38%)
[277573.583s][info][gc] GC(952) Garbage Collection (Proactive) 6M(38%)->6M(38%)
[277873.690s][info][gc] GC(953) Garbage Collection (Proactive) 6M(38%)->6M(38%)
[278173.784s][info][gc] GC(954) Garbage Collection (Proactive) 6M(38%)->6M(38%)
[278473.892s][info][gc] GC(955) Garbage Collection (Proactive) 6M(38%)->6M(38%)
[278773.999s][info][gc] GC(956) Garbage Collection (Proactive) 6M(38%)->6M(38%)
[279074.087s][info][gc] GC(957) Garbage Collection (Proactive) 6M(38%)->6M(38%)
[279374.181s][info][gc] GC(958) Garbage Collection (Proactive) 6M(38%)->6M(38%)
[279674.189s][info][gc] GC(959) Garbage Collection (Proactive) 6M(38%)->6M(38%)
[279974.290s][info][gc] GC(960) Garbage Collection (Proactive) 6M(38%)->6M(38%)
[280274.383s][info][gc] GC(961) Garbage Collection (Proactive) 6M(38%)->6M(38%)
[280574.490s][info][gc] GC(962) Garbage Collection (Proactive) 6M(38%)->6M(38%)
[280874.588s][info][gc] GC(963) Garbage Collection (Proactive) 6M(38%)->6M(38%)
[281174.700s][info][gc] GC(964) Garbage Collection (Proactive) 6M(38%)->6M(38%)
[281474.795s][info][gc] GC(965) Garbage Collection (Proactive) 6M(38%)->6M(38%)
[281774.885s][info][gc] GC(966) Garbage Collection (Proactive) 6M(38%)->6M(38%)
[282074.895s][info][gc] GC(967) Garbage Collection (Proactive) 6M(38%)->6M(38%)
[282374.997s][info][gc] GC(968) Garbage Collection (Proactive) 6M(38%)->6M(38%)
[282675.090s][info][gc] GC(969) Garbage Collection (Proactive) 6M(38%)->6M(38%)
[282975.199s][info][gc] GC(970) Garbage Collection (Proactive) 6M(38%)->6M(38%)
[283275.293s][info][gc] GC(971) Garbage Collection (Proactive) 6M(38%)->6M(38%)
[283575.382s][info][gc] GC(972) Garbage Collection (Proactive) 6M(38%)->6M(38%)
[283875.505s][info][gc] GC(973) Garbage Collection (Proactive) 6M(38%)->6M(38%)
[284175.604s][info][gc] GC(974) Garbage Collection (Proactive) 6M(38%)->6M(38%)
[284475.690s][info][gc] GC(975) Garbage Collection (Proactive) 6M(38%)->6M(38%)
[284775.808s][info][gc] GC(976) Garbage Collection (Proactive) 6M(38%)->6M(38%)
[285075.888s][info][gc] GC(977) Garbage Collection (Proactive) 6M(38%)->6M(38%)
[285375.987s][info][gc] GC(978) Garbage Collection (Proactive) 6M(38%)->6M(38%)
[285676.081s][info][gc] GC(979) Garbage Collection (Proactive) 6M(38%)->6M(38%)
[285976.096s][info][gc] GC(980) Garbage Collection (Proactive) 6M(38%)->6M(38%)
[286276.196s][info][gc] GC(981) Garbage Collection (Proactive) 6M(38%)->6M(38%)
[286576.309s][info][gc] GC(982) Garbage Collection (Proactive) 6M(38%)->6M(38%)
[286876.384s][info][gc] GC(983) Garbage Collection (Proactive) 6M(38%)->6M(38%)
[287176.483s][info][gc] GC(984) Garbage Collection (Proactive) 6M(38%)->6M(38%)
[287476.584s][info][gc] GC(985) Garbage Collection (Proactive) 6M(38%)->6M(38%)
[287776.723s][info][gc] GC(986) Garbage Collection (Proactive) 6M(38%)->6M(38%)
[288076.787s][info][gc] GC(987) Garbage Collection (Proactive) 6M(38%)->6M(38%)
[288376.891s][info][gc] GC(988) Garbage Collection (Proactive) 6M(38%)->6M(38%)
[288676.993s][info][gc] GC(989) Garbage Collection (Proactive) 6M(38%)->6M(38%)
[288977.117s][info][gc] GC(990) Garbage Collection (Proactive) 6M(38%)->6M(38%)
[289277.190s][info][gc] GC(991) Garbage Collection (Proactive) 6M(38%)->6M(38%)
[289577.284s][info][gc] GC(992) Garbage Collection (Proactive) 6M(38%)->6M(38%)
[289877.386s][info][gc] GC(993) Garbage Collection (Proactive) 6M(38%)->6M(38%)
[290177.515s][info][gc] GC(994) Garbage Collection (Proactive) 6M(38%)->6M(38%)
[290477.590s][info][gc] GC(995) Garbage Collection (Proactive) 6M(38%)->6M(38%)
[290777.721s][info][gc] GC(996) Garbage Collection (Proactive) 6M(38%)->6M(38%)
[291077.785s][info][gc] GC(997) Garbage Collection (Proactive) 6M(38%)->6M(38%)
[291377.905s][info][gc] GC(998) Garbage Collection (Proactive) 6M(38%)->6M(38%)
[291677.989s][info][gc] GC(999) Garbage Collection (Proactive) 6M(38%)->6M(38%)
[291978.140s][info][gc] GC(1000) Garbage Collection (Proactive) 6M(38%)->6M(38%)
[292278.196s][info][gc] GC(1001) Garbage Collection (Proactive) 6M(38%)->6M(38%)
[292578.292s][info][gc] GC(1002) Garbage Collection (Proactive) 6M(38%)->6M(38%)
[292878.385s][info][gc] GC(1003) Garbage Collection (Proactive) 6M(38%)->6M(38%)
[293178.489s][info][gc] GC(1004) Garbage Collection (Proactive) 6M(38%)->6M(38%)
[293478.609s][info][gc] GC(1005) Garbage Collection (Proactive) 6M(38%)->6M(38%)
[293778.689s][info][gc] GC(1006) Garbage Collection (Proactive) 6M(38%)->6M(38%)
[294078.783s][info][gc] GC(1007) Garbage Collection (Proactive) 6M(38%)->6M(38%)
[294378.955s][info][gc] GC(1008) Garbage Collection (Proactive) 6M(38%)->6M(38%)
[294678.987s][info][gc] GC(1009) Garbage Collection (Proactive) 6M(38%)->6M(38%)
[294979.087s][info][gc] GC(1010) Garbage Collection (Proactive) 6M(38%)->6M(38%)
[295279.184s][info][gc] GC(1011) Garbage Collection (Proactive) 6M(38%)->6M(38%)
[295579.287s][info][gc] GC(1012) Garbage Collection (Proactive) 6M(38%)->6M(38%)
[295879.396s][info][gc] GC(1013) Garbage Collection (Proactive) 6M(38%)->6M(38%)
[296179.494s][info][gc] GC(1014) Garbage Collection (Proactive) 6M(38%)->6M(38%)
[296479.582s][info][gc] GC(1015) Garbage Collection (Proactive) 6M(38%)->6M(38%)
[296779.694s][info][gc] GC(1016) Garbage Collection (Proactive) 6M(38%)->6M(38%)
[297079.797s][info][gc] GC(1017) Garbage Collection (Proactive) 6M(38%)->6M(38%)
[297379.896s][info][gc] GC(1018) Garbage Collection (Proactive) 6M(38%)->6M(38%)
[297679.991s][info][gc] GC(1019) Garbage Collection (Proactive) 6M(38%)->6M(38%)
[297980.092s][info][gc] GC(1020) Garbage Collection (Proactive) 6M(38%)->6M(38%)
[298280.193s][info][gc] GC(1021) Garbage Collection (Proactive) 6M(38%)->6M(38%)
[298580.295s][info][gc] GC(1022) Garbage Collection (Proactive) 6M(38%)->6M(38%)
[298880.383s][info][gc] GC(1023) Garbage Collection (Proactive) 6M(38%)->6M(38%)
[299180.524s][info][gc] GC(1024) Garbage Collection (Proactive) 6M(38%)->6M(38%)
[299480.588s][info][gc] GC(1025) Garbage Collection (Proactive) 6M(38%)->6M(38%)
[299780.692s][info][gc] GC(1026) Garbage Collection (Proactive) 6M(38%)->6M(38%)
[300080.792s][info][gc] GC(1027) Garbage Collection (Proactive) 6M(38%)->6M(38%)
[300380.918s][info][gc] GC(1028) Garbage Collection (Proactive) 6M(38%)->6M(38%)
[300680.987s][info][gc] GC(1029) Garbage Collection (Proactive) 6M(38%)->6M(38%)
[300981.091s][info][gc] GC(1030) Garbage Collection (Proactive) 6M(38%)->6M(38%)
[301281.221s][info][gc] GC(1031) Garbage Collection (Proactive) 6M(38%)->6M(38%)
[301581.292s][info][gc] GC(1032) Garbage Collection (Proactive) 6M(38%)->6M(38%)
[301881.384s][info][gc] GC(1033) Garbage Collection (Proactive) 6M(38%)->6M(38%)
[302181.494s][info][gc] GC(1034) Garbage Collection (Proactive) 6M(38%)->6M(38%)
[302481.584s][info][gc] GC(1035) Garbage Collection (Proactive) 6M(38%)->6M(38%)
[302781.594s][info][gc] GC(1036) Garbage Collection (Proactive) 6M(38%)->6M(38%)
[303081.684s][info][gc] GC(1037) Garbage Collection (Proactive) 6M(38%)->6M(38%)
[303381.781s][info][gc] GC(1038) Garbage Collection (Proactive) 6M(38%)->6M(38%)
[303681.790s][info][gc] GC(1039) Garbage Collection (Proactive) 6M(38%)->6M(38%)
[303981.889s][info][gc] GC(1040) Garbage Collection (Proactive) 6M(38%)->6M(38%)
[304281.981s][info][gc] GC(1041) Garbage Collection (Proactive) 6M(38%)->6M(38%)
[304582.090s][info][gc] GC(1042) Garbage Collection (Proactive) 6M(38%)->6M(38%)
[304882.191s][info][gc] GC(1043) Garbage Collection (Proactive) 6M(38%)->6M(38%)
[305182.289s][info][gc] GC(1044) Garbage Collection (Proactive) 6M(38%)->6M(38%)
[305482.389s][info][gc] GC(1045) Garbage Collection (Proactive) 6M(38%)->6M(38%)
[305782.496s][info][gc] GC(1046) Garbage Collection (Proactive) 6M(38%)->6M(38%)
[306082.585s][info][gc] GC(1047) Garbage Collection (Proactive) 6M(38%)->6M(38%)
[306382.685s][info][gc] GC(1048) Garbage Collection (Proactive) 6M(38%)->6M(38%)
[306682.781s][info][gc] GC(1049) Garbage Collection (Proactive) 6M(38%)->6M(38%)
[306982.890s][info][gc] GC(1050) Garbage Collection (Proactive) 6M(38%)->6M(38%)
[307282.981s][info][gc] GC(1051) Garbage Collection (Proactive) 6M(38%)->6M(38%)
[307582.996s][info][gc] GC(1052) Garbage Collection (Proactive) 6M(38%)->6M(38%)
[307883.089s][info][gc] GC(1053) Garbage Collection (Proactive) 6M(38%)->6M(38%)
[308183.187s][info][gc] GC(1054) Garbage Collection (Proactive) 6M(38%)->6M(38%)
[308483.189s][info][gc] GC(1055) Garbage Collection (Proactive) 6M(38%)->6M(38%)
[308783.317s][info][gc] GC(1056) Garbage Collection (Proactive) 6M(38%)->6M(38%)
[309083.382s][info][gc] GC(1057) Garbage Collection (Proactive) 6M(38%)->6M(38%)
[309383.492s][info][gc] GC(1058) Garbage Collection (Proactive) 6M(38%)->6M(38%)
[309683.581s][info][gc] GC(1059) Garbage Collection (Proactive) 6M(38%)->6M(38%)
[309983.595s][info][gc] GC(1060) Garbage Collection (Proactive) 6M(38%)->6M(38%)
[310283.686s][info][gc] GC(1061) Garbage Collection (Proactive) 6M(38%)->6M(38%)
[310583.788s][info][gc] GC(1062) Garbage Collection (Proactive) 6M(38%)->6M(38%)
[310883.890s][info][gc] GC(1063) Garbage Collection (Proactive) 6M(38%)->6M(38%)
[311184.015s][info][gc] GC(1064) Garbage Collection (Proactive) 6M(38%)->6M(38%)
[311484.107s][info][gc] GC(1065) Garbage Collection (Proactive) 6M(38%)->6M(38%)
[311784.185s][info][gc] GC(1066) Garbage Collection (Proactive) 6M(38%)->6M(38%)
[312084.285s][info][gc] GC(1067) Garbage Collection (Proactive) 6M(38%)->6M(38%)
[312384.386s][info][gc] GC(1068) Garbage Collection (Proactive) 6M(38%)->6M(38%)
[312684.490s][info][gc] GC(1069) Garbage Collection (Proactive) 6M(38%)->6M(38%)
[312984.584s][info][gc] GC(1070) Garbage Collection (Proactive) 6M(38%)->6M(38%)
[313284.711s][info][gc] GC(1071) Garbage Collection (Proactive) 6M(38%)->6M(38%)
[313584.786s][info][gc] GC(1072) Garbage Collection (Proactive) 6M(38%)->6M(38%)
[313884.889s][info][gc] GC(1073) Garbage Collection (Proactive) 6M(38%)->6M(38%)
[314184.984s][info][gc] GC(1074) Garbage Collection (Proactive) 6M(38%)->6M(38%)
[314485.086s][info][gc] GC(1075) Garbage Collection (Proactive) 6M(38%)->6M(38%)
[314785.191s][info][gc] GC(1076) Garbage Collection (Proactive) 6M(38%)->6M(38%)
[315085.281s][info][gc] GC(1077) Garbage Collection (Proactive) 6M(38%)->6M(38%)
[315385.384s][info][gc] GC(1078) Garbage Collection (Proactive) 6M(38%)->6M(38%)
[315685.496s][info][gc] GC(1079) Garbage Collection (Proactive) 6M(38%)->6M(38%)
[315985.607s][info][gc] GC(1080) Garbage Collection (Proactive) 6M(38%)->6M(38%)
[316285.693s][info][gc] GC(1081) Garbage Collection (Proactive) 6M(38%)->6M(38%)
[316585.783s][info][gc] GC(1082) Garbage Collection (Proactive) 6M(38%)->6M(38%)
[316885.885s][info][gc] GC(1083) Garbage Collection (Proactive) 6M(38%)->6M(38%)
[317185.984s][info][gc] GC(1084) Garbage Collection (Proactive) 6M(38%)->6M(38%)
[317486.110s][info][gc] GC(1085) Garbage Collection (Proactive) 6M(38%)->6M(38%)
[317786.191s][info][gc] GC(1086) Garbage Collection (Proactive) 6M(38%)->6M(38%)
[318086.298s][info][gc] GC(1087) Garbage Collection (Proactive) 6M(38%)->6M(38%)
[318386.383s][info][gc] GC(1088) Garbage Collection (Proactive) 6M(38%)->6M(38%)
[318686.504s][info][gc] GC(1089) Garbage Collection (Proactive) 6M(38%)->6M(38%)
[318986.587s][info][gc] GC(1090) Garbage Collection (Proactive) 6M(38%)->6M(38%)
[319286.702s][info][gc] GC(1091) Garbage Collection (Proactive) 6M(38%)->6M(38%)
[319586.785s][info][gc] GC(1092) Garbage Collection (Proactive) 6M(38%)->6M(38%)
[319886.891s][info][gc] GC(1093) Garbage Collection (Proactive) 6M(38%)->6M(38%)
[320186.992s][info][gc] GC(1094) Garbage Collection (Proactive) 6M(38%)->6M(38%)
[320487.129s][info][gc] GC(1095) Garbage Collection (Proactive) 6M(38%)->6M(38%)
[320491.290s][info][gc] GC(1096) Garbage Collection (Proactive) 8M(50%)->6M(38%)
[320791.396s][info][gc] GC(1097) Garbage Collection (Proactive) 6M(38%)->6M(38%)
[321091.488s][info][gc] GC(1098) Garbage Collection (Proactive) 6M(38%)->6M(38%)
[321391.583s][info][gc] GC(1099) Garbage Collection (Proactive) 6M(38%)->6M(38%)
[321691.728s][info][gc] GC(1100) Garbage Collection (Proactive) 6M(38%)->6M(38%)
[321991.783s][info][gc] GC(1101) Garbage Collection (Proactive) 6M(38%)->6M(38%)
[322291.794s][info][gc] GC(1102) Garbage Collection (Proactive) 6M(38%)->6M(38%)
[322591.888s][info][gc] GC(1103) Garbage Collection (Proactive) 6M(38%)->6M(38%)
[322891.997s][info][gc] GC(1104) Garbage Collection (Proactive) 6M(38%)->6M(38%)
[323192.085s][info][gc] GC(1105) Garbage Collection (Proactive) 6M(38%)->6M(38%)
[323492.338s][info][gc] GC(1106) Garbage Collection (Proactive) 6M(38%)->6M(38%)
[323792.408s][info][gc] GC(1107) Garbage Collection (Proactive) 6M(38%)->6M(38%)
[324092.528s][info][gc] GC(1108) Garbage Collection (Proactive) 6M(38%)->6M(38%)
[324392.589s][info][gc] GC(1109) Garbage Collection (Proactive) 6M(38%)->6M(38%)
[324692.689s][info][gc] GC(1110) Garbage Collection (Proactive) 6M(38%)->6M(38%)
[324992.815s][info][gc] GC(1111) Garbage Collection (Proactive) 6M(38%)->6M(38%)
[325292.888s][info][gc] GC(1112) Garbage Collection (Proactive) 6M(38%)->6M(38%)
[325593.011s][info][gc] GC(1113) Garbage Collection (Proactive) 6M(38%)->6M(38%)
[325893.085s][info][gc] GC(1114) Garbage Collection (Proactive) 6M(38%)->6M(38%)
[326193.201s][info][gc] GC(1115) Garbage Collection (Proactive) 6M(38%)->6M(38%)
[326493.299s][info][gc] GC(1116) Garbage Collection (Proactive) 6M(38%)->6M(38%)
[326793.404s][info][gc] GC(1117) Garbage Collection (Proactive) 6M(38%)->6M(38%)
[327093.531s][info][gc] GC(1118) Garbage Collection (Proactive) 6M(38%)->6M(38%)
[327393.587s][info][gc] GC(1119) Garbage Collection (Proactive) 6M(38%)->6M(38%)
[327693.721s][info][gc] GC(1120) Garbage Collection (Proactive) 6M(38%)->6M(38%)
[327993.815s][info][gc] GC(1121) Garbage Collection (Proactive) 6M(38%)->6M(38%)
[328293.928s][info][gc] GC(1122) Garbage Collection (Proactive) 6M(38%)->6M(38%)
[328593.981s][info][gc] GC(1123) Garbage Collection (Proactive) 6M(38%)->6M(38%)
[328894.118s][info][gc] GC(1124) Garbage Collection (Proactive) 6M(38%)->6M(38%)
[329194.189s][info][gc] GC(1125) Garbage Collection (Proactive) 6M(38%)->6M(38%)
[329494.289s][info][gc] GC(1126) Garbage Collection (Proactive) 6M(38%)->6M(38%)
[329794.385s][info][gc] GC(1127) Garbage Collection (Proactive) 6M(38%)->6M(38%)
[330094.489s][info][gc] GC(1128) Garbage Collection (Proactive) 6M(38%)->6M(38%)
[330394.587s][info][gc] GC(1129) Garbage Collection (Proactive) 6M(38%)->6M(38%)
[330694.686s][info][gc] GC(1130) Garbage Collection (Proactive) 6M(38%)->6M(38%)
[330994.816s][info][gc] GC(1131) Garbage Collection (Proactive) 6M(38%)->6M(38%)
[331294.917s][info][gc] GC(1132) Garbage Collection (Proactive) 6M(38%)->6M(38%)
[331594.985s][info][gc] GC(1133) Garbage Collection (Proactive) 6M(38%)->6M(38%)
[331895.089s][info][gc] GC(1134) Garbage Collection (Proactive) 6M(38%)->6M(38%)
[332195.181s][info][gc] GC(1135) Garbage Collection (Proactive) 6M(38%)->6M(38%)
[332495.291s][info][gc] GC(1136) Garbage Collection (Proactive) 6M(38%)->6M(38%)
[332795.385s][info][gc] GC(1137) Garbage Collection (Proactive) 6M(38%)->6M(38%)
[333095.490s][info][gc] GC(1138) Garbage Collection (Proactive) 6M(38%)->6M(38%)
[333395.584s][info][gc] GC(1139) Garbage Collection (Proactive) 6M(38%)->6M(38%)
[333695.714s][info][gc] GC(1140) Garbage Collection (Proactive) 6M(38%)->6M(38%)
[333995.783s][info][gc] GC(1141) Garbage Collection (Proactive) 6M(38%)->6M(38%)
[334295.913s][info][gc] GC(1142) Garbage Collection (Proactive) 6M(38%)->6M(38%)
[334596.015s][info][gc] GC(1143) Garbage Collection (Proactive) 6M(38%)->6M(38%)
[334896.096s][info][gc] GC(1144) Garbage Collection (Proactive) 6M(38%)->6M(38%)
[335196.192s][info][gc] GC(1145) Garbage Collection (Proactive) 6M(38%)->6M(38%)
[335496.287s][info][gc] GC(1146) Garbage Collection (Proactive) 6M(38%)->6M(38%)
[335796.412s][info][gc] GC(1147) Garbage Collection (Proactive) 6M(38%)->6M(38%)
[336096.500s][info][gc] GC(1148) Garbage Collection (Proactive) 6M(38%)->6M(38%)
[336396.585s][info][gc] GC(1149) Garbage Collection (Proactive) 6M(38%)->6M(38%)
[336696.686s][info][gc] GC(1150) Garbage Collection (Proactive) 6M(38%)->6M(38%)
[336996.787s][info][gc] GC(1151) Garbage Collection (Proactive) 6M(38%)->6M(38%)
[337296.893s][info][gc] GC(1152) Garbage Collection (Proactive) 6M(38%)->6M(38%)
[337596.996s][info][gc] GC(1153) Garbage Collection (Proactive) 6M(38%)->6M(38%)
[337897.085s][info][gc] GC(1154) Garbage Collection (Proactive) 6M(38%)->6M(38%)
[338197.181s][info][gc] GC(1155) Garbage Collection (Proactive) 6M(38%)->6M(38%)
[338497.196s][info][gc] GC(1156) Garbage Collection (Proactive) 6M(38%)->6M(38%)
[338797.288s][info][gc] GC(1157) Garbage Collection (Proactive) 6M(38%)->6M(38%)
[339097.394s][info][gc] GC(1158) Garbage Collection (Proactive) 6M(38%)->6M(38%)
[339397.487s][info][gc] GC(1159) Garbage Collection (Proactive) 6M(38%)->6M(38%)
[339697.644s][info][gc] GC(1160) Garbage Collection (Proactive) 6M(38%)->6M(38%)
[339997.695s][info][gc] GC(1161) Garbage Collection (Proactive) 6M(38%)->6M(38%)
[340297.783s][info][gc] GC(1162) Garbage Collection (Proactive) 6M(38%)->6M(38%)
[340597.887s][info][gc] GC(1163) Garbage Collection (Proactive) 6M(38%)->6M(38%)
[340897.988s][info][gc] GC(1164) Garbage Collection (Proactive) 6M(38%)->6M(38%)
[341198.092s][info][gc] GC(1165) Garbage Collection (Proactive) 6M(38%)->6M(38%)
[341498.184s][info][gc] GC(1166) Garbage Collection (Proactive) 6M(38%)->6M(38%)
[341798.290s][info][gc] GC(1167) Garbage Collection (Proactive) 6M(38%)->6M(38%)
[342098.381s][info][gc] GC(1168) Garbage Collection (Proactive) 6M(38%)->6M(38%)
[342398.485s][info][gc] GC(1169) Garbage Collection (Proactive) 6M(38%)->6M(38%)
[342698.585s][info][gc] GC(1170) Garbage Collection (Proactive) 6M(38%)->6M(38%)
[342998.685s][info][gc] GC(1171) Garbage Collection (Proactive) 6M(38%)->6M(38%)
[343298.792s][info][gc] GC(1172) Garbage Collection (Proactive) 6M(38%)->6M(38%)
[343598.880s][info][gc] GC(1173) Garbage Collection (Proactive) 6M(38%)->6M(38%)
[343898.994s][info][gc] GC(1174) Garbage Collection (Proactive) 6M(38%)->6M(38%)
[344199.096s][info][gc] GC(1175) Garbage Collection (Proactive) 6M(38%)->6M(38%)
[344499.206s][info][gc] GC(1176) Garbage Collection (Proactive) 6M(38%)->6M(38%)
[344799.297s][info][gc] GC(1177) Garbage Collection (Proactive) 6M(38%)->6M(38%)
[345099.381s][info][gc] GC(1178) Garbage Collection (Proactive) 6M(38%)->6M(38%)
[345399.504s][info][gc] GC(1179) Garbage Collection (Proactive) 6M(38%)->6M(38%)
[345699.615s][info][gc] GC(1180) Garbage Collection (Proactive) 6M(38%)->6M(38%)
[345999.693s][info][gc] GC(1181) Garbage Collection (Proactive) 6M(38%)->6M(38%)
[346299.783s][info][gc] GC(1182) Garbage Collection (Proactive) 6M(38%)->6M(38%)
[346599.892s][info][gc] GC(1183) Garbage Collection (Proactive) 6M(38%)->6M(38%)
[346899.994s][info][gc] GC(1184) Garbage Collection (Proactive) 6M(38%)->6M(38%)
[347200.088s][info][gc] GC(1185) Garbage Collection (Proactive) 6M(38%)->6M(38%)
[347500.182s][info][gc] GC(1186) Garbage Collection (Proactive) 6M(38%)->6M(38%)
[347800.284s][info][gc] GC(1187) Garbage Collection (Proactive) 6M(38%)->6M(38%)
[348100.290s][info][gc] GC(1188) Garbage Collection (Proactive) 6M(38%)->6M(38%)
[348400.388s][info][gc] GC(1189) Garbage Collection (Proactive) 6M(38%)->6M(38%)
[348700.502s][info][gc] GC(1190) Garbage Collection (Proactive) 6M(38%)->6M(38%)
[349000.589s][info][gc] GC(1191) Garbage Collection (Proactive) 6M(38%)->6M(38%)
[349300.693s][info][gc] GC(1192) Garbage Collection (Proactive) 6M(38%)->6M(38%)
[349600.787s][info][gc] GC(1193) Garbage Collection (Proactive) 6M(38%)->6M(38%)
[349900.897s][info][gc] GC(1194) Garbage Collection (Proactive) 6M(38%)->6M(38%)
[350200.988s][info][gc] GC(1195) Garbage Collection (Proactive) 6M(38%)->6M(38%)
[350501.090s][info][gc] GC(1196) Garbage Collection (Proactive) 6M(38%)->6M(38%)
[350801.186s][info][gc] GC(1197) Garbage Collection (Proactive) 6M(38%)->6M(38%)
[351101.285s][info][gc] GC(1198) Garbage Collection (Proactive) 6M(38%)->6M(38%)
[351401.382s][info][gc] GC(1199) Garbage Collection (Proactive) 6M(38%)->6M(38%)
[351701.393s][info][gc] GC(1200) Garbage Collection (Proactive) 6M(38%)->6M(38%)
[352001.486s][info][gc] GC(1201) Garbage Collection (Proactive) 6M(38%)->6M(38%)
[352301.581s][info][gc] GC(1202) Garbage Collection (Proactive) 6M(38%)->6M(38%)
[352601.687s][info][gc] GC(1203) Garbage Collection (Proactive) 6M(38%)->6M(38%)
[352901.816s][info][gc] GC(1204) Garbage Collection (Proactive) 6M(38%)->6M(38%)
[353201.888s][info][gc] GC(1205) Garbage Collection (Proactive) 6M(38%)->6M(38%)
[353501.987s][info][gc] GC(1206) Garbage Collection (Proactive) 6M(38%)->6M(38%)
[353802.086s][info][gc] GC(1207) Garbage Collection (Proactive) 6M(38%)->6M(38%)
[354102.190s][info][gc] GC(1208) Garbage Collection (Proactive) 6M(38%)->6M(38%)
[354402.297s][info][gc] GC(1209) Garbage Collection (Proactive) 6M(38%)->6M(38%)
[354702.387s][info][gc] GC(1210) Garbage Collection (Proactive) 6M(38%)->6M(38%)
[355002.482s][info][gc] GC(1211) Garbage Collection (Proactive) 6M(38%)->6M(38%)
[355302.581s][info][gc] GC(1212) Garbage Collection (Proactive) 6M(38%)->6M(38%)
[355602.680s][info][gc] GC(1213) Garbage Collection (Proactive) 6M(38%)->6M(38%)
[355902.784s][info][gc] GC(1214) Garbage Collection (Proactive) 6M(38%)->6M(38%)
[356202.891s][info][gc] GC(1215) Garbage Collection (Proactive) 6M(38%)->6M(38%)
[356502.989s][info][gc] GC(1216) Garbage Collection (Proactive) 6M(38%)->6M(38%)
[356803.080s][info][gc] GC(1217) Garbage Collection (Proactive) 6M(38%)->6M(38%)
[357103.181s][info][gc] GC(1218) Garbage Collection (Proactive) 6M(38%)->6M(38%)
[357403.292s][info][gc] GC(1219) Garbage Collection (Proactive) 6M(38%)->6M(38%)
[357703.383s][info][gc] GC(1220) Garbage Collection (Proactive) 6M(38%)->6M(38%)
[358003.488s][info][gc] GC(1221) Garbage Collection (Proactive) 6M(38%)->6M(38%)
[358303.584s][info][gc] GC(1222) Garbage Collection (Proactive) 6M(38%)->6M(38%)
[358603.690s][info][gc] GC(1223) Garbage Collection (Proactive) 6M(38%)->6M(38%)
[358903.791s][info][gc] GC(1224) Garbage Collection (Proactive) 6M(38%)->6M(38%)
[359203.881s][info][gc] GC(1225) Garbage Collection (Proactive) 6M(38%)->6M(38%)
[359503.908s][info][gc] GC(1226) Garbage Collection (Proactive) 6M(38%)->6M(38%)
[359803.992s][info][gc] GC(1227) Garbage Collection (Proactive) 6M(38%)->6M(38%)
[360104.094s][info][gc] GC(1228) Garbage Collection (Proactive) 6M(38%)->6M(38%)
[360404.193s][info][gc] GC(1229) Garbage Collection (Proactive) 6M(38%)->6M(38%)
[360704.286s][info][gc] GC(1230) Garbage Collection (Proactive) 6M(38%)->6M(38%)
[361004.297s][info][gc] GC(1231) Garbage Collection (Proactive) 6M(38%)->6M(38%)
[361304.384s][info][gc] GC(1232) Garbage Collection (Proactive) 6M(38%)->6M(38%)
[361604.415s][info][gc] GC(1233) Garbage Collection (Proactive) 6M(38%)->6M(38%)
[361904.489s][info][gc] GC(1234) Garbage Collection (Proactive) 6M(38%)->6M(38%)
[362204.585s][info][gc] GC(1235) Garbage Collection (Proactive) 6M(38%)->6M(38%)
[362504.711s][info][gc] GC(1236) Garbage Collection (Proactive) 6M(38%)->6M(38%)
[362804.790s][info][gc] GC(1237) Garbage Collection (Proactive) 6M(38%)->6M(38%)
[363104.896s][info][gc] GC(1238) Garbage Collection (Proactive) 6M(38%)->6M(38%)
[363405.008s][info][gc] GC(1239) Garbage Collection (Proactive) 6M(38%)->6M(38%)
[363705.087s][info][gc] GC(1240) Garbage Collection (Proactive) 6M(38%)->6M(38%)
[364005.185s][info][gc] GC(1241) Garbage Collection (Proactive) 6M(38%)->6M(38%)
[364305.291s][info][gc] GC(1242) Garbage Collection (Proactive) 6M(38%)->6M(38%)
[364605.397s][info][gc] GC(1243) Garbage Collection (Proactive) 6M(38%)->6M(38%)
[364905.518s][info][gc] GC(1244) Garbage Collection (Proactive) 6M(38%)->6M(38%)
[365205.590s][info][gc] GC(1245) Garbage Collection (Proactive) 6M(38%)->6M(38%)
[365505.683s][info][gc] GC(1246) Garbage Collection (Proactive) 6M(38%)->6M(38%)
[365805.689s][info][gc] GC(1247) Garbage Collection (Proactive) 6M(38%)->6M(38%)
[366105.788s][info][gc] GC(1248) Garbage Collection (Proactive) 6M(38%)->6M(38%)
[366405.889s][info][gc] GC(1249) Garbage Collection (Proactive) 6M(38%)->6M(38%)
[366706.018s][info][gc] GC(1250) Garbage Collection (Proactive) 6M(38%)->6M(38%)
[367006.113s][info][gc] GC(1251) Garbage Collection (Proactive) 6M(38%)->6M(38%)
[367306.185s][info][gc] GC(1252) Garbage Collection (Proactive) 6M(38%)->6M(38%)
[367606.317s][info][gc] GC(1253) Garbage Collection (Proactive) 6M(38%)->6M(38%)
[367906.384s][info][gc] GC(1254) Garbage Collection (Proactive) 6M(38%)->6M(38%)
[368206.490s][info][gc] GC(1255) Garbage Collection (Proactive) 6M(38%)->6M(38%)
[368506.592s][info][gc] GC(1256) Garbage Collection (Proactive) 6M(38%)->6M(38%)
[368806.687s][info][gc] GC(1257) Garbage Collection (Proactive) 6M(38%)->6M(38%)
[369106.781s][info][gc] GC(1258) Garbage Collection (Proactive) 6M(38%)->6M(38%)
[369406.790s][info][gc] GC(1259) Garbage Collection (Proactive) 6M(38%)->6M(38%)
[369706.887s][info][gc] GC(1260) Garbage Collection (Proactive) 6M(38%)->6M(38%)
[370006.986s][info][gc] GC(1261) Garbage Collection (Proactive) 6M(38%)->6M(38%)
[370307.087s][info][gc] GC(1262) Garbage Collection (Proactive) 6M(38%)->6M(38%)
[370607.191s][info][gc] GC(1263) Garbage Collection (Proactive) 6M(38%)->6M(38%)
[370907.291s][info][gc] GC(1264) Garbage Collection (Proactive) 6M(38%)->6M(38%)
[371207.384s][info][gc] GC(1265) Garbage Collection (Proactive) 6M(38%)->6M(38%)
[371507.507s][info][gc] GC(1266) Garbage Collection (Proactive) 6M(38%)->6M(38%)
[371807.587s][info][gc] GC(1267) Garbage Collection (Proactive) 6M(38%)->6M(38%)
[372107.690s][info][gc] GC(1268) Garbage Collection (Proactive) 6M(38%)->6M(38%)
[372407.781s][info][gc] GC(1269) Garbage Collection (Proactive) 6M(38%)->6M(38%)
[372707.888s][info][gc] GC(1270) Garbage Collection (Proactive) 6M(38%)->6M(38%)
[373007.988s][info][gc] GC(1271) Garbage Collection (Proactive) 6M(38%)->6M(38%)
[373308.088s][info][gc] GC(1272) Garbage Collection (Proactive) 6M(38%)->6M(38%)
[373608.219s][info][gc] GC(1273) Garbage Collection (Proactive) 6M(38%)->6M(38%)
[373908.287s][info][gc] GC(1274) Garbage Collection (Proactive) 6M(38%)->6M(38%)
[374208.386s][info][gc] GC(1275) Garbage Collection (Proactive) 6M(38%)->6M(38%)
[374508.520s][info][gc] GC(1276) Garbage Collection (Proactive) 6M(38%)->6M(38%)
[374808.593s][info][gc] GC(1277) Garbage Collection (Proactive) 6M(38%)->6M(38%)
[375108.688s][info][gc] GC(1278) Garbage Collection (Proactive) 6M(38%)->6M(38%)
[375408.789s][info][gc] GC(1279) Garbage Collection (Proactive) 6M(38%)->6M(38%)
[375708.906s][info][gc] GC(1280) Garbage Collection (Proactive) 6M(38%)->6M(38%)
[376008.986s][info][gc] GC(1281) Garbage Collection (Proactive) 6M(38%)->6M(38%)
[376309.084s][info][gc] GC(1282) Garbage Collection (Proactive) 6M(38%)->6M(38%)
[376609.185s][info][gc] GC(1283) Garbage Collection (Proactive) 6M(38%)->6M(38%)
[376909.313s][info][gc] GC(1284) Garbage Collection (Proactive) 6M(38%)->6M(38%)
[377209.395s][info][gc] GC(1285) Garbage Collection (Proactive) 6M(38%)->6M(38%)
[377509.493s][info][gc] GC(1286) Garbage Collection (Proactive) 6M(38%)->6M(38%)
[377809.585s][info][gc] GC(1287) Garbage Collection (Proactive) 6M(38%)->6M(38%)
[378109.694s][info][gc] GC(1288) Garbage Collection (Proactive) 6M(38%)->6M(38%)
[378409.787s][info][gc] GC(1289) Garbage Collection (Proactive) 6M(38%)->6M(38%)
[378709.887s][info][gc] GC(1290) Garbage Collection (Proactive) 6M(38%)->6M(38%)
[379010.012s][info][gc] GC(1291) Garbage Collection (Proactive) 6M(38%)->6M(38%)
[379310.083s][info][gc] GC(1292) Garbage Collection (Proactive) 6M(38%)->6M(38%)
[379610.187s][info][gc] GC(1293) Garbage Collection (Proactive) 6M(38%)->6M(38%)
[379910.286s][info][gc] GC(1294) Garbage Collection (Proactive) 6M(38%)->6M(38%)
[380210.408s][info][gc] GC(1295) Garbage Collection (Proactive) 6M(38%)->6M(38%)
[380510.485s][info][gc] GC(1296) Garbage Collection (Proactive) 6M(38%)->6M(38%)
[380810.610s][info][gc] GC(1297) Garbage Collection (Proactive) 6M(38%)->6M(38%)
[381110.747s][info][gc] GC(1298) Garbage Collection (Proactive) 6M(38%)->6M(38%)
[381410.789s][info][gc] GC(1299) Garbage Collection (Proactive) 6M(38%)->6M(38%)
[381710.892s][info][gc] GC(1300) Garbage Collection (Proactive) 6M(38%)->6M(38%)
[382010.993s][info][gc] GC(1301) Garbage Collection (Proactive) 6M(38%)->6M(38%)
[382311.090s][info][gc] GC(1302) Garbage Collection (Proactive) 6M(38%)->6M(38%)
[382611.183s][info][gc] GC(1303) Garbage Collection (Proactive) 6M(38%)->6M(38%)
[382911.286s][info][gc] GC(1304) Garbage Collection (Proactive) 6M(38%)->6M(38%)
[383211.381s][info][gc] GC(1305) Garbage Collection (Proactive) 6M(38%)->6M(38%)
[383511.399s][info][gc] GC(1306) Garbage Collection (Proactive) 6M(38%)->6M(38%)
[383811.520s][info][gc] GC(1307) Garbage Collection (Proactive) 6M(38%)->6M(38%)
[384111.588s][info][gc] GC(1308) Garbage Collection (Proactive) 6M(38%)->6M(38%)
[384411.692s][info][gc] GC(1309) Garbage Collection (Proactive) 6M(38%)->6M(38%)
[384711.784s][info][gc] GC(1310) Garbage Collection (Proactive) 6M(38%)->6M(38%)
[385011.898s][info][gc] GC(1311) Garbage Collection (Proactive) 6M(38%)->6M(38%)
[385311.981s][info][gc] GC(1312) Garbage Collection (Proactive) 6M(38%)->6M(38%)
[385612.086s][info][gc] GC(1313) Garbage Collection (Proactive) 6M(38%)->6M(38%)
[385912.186s][info][gc] GC(1314) Garbage Collection (Proactive) 6M(38%)->6M(38%)
[386212.289s][info][gc] GC(1315) Garbage Collection (Proactive) 6M(38%)->6M(38%)
[386512.388s][info][gc] GC(1316) Garbage Collection (Proactive) 6M(38%)->6M(38%)
[386812.491s][info][gc] GC(1317) Garbage Collection (Proactive) 6M(38%)->6M(38%)
[387112.587s][info][gc] GC(1318) Garbage Collection (Proactive) 6M(38%)->6M(38%)
[387412.721s][info][gc] GC(1319) Garbage Collection (Proactive) 6M(38%)->6M(38%)
[387712.874s][info][gc] GC(1320) Garbage Collection (Proactive) 6M(38%)->6M(38%)
[388012.896s][info][gc] GC(1321) Garbage Collection (Proactive) 6M(38%)->6M(38%)
[388313.008s][info][gc] GC(1322) Garbage Collection (Proactive) 6M(38%)->6M(38%)
[388613.085s][info][gc] GC(1323) Garbage Collection (Proactive) 6M(38%)->6M(38%)
[388913.186s][info][gc] GC(1324) Garbage Collection (Proactive) 6M(38%)->6M(38%)
[389213.371s][info][gc] GC(1325) Garbage Collection (Proactive) 6M(38%)->6M(38%)
[389513.398s][info][gc] GC(1326) Garbage Collection (Proactive) 6M(38%)->6M(38%)
[389813.531s][info][gc] GC(1327) Garbage Collection (Proactive) 6M(38%)->6M(38%)
[390113.645s][info][gc] GC(1328) Garbage Collection (Proactive) 6M(38%)->6M(38%)
[390413.689s][info][gc] GC(1329) Garbage Collection (Proactive) 6M(38%)->6M(38%)
[390713.786s][info][gc] GC(1330) Garbage Collection (Proactive) 6M(38%)->6M(38%)
[391013.892s][info][gc] GC(1331) Garbage Collection (Proactive) 6M(38%)->6M(38%)
[391313.986s][info][gc] GC(1332) Garbage Collection (Proactive) 6M(38%)->6M(38%)
[391613.989s][info][gc] GC(1333) Garbage Collection (Proactive) 6M(38%)->6M(38%)
[391914.094s][info][gc] GC(1334) Garbage Collection (Proactive) 6M(38%)->6M(38%)
[392214.188s][info][gc] GC(1335) Garbage Collection (Proactive) 6M(38%)->6M(38%)
[392514.300s][info][gc] GC(1336) Garbage Collection (Proactive) 6M(38%)->6M(38%)
[392814.407s][info][gc] GC(1337) Garbage Collection (Proactive) 6M(38%)->6M(38%)
[393114.485s][info][gc] GC(1338) Garbage Collection (Proactive) 6M(38%)->6M(38%)
[393414.583s][info][gc] GC(1339) Garbage Collection (Proactive) 6M(38%)->6M(38%)
[393714.689s][info][gc] GC(1340) Garbage Collection (Proactive) 6M(38%)->6M(38%)
[394014.788s][info][gc] GC(1341) Garbage Collection (Proactive) 6M(38%)->6M(38%)
[394314.888s][info][gc] GC(1342) Garbage Collection (Proactive) 6M(38%)->6M(38%)
[394614.987s][info][gc] GC(1343) Garbage Collection (Proactive) 6M(38%)->6M(38%)
[394915.083s][info][gc] GC(1344) Garbage Collection (Proactive) 6M(38%)->6M(38%)
[395215.187s][info][gc] GC(1345) Garbage Collection (Proactive) 6M(38%)->6M(38%)
[395515.302s][info][gc] GC(1346) Garbage Collection (Proactive) 6M(38%)->6M(38%)
[395815.387s][info][gc] GC(1347) Garbage Collection (Proactive) 6M(38%)->6M(38%)
[396115.488s][info][gc] GC(1348) Garbage Collection (Proactive) 6M(38%)->6M(38%)
[396415.585s][info][gc] GC(1349) Garbage Collection (Proactive) 6M(38%)->6M(38%)
[396715.685s][info][gc] GC(1350) Garbage Collection (Proactive) 6M(38%)->6M(38%)
[397015.783s][info][gc] GC(1351) Garbage Collection (Proactive) 6M(38%)->6M(38%)
[397315.789s][info][gc] GC(1352) Garbage Collection (Proactive) 6M(38%)->6M(38%)
[397615.896s][info][gc] GC(1353) Garbage Collection (Proactive) 6M(38%)->6M(38%)
[397915.982s][info][gc] GC(1354) Garbage Collection (Proactive) 6M(38%)->6M(38%)
[398216.084s][info][gc] GC(1355) Garbage Collection (Proactive) 6M(38%)->6M(38%)
[398516.210s][info][gc] GC(1356) Garbage Collection (Proactive) 6M(38%)->6M(38%)
[398816.284s][info][gc] GC(1357) Garbage Collection (Proactive) 6M(38%)->6M(38%)
[399116.391s][info][gc] GC(1358) Garbage Collection (Proactive) 6M(38%)->6M(38%)
[399416.486s][info][gc] GC(1359) Garbage Collection (Proactive) 6M(38%)->6M(38%)
[399716.583s][info][gc] GC(1360) Garbage Collection (Proactive) 6M(38%)->6M(38%)
[400016.692s][info][gc] GC(1361) Garbage Collection (Proactive) 6M(38%)->6M(38%)
[400316.787s][info][gc] GC(1362) Garbage Collection (Proactive) 6M(38%)->6M(38%)
[400616.884s][info][gc] GC(1363) Garbage Collection (Proactive) 6M(38%)->6M(38%)
[400916.992s][info][gc] GC(1364) Garbage Collection (Proactive) 6M(38%)->6M(38%)
[401217.082s][info][gc] GC(1365) Garbage Collection (Proactive) 6M(38%)->6M(38%)
[401517.090s][info][gc] GC(1366) Garbage Collection (Proactive) 6M(38%)->6M(38%)
[401817.181s][info][gc] GC(1367) Garbage Collection (Proactive) 6M(38%)->6M(38%)
[402117.289s][info][gc] GC(1368) Garbage Collection (Proactive) 6M(38%)->6M(38%)
[402417.380s][info][gc] GC(1369) Garbage Collection (Proactive) 6M(38%)->6M(38%)
[402717.392s][info][gc] GC(1370) Garbage Collection (Proactive) 6M(38%)->6M(38%)
[403017.483s][info][gc] GC(1371) Garbage Collection (Proactive) 6M(38%)->6M(38%)
[403317.492s][info][gc] GC(1372) Garbage Collection (Proactive) 6M(38%)->6M(38%)
[403617.583s][info][gc] GC(1373) Garbage Collection (Proactive) 6M(38%)->6M(38%)
[403917.696s][info][gc] GC(1374) Garbage Collection (Proactive) 6M(38%)->6M(38%)
[404217.789s][info][gc] GC(1375) Garbage Collection (Proactive) 6M(38%)->6M(38%)
[404517.884s][info][gc] GC(1376) Garbage Collection (Proactive) 6M(38%)->6M(38%)
[404817.891s][info][gc] GC(1377) Garbage Collection (Proactive) 6M(38%)->6M(38%)
[405117.980s][info][gc] GC(1378) Garbage Collection (Proactive) 6M(38%)->6M(38%)
[405417.994s][info][gc] GC(1379) Garbage Collection (Proactive) 6M(38%)->6M(38%)
[405718.091s][info][gc] GC(1380) Garbage Collection (Proactive) 6M(38%)->6M(38%)
[406018.212s][info][gc] GC(1381) Garbage Collection (Proactive) 6M(38%)->6M(38%)
[406318.287s][info][gc] GC(1382) Garbage Collection (Proactive) 6M(38%)->6M(38%)
[406618.380s][info][gc] GC(1383) Garbage Collection (Proactive) 6M(38%)->6M(38%)
[406918.485s][info][gc] GC(1384) Garbage Collection (Proactive) 6M(38%)->6M(38%)
[407218.586s][info][gc] GC(1385) Garbage Collection (Proactive) 6M(38%)->6M(38%)
[407518.687s][info][gc] GC(1386) Garbage Collection (Proactive) 6M(38%)->6M(38%)
[407818.782s][info][gc] GC(1387) Garbage Collection (Proactive) 6M(38%)->6M(38%)
[408118.895s][info][gc] GC(1388) Garbage Collection (Proactive) 6M(38%)->6M(38%)
[408418.992s][info][gc] GC(1389) Garbage Collection (Proactive) 6M(38%)->6M(38%)
[408719.098s][info][gc] GC(1390) Garbage Collection (Proactive) 6M(38%)->6M(38%)
[409019.180s][info][gc] GC(1391) Garbage Collection (Proactive) 6M(38%)->6M(38%)
[409319.192s][info][gc] GC(1392) Garbage Collection (Proactive) 6M(38%)->6M(38%)
[409619.288s][info][gc] GC(1393) Garbage Collection (Proactive) 6M(38%)->6M(38%)
[409919.397s][info][gc] GC(1394) Garbage Collection (Proactive) 6M(38%)->6M(38%)
[410219.487s][info][gc] GC(1395) Garbage Collection (Proactive) 6M(38%)->6M(38%)
[410519.594s][info][gc] GC(1396) Garbage Collection (Proactive) 6M(38%)->6M(38%)
[410819.694s][info][gc] GC(1397) Garbage Collection (Proactive) 6M(38%)->6M(38%)
[411119.787s][info][gc] GC(1398) Garbage Collection (Proactive) 6M(38%)->6M(38%)
[411419.896s][info][gc] GC(1399) Garbage Collection (Proactive) 6M(38%)->6M(38%)
[411719.984s][info][gc] GC(1400) Garbage Collection (Proactive) 6M(38%)->6M(38%)
[412019.990s][info][gc] GC(1401) Garbage Collection (Proactive) 6M(38%)->6M(38%)
[412320.091s][info][gc] GC(1402) Garbage Collection (Proactive) 6M(38%)->6M(38%)
[412620.257s][info][gc] GC(1403) Garbage Collection (Proactive) 6M(38%)->6M(38%)
[412920.291s][info][gc] GC(1404) Garbage Collection (Proactive) 6M(38%)->6M(38%)
[413220.388s][info][gc] GC(1405) Garbage Collection (Proactive) 6M(38%)->6M(38%)
[413520.492s][info][gc] GC(1406) Garbage Collection (Proactive) 6M(38%)->6M(38%)
[413820.591s][info][gc] GC(1407) Garbage Collection (Proactive) 6M(38%)->6M(38%)
[414120.684s][info][gc] GC(1408) Garbage Collection (Proactive) 6M(38%)->6M(38%)
[414420.789s][info][gc] GC(1409) Garbage Collection (Proactive) 6M(38%)->6M(38%)
[414720.896s][info][gc] GC(1410) Garbage Collection (Proactive) 6M(38%)->6M(38%)
[415020.986s][info][gc] GC(1411) Garbage Collection (Proactive) 6M(38%)->6M(38%)
[415321.094s][info][gc] GC(1412) Garbage Collection (Proactive) 6M(38%)->6M(38%)
[415621.180s][info][gc] GC(1413) Garbage Collection (Proactive) 6M(38%)->6M(38%)
[415921.283s][info][gc] GC(1414) Garbage Collection (Proactive) 6M(38%)->6M(38%)
[416221.391s][info][gc] GC(1415) Garbage Collection (Proactive) 6M(38%)->6M(38%)
[416521.493s][info][gc] GC(1416) Garbage Collection (Proactive) 6M(38%)->6M(38%)
[416821.580s][info][gc] GC(1417) Garbage Collection (Proactive) 6M(38%)->6M(38%)
[417121.699s][info][gc] GC(1418) Garbage Collection (Proactive) 6M(38%)->6M(38%)
[417421.799s][info][gc] GC(1419) Garbage Collection (Proactive) 6M(38%)->6M(38%)
[417721.915s][info][gc] GC(1420) Garbage Collection (Proactive) 6M(38%)->6M(38%)
[418022.002s][info][gc] GC(1421) Garbage Collection (Proactive) 6M(38%)->6M(38%)
[418322.089s][info][gc] GC(1422) Garbage Collection (Proactive) 6M(38%)->6M(38%)
[418622.181s][info][gc] GC(1423) Garbage Collection (Proactive) 6M(38%)->6M(38%)
[418922.190s][info][gc] GC(1424) Garbage Collection (Proactive) 6M(38%)->6M(38%)
[419222.289s][info][gc] GC(1425) Garbage Collection (Proactive) 6M(38%)->6M(38%)
[419522.382s][info][gc] GC(1426) Garbage Collection (Proactive) 6M(38%)->6M(38%)
[419822.392s][info][gc] GC(1427) Garbage Collection (Proactive) 6M(38%)->6M(38%)
[420122.491s][info][gc] GC(1428) Garbage Collection (Proactive) 6M(38%)->6M(38%)
[420422.582s][info][gc] GC(1429) Garbage Collection (Proactive) 6M(38%)->6M(38%)
[420722.688s][info][gc] GC(1430) Garbage Collection (Proactive) 6M(38%)->6M(38%)
[421022.794s][info][gc] GC(1431) Garbage Collection (Proactive) 6M(38%)->6M(38%)
[421322.895s][info][gc] GC(1432) Garbage Collection (Proactive) 6M(38%)->6M(38%)
[421622.988s][info][gc] GC(1433) Garbage Collection (Proactive) 6M(38%)->6M(38%)
[421923.080s][info][gc] GC(1434) Garbage Collection (Proactive) 6M(38%)->6M(38%)
[422223.180s][info][gc] GC(1435) Garbage Collection (Proactive) 6M(38%)->6M(38%)
[422523.295s][info][gc] GC(1436) Garbage Collection (Proactive) 6M(38%)->6M(38%)
[422823.394s][info][gc] GC(1437) Garbage Collection (Proactive) 6M(38%)->6M(38%)
[423123.491s][info][gc] GC(1438) Garbage Collection (Proactive) 6M(38%)->6M(38%)
[423423.589s][info][gc] GC(1439) Garbage Collection (Proactive) 6M(38%)->6M(38%)
[423723.681s][info][gc] GC(1440) Garbage Collection (Proactive) 6M(38%)->6M(38%)
[424023.690s][info][gc] GC(1441) Garbage Collection (Proactive) 6M(38%)->6M(38%)
[424323.780s][info][gc] GC(1442) Garbage Collection (Proactive) 6M(38%)->6M(38%)
[424623.786s][info][gc] GC(1443) Garbage Collection (Proactive) 6M(38%)->6M(38%)
[424923.890s][info][gc] GC(1444) Garbage Collection (Proactive) 6M(38%)->6M(38%)
[425223.989s][info][gc] GC(1445) Garbage Collection (Proactive) 6M(38%)->6M(38%)
[425524.092s][info][gc] GC(1446) Garbage Collection (Proactive) 6M(38%)->6M(38%)
[425824.194s][info][gc] GC(1447) Garbage Collection (Proactive) 6M(38%)->6M(38%)
[426124.291s][info][gc] GC(1448) Garbage Collection (Proactive) 6M(38%)->6M(38%)
[426424.387s][info][gc] GC(1449) Garbage Collection (Proactive) 6M(38%)->6M(38%)
[426724.490s][info][gc] GC(1450) Garbage Collection (Proactive) 6M(38%)->6M(38%)
[427024.594s][info][gc] GC(1451) Garbage Collection (Proactive) 6M(38%)->6M(38%)
[427324.694s][info][gc] GC(1452) Garbage Collection (Proactive) 6M(38%)->6M(38%)
[427624.791s][info][gc] GC(1453) Garbage Collection (Proactive) 6M(38%)->6M(38%)
[427924.888s][info][gc] GC(1454) Garbage Collection (Proactive) 6M(38%)->6M(38%)
[428224.980s][info][gc] GC(1455) Garbage Collection (Proactive) 6M(38%)->6M(38%)
[428525.087s][info][gc] GC(1456) Garbage Collection (Proactive) 6M(38%)->6M(38%)
[428825.180s][info][gc] GC(1457) Garbage Collection (Proactive) 6M(38%)->6M(38%)
[429125.189s][info][gc] GC(1458) Garbage Collection (Proactive) 6M(38%)->6M(38%)
[429425.292s][info][gc] GC(1459) Garbage Collection (Proactive) 6M(38%)->6M(38%)
[429725.394s][info][gc] GC(1460) Garbage Collection (Proactive) 6M(38%)->6M(38%)
[430025.491s][info][gc] GC(1461) Garbage Collection (Proactive) 6M(38%)->6M(38%)
[430325.589s][info][gc] GC(1462) Garbage Collection (Proactive) 6M(38%)->6M(38%)
[430625.684s][info][gc] GC(1463) Garbage Collection (Proactive) 6M(38%)->6M(38%)
[430925.788s][info][gc] GC(1464) Garbage Collection (Proactive) 6M(38%)->6M(38%)
[431225.884s][info][gc] GC(1465) Garbage Collection (Proactive) 6M(38%)->6M(38%)
[431525.986s][info][gc] GC(1466) Garbage Collection (Proactive) 6M(38%)->6M(38%)
[431826.091s][info][gc] GC(1467) Garbage Collection (Proactive) 6M(38%)->6M(38%)
[432126.191s][info][gc] GC(1468) Garbage Collection (Proactive) 6M(38%)->6M(38%)
[432426.290s][info][gc] GC(1469) Garbage Collection (Proactive) 6M(38%)->6M(38%)
[432726.397s][info][gc] GC(1470) Garbage Collection (Proactive) 6M(38%)->6M(38%)
[433026.492s][info][gc] GC(1471) Garbage Collection (Proactive) 6M(38%)->6M(38%)
[433326.581s][info][gc] GC(1472) Garbage Collection (Proactive) 6M(38%)->6M(38%)
[433626.593s][info][gc] GC(1473) Garbage Collection (Proactive) 6M(38%)->6M(38%)
[433926.694s][info][gc] GC(1474) Garbage Collection (Proactive) 6M(38%)->6M(38%)
[434226.792s][info][gc] GC(1475) Garbage Collection (Proactive) 6M(38%)->6M(38%)
[434526.893s][info][gc] GC(1476) Garbage Collection (Proactive) 6M(38%)->6M(38%)
[434826.980s][info][gc] GC(1477) Garbage Collection (Proactive) 6M(38%)->6M(38%)
[435126.996s][info][gc] GC(1478) Garbage Collection (Proactive) 6M(38%)->6M(38%)
[435427.096s][info][gc] GC(1479) Garbage Collection (Proactive) 6M(38%)->6M(38%)
[435727.193s][info][gc] GC(1480) Garbage Collection (Proactive) 6M(38%)->6M(38%)
[436027.284s][info][gc] GC(1481) Garbage Collection (Proactive) 6M(38%)->6M(38%)
[436327.387s][info][gc] GC(1482) Garbage Collection (Proactive) 6M(38%)->6M(38%)
[436627.494s][info][gc] GC(1483) Garbage Collection (Proactive) 6M(38%)->6M(38%)
[436927.588s][info][gc] GC(1484) Garbage Collection (Proactive) 6M(38%)->6M(38%)
[437227.688s][info][gc] GC(1485) Garbage Collection (Proactive) 6M(38%)->6M(38%)
[437527.794s][info][gc] GC(1486) Garbage Collection (Proactive) 6M(38%)->6M(38%)
[437827.894s][info][gc] GC(1487) Garbage Collection (Proactive) 6M(38%)->6M(38%)
[438127.980s][info][gc] GC(1488) Garbage Collection (Proactive) 6M(38%)->6M(38%)
[438427.988s][info][gc] GC(1489) Garbage Collection (Proactive) 6M(38%)->6M(38%)
[438728.091s][info][gc] GC(1490) Garbage Collection (Proactive) 6M(38%)->6M(38%)
[439028.196s][info][gc] GC(1491) Garbage Collection (Proactive) 6M(38%)->6M(38%)
[439328.297s][info][gc] GC(1492) Garbage Collection (Proactive) 6M(38%)->6M(38%)
[439628.383s][info][gc] GC(1493) Garbage Collection (Proactive) 6M(38%)->6M(38%)
[439928.391s][info][gc] GC(1494) Garbage Collection (Proactive) 6M(38%)->6M(38%)
[440228.492s][info][gc] GC(1495) Garbage Collection (Proactive) 6M(38%)->6M(38%)
[440528.596s][info][gc] GC(1496) Garbage Collection (Proactive) 6M(38%)->6M(38%)
[440828.687s][info][gc] GC(1497) Garbage Collection (Proactive) 6M(38%)->6M(38%)
[441128.780s][info][gc] GC(1498) Garbage Collection (Proactive) 6M(38%)->6M(38%)
[441428.891s][info][gc] GC(1499) Garbage Collection (Proactive) 6M(38%)->6M(38%)
[441728.986s][info][gc] GC(1500) Garbage Collection (Proactive) 6M(38%)->6M(38%)
[442029.088s][info][gc] GC(1501) Garbage Collection (Proactive) 6M(38%)->6M(38%)
[442329.185s][info][gc] GC(1502) Garbage Collection (Proactive) 6M(38%)->6M(38%)
[442629.296s][info][gc] GC(1503) Garbage Collection (Proactive) 6M(38%)->6M(38%)
[442929.386s][info][gc] GC(1504) Garbage Collection (Proactive) 6M(38%)->6M(38%)
[443229.484s][info][gc] GC(1505) Garbage Collection (Proactive) 6M(38%)->6M(38%)
[443529.607s][info][gc] GC(1506) Garbage Collection (Proactive) 6M(38%)->6M(38%)
[443829.684s][info][gc] GC(1507) Garbage Collection (Proactive) 6M(38%)->6M(38%)
[444129.690s][info][gc] GC(1508) Garbage Collection (Proactive) 6M(38%)->6M(38%)
[444429.784s][info][gc] GC(1509) Garbage Collection (Proactive) 6M(38%)->6M(38%)
[444729.884s][info][gc] GC(1510) Garbage Collection (Proactive) 6M(38%)->6M(38%)
[445029.890s][info][gc] GC(1511) Garbage Collection (Proactive) 6M(38%)->6M(38%)
[445329.994s][info][gc] GC(1512) Garbage Collection (Proactive) 6M(38%)->6M(38%)
[445630.090s][info][gc] GC(1513) Garbage Collection (Proactive) 6M(38%)->6M(38%)
[445930.207s][info][gc] GC(1514) Garbage Collection (Proactive) 6M(38%)->6M(38%)
[446230.286s][info][gc] GC(1515) Garbage Collection (Proactive) 6M(38%)->6M(38%)
[446530.387s][info][gc] GC(1516) Garbage Collection (Proactive) 6M(38%)->6M(38%)
[446830.490s][info][gc] GC(1517) Garbage Collection (Proactive) 6M(38%)->6M(38%)
[447130.582s][info][gc] GC(1518) Garbage Collection (Proactive) 6M(38%)->6M(38%)
[447430.687s][info][gc] GC(1519) Garbage Collection (Proactive) 6M(38%)->6M(38%)
[447730.788s][info][gc] GC(1520) Garbage Collection (Proactive) 6M(38%)->6M(38%)
[448030.909s][info][gc] GC(1521) Garbage Collection (Proactive) 6M(38%)->6M(38%)
[448330.988s][info][gc] GC(1522) Garbage Collection (Proactive) 6M(38%)->6M(38%)
[448631.091s][info][gc] GC(1523) Garbage Collection (Proactive) 6M(38%)->6M(38%)
[448931.187s][info][gc] GC(1524) Garbage Collection (Proactive) 6M(38%)->6M(38%)
[449231.288s][info][gc] GC(1525) Garbage Collection (Proactive) 6M(38%)->6M(38%)
[449531.384s][info][gc] GC(1526) Garbage Collection (Proactive) 6M(38%)->6M(38%)
[449831.482s][info][gc] GC(1527) Garbage Collection (Proactive) 6M(38%)->6M(38%)
[450131.585s][info][gc] GC(1528) Garbage Collection (Proactive) 6M(38%)->6M(38%)
[450431.685s][info][gc] GC(1529) Garbage Collection (Proactive) 6M(38%)->6M(38%)
[450731.788s][info][gc] GC(1530) Garbage Collection (Proactive) 6M(38%)->6M(38%)
[451031.943s][info][gc] GC(1531) Garbage Collection (Proactive) 6M(38%)->6M(38%)
[451331.991s][info][gc] GC(1532) Garbage Collection (Proactive) 6M(38%)->6M(38%)
[451632.087s][info][gc] GC(1533) Garbage Collection (Proactive) 6M(38%)->6M(38%)
[451932.206s][info][gc] GC(1534) Garbage Collection (Proactive) 6M(38%)->6M(38%)
[452232.302s][info][gc] GC(1535) Garbage Collection (Proactive) 6M(38%)->6M(38%)
[452532.390s][info][gc] GC(1536) Garbage Collection (Proactive) 6M(38%)->6M(38%)
[452832.509s][info][gc] GC(1537) Garbage Collection (Proactive) 6M(38%)->6M(38%)
[453132.581s][info][gc] GC(1538) Garbage Collection (Proactive) 6M(38%)->6M(38%)
[453432.743s][info][gc] GC(1539) Garbage Collection (Proactive) 6M(38%)->6M(38%)
[453455.090s][info][gc] GC(1540) Garbage Collection (Proactive) Aborted
