[0.013s][info][gc] Using Serial
[5.924s][info][gc] GC(0) Pause Young (Allocation Failure) 5M->2M(15M) 3.988ms
[6.009s][info][gc] GC(1) Pause Young (Allocation Failure) 6M->3M(15M) 3.491ms
[6.065s][info][gc] GC(2) Pause Young (Allocation Failure) 7M->3M(15M) 2.175ms
[7.738s][info][gc] GC(3) Pause Young (Allocation Failure) 7M->4M(15M) 2.995ms
[7.916s][info][gc] GC(4) Pause Young (Allocation Failure) 8M->4M(15M) 4.052ms
[41.946s][info][gc] GC(5) Pause Young (Allocation Failure) 9M->5M(15M) 2.271ms
[62.457s][info][gc] GC(6) Pause Young (Allocation Failure) 9M->6M(15M) 2.733ms
[62.481s][info][gc] GC(7) Pause Young (Allocation Failure) 10M->8M(15M) 5.324ms
[62.500s][info][gc] GC(8) Pause Young (Allocation Failure) 12M->10M(15M) 4.330ms
[62.514s][info][gc] GC(9) Pause Young (Allocation Failure) 14M->14M(15M) 0.027ms
[62.542s][info][gc] GC(10) Pause Full (Allocation Failure) 14M->9M(15M) 28.208ms
[62.555s][info][gc] GC(11) Pause Young (Allocation Failure) 13M->13M(15M) 0.027ms
[62.575s][info][gc] GC(12) Pause Full (Allocation Failure) 13M->7M(15M) 20.595ms
[62.589s][info][gc] GC(13) Pause Young (Allocation Failure) 11M->9M(15M) 4.205ms
[77.846s][info][gc] GC(14) Pause Young (Allocation Failure) 14M->14M(15M) 0.054ms
[77.867s][info][gc] GC(15) Pause Full (Allocation Failure) 14M->7M(15M) 20.591ms
[89.367s][info][gc] GC(16) Pause Young (Allocation Failure) 11M->9M(15M) 3.842ms
[89.375s][info][gc] GC(17) Pause Young (Allocation Failure) 13M->13M(15M) 0.035ms
[89.401s][info][gc] GC(18) Pause Full (Allocation Failure) 13M->7M(15M) 25.006ms
[89.414s][info][gc] GC(19) Pause Young (Allocation Failure) 11M->9M(15M) 4.709ms
[89.423s][info][gc] GC(20) Pause Young (Allocation Failure) 14M->14M(15M) 0.028ms
[89.445s][info][gc] GC(21) Pause Full (Allocation Failure) 14M->8M(15M) 21.532ms
[89.454s][info][gc] GC(22) Pause Young (Allocation Failure) 12M->12M(15M) 0.029ms
[89.475s][info][gc] GC(23) Pause Full (Allocation Failure) 12M->7M(15M) 21.141ms
[89.490s][info][gc] GC(24) Pause Young (Allocation Failure) 11M->9M(15M) 4.840ms
[116.634s][info][gc] GC(25) Pause Young (Allocation Failure) 14M->14M(15M) 0.028ms
[116.652s][info][gc] GC(26) Pause Full (Allocation Failure) 14M->6M(15M) 18.039ms
