[0.012s][info][gc] Using Serial
[39.121s][info][gc] GC(0) Pause Young (Allocation Failure) 5M->2M(15M) 3.766ms
[39.142s][info][gc] GC(1) Pause Young (Allocation Failure) 7M->5M(15M) 6.072ms
[39.160s][info][gc] GC(2) Pause Young (Allocation Failure) 9M->7M(15M) 3.957ms
[39.179s][info][gc] GC(3) Pause Young (Allocation Failure) 11M->9M(15M) 4.155ms
[39.191s][info][gc] GC(4) Pause Young (Allocation Failure) 13M->13M(15M) 0.030ms
[39.209s][info][gc] GC(5) Pause Full (Allocation Failure) 13M->8M(15M) 17.967ms
[39.227s][info][gc] GC(6) Pause Young (Allocation Failure) 12M->10M(15M) 5.294ms
[131.907s][info][gc] GC(7) Pause Young (Allocation Failure) 15M->15M(15M) 0.038ms
[131.922s][info][gc] GC(8) Pause Full (Allocation Failure) 15M->5M(15M) 15.218ms
[131.937s][info][gc] GC(9) Pause Young (Allocation Failure) 10M->8M(15M) 5.092ms
[131.952s][info][gc] GC(10) Pause Young (Allocation Failure) 12M->10M(15M) 3.840ms
[131.961s][info][gc] GC(11) Pause Young (Allocation Failure) 15M->15M(15M) 0.026ms
[131.976s][info][gc] GC(12) Pause Full (Allocation Failure) 15M->7M(15M) 14.467ms
[131.990s][info][gc] GC(13) Pause Young (Allocation Failure) 11M->9M(15M) 4.914ms
[131.999s][info][gc] GC(14) Pause Young (Allocation Failure) 14M->14M(15M) 0.028ms
[132.013s][info][gc] GC(15) Pause Full (Allocation Failure) 14M->5M(15M) 14.038ms
