[0.012s][info][gc] Using Serial
[4.260s][info][gc] GC(0) Pause Young (Allocation Failure) 4M->2M(11M) 4.365ms
[4.323s][info][gc] GC(1) Pause Young (Allocation Failure) 5M->2M(11M) 2.644ms
[4.393s][info][gc] GC(2) Pause Young (Allocation Failure) 6M->3M(11M) 2.676ms
[4.426s][info][gc] GC(3) Pause Young (Allocation Failure) 6M->3M(11M) 1.717ms
[4.536s][info][gc] GC(4) Pause Young (Allocation Failure) 7M->4M(11M) 3.252ms
[4.664s][info][gc] GC(5) Pause Young (Allocation Failure) 8M->5M(11M) 3.804ms
[13.794s][info][gc] GC(6) Pause Young (Allocation Failure) 8M->5M(11M) 3.204ms
[42.045s][info][gc] GC(7) Pause Young (Allocation Failure) 9M->5M(11M) 1.495ms
[66.573s][info][gc] GC(8) Pause Young (Allocation Failure) 9M->6M(11M) 1.221ms
[90.363s][info][gc] GC(9) Pause Young (Allocation Failure) 10M->10M(11M) 0.032ms
[90.382s][info][gc] GC(10) Pause Full (Allocation Failure) 10M->6M(11M) 18.664ms
[90.389s][info][gc] GC(11) Pause Young (Allocation Failure) 9M->6M(11M) 0.712ms
[90.413s][info][gc] GC(12) Pause Young (Allocation Failure) 9M->6M(11M) 0.517ms
[90.418s][info][gc] GC(13) Pause Young (Allocation Failure) 9M->6M(11M) 0.529ms
[90.424s][info][gc] GC(14) Pause Young (Allocation Failure) 10M->7M(11M) 0.564ms
[90.428s][info][gc] GC(15) Pause Young (Allocation Failure) 10M->10M(11M) 0.045ms
[90.446s][info][gc] GC(16) Pause Full (Allocation Failure) 10M->7M(11M) 17.914ms
[90.450s][info][gc] GC(17) Pause Young (Allocation Failure) 10M->10M(11M) 0.031ms
[90.466s][info][gc] GC(18) Pause Full (Allocation Failure) 10M->7M(11M) 15.558ms
[90.470s][info][gc] GC(19) Pause Young (Allocation Failure) 10M->10M(11M) 0.030ms
[90.486s][info][gc] GC(20) Pause Full (Allocation Failure) 10M->6M(11M) 16.572ms
[90.490s][info][gc] GC(21) Pause Young (Allocation Failure) 9M->7M(11M) 0.291ms
[101.863s][info][gc] GC(22) Pause Young (Allocation Failure) 10M->7M(11M) 0.677ms
[137.953s][info][gc] GC(23) Pause Young (Allocation Failure) 10M->7M(11M) 0.573ms
[162.278s][info][gc] GC(24) Pause Young (Allocation Failure) 10M->10M(11M) 0.850ms
[162.293s][info][gc] GC(25) Pause Full (Allocation Failure) 10M->6M(11M) 15.561ms
[190.959s][info][gc] GC(26) Pause Young (Allocation Failure) 9M->6M(11M) 0.643ms
[227.740s][info][gc] GC(27) Pause Young (Allocation Failure) 9M->6M(11M) 0.514ms
[264.971s][info][gc] GC(28) Pause Young (Allocation Failure) 9M->6M(11M) 0.463ms
[291.011s][info][gc] GC(29) Pause Young (Allocation Failure) 9M->7M(11M) 0.650ms
